$ taskset -c 0-2,4 cargo +1.85.0 clippy --locked -- -D warnings
   Compiling libc v0.2.190
    Checking cfg-if v1.0.5
   Compiling find-msvc-tools v0.1.14
   Compiling cc v1.5.1
    Checking hybrid-array v0.4.15
   Compiling ring v0.17.14
   Compiling unicode-ident v1.0.26
   Compiling proc-macro2 v1.0.107
   Compiling quote v1.0.47
    Checking crypto-common v0.2.2
    Checking block-buffer v0.12.1
    Checking getrandom v0.2.17
    Checking digest v0.11.3
   Compiling syn v3.0.6
    Checking errno v0.3.14
   Compiling crc32fast v1.5.2
   Compiling rustls v0.23.45
    Checking signal-hook-registry v1.4.8
   Compiling tokio-macros v2.7.2
    Checking rustls-webpki v0.103.15
    Checking socket2 v0.6.5
    Checking mio v1.2.3
    Checking smallvec v1.16.2
    Checking parking_lot_core v0.9.12
    Checking tokio v1.53.1
    Checking hmac v0.13.0
    Checking twox-hash v2.1.4
    Checking sha2 v0.11.0
    Checking lz4_flex v0.14.0
    Checking flate2 v1.1.10
    Checking pbkdf2 v0.13.0
    Checking tokio-rustls v0.26.6
    Checking parking_lot v0.12.5
    Checking getrandom v0.4.3
    Checking partitionline v0.1.0 (/workspace/work/client-capabilities-final/source)
    Checking partitionline-broker-interop-peer v0.0.0 (/workspace/work/broker-interop-focused-peer)
    Finished `dev` profile [unoptimized] target(s) in 21.09s
