test_actual_frozen_source_utf8_names_and_all53_hashes_are_admitted (test_actual_partial_fixtures.ActualPartialFixtureControls.test_actual_frozen_source_utf8_names_and_all53_hashes_are_admitted) ... ok
test_actual_vector_hash_mutation_is_still_rejected (test_actual_partial_fixtures.ActualPartialFixtureControls.test_actual_vector_hash_mutation_is_still_rejected) ... ok
test_duplicate_name_is_still_rejected (test_actual_partial_fixtures.ActualPartialFixtureControls.test_duplicate_name_is_still_rejected) ... ok
test_missing_actual_table_row_is_still_rejected (test_actual_partial_fixtures.ActualPartialFixtureControls.test_missing_actual_table_row_is_still_rejected) ... ok
test_missing_actual_vector_is_still_rejected (test_actual_partial_fixtures.ActualPartialFixtureControls.test_missing_actual_vector_is_still_rejected) ... ok
test_path_traversal_is_still_rejected_before_fixture_access (test_actual_partial_fixtures.ActualPartialFixtureControls.test_path_traversal_is_still_rejected_before_fixture_access) ... ok
test_table_column_mutation_is_still_rejected (test_actual_partial_fixtures.ActualPartialFixtureControls.test_table_column_mutation_is_still_rejected) ... ok
test_unreviewed_digit_is_still_rejected (test_actual_partial_fixtures.ActualPartialFixtureControls.test_unreviewed_digit_is_still_rejected) ... ok
test_actual_standalone_and_original_read_only_admission (test_overlay.ActualFrozenOracleControl.test_actual_standalone_and_original_read_only_admission) ... ok
test_after_input_identity_catches_later_permission_mutation (test_overlay.OracleOverlayControls.test_after_input_identity_catches_later_permission_mutation) ... ok
test_changed_length_oracle_rejected_before_dispatch (test_overlay.OracleOverlayControls.test_changed_length_oracle_rejected_before_dispatch) ... ok
test_directory_rejected_before_digest (test_overlay.OracleOverlayControls.test_directory_rejected_before_digest) ... ok
test_original_snapshot_oracle_still_pinned_with_valid_standalone (test_overlay.OracleOverlayControls.test_original_snapshot_oracle_still_pinned_with_valid_standalone) ... ok
test_other_absolute_path_rejected_even_if_identical_bytes (test_overlay.OracleOverlayControls.test_other_absolute_path_rejected_even_if_identical_bytes) ... ok
test_read_permission_change_rejected_before_dispatch (test_overlay.OracleOverlayControls.test_read_permission_change_rejected_before_dispatch) ... ok
test_relative_path_rejected_even_if_same_basename (test_overlay.OracleOverlayControls.test_relative_path_rejected_even_if_same_basename) ... ok
test_same_length_oracle_byte_change_rejected_before_dispatch (test_overlay.OracleOverlayControls.test_same_length_oracle_byte_change_rejected_before_dispatch) ... ok
test_special_permission_bits_rejected_before_dispatch (test_overlay.OracleOverlayControls.test_special_permission_bits_rejected_before_dispatch) ... ok
test_symlink_is_rejected_instead_of_resolving_to_other_input (test_overlay.OracleOverlayControls.test_symlink_is_rejected_instead_of_resolving_to_other_input) ... ok
test_synthetic_exact_input_keeps_both_separate_source_identities (test_overlay.OracleOverlayControls.test_synthetic_exact_input_keeps_both_separate_source_identities) ... ok
test_anchored_actual_origin_fullmap_and_measured_forecast (test_prelaunch.ActualOriginSetupControls.test_anchored_actual_origin_fullmap_and_measured_forecast) ... ok
test_frozen_guaranteed_blocks_and_actual_origin_are_retained (test_prelaunch.ActualOriginSetupControls.test_frozen_guaranteed_blocks_and_actual_origin_are_retained) ... ok
test_350mib_floor_includes_pending_write (test_prelaunch.GuardControls.test_350mib_floor_includes_pending_write) ... ok
test_metadata_reservation_refused_before_create (test_prelaunch.GuardControls.test_metadata_reservation_refused_before_create) ... ok
test_metadata_serialization_bound_before_create (test_prelaunch.GuardControls.test_metadata_serialization_bound_before_create) ... ok
test_owned96mib_unique_limit_includes_reservation (test_prelaunch.GuardControls.test_owned96mib_unique_limit_includes_reservation) ... ok
test_physical_hardlinks_count_once_but_both_paths_remain (test_prelaunch.GuardControls.test_physical_hardlinks_count_once_but_both_paths_remain) ... ok
test_scoped_fixture_cohort_bound (test_prelaunch.GuardControls.test_scoped_fixture_cohort_bound) ... ok
test_synthetic_python_hang_is_deadline_failed_and_joined (test_prelaunch.GuardControls.test_synthetic_python_hang_is_deadline_failed_and_joined) ... ok
test_synthetic_python_stdout_overflow_is_failed_and_joined (test_prelaunch.GuardControls.test_synthetic_python_stdout_overflow_is_failed_and_joined) ... ok
test_added_and_missing_paths_fail_exact_set (test_prelaunch.SourceControls.test_added_and_missing_paths_fail_exact_set) ... ok
test_bytes_change_fails_git_sha_and_preserves_observed_map (test_prelaunch.SourceControls.test_bytes_change_fails_git_sha_and_preserves_observed_map) ... ok
test_compact_raw_size_bound_fails_before_write (test_prelaunch.SourceControls.test_compact_raw_size_bound_fails_before_write) ... ok
test_directory_mode_and_extra_empty_directory_fail (test_prelaunch.SourceControls.test_directory_mode_and_extra_empty_directory_fail) ... ok
test_failure_after_map_remains_complete_separate_and_does_not_replace_before (test_prelaunch.SourceControls.test_failure_after_map_remains_complete_separate_and_does_not_replace_before) ... ok
test_full_raw_identical_after_audit_is_exact_byte_verified_hardlink (test_prelaunch.SourceControls.test_full_raw_identical_after_audit_is_exact_byte_verified_hardlink) ... ok
test_full_write_reservation_checked_before_file_created (test_prelaunch.SourceControls.test_full_write_reservation_checked_before_file_created) ... ok
test_numeric_owner_check_fails_closed (test_prelaunch.SourceControls.test_numeric_owner_check_fails_closed) ... ok
test_read_permission_mutation_rejected_even_without_exec_change (test_prelaunch.SourceControls.test_read_permission_mutation_rejected_even_without_exec_change) ... ok
test_special_permission_bits_are_not_discarded (test_prelaunch.SourceControls.test_special_permission_bits_are_not_discarded) ... ok
test_symlink_rejected_without_reading_its_target (test_prelaunch.SourceControls.test_symlink_rejected_without_reading_its_target) ... ok
test_synthetic_metadata_positive_full_paths_and_modes (test_prelaunch.SourceControls.test_synthetic_metadata_positive_full_paths_and_modes) ... ok

----------------------------------------------------------------------
Ran 42 tests in 2.010s

OK
