   Compiling partitionline-broker v0.1.0 (/workspace/partitionline/partitionline-broker)
    Finished `test` profile [unoptimized] target(s) in 5.02s
     Running unittests src/lib.rs (/workspace/work/target-snapshot-runtime/debug/deps/partitionline_broker-c952dbf8a96b13dc)

running 11 tests
test raft::election::tests::failed_higher_term_persistence_disables_old_leader_before_any_reply ... ok
test raft::election::tests::higher_term_revokes_old_leadership_even_if_timer_cannot_be_armed ... ok
test raft::election::tests::owner_reconciliation_preserves_term_vote_and_checks_floor_and_role ... ok
test raft::election::tests::strict_state_encoding_rejects_reserved_bits_unknown_votes_and_empty_mismatch ... ok
test raft::election::tests::synchronization_precedes_grant_and_ambiguous_failure_requires_recovery ... ok
test raft::replication::tests::follower_commit_runtime_checks_entry_term_before_persistence ... ok
test raft::replication::tests::full_queue_canceled_work_and_owner_completion_have_distinct_outcomes ... ok
test raft::snapshot::tests::inner_publication_io_failures_preserve_previous_complete_image ... ok
test raft::snapshot::tests::inner_publication_process_helper ... ok
test raft::replication::tests::unconsumed_fetch_receipt_keeps_admission_bounded ... ok

running 1 test

running 1 test

running 1 test
test raft::snapshot::tests::inner_publication_process_exits_preserve_previous_complete_image ... ok

test result: ok. 11 passed; 0 failed; 0 ignored; 0 measured; 24 filtered out; finished in 0.01s

     Running tests/raft_replication.rs (/workspace/work/target-snapshot-runtime/debug/deps/raft_replication-0ded16aa4dab486e)

running 0 tests

test result: ok. 0 passed; 0 failed; 0 ignored; 0 measured; 18 filtered out; finished in 0.00s

