   Compiling partitionline-broker v0.1.0 (/workspace/work/snapshot-runtime/dev-source/partitionline-broker)
    Finished `test` profile [unoptimized] target(s) in 3.66s
     Running unittests src/lib.rs (/workspace/work/target-snapshot-runtime-msrv/debug/deps/partitionline_broker-ea773fb32d16e69c)

running 3 tests
test raft::snapshot::tests::node_inner_publication_process_helper ... ok

thread 'raft::snapshot::tests::node_inner_publication_io_failures_replay_previous_receipt_and_committed_suffix' panicked at src/raft/snapshot.rs:1197:9:
assertion `left == right` failed
  left: LogPosition { term: 2, index: 2 }
 right: LogPosition { term: 1, index: 2 }
note: run with `RUST_BACKTRACE=1` environment variable to display a backtrace

running 1 test
test raft::snapshot::tests::node_inner_publication_io_failures_replay_previous_receipt_and_committed_suffix ... FAILED

thread 'raft::snapshot::tests::node_inner_publication_process_helper' panicked at src/raft/snapshot.rs:1197:9:
assertion `left == right` failed
  left: LogPosition { term: 2, index: 2 }
 right: LogPosition { term: 1, index: 2 }
note: run with `RUST_BACKTRACE=1` environment variable to display a backtrace
test raft::snapshot::tests::node_inner_publication_process_helper ... FAILED

failures:

failures:
    raft::snapshot::tests::node_inner_publication_process_helper

test result: FAILED. 0 passed; 1 failed; 0 ignored; 0 measured; 39 filtered out; finished in 0.00s


thread 'raft::snapshot::tests::node_inner_publication_process_exits_replay_previous_receipt_and_committed_suffix' panicked at src/raft/snapshot.rs:1321:13:
assertion `left == right` failed
  left: Some(101)
 right: Some(44)
test raft::snapshot::tests::node_inner_publication_process_exits_replay_previous_receipt_and_committed_suffix ... FAILED

failures:

failures:
    raft::snapshot::tests::node_inner_publication_io_failures_replay_previous_receipt_and_committed_suffix
    raft::snapshot::tests::node_inner_publication_process_exits_replay_previous_receipt_and_committed_suffix

test result: FAILED. 1 passed; 2 failed; 0 ignored; 0 measured; 37 filtered out; finished in 0.00s

error: test failed, to rerun pass `--lib`
