   Compiling partitionline-broker v0.1.0 (/workspace/work/snapshot-runtime/dev-source/partitionline-broker)
    Finished `test` profile [unoptimized] target(s) in 3.22s
     Running unittests src/lib.rs (/workspace/work/target-snapshot-runtime/debug/deps/partitionline_broker-c952dbf8a96b13dc)

running 37 tests
test catalog::tests::complete_unconfirmed_tombstone_keeps_previous_state_until_recovery ... ok
test journal::tests::bounded_index_capacity_and_rejections_never_write ... ok
test journal::tests::complete_recovery_sync_failure_never_reports_durable_state ... ok
test catalog::tests::complete_unconfirmed_create_is_invisible_until_synced_replay ... ok
test journal::tests::corrupted_file_header_and_recovery_offset_overflow_fail_closed ... ok
test journal::tests::early_zero_read_does_not_become_a_successful_tail_repair ... ok
test journal::tests::header_length_bomb_fails_before_tail_allocation_or_repair ... ok
test journal::tests::success_synchronizes_complete_bytes_before_return ... ok
test journal::tests::tail_repair_truncate_and_sync_errors_never_report_success ... ok
test journal::tests::recovery_loops_through_partial_reads_and_interrupted_calls ... ok
test journal::tests::valid_later_header_prevents_repair_after_interior_byte_loss ... ok
test journal::tests::partial_header_and_payload_writes_poison_without_advancing ... ok
test journal::tests::zero_write_and_sync_failure_poison_with_ambiguous_recovery ... ok
test metadata::tests::committed_operation_with_lost_receipt_replays ... ok
test metadata::tests::failed_actor_join_remains_failed_on_retry ... ok
test metadata::tests::committed_data_with_lost_receipt_replays_without_deduplication ... ok
test metadata::tests::queued_cancel_and_full_admission_never_mutate ... ok
test raft::election::tests::failed_higher_term_persistence_disables_old_leader_before_any_reply ... ok
test raft::election::tests::higher_term_revokes_old_leadership_even_if_timer_cannot_be_armed ... ok
test raft::election::tests::owner_reconciliation_preserves_term_vote_and_checks_floor_and_role ... ok
test raft::election::tests::strict_state_encoding_rejects_reserved_bits_unknown_votes_and_empty_mismatch ... ok
test metadata::tests::unconsumed_data_receipt_keeps_admission_bounded ... ok
test raft::election::tests::synchronization_precedes_grant_and_ambiguous_failure_requires_recovery ... ok
test raft::replication::tests::follower_commit_runtime_checks_entry_term_before_persistence ... ok
test raft::replication::tests::snapshot_install_process_cut_helper ... ok
test raft::replication::tests::full_queue_canceled_work_and_owner_completion_have_distinct_outcomes ... ok
test metadata::tests::queued_data_cancel_and_full_admission_never_append ... ok
test raft::snapshot::tests::inner_publication_io_failures_preserve_previous_complete_image ... ok
test raft::replication::tests::unconsumed_fetch_receipt_keeps_admission_bounded ... ok
test raft::snapshot::tests::inner_publication_process_helper ... ok

running 1 test
test metadata::tests::canceled_shutdown_retains_join_and_pending_work_is_rejected ... ok

running 1 test
test segments::tests::every_roll_publication_failure_preserves_prior_acknowledgments ... ok

running 1 test
test raft::snapshot::tests::inner_publication_process_exits_preserve_previous_complete_image ... ok
test segments::tests::replacement_publication_and_cleanup_failures_select_complete_generations ... ok
test segments::tests::process_exit_at_each_roll_publication_stage_recovers_committed_payloads ... ok
test raft::replication::tests::snapshot_install_receipt_and_summary_process_cuts_recover_prefix_and_local_vote ... ok
test segments::tests::process_exit_during_partial_copy_and_each_replacement_publication_recovers_all_records ... ok

test result: ok. 37 passed; 0 failed; 0 ignored; 0 measured; 0 filtered out; finished in 0.02s

     Running tests/raft_election.rs (/workspace/work/target-snapshot-runtime/debug/deps/raft_election-fdd916042ccc2539)

running 10 tests
test duplicate_stale_negative_and_misrouted_responses_cannot_create_a_majority ... ok
test a_real_peer_vote_elects_and_stale_leader_assertions_are_fenced ... ok
test durable_log_freshness_uses_term_then_index_and_denials_persist_higher_term ... ok
test exhausted_storage_poison_prevents_even_repeat_grants_until_recovery ... ok
test synchronized_vote_survives_restart_and_never_changes_in_same_term ... ok
test membership_clock_term_and_timeout_bounds_fail_explicitly ... ok
test seeded_timers_are_reproducible_node_separated_and_always_bounded ... ok
test torn_unconfirmed_tail_repairs_but_checksummed_double_vote_and_corruption_fail_closed ... ok
test tagged_owner_reconciliation_replay_validates_complete_checksums_and_state_invariants ... ok
test deterministic_seeded_losing_partition_and_restart_histories ... ok

test result: ok. 10 passed; 0 failed; 0 ignored; 0 measured; 0 filtered out; finished in 0.02s

     Running tests/raft_protocol.rs (/workspace/work/target-snapshot-runtime/debug/deps/raft_protocol-a5d013805f23b48d)

running 10 tests
test configured_request_queue_and_identity_budgets_validate ... ok
test cross_peer_wire_votes_count_distinct_members_and_fence_correlations ... ok
test end_rank_timers_are_exact_and_invalid_successors_cannot_mutate ... ok
test initial_epoch_zero_nonempty_log_and_restart_preserve_vote ... ok
test malformed_prefixes_tags_and_counts_are_bounded_before_mutation ... ok
test semantic_errors_and_stale_epochs_do_not_rewrite_state ... ok
test wire_overflow_and_storage_exhaustion_fail_without_affirmative_reply ... ok
test independent_controller_goldens_cross_actual_tcp_transport ... ok
test independent_apache_controller_goldens_and_registry ... ok
test actual_transport_dispatch_advertises_controller_profile_and_joins ... ok

test result: ok. 10 passed; 0 failed; 0 ignored; 0 measured; 0 filtered out; finished in 0.09s

     Running tests/raft_replication.rs (/workspace/work/target-snapshot-runtime/debug/deps/raft_replication-0ded16aa4dab486e)

running 28 tests
test actual_three_node_process_history ... ok
test actor_serializes_controller_and_typed_storage_and_joins_shutdown ... ok
test bounds_queue_envelope_fetch_and_fixed_membership_are_explicit ... ok
test changed_external_file_poison_prevents_reply_and_known_torn_tail_can_reopen ... ok
test checksummed_authority_term_regression_fails_recovery_even_for_an_older_entry ... ok
test checksummed_follower_commit_cannot_authorize_a_newer_entry_term ... ok
test actual_five_node_process_history ... ok
test committed_prefix_and_same_term_payload_conflicts_fail_before_wal_mutation ... ok
test complete_wal_ahead_of_core_is_reconciled_before_vote_or_committed_read ... ok
test five_voters_need_three_distinct_durable_positions_and_reject_forged_replies ... ok
test foreign_identity_corrupt_complete_and_torn_tail_have_distinct_outcomes ... ok
test higher_term_repairs_only_uncommitted_suffix_and_preserves_vote_after_restart ... ok
test minority_partition_expiry_and_lost_ack_cannot_commit ... ok
test partial_request_does_not_commit_an_unverified_old_suffix ... ok
test snapshot_actor_checkpoint_and_joined_partial_cleanup_are_owner_local ... ok
test snapshot_checkpoint_retains_later_wal_and_explicit_mode_is_required_for_replay ... ok
test snapshot_committed_overlap_and_same_term_conflicts_leave_publication_inert ... ok
test snapshot_exact_overlap_retains_suffix_and_higher_term_repair_drops_only_uncommitted_bytes ... ok
test snapshot_owner_rejects_nonidle_foreign_and_overbudget_stores ... ok
test snapshot_publication_before_failed_wal_sync_is_inert_and_poisoned_until_reopen ... ok
test snapshot_receipt_catchup_reconciles_from_the_proven_preinstall_commit_floor ... ok
test snapshot_transfer_deadline_reordered_chunks_and_changed_epoch_cannot_select ... ok
test strict_majority_barrier_and_committed_visibility_survive_reopen ... ok
test unowned_legacy_log_summary_is_not_silently_replaced_by_an_empty_new_wal ... ok
test wal_success_then_core_budget_failure_is_ambiguous_and_poisoned_until_reconciliation ... ok
test checksummed_snapshot_install_receipt_mutations_fail_replay ... ok
test actual_three_node_snapshot_process_history ... ok
test actual_five_node_snapshot_process_history ... ok

test result: ok. 28 passed; 0 failed; 0 ignored; 0 measured; 0 filtered out; finished in 0.06s

     Running tests/raft_snapshot.rs (/workspace/work/target-snapshot-runtime/debug/deps/raft_snapshot-094df91f92704702)

running 10 tests
test actual_apache_opaque_observation_preserves_order_and_boundary_mapping ... ok
test ambiguous_rename_error_poison_preserves_previous_image ... ok
test empty_prefix_and_canceled_reader_have_explicit_boundaries ... ok
test canonical_prefix_round_trip_and_sequential_transfer ... ok
test exact_completion_seal_and_crc_are_required ... ok
test foreign_fixed_group_and_namespace_are_rejected ... ok
test fully_rehashed_hostile_images_cannot_bless_malformed_content ... ok
test identity_and_generation_budgets_are_preflighted ... ok
test snapshot_crash_helper ... ok

running 1 test
test actual_process_exit_during_transfer_keeps_old_image_recoverable ... ok

test result: ok. 10 passed; 0 failed; 0 ignored; 0 measured; 0 filtered out; finished in 0.00s

