    Checking libc v0.2.189
    Checking socket2 v0.6.5
    Checking mio v1.2.3
    Checking bytes v1.12.1
    Checking cfg-if v1.0.5
    Checking pin-project-lite v0.2.17
    Checking tokio v1.53.1
    Checking getrandom v0.4.3
    Checking crc32c v0.6.8
    Checking partitionline-broker v0.1.0 (/workspace/work/snapshot-runtime/dev-source/partitionline-broker)
error: redundant pattern matching
   --> tests/raft_replication.rs:382:13
    |
382 |     assert!(matches!(open(&temp, 1, &[1], 0), Err(_)));
    |             ^^^^^^^^^^^^^^^^^^^^^^^^^^^^^^^^^^^^^^^^^
    |
    = help: for further information visit https://rust-lang.github.io/rust-clippy/rust-1.99.0/index.html#redundant_pattern_matching
    = note: `-D clippy::redundant-pattern-matching` implied by `-D warnings`
    = help: to override `-D warnings` add `#[allow(clippy::redundant_pattern_matching)]`
help: consider using `is_err()`
    |
382 -     assert!(matches!(open(&temp, 1, &[1], 0), Err(_)));
382 +     assert!(open(&temp, 1, &[1], 0).is_err());
    |

error: could not compile `partitionline-broker` (test "raft_replication") due to 1 previous error
