2026-10-03T22:54:47.0668793Z Current runner version: '2.337.0'
2026-10-03T22:54:47.1009828Z ##[group]Runner Image Provisioner
2026-10-03T22:54:47.1010673Z Hosted Compute Agent
2026-10-03T22:54:47.1011247Z Version: 20260901.588
2026-10-03T22:54:47.1011846Z Commit: f88ec8081b781fac6c440065ac7ff9e710ce3d0b
2026-10-03T22:54:47.1012557Z Build Date: 2026-09-01T19:56:44Z
2026-10-03T22:54:47.1013210Z Worker ID: {83365525-ade4-4551-b225-fdd899380f17}
2026-10-03T22:54:47.1013880Z Azure Region: eastus
2026-10-03T22:54:47.1014432Z ##[endgroup]
2026-10-03T22:54:47.1015999Z ##[group]Operating System
2026-10-03T22:54:47.1016648Z Microsoft Windows Server 2025
2026-10-03T22:54:47.1017237Z 10.0.26100
2026-10-03T22:54:47.1017711Z Datacenter
2026-10-03T22:54:47.1018221Z ##[endgroup]
2026-10-03T22:54:47.1018814Z ##[group]Runner Image
2026-10-03T22:54:47.1019460Z Image: windows-2025-vs2026
2026-10-03T22:54:47.1020073Z Version: 20260925.250.1
2026-10-03T22:54:47.1021735Z Included Software: https://github.com/actions/runner-images/blob/win25-vs2026/20260925.250/images/windows/Windows2025-VS2026-Readme.md
2026-10-03T22:54:47.1023322Z Image Release: https://github.com/actions/runner-images/releases/tag/win25-vs2026%2F20260925.250
2026-10-03T22:54:47.1024256Z ##[endgroup]
2026-10-03T22:54:47.1027340Z ##[group]GITHUB_TOKEN Permissions
2026-10-03T22:54:47.1029927Z Actions: write
2026-10-03T22:54:47.1030513Z ArtifactMetadata: write
2026-10-03T22:54:47.1031094Z Attestations: write
2026-10-03T22:54:47.1031646Z Checks: write
2026-10-03T22:54:47.1032154Z CodeQuality: write
2026-10-03T22:54:47.1032672Z Contents: write
2026-10-03T22:54:47.1033234Z CopilotRequests: write
2026-10-03T22:54:47.1033772Z Deployments: write
2026-10-03T22:54:47.1034310Z Discussions: write
2026-10-03T22:54:47.1034821Z Drives: write
2026-10-03T22:54:47.1035305Z Issues: write
2026-10-03T22:54:47.1035811Z Metadata: read
2026-10-03T22:54:47.1036371Z Models: read
2026-10-03T22:54:47.1036869Z Packages: write
2026-10-03T22:54:47.1037396Z Pages: write
2026-10-03T22:54:47.1037928Z PullRequests: write
2026-10-03T22:54:47.1038478Z RepositoryProjects: write
2026-10-03T22:54:47.1039048Z SecurityEvents: write
2026-10-03T22:54:47.1039590Z Statuses: write
2026-10-03T22:54:47.1040126Z VulnerabilityAlerts: read
2026-10-03T22:54:47.1040668Z ##[endgroup]
2026-10-03T22:54:47.1042840Z Secret source: Actions
2026-10-03T22:54:47.1043748Z Cache mode: write
2026-10-03T22:54:47.1044518Z Prepare workflow directory
2026-10-03T22:54:47.1682830Z Prepare all required actions
2026-10-03T22:54:47.1731350Z Getting action download info
2026-10-03T22:54:47.3409712Z Download action repository 'actions/checkout@v7' (SHA:3d3c42e5aac5ba805825da76410c181273ba90b1)
2026-10-03T22:54:47.4736536Z Download action repository 'dtolnay/rust-toolchain@master' (SHA:7e38f4b43b4db5c8dd498af069a4f6196df1d067)
2026-10-03T22:54:47.5473153Z Download action repository 'actions/setup-python@v6' (SHA:ece7cb06caefa5fff74198d8649806c4678c61a1)
2026-10-03T22:54:47.6911291Z Download action repository 'actions/upload-artifact@v4' (SHA:ea165f8d65b6e75b540449e92b4886f43607fa02)
2026-10-03T22:54:48.0758565Z Complete job name: windows (stable)
2026-10-03T22:54:48.2541209Z ##[group]Run actions/checkout@v7
2026-10-03T22:54:48.2542646Z with:
2026-10-03T22:54:48.2543262Z   repository: mingley/partitionline
2026-10-03T22:54:48.2548634Z   token: ***
2026-10-03T22:54:48.2549225Z   ssh-strict: true
2026-10-03T22:54:48.2549813Z   ssh-user: git
2026-10-03T22:54:48.2550298Z   persist-credentials: true
2026-10-03T22:54:48.2550792Z   clean: true
2026-10-03T22:54:48.2551234Z   sparse-checkout-cone-mode: true
2026-10-03T22:54:48.2551784Z   fetch-depth: 1
2026-10-03T22:54:48.2552216Z   fetch-tags: false
2026-10-03T22:54:48.2552682Z   show-progress: true
2026-10-03T22:54:48.2553125Z   lfs: false
2026-10-03T22:54:48.2553547Z   submodules: false
2026-10-03T22:54:48.2554001Z   set-safe-directory: true
2026-10-03T22:54:48.2554524Z   allow-unsafe-pr-checkout: false
2026-10-03T22:54:48.2555250Z env:
2026-10-03T22:54:48.2555679Z   PL_WINDOWS_TOOLCHAIN: stable
2026-10-03T22:54:48.2558450Z   PYTHONUTF8: 1
2026-10-03T22:54:48.2558946Z   RUSTUP_TOOLCHAIN: stable
2026-10-03T22:54:48.2559435Z   CARGO_BUILD_JOBS: 2
2026-10-03T22:54:48.2559912Z   CARGO_PROFILE_DEV_DEBUG: 0
2026-10-03T22:54:48.2560427Z   CARGO_PROFILE_TEST_DEBUG: 0
2026-10-03T22:54:48.2560929Z   CARGO_INCREMENTAL: 0
2026-10-03T22:54:48.2561388Z   CARGO_TERM_COLOR: never
2026-10-03T22:54:48.2561844Z ##[endgroup]
2026-10-03T22:54:48.4044658Z Syncing repository: mingley/partitionline
2026-10-03T22:54:48.4046959Z ##[group]Getting Git version info
2026-10-03T22:54:48.4047731Z Working directory is 'D:\a\partitionline\partitionline'
2026-10-03T22:54:48.5012691Z [command]"C:\Program Files\Git\bin\git.exe" version
2026-10-03T22:54:48.8723181Z git version 2.55.0.windows.5
2026-10-03T22:54:48.8769357Z ##[endgroup]
2026-10-03T22:54:48.8787091Z Temporarily overriding HOME='D:\a\_temp\fea90aad-9e3f-417c-bca6-7847b5be44f7' before making global git config changes
2026-10-03T22:54:48.8789074Z Adding repository directory to the temporary git global config as a safe directory
2026-10-03T22:54:48.8796727Z [command]"C:\Program Files\Git\bin\git.exe" config --global --add safe.directory D:\a\partitionline\partitionline
2026-10-03T22:54:48.9752620Z Deleting the contents of 'D:\a\partitionline\partitionline'
2026-10-03T22:54:48.9759328Z ##[group]Determining repository object format
2026-10-03T22:54:48.9762057Z ##[endgroup]
2026-10-03T22:54:48.9764534Z ##[group]Initializing the repository
2026-10-03T22:54:48.9771887Z [command]"C:\Program Files\Git\bin\git.exe" init D:\a\partitionline\partitionline
2026-10-03T22:54:49.0729314Z Initialized empty Git repository in D:/a/partitionline/partitionline/.git/
2026-10-03T22:54:49.0777444Z [command]"C:\Program Files\Git\bin\git.exe" remote add origin https://github.com/mingley/partitionline
2026-10-03T22:54:49.1395185Z ##[endgroup]
2026-10-03T22:54:49.1397257Z ##[group]Disabling automatic garbage collection
2026-10-03T22:54:49.1403754Z [command]"C:\Program Files\Git\bin\git.exe" config --local gc.auto 0
2026-10-03T22:54:49.1695676Z ##[endgroup]
2026-10-03T22:54:49.1697555Z ##[group]Setting up auth
2026-10-03T22:54:49.1698906Z Removing SSH command configuration
2026-10-03T22:54:49.1705942Z [command]"C:\Program Files\Git\bin\git.exe" config --local --name-only --get-regexp core\.sshCommand
2026-10-03T22:54:49.2047688Z [command]"C:\Program Files\Git\bin\git.exe" submodule foreach --recursive "sh -c \"git config --local --name-only --get-regexp 'core\.sshCommand' && git config --local --unset-all 'core.sshCommand' || :\""
2026-10-03T22:54:50.6295240Z Removing HTTP extra header
2026-10-03T22:54:50.6304586Z [command]"C:\Program Files\Git\bin\git.exe" config --local --name-only --get-regexp http\.https\:\/\/github\.com\/\.extraheader
2026-10-03T22:54:50.6599709Z [command]"C:\Program Files\Git\bin\git.exe" submodule foreach --recursive "sh -c \"git config --local --name-only --get-regexp 'http\.https\:\/\/github\.com\/\.extraheader' && git config --local --unset-all 'http.https://github.com/.extraheader' || :\""
2026-10-03T22:54:51.1992936Z Removing includeIf entries pointing to credentials config files
2026-10-03T22:54:51.2002349Z [command]"C:\Program Files\Git\bin\git.exe" config --local --name-only --get-regexp ^includeIf\.gitdir:
2026-10-03T22:54:51.2311501Z [command]"C:\Program Files\Git\bin\git.exe" submodule foreach --recursive "git config --local --show-origin --name-only --get-regexp remote.origin.url"
2026-10-03T22:54:51.7923773Z [command]"C:\Program Files\Git\bin\git.exe" config --file D:\a\_temp\git-credentials-0d880755-0c25-4691-80de-75f26ec863c8.config http.https://github.com/.extraheader "AUTHORIZATION: basic ***"
2026-10-03T22:54:51.8222550Z [command]"C:\Program Files\Git\bin\git.exe" config --local includeIf.gitdir:D:/a/partitionline/partitionline/.git.path D:\a\_temp\git-credentials-0d880755-0c25-4691-80de-75f26ec863c8.config
2026-10-03T22:54:51.8528165Z [command]"C:\Program Files\Git\bin\git.exe" config --local includeIf.gitdir:D:/a/partitionline/partitionline/.git/worktrees/*.path D:\a\_temp\git-credentials-0d880755-0c25-4691-80de-75f26ec863c8.config
2026-10-03T22:54:51.8876206Z [command]"C:\Program Files\Git\bin\git.exe" config --local includeIf.gitdir:/github/workspace/.git.path /github/runner_temp/git-credentials-0d880755-0c25-4691-80de-75f26ec863c8.config
2026-10-03T22:54:51.9174657Z [command]"C:\Program Files\Git\bin\git.exe" config --local includeIf.gitdir:/github/workspace/.git/worktrees/*.path /github/runner_temp/git-credentials-0d880755-0c25-4691-80de-75f26ec863c8.config
2026-10-03T22:54:51.9478430Z ##[endgroup]
2026-10-03T22:54:51.9479525Z ##[group]Fetching the repository
2026-10-03T22:54:51.9491270Z [command]"C:\Program Files\Git\bin\git.exe" -c protocol.version=2 fetch --no-tags --prune --no-recurse-submodules --depth=1 origin +34a2e672408d64309b0c6cb3dca428f59bd30e0b:refs/remotes/origin/main
2026-10-03T22:54:55.3201539Z From https://github.com/mingley/partitionline
2026-10-03T22:54:55.3202384Z  * [new ref]           34a2e672408d64309b0c6cb3dca428f59bd30e0b -> origin/main
2026-10-03T22:54:55.3264915Z [command]"C:\Program Files\Git\bin\git.exe" branch --list --remote origin/main
2026-10-03T22:54:55.3629781Z   origin/main
2026-10-03T22:54:55.3670341Z [command]"C:\Program Files\Git\bin\git.exe" rev-parse refs/remotes/origin/main
2026-10-03T22:54:55.3930127Z 34a2e672408d64309b0c6cb3dca428f59bd30e0b
2026-10-03T22:54:55.3960846Z ##[endgroup]
2026-10-03T22:54:55.3961862Z ##[group]Determining the checkout info
2026-10-03T22:54:55.3962356Z ##[endgroup]
2026-10-03T22:54:55.3970624Z [command]"C:\Program Files\Git\bin\git.exe" sparse-checkout disable
2026-10-03T22:54:55.4402096Z [command]"C:\Program Files\Git\bin\git.exe" config --local --unset-all extensions.worktreeConfig
2026-10-03T22:54:55.4693714Z ##[group]Checking out the ref
2026-10-03T22:54:55.4707206Z [command]"C:\Program Files\Git\bin\git.exe" checkout --progress --force -B main refs/remotes/origin/main
2026-10-03T22:54:56.7421505Z Updating files:   5% (3850/76220)
2026-10-03T22:54:56.8987099Z Updating files:   6% (4574/76220)
2026-10-03T22:54:57.0845317Z Updating files:   7% (5336/76220)
2026-10-03T22:54:57.2472134Z Updating files:   8% (6098/76220)
2026-10-03T22:54:57.4056706Z Updating files:   9% (6860/76220)
2026-10-03T22:54:57.5688116Z Updating files:  10% (7622/76220)
2026-10-03T22:54:57.6180586Z Updating files:  11% (8385/76220)
2026-10-03T22:54:57.7524109Z Updating files:  11% (8522/76220)
2026-10-03T22:54:58.0149126Z Updating files:  12% (9147/76220)
2026-10-03T22:54:58.2017417Z Updating files:  13% (9909/76220)
2026-10-03T22:54:58.4350391Z Updating files:  14% (10671/76220)
2026-10-03T22:54:58.5839342Z Updating files:  15% (11433/76220)
2026-10-03T22:54:58.6188211Z Updating files:  16% (12196/76220)
2026-10-03T22:54:58.7533615Z Updating files:  16% (12271/76220)
2026-10-03T22:54:58.9059886Z Updating files:  17% (12958/76220)
2026-10-03T22:54:59.0827729Z Updating files:  18% (13720/76220)
2026-10-03T22:54:59.3090000Z Updating files:  19% (14482/76220)
2026-10-03T22:54:59.4959396Z Updating files:  20% (15244/76220)
2026-10-03T22:54:59.6208679Z Updating files:  21% (16007/76220)
2026-10-03T22:54:59.6628284Z Updating files:  21% (16576/76220)
2026-10-03T22:54:59.8307973Z Updating files:  22% (16769/76220)
2026-10-03T22:54:59.9857254Z Updating files:  23% (17531/76220)
2026-10-03T22:55:00.1426818Z Updating files:  24% (18293/76220)
2026-10-03T22:55:00.3157083Z Updating files:  25% (19055/76220)
2026-10-03T22:55:00.4608174Z Updating files:  26% (19818/76220)
2026-10-03T22:55:00.6231482Z Updating files:  27% (20580/76220)
2026-10-03T22:55:00.6901294Z Updating files:  27% (21075/76220)
2026-10-03T22:55:00.8586796Z Updating files:  28% (21342/76220)
2026-10-03T22:55:01.0213211Z Updating files:  29% (22104/76220)
2026-10-03T22:55:01.1821340Z Updating files:  30% (22866/76220)
2026-10-03T22:55:01.3709063Z Updating files:  31% (23629/76220)
2026-10-03T22:55:01.5583021Z Updating files:  32% (24391/76220)
2026-10-03T22:55:01.6230643Z Updating files:  33% (25153/76220)
2026-10-03T22:55:01.7382656Z Updating files:  33% (25396/76220)
2026-10-03T22:55:01.8974019Z Updating files:  34% (25915/76220)
2026-10-03T22:55:02.1771886Z Updating files:  35% (26677/76220)
2026-10-03T22:55:02.3864951Z Updating files:  36% (27440/76220)
2026-10-03T22:55:02.5982897Z Updating files:  37% (28202/76220)
2026-10-03T22:55:02.6233419Z Updating files:  38% (28964/76220)
2026-10-03T22:55:02.7679188Z Updating files:  38% (29065/76220)
2026-10-03T22:55:02.9388661Z Updating files:  39% (29726/76220)
2026-10-03T22:55:03.1484792Z Updating files:  40% (30488/76220)
2026-10-03T22:55:03.4249853Z Updating files:  41% (31251/76220)
2026-10-03T22:55:03.6387510Z Updating files:  42% (32013/76220)
2026-10-03T22:55:03.6469757Z Updating files:  42% (32743/76220)
2026-10-03T22:55:03.8361340Z Updating files:  43% (32775/76220)
2026-10-03T22:55:04.0527418Z Updating files:  44% (33537/76220)
2026-10-03T22:55:04.3211202Z Updating files:  45% (34299/76220)
2026-10-03T22:55:04.6069540Z Updating files:  46% (35062/76220)
2026-10-03T22:55:04.6540178Z Updating files:  47% (35824/76220)
2026-10-03T22:55:04.8604442Z Updating files:  47% (36058/76220)
2026-10-03T22:55:05.2854844Z Updating files:  48% (36586/76220)
2026-10-03T22:55:05.6683688Z Updating files:  49% (37348/76220)
2026-10-03T22:55:05.7352239Z Updating files:  49% (37898/76220)
2026-10-03T22:55:05.9326907Z Updating files:  50% (38110/76220)
2026-10-03T22:55:06.2449714Z Updating files:  51% (38873/76220)
2026-10-03T22:55:06.4913240Z Updating files:  52% (39635/76220)
2026-10-03T22:55:06.6503827Z Updating files:  53% (40397/76220)
2026-10-03T22:55:06.6812094Z Updating files:  54% (41159/76220)
2026-10-03T22:55:06.7858420Z Updating files:  54% (41339/76220)
2026-10-03T22:55:06.9278237Z Updating files:  55% (41921/76220)
2026-10-03T22:55:07.0671608Z Updating files:  56% (42684/76220)
2026-10-03T22:55:07.2075190Z Updating files:  57% (43446/76220)
2026-10-03T22:55:07.3455114Z Updating files:  58% (44208/76220)
2026-10-03T22:55:07.5508551Z Updating files:  59% (44970/76220)
2026-10-03T22:55:07.6853125Z Updating files:  60% (45732/76220)
2026-10-03T22:55:07.7710438Z Updating files:  60% (46217/76220)
2026-10-03T22:55:08.0054532Z Updating files:  61% (46495/76220)
2026-10-03T22:55:08.1640328Z Updating files:  62% (47257/76220)
2026-10-03T22:55:08.3573345Z Updating files:  63% (48019/76220)
2026-10-03T22:55:08.5100298Z Updating files:  64% (48781/76220)
2026-10-03T22:55:08.6644334Z Updating files:  65% (49543/76220)
2026-10-03T22:55:08.6921795Z Updating files:  66% (50306/76220)
2026-10-03T22:55:08.8166495Z Updating files:  66% (50455/76220)
2026-10-03T22:55:09.0711616Z Updating files:  67% (51068/76220)
2026-10-03T22:55:09.2355599Z Updating files:  68% (51830/76220)
2026-10-03T22:55:09.4003950Z Updating files:  69% (52592/76220)
2026-10-03T22:55:09.5513245Z Updating files:  70% (53354/76220)
2026-10-03T22:55:09.7053254Z Updating files:  71% (54117/76220)
2026-10-03T22:55:09.7057159Z Updating files:  71% (54877/76220)
2026-10-03T22:55:09.8518903Z Updating files:  72% (54879/76220)
2026-10-03T22:55:10.0219437Z Updating files:  73% (55641/76220)
2026-10-03T22:55:10.3069678Z Updating files:  74% (56403/76220)
2026-10-03T22:55:10.5159843Z Updating files:  75% (57165/76220)
2026-10-03T22:55:10.6850402Z Updating files:  76% (57928/76220)
2026-10-03T22:55:10.7168711Z Updating files:  77% (58690/76220)
2026-10-03T22:55:10.8760220Z Updating files:  77% (58854/76220)
2026-10-03T22:55:11.0419045Z Updating files:  78% (59452/76220)
2026-10-03T22:55:11.2622319Z Updating files:  79% (60214/76220)
2026-10-03T22:55:11.4720087Z Updating files:  80% (60976/76220)
2026-10-03T22:55:11.7173681Z Updating files:  81% (61739/76220)
2026-10-03T22:55:11.8576721Z Updating files:  81% (62199/76220)
2026-10-03T22:55:12.0334676Z Updating files:  82% (62501/76220)
2026-10-03T22:55:12.2612129Z Updating files:  83% (63263/76220)
2026-10-03T22:55:12.2638753Z ##[error]error: unable to create file docs/evidence/client/KL05-10/performance/preparation/practical-review-02/history/frozen-practical-5c94/history/original-performance-ebb7b91b/history/initial-source-stage-2e3f283d/benchmarks/sticky-partitioner/StickyBenchmark.java: Filename too long
2026-10-03T22:55:12.2649489Z ##[error]error: unable to create file docs/evidence/client/KL05-10/performance/preparation/practical-review-02/history/frozen-practical-5c94/history/original-performance-ebb7b91b/history/initial-source-stage-2e3f283d/benchmarks/sticky-partitioner/resource-forecast.json: Filename too long
2026-10-03T22:55:12.2652096Z warning: unable to access 'docs/evidence/client/KL05-10/performance/preparation/practical-review-02/history/frozen-practical-5c94/history/original-performance-ebb7b91b/history/initial-source-stage-2e3f283d/benchmarks/sticky-partitioner/src/.gitattributes': Filename too long
2026-10-03T22:55:12.4852361Z Updating files:  84% (64025/76220)
2026-10-03T22:55:12.7021292Z Updating files:  85% (64787/76220)
2026-10-03T22:55:12.7255263Z Updating files:  86% (65550/76220)
2026-10-03T22:55:12.8748543Z Updating files:  86% (65659/76220)
2026-10-03T22:55:13.4316967Z Updating files:  87% (66312/76220)
2026-10-03T22:55:13.6835644Z Updating files:  88% (67074/76220)
2026-10-03T22:55:13.7279776Z Updating files:  89% (67836/76220)
2026-10-03T22:55:13.9115804Z Updating files:  89% (67979/76220)
2026-10-03T22:55:14.1433133Z Updating files:  90% (68598/76220)
2026-10-03T22:55:14.4137648Z Updating files:  91% (69361/76220)
2026-10-03T22:55:14.5672491Z Updating files:  92% (70123/76220)
2026-10-03T22:55:14.7168008Z Updating files:  93% (70885/76220)
2026-10-03T22:55:14.7404230Z Updating files:  94% (71647/76220)
2026-10-03T22:55:14.9199192Z Updating files:  94% (71772/76220)
2026-10-03T22:55:15.1546115Z Updating files:  95% (72409/76220)
2026-10-03T22:55:15.3546966Z Updating files:  96% (73172/76220)
2026-10-03T22:55:15.4994899Z Updating files:  97% (73934/76220)
2026-10-03T22:55:15.6627560Z Updating files:  98% (74696/76220)
2026-10-03T22:55:15.7524906Z Updating files:  99% (75458/76220)
2026-10-03T22:55:15.9041482Z Updating files:  99% (75554/76220)
2026-10-03T22:55:15.9042102Z Updating files: 100% (76220/76220)
2026-10-03T22:55:15.9042525Z Updating files: 100% (76220/76220), done.
2026-10-03T22:55:16.0313923Z Switched to a new branch 'main'
2026-10-03T22:55:16.0330481Z branch 'main' set up to track 'origin/main'.
2026-10-03T22:55:16.0554709Z ##[error]The process 'C:\Program Files\Git\bin\git.exe' failed with exit code 1
2026-10-03T22:55:16.1172420Z ##[group]Run actions/upload-artifact@v4
2026-10-03T22:55:16.1172743Z with:
2026-10-03T22:55:16.1173040Z   name: windows-stable-failed-34a2e672408d64309b0c6cb3dca428f59bd30e0b
2026-10-03T22:55:16.1173418Z   path: target/windows/stable/
2026-10-03T22:55:16.1173647Z   if-no-files-found: error
2026-10-03T22:55:16.1173859Z   retention-days: 30
2026-10-03T22:55:16.1174064Z   compression-level: 6
2026-10-03T22:55:16.1174260Z   overwrite: false
2026-10-03T22:55:16.1174452Z   include-hidden-files: false
2026-10-03T22:55:16.1174684Z env:
2026-10-03T22:55:16.1174851Z   PL_WINDOWS_TOOLCHAIN: stable
2026-10-03T22:55:16.1175073Z   PYTHONUTF8: 1
2026-10-03T22:55:16.1175275Z   RUSTUP_TOOLCHAIN: stable
2026-10-03T22:55:16.1175478Z   CARGO_BUILD_JOBS: 2
2026-10-03T22:55:16.1175674Z   CARGO_PROFILE_DEV_DEBUG: 0
2026-10-03T22:55:16.1175895Z   CARGO_PROFILE_TEST_DEBUG: 0
2026-10-03T22:55:16.1176117Z   CARGO_INCREMENTAL: 0
2026-10-03T22:55:16.1176306Z   CARGO_TERM_COLOR: never
2026-10-03T22:55:16.1176553Z ##[endgroup]
2026-10-03T22:55:16.3306243Z (node:9980) [DEP0040] DeprecationWarning: The `punycode` module is deprecated. Please use a userland alternative instead.
2026-10-03T22:55:16.3306972Z (Use `node --trace-deprecation ...` to show where the warning was created)
2026-10-03T22:55:16.3351541Z ##[error]No files were found with the provided path: target/windows/stable/. No artifacts will be uploaded.
2026-10-03T22:55:16.3785201Z Post job cleanup.
2026-10-03T22:55:16.6151472Z [command]"C:\Program Files\Git\bin\git.exe" version
2026-10-03T22:55:16.6490800Z git version 2.55.0.windows.5
2026-10-03T22:55:16.6581238Z Temporarily overriding HOME='D:\a\_temp\2aa51892-131d-497d-a3d7-0e4b767419fe' before making global git config changes
2026-10-03T22:55:16.6582505Z Adding repository directory to the temporary git global config as a safe directory
2026-10-03T22:55:16.6594138Z [command]"C:\Program Files\Git\bin\git.exe" config --global --add safe.directory D:\a\partitionline\partitionline
2026-10-03T22:55:16.6984691Z Removing SSH command configuration
2026-10-03T22:55:16.6997708Z [command]"C:\Program Files\Git\bin\git.exe" config --local --name-only --get-regexp core\.sshCommand
2026-10-03T22:55:16.7415297Z [command]"C:\Program Files\Git\bin\git.exe" submodule foreach --recursive "sh -c \"git config --local --name-only --get-regexp 'core\.sshCommand' && git config --local --unset-all 'core.sshCommand' || :\""
2026-10-03T22:55:17.4119321Z Removing HTTP extra header
2026-10-03T22:55:17.4132118Z [command]"C:\Program Files\Git\bin\git.exe" config --local --name-only --get-regexp http\.https\:\/\/github\.com\/\.extraheader
2026-10-03T22:55:17.4492120Z [command]"C:\Program Files\Git\bin\git.exe" submodule foreach --recursive "sh -c \"git config --local --name-only --get-regexp 'http\.https\:\/\/github\.com\/\.extraheader' && git config --local --unset-all 'http.https://github.com/.extraheader' || :\""
2026-10-03T22:55:18.0757277Z Removing includeIf entries pointing to credentials config files
2026-10-03T22:55:18.0769135Z [command]"C:\Program Files\Git\bin\git.exe" config --local --name-only --get-regexp ^includeIf\.gitdir:
2026-10-03T22:55:18.1038609Z includeif.gitdir:D:/a/partitionline/partitionline/.git.path
2026-10-03T22:55:18.1039357Z includeif.gitdir:D:/a/partitionline/partitionline/.git/worktrees/*.path
2026-10-03T22:55:18.1039867Z includeif.gitdir:/github/workspace/.git.path
2026-10-03T22:55:18.1040240Z includeif.gitdir:/github/workspace/.git/worktrees/*.path
2026-10-03T22:55:18.1081946Z [command]"C:\Program Files\Git\bin\git.exe" config --local --get-all includeif.gitdir:D:/a/partitionline/partitionline/.git.path
2026-10-03T22:55:18.1350643Z D:\a\_temp\git-credentials-0d880755-0c25-4691-80de-75f26ec863c8.config
2026-10-03T22:55:18.1397221Z [command]"C:\Program Files\Git\bin\git.exe" config --local --unset includeif.gitdir:D:/a/partitionline/partitionline/.git.path D\:\\a\\_temp\\git\-credentials\-0d880755\-0c25\-4691\-80de\-75f26ec863c8\.config
2026-10-03T22:55:18.1707770Z [command]"C:\Program Files\Git\bin\git.exe" config --local --get-all includeif.gitdir:D:/a/partitionline/partitionline/.git/worktrees/*.path
2026-10-03T22:55:18.1968047Z D:\a\_temp\git-credentials-0d880755-0c25-4691-80de-75f26ec863c8.config
2026-10-03T22:55:18.2012266Z [command]"C:\Program Files\Git\bin\git.exe" config --local --unset includeif.gitdir:D:/a/partitionline/partitionline/.git/worktrees/*.path D\:\\a\\_temp\\git\-credentials\-0d880755\-0c25\-4691\-80de\-75f26ec863c8\.config
2026-10-03T22:55:18.2336447Z [command]"C:\Program Files\Git\bin\git.exe" config --local --get-all includeif.gitdir:/github/workspace/.git.path
2026-10-03T22:55:18.2597619Z /github/runner_temp/git-credentials-0d880755-0c25-4691-80de-75f26ec863c8.config
2026-10-03T22:55:18.2639377Z [command]"C:\Program Files\Git\bin\git.exe" config --local --unset includeif.gitdir:/github/workspace/.git.path \/github\/runner_temp\/git\-credentials\-0d880755\-0c25\-4691\-80de\-75f26ec863c8\.config
2026-10-03T22:55:18.2942224Z [command]"C:\Program Files\Git\bin\git.exe" config --local --get-all includeif.gitdir:/github/workspace/.git/worktrees/*.path
2026-10-03T22:55:18.3197985Z /github/runner_temp/git-credentials-0d880755-0c25-4691-80de-75f26ec863c8.config
2026-10-03T22:55:18.3288425Z [command]"C:\Program Files\Git\bin\git.exe" config --local --unset includeif.gitdir:/github/workspace/.git/worktrees/*.path \/github\/runner_temp\/git\-credentials\-0d880755\-0c25\-4691\-80de\-75f26ec863c8\.config
2026-10-03T22:55:18.3655885Z [command]"C:\Program Files\Git\bin\git.exe" submodule foreach --recursive "git config --local --show-origin --name-only --get-regexp remote.origin.url"
2026-10-03T22:55:18.9531912Z Removing credentials config 'D:\a\_temp\git-credentials-0d880755-0c25-4691-80de-75f26ec863c8.config'
2026-10-03T22:55:18.9779914Z Cleaning up orphan processes
2026-10-03T22:55:19.0455913Z ##[warning]Node.js 20 is deprecated. The following actions target Node.js 20 but are being forced to run on Node.js 24: actions/upload-artifact@v4. For more information see: https://github.blog/changelog/2025-09-19-deprecation-of-node-20-on-github-actions-runners/
