{"name": "positive-original-actual-three-five", "expected_accepted": true, "accepted": true, "counters": {"successful_owner_acks": 492, "synced_vote_grants": 32, "remote_wal_authority_bindings": 94, "synced_append_receipts": 150, "exact_vote_cancellations": 38, "consumed_vote_grants": 32, "majority_activations": 15, "consumed_durable_append_or_image_receipts": 143, "new_view_commit_majorities": 18, "clock_epoch_bounded_write_admissions": 10, "actual_tcp_response_consumptions": 492, "actual_tcp_frames": 1218, "complete_hello_sessions": 90, "committed_unique_positions": 22, "exact_restart_clock_epoch_bridges": 2}, "seconds": 1.805629, "passed": true}
{"name": "positive-disjoint-restart-clock-epoch", "expected_accepted": true, "accepted": true, "counters": {"successful_owner_acks": 492, "synced_vote_grants": 32, "remote_wal_authority_bindings": 94, "synced_append_receipts": 150, "exact_vote_cancellations": 38, "consumed_vote_grants": 32, "majority_activations": 15, "consumed_durable_append_or_image_receipts": 143, "new_view_commit_majorities": 18, "clock_epoch_bounded_write_admissions": 10, "actual_tcp_response_consumptions": 492, "actual_tcp_frames": 1218, "complete_hello_sessions": 90, "committed_unique_positions": 22, "exact_restart_clock_epoch_bridges": 2}, "seconds": 1.91511, "passed": true}
{"name": "negative-owner-source-pin", "expected_accepted": false, "accepted": false, "rejection": "owner source/layer/clock epoch", "seconds": 0.15245, "passed": true}
{"name": "negative-owner-clock-regression", "expected_accepted": false, "accepted": false, "rejection": "owner-local clock regression", "seconds": 0.150522, "passed": true}
{"name": "negative-owner-ordinal-reorder", "expected_accepted": false, "accepted": false, "rejection": "owner ordinal gap/reorder", "seconds": 0.150255, "passed": true}
{"name": "negative-owner-committed-summary", "expected_accepted": false, "accepted": false, "rejection": "owner summary differs from actual checkpoint bytes", "seconds": 0.14391, "passed": true}
{"name": "negative-owner-term-summary", "expected_accepted": false, "accepted": false, "rejection": "owner summary differs from actual checkpoint bytes", "seconds": 0.149288, "passed": true}
{"name": "negative-owner-full-directory", "expected_accepted": false, "accepted": false, "rejection": "foreign content identity", "seconds": 0.151965, "passed": true}
{"name": "negative-owner-PID-path-epoch", "expected_accepted": false, "accepted": false, "rejection": "owner process identity/path epoch mismatch", "seconds": 0.150611, "passed": true}
{"name": "negative-owner-global-clock-claim", "expected_accepted": false, "accepted": false, "rejection": "owner source/layer/clock epoch", "seconds": 0.15469, "passed": true}
{"name": "negative-actual-tasks-budget", "expected_accepted": false, "accepted": false, "rejection": "actual task/socket/channel/zero-DNS envelope", "seconds": 0.153842, "passed": true}
{"name": "negative-actual-socket-budget", "expected_accepted": false, "accepted": false, "rejection": "actual task/socket/channel/zero-DNS envelope", "seconds": 0.174689, "passed": true}
{"name": "negative-actual-queue-budget", "expected_accepted": false, "accepted": false, "rejection": "actual task/socket/channel/zero-DNS envelope", "seconds": 0.140404, "passed": true}
{"name": "negative-actual-dns-budget", "expected_accepted": false, "accepted": false, "rejection": "actual task/socket/channel/zero-DNS envelope", "seconds": 0.146349, "passed": true}
{"name": "negative-actual-pool-budget", "expected_accepted": false, "accepted": false, "rejection": "actual retained-byte envelope", "seconds": 0.138287, "passed": true}
{"name": "negative-actual-managed-budget", "expected_accepted": false, "accepted": false, "rejection": "actual retained-byte envelope", "seconds": 0.145592, "passed": true}
{"name": "negative-actual-frame-budget", "expected_accepted": false, "accepted": false, "rejection": "message exceeds actual captured frame budget", "seconds": 0.141767, "passed": true}
{"name": "negative-actual-quorum-budget", "expected_accepted": false, "accepted": false, "rejection": "actual quorum/election settings", "seconds": 0.141138, "passed": true}
{"name": "negative-actual-record-parser-budget", "expected_accepted": false, "accepted": false, "rejection": "message exceeds actual captured record/count/chunk budget", "seconds": 0.150547, "passed": true}
{"name": "negative-ACK-unprepared-sequence", "expected_accepted": false, "accepted": false, "rejection": "successful ACK lacks unique earlier prepared exact request", "seconds": 1.549821, "passed": true}
{"name": "negative-ACK-after-local-correlation-deadline", "expected_accepted": false, "accepted": false, "rejection": "successful ACK exceeded captured owner-local correlation deadline", "seconds": 1.539086, "passed": true}
{"name": "negative-dispatched-without-owner-request", "expected_accepted": false, "accepted": false, "rejection": "successful ACK lacks unique earlier prepared exact request", "seconds": 1.571094, "passed": true}
{"name": "negative-checksum-valid-response-wrong-RPC", "expected_accepted": false, "accepted": false, "rejection": "response RPC lacks same-session request", "seconds": 1.376289, "passed": true}
{"name": "negative-checksum-valid-response-leader-directory", "expected_accepted": false, "accepted": false, "rejection": "packet contradicts Hello full-directory identities", "seconds": 1.315388, "passed": true}
{"name": "negative-checksum-valid-response-peer-directory", "expected_accepted": false, "accepted": false, "rejection": "packet contradicts Hello full-directory identities", "seconds": 1.312189, "passed": true}
{"name": "negative-checksum-valid-response-configuration-epoch", "expected_accepted": false, "accepted": false, "rejection": "Append response complete correlation", "seconds": 1.354313, "passed": true}
{"name": "negative-checksum-valid-response-sequence", "expected_accepted": false, "accepted": false, "rejection": "Append response complete correlation", "seconds": 1.376093, "passed": true}
{"name": "negative-checksum-valid-response-leader-id", "expected_accepted": false, "accepted": false, "rejection": "Append response complete correlation", "seconds": 1.334174, "passed": true}
{"name": "negative-checksum-valid-response-fabricated-match", "expected_accepted": false, "accepted": false, "rejection": "forwarded packet lacks unique actual owner generation/rejection", "seconds": 1.636283, "passed": true}
{"name": "negative-checksum-valid-response-fabricated-refusal", "expected_accepted": false, "accepted": false, "rejection": "forwarded packet lacks unique actual owner generation/rejection", "seconds": 1.691609, "passed": true}
{"name": "negative-checksum-valid-source-record-bytes", "expected_accepted": false, "accepted": false, "rejection": "forwarded packet lacks unique actual owner generation/rejection", "seconds": 1.60807, "passed": true}
{"name": "negative-checksum-valid-Hello-unknown-target", "expected_accepted": false, "accepted": false, "rejection": "Hello complete group/full-directory identity", "seconds": 1.39474, "passed": true}
{"name": "negative-reported-Leader-without-consumed-majority", "expected_accepted": false, "accepted": false, "rejection": "leader activation lacks consumed distinct current-view majority grants", "seconds": 1.471705, "passed": true}
{"name": "negative-expired-local-quorum-admission", "expected_accepted": false, "accepted": false, "rejection": "write admission lacks fresh actual quorum contacts", "seconds": 1.485654, "passed": true}
