[2026-10-07 21:38:16,728] INFO [QuorumController id=1] Registering periodic task writeNoOpRecord to run every 500 ms (org.apache.kafka.controller.PeriodicTaskControlManager)
[2026-10-07 21:38:16,728] INFO [QuorumController id=1] Registering periodic task maybeFenceStaleBroker to run every 1125 ms (org.apache.kafka.controller.PeriodicTaskControlManager)
[2026-10-07 21:38:16,729] INFO [QuorumController id=1] Registering periodic task electPreferred to run every 300000 ms (org.apache.kafka.controller.PeriodicTaskControlManager)
[2026-10-07 21:38:16,729] INFO [QuorumController id=1] Registering periodic task electUnclean to run every 300000 ms (org.apache.kafka.controller.PeriodicTaskControlManager)
[2026-10-07 21:38:16,729] INFO [QuorumController id=1] Registering periodic task expireDelegationTokens to run every 3600000 ms (org.apache.kafka.controller.PeriodicTaskControlManager)
[2026-10-07 21:38:16,729] INFO [QuorumController id=1] Registering periodic task generatePeriodicPerformanceMessage to run every 60000 ms (org.apache.kafka.controller.PeriodicTaskControlManager)
[2026-10-07 21:38:16,730] INFO [QuorumController id=1] Creating new QuorumController with clusterId OgCwg85DQDSrHkA6TsB4OQ (org.apache.kafka.controller.QuorumController)
[2026-10-07 21:38:16,733] INFO [QuorumController id=1] Becoming the active controller at epoch 1, next write offset 1. (org.apache.kafka.controller.QuorumController)
[2026-10-07 21:38:16,738] WARN [QuorumController id=1] Performing controller activation. The metadata log appears to be empty. Appending 6 bootstrap record(s) in metadata transaction at metadata.version 4.2-IV1 from bootstrap source 'the binary bootstrap metadata file: /workspace/work/open-cards-20261006/assign-replicas-to-dirs-raw-20261007/sdk-default-02/4.2.1-native/data/bootstrap.checkpoint'. (org.apache.kafka.controller.QuorumController)
[2026-10-07 21:38:16,740] INFO [QuorumController id=1] Replayed BeginTransactionRecord(name='Bootstrap records') at offset 1. (org.apache.kafka.controller.OffsetControlManager)
[2026-10-07 21:38:16,741] INFO [QuorumController id=1] Replayed a FeatureLevelRecord setting metadata.version to 4.2-IV1 (org.apache.kafka.controller.FeatureControlManager)
[2026-10-07 21:38:16,741] INFO [QuorumController id=1] Replayed a FeatureLevelRecord setting feature eligible.leader.replicas.version to 1 (org.apache.kafka.controller.FeatureControlManager)
[2026-10-07 21:38:16,741] INFO [QuorumController id=1] Replayed a FeatureLevelRecord setting feature group.version to 1 (org.apache.kafka.controller.FeatureControlManager)
[2026-10-07 21:38:16,741] INFO [QuorumController id=1] Replayed a FeatureLevelRecord setting feature share.version to 1 (org.apache.kafka.controller.FeatureControlManager)
[2026-10-07 21:38:16,741] INFO [QuorumController id=1] Replayed a FeatureLevelRecord setting feature streams.version to 1 (org.apache.kafka.controller.FeatureControlManager)
[2026-10-07 21:38:16,741] INFO [QuorumController id=1] Replayed a FeatureLevelRecord setting feature transaction.version to 2 (org.apache.kafka.controller.FeatureControlManager)
[2026-10-07 21:38:16,741] INFO [QuorumController id=1] Replayed ConfigRecord for ConfigResource(type=BROKER, name='') which set configuration min.insync.replicas to 1 (org.apache.kafka.controller.ConfigurationControlManager)
[2026-10-07 21:38:16,742] INFO [QuorumController id=1] Replayed EndTransactionRecord() at offset 9. (org.apache.kafka.controller.OffsetControlManager)
[2026-10-07 21:38:16,742] INFO [QuorumController id=1] Activated periodic tasks: electPreferred, electUnclean, expireDelegationTokens, generatePeriodicPerformanceMessage, maybeFenceStaleBroker, writeNoOpRecord (org.apache.kafka.controller.PeriodicTaskControlManager)
[2026-10-07 21:38:16,867] INFO [QuorumController id=1] Replayed RegisterControllerRecord containing ControllerRegistration(id=1, incarnationId=PuKT8ZAYTmW38h1N_AJQNA, zkMigrationReady=false, listeners=[Endpoint(listenerName='CONTROLLER', securityProtocol=PLAINTEXT, host='127.0.0.1', port=49213)], supportedFeatures={eligible.leader.replicas.version: 0-1, group.version: 0-1, kraft.version: 0-1, metadata.version: 7-29, share.version: 0-1, streams.version: 0-1, transaction.version: 0-2}). (org.apache.kafka.controller.ClusterControlManager)
[2026-10-07 21:38:16,974] INFO [QuorumController id=1] No previous registration found for broker 1. New incarnation ID is wH763dSKQJ2sjaewvx5ZFg.  Generated 0 record(s) to clean up previous incarnations. New broker epoch is 11. (org.apache.kafka.controller.ClusterControlManager)
[2026-10-07 21:38:16,982] INFO [QuorumController id=1] Replayed initial RegisterBrokerRecord for broker 1: RegisterBrokerRecord(brokerId=1, isMigratingZkBroker=false, incarnationId=wH763dSKQJ2sjaewvx5ZFg, brokerEpoch=11, endPoints=[BrokerEndpoint(name='PLAINTEXT', host='127.0.0.1', port=49787, securityProtocol=0)], features=[BrokerFeature(name='group.version', minSupportedVersion=0, maxSupportedVersion=1), BrokerFeature(name='kraft.version', minSupportedVersion=0, maxSupportedVersion=1), BrokerFeature(name='metadata.version', minSupportedVersion=7, maxSupportedVersion=29), BrokerFeature(name='share.version', minSupportedVersion=0, maxSupportedVersion=1), BrokerFeature(name='streams.version', minSupportedVersion=0, maxSupportedVersion=1), BrokerFeature(name='transaction.version', minSupportedVersion=0, maxSupportedVersion=2), BrokerFeature(name='eligible.leader.replicas.version', minSupportedVersion=0, maxSupportedVersion=1)], rack=null, fenced=true, inControlledShutdown=false, logDirs=[pziKRa2J2oQwJ-hGk_Ssgw]) (org.apache.kafka.controller.ClusterControlManager)
[2026-10-07 21:38:17,125] INFO [QuorumController id=1] The request from broker 1 to unfence has been granted because it has caught up with the offset of its register broker record 11. (org.apache.kafka.controller.BrokerHeartbeatManager)
[2026-10-07 21:38:17,130] INFO [QuorumController id=1] Replayed BrokerRegistrationChangeRecord modifying the registration for broker 1: BrokerRegistrationChangeRecord(brokerId=1, brokerEpoch=11, fenced=-1, inControlledShutdown=0, logDirs=[]) (org.apache.kafka.controller.ClusterControlManager)
[2026-10-07 21:38:17,957] INFO [QuorumController id=1] CreateTopics result(s): CreatableTopic(name='assign-dirs-4-2-1', numPartitions=1, replicationFactor=1, assignments=[], configs=[]): SUCCESS (org.apache.kafka.controller.ReplicationControlManager)
[2026-10-07 21:38:17,958] INFO [QuorumController id=1] Replayed TopicRecord for topic assign-dirs-4-2-1 with topic ID Z7T4dubiRfuDV5CyKFA_1Q. (org.apache.kafka.controller.ReplicationControlManager)
[2026-10-07 21:38:17,960] INFO [QuorumController id=1] Replayed PartitionRecord for new partition assign-dirs-4-2-1-0 with topic ID Z7T4dubiRfuDV5CyKFA_1Q and PartitionRegistration(replicas=[1], directories=[pziKRa2J2oQwJ-hGk_Ssgw], isr=[1], removingReplicas=[], addingReplicas=[], elr=[], lastKnownElr=[], leader=1, leaderRecoveryState=RECOVERED, leaderEpoch=0, partitionEpoch=0). (org.apache.kafka.controller.ReplicationControlManager)
[2026-10-07 21:38:18,365] INFO [QuorumController id=1] assignReplicasToDirs: event failed with StaleBrokerEpochException in 234 microseconds. Exception message: No broker registration found for broker id 99 (org.apache.kafka.controller.QuorumController)
[2026-10-07 21:38:18,373] INFO [QuorumController id=1] assignReplicasToDirs: event failed with StaleBrokerEpochException in 1122 microseconds. Exception message: Expected broker epoch 11, but got broker epoch -1 (org.apache.kafka.controller.QuorumController)
[2026-10-07 21:38:18,375] WARN [QuorumController id=1] AssignReplicasToDirsRequest from broker 1 references unknown topic ID AAAAAAAAAAAAAAAAAAAAAA (org.apache.kafka.controller.ReplicationControlManager)
[2026-10-07 21:38:18,377] WARN [QuorumController id=1] AssignReplicasToDirsRequest from broker 1 references unknown topic ID AAAAAAAAAAAAAAAAAAAAAA (org.apache.kafka.controller.ReplicationControlManager)
[2026-10-07 21:38:18,378] WARN [QuorumController id=1] AssignReplicasToDirsRequest from broker 1 references unknown partition assign-dirs-4-2-1-99 (org.apache.kafka.controller.ReplicationControlManager)
[2026-10-07 21:38:19,364] INFO [QuorumController id=1] assignReplicasToDirs: event failed with StaleBrokerEpochException in 96 microseconds. Exception message: No broker registration found for broker id 99 (org.apache.kafka.controller.QuorumController)
[2026-10-07 21:38:19,366] INFO [QuorumController id=1] assignReplicasToDirs: event failed with StaleBrokerEpochException in 52 microseconds. Exception message: Expected broker epoch 11, but got broker epoch -1 (org.apache.kafka.controller.QuorumController)
[2026-10-07 21:38:19,367] WARN [QuorumController id=1] AssignReplicasToDirsRequest from broker 1 references unknown topic ID AAAAAAAAAAAAAAAAAAAAAA (org.apache.kafka.controller.ReplicationControlManager)
[2026-10-07 21:38:19,368] WARN [QuorumController id=1] AssignReplicasToDirsRequest from broker 1 references unknown topic ID AAAAAAAAAAAAAAAAAAAAAA (org.apache.kafka.controller.ReplicationControlManager)
[2026-10-07 21:38:19,369] WARN [QuorumController id=1] AssignReplicasToDirsRequest from broker 1 references unknown partition assign-dirs-4-2-1-99 (org.apache.kafka.controller.ReplicationControlManager)
[2026-10-07 21:38:20,609] INFO [QuorumController id=1] DeleteTopics result(s): {id: Z7T4dubiRfuDV5CyKFA_1Q, name: assign-dirs-4-2-1, result: SUCCESS} (org.apache.kafka.controller.ReplicationControlManager)
[2026-10-07 21:38:20,611] INFO [QuorumController id=1] Replayed RemoveTopicRecord for topic assign-dirs-4-2-1 with ID Z7T4dubiRfuDV5CyKFA_1Q. (org.apache.kafka.controller.ReplicationControlManager)
[2026-10-07 21:38:20,832] INFO [QuorumController id=1] Unfenced broker 1 has requested and been granted an immediate shutdown. (org.apache.kafka.controller.BrokerHeartbeatManager)
[2026-10-07 21:38:20,833] INFO [QuorumController id=1] Replayed BrokerRegistrationChangeRecord modifying the registration for broker 1: BrokerRegistrationChangeRecord(brokerId=1, brokerEpoch=11, fenced=1, inControlledShutdown=0, logDirs=[]) (org.apache.kafka.controller.ClusterControlManager)
[2026-10-07 21:38:21,042] INFO [QuorumController id=1] maybeFenceStaleBroker: event unable to start processing because of RejectedExecutionException (treated as TimeoutException). Exception message: The event queue is shutting down (org.apache.kafka.controller.QuorumController)
[2026-10-07 21:38:21,042] INFO [QuorumController id=1] writeNoOpRecord: event unable to start processing because of RejectedExecutionException (treated as TimeoutException). Exception message: The event queue is shutting down (org.apache.kafka.controller.QuorumController)
[2026-10-07 21:38:21,042] INFO [QuorumController id=1] generatePeriodicPerformanceMessage: event unable to start processing because of RejectedExecutionException (treated as TimeoutException). Exception message: The event queue is shutting down (org.apache.kafka.controller.QuorumController)
[2026-10-07 21:38:21,042] INFO [QuorumController id=1] electPreferred: event unable to start processing because of RejectedExecutionException (treated as TimeoutException). Exception message: The event queue is shutting down (org.apache.kafka.controller.QuorumController)
[2026-10-07 21:38:21,042] INFO [QuorumController id=1] electUnclean: event unable to start processing because of RejectedExecutionException (treated as TimeoutException). Exception message: The event queue is shutting down (org.apache.kafka.controller.QuorumController)
[2026-10-07 21:38:21,042] INFO [QuorumController id=1] expireDelegationTokens: event unable to start processing because of RejectedExecutionException (treated as TimeoutException). Exception message: The event queue is shutting down (org.apache.kafka.controller.QuorumController)
