$ taskset -c 0-2,4 cargo +1.85.0 test --locked --test client_capabilities
   Compiling libc v0.2.189
   Compiling cfg-if v1.0.4
   Compiling find-msvc-tools v0.1.11
   Compiling shlex v2.0.1
   Compiling cc v1.4.4
   Compiling proc-macro2 v1.0.107
   Compiling typenum v1.20.1
   Compiling hybrid-array v0.4.14
   Compiling ring v0.17.14
   Compiling quote v1.0.47
   Compiling unicode-ident v1.0.24
   Compiling cmov v0.5.4
   Compiling zeroize v1.9.0
   Compiling rustls-pki-types v1.15.1
   Compiling ctutils v0.4.2
   Compiling block-buffer v0.12.1
   Compiling crypto-common v0.2.2
   Compiling getrandom v0.2.17
   Compiling semver v1.0.28
   Compiling untrusted v0.9.0
   Compiling const-oid v0.10.2
   Compiling digest v0.11.3
   Compiling rustc_version v0.4.1
   Compiling syn v3.0.4
   Compiling errno v0.3.14
   Compiling rustls v0.23.45
   Compiling crc32fast v1.5.1
   Compiling parking_lot_core v0.9.12
   Compiling signal-hook-registry v1.4.8
   Compiling tokio-macros v2.7.2
   Compiling crc32c v0.6.8
   Compiling rustls-webpki v0.103.15
   Compiling socket2 v0.6.5
   Compiling mio v1.2.2
   Compiling once_cell v1.21.4
   Compiling snap v1.1.2
   Compiling bytes v1.12.1
   Compiling getrandom v0.4.3
   Compiling adler2 v2.0.1
   Compiling simd-adler32 v0.3.10
   Compiling subtle v2.6.1
   Compiling smallvec v1.15.2
   Compiling scopeguard v1.2.0
   Compiling pin-project-lite v0.2.17
   Compiling tokio v1.53.1
   Compiling lock_api v0.4.14
   Compiling miniz_oxide v0.9.1
   Compiling hmac v0.13.0
   Compiling zlib-rs v0.6.8
   Compiling twox-hash v2.1.2
   Compiling cpufeatures v0.3.1
   Compiling sha2 v0.11.0
   Compiling lz4_flex v0.14.0
   Compiling flate2 v1.1.10
   Compiling pbkdf2 v0.13.0
   Compiling tokio-rustls v0.26.5
   Compiling parking_lot v0.12.5
   Compiling webpki-roots v1.0.9
   Compiling base64 v0.23.1
   Compiling partitionline v0.1.0 (/workspace/partitionline)
    Finished `test` profile [unoptimized] target(s) in 44.26s
     Running tests/client_capabilities.rs (/workspace/work/target-client-capabilities/debug/deps/client_capabilities-0a4769b6a1f76a8a)

running 10 tests
test basic_admin_create_describe_and_delete_work_without_unrelated_apis ... ok
test a_supported_configuration_api_keeps_its_negotiated_version ... ok
test missing_identity_and_transaction_capabilities_fail_before_discovery ... ok
test nontransactional_idempotence_uses_init_producer_id_without_a_coordinator ... ok
test ordinary_produce_and_manual_fetch_use_only_the_limited_profile ... ok
test transactional_producer_still_discovers_and_commits_when_supported ... ok
test advertised_group_operation_without_coordinator_fails_before_metadata ... ok
test documented_empty_group_and_delete_inputs_remain_no_ops ... ok
test nonoverlapping_optional_versions_are_unavailable_locally ... ok
test unavailable_admin_operations_send_no_frames_and_keep_the_socket_open ... ok

test result: ok. 10 passed; 0 failed; 0 ignored; 0 measured; 0 filtered out; finished in 0.04s

