    Checking itoa v1.0.18
    Checking http v1.5.0
    Checking futures-core v0.3.34
    Checking http-body v1.1.0
    Checking try-lock v0.2.5
    Checking want v0.3.1
    Checking httparse v1.10.1
    Checking serde_core v1.0.229
    Checking futures-channel v0.3.34
    Checking smallvec v1.16.2
    Checking atomic-waker v1.1.2
    Checking hyper v1.11.1
    Checking zmij v1.0.23
    Checking memchr v2.8.3
    Checking serde_json v1.0.151
    Checking serde v1.0.229
    Checking hyper-util v0.1.21
    Checking http-body-util v0.1.5
    Checking partitionline-broker v0.1.0 (/workspace/work/broker-oidc/socket-overlay-after-jwks-12f43986/partitionline-broker)
    Finished `dev` profile [unoptimized] target(s) in 12.54s
