{"event":"control-batch","scenario":"add-new-majority","operation":"bootstrap","file":"add-new-majority-0-bootstrap.control.bin","bytes":247}
{"event":"state","scenario":"add-new-majority","operation":"initial","now_ms":100,"voters":"[0:AAAAAAAAAAEAAAAAAAAAAQ, 1:AAAAAAAAAAEAAAAAAAAAAg, 2:AAAAAAAAAAEAAAAAAAAAAw]","latest_voters_offset":1,"hw":-1,"leo":2,"pending":false,"leader_resign":false}
{"event":"state","scenario":"add-new-majority","operation":"progress-1-2","now_ms":105,"voters":"[0:AAAAAAAAAAEAAAAAAAAAAQ, 1:AAAAAAAAAAEAAAAAAAAAAg, 2:AAAAAAAAAAEAAAAAAAAAAw]","latest_voters_offset":1,"hw":2,"leo":2,"pending":false,"leader_resign":false}
{"event":"assertion","case":"add-new-majority.prior-config-committed","actual":"2","expected":"2","passed":true}
{"event":"state","scenario":"add-new-majority","operation":"progress-3-2","now_ms":106,"voters":"[0:AAAAAAAAAAEAAAAAAAAAAQ, 1:AAAAAAAAAAEAAAAAAAAAAg, 2:AAAAAAAAAAEAAAAAAAAAAw]","latest_voters_offset":1,"hw":2,"leo":2,"pending":false,"leader_resign":false}
{"event":"assertion","case":"add.observer-caught-up","actual":"true","expected":"true","passed":true}
{"event":"assertion","case":"discovery.request-is-api18","actual":"18","expected":"18","passed":true}
{"event":"assertion","case":"discovery.synthetic-loopback-endpoint","actual":"true","expected":"true","passed":true}
{"event":"assertion","case":"discovery.synthetic-port","actual":"19203","expected":"19203","passed":true}
{"event":"assertion","case":"add.pending-discovery","actual":"false","expected":"false","passed":true}
{"event":"assertion","case":"add.wrong-source-ignored","actual":"false","expected":"false","passed":true}
{"event":"control-batch","scenario":"add-new-majority","operation":"appended","file":"add-new-majority-1-appended.control.bin","bytes":282}
{"event":"state","scenario":"add-new-majority","operation":"local-appended","now_ms":106,"voters":"[0:AAAAAAAAAAEAAAAAAAAAAQ, 1:AAAAAAAAAAEAAAAAAAAAAg, 2:AAAAAAAAAAEAAAAAAAAAAw, 3:AAAAAAAAAAEAAAAAAAAABA]","latest_voters_offset":2,"hw":2,"leo":3,"pending":true,"leader_resign":false}
{"event":"assertion","case":"add.new-set-active-before-commit","actual":"4","expected":"4","passed":true}
{"event":"assertion","case":"add.only-old-majority","actual":"false","expected":"false","passed":true}
{"event":"state","scenario":"add-new-majority","operation":"progress-1-3","now_ms":107,"voters":"[0:AAAAAAAAAAEAAAAAAAAAAQ, 1:AAAAAAAAAAEAAAAAAAAAAg, 2:AAAAAAAAAAEAAAAAAAAAAw, 3:AAAAAAAAAAEAAAAAAAAABA]","latest_voters_offset":2,"hw":2,"leo":3,"pending":true,"leader_resign":false}
{"event":"assertion","case":"add.two-of-four-insufficient","actual":"false","expected":"false","passed":true}
{"event":"state","scenario":"add-new-majority","operation":"progress-3-3","now_ms":108,"voters":"[0:AAAAAAAAAAEAAAAAAAAAAQ, 1:AAAAAAAAAAEAAAAAAAAAAg, 2:AAAAAAAAAAEAAAAAAAAAAw, 3:AAAAAAAAAAEAAAAAAAAABA]","latest_voters_offset":2,"hw":3,"leo":3,"pending":false,"leader_resign":false}
{"event":"assertion","case":"add.new-majority-commits","actual":"0","expected":"0","passed":true}
{"event":"assertion","case":"add.committed-end","actual":"3","expected":"3","passed":true}
{"event":"assertion","case":"add.pending-cleared","actual":"false","expected":"false","passed":true}
{"event":"assertion","case":"add-new-majority.replay-voter-set","actual":"VoterSet(voters={0=VoterNode(voterKey=ReplicaKey(id=0, directoryId=AAAAAAAAAAEAAAAAAAAAAQ), listeners=Endpoints(endpoints={ListenerName(CONTROLLER)=127.0.0.1/<unresolved>:19200}), supportedKRaftVersion=SupportedVersionRange[min_version:0, max_version:1]), 1=VoterNode(voterKey=ReplicaKey(id=1, directoryId=AAAAAAAAAAEAAAAAAAAAAg), listeners=Endpoints(endpoints={ListenerName(CONTROLLER)=127.0.0.1/<unresolved>:19201}), supportedKRaftVersion=SupportedVersionRange[min_version:0, max_version:1]), 2=VoterNode(voterKey=ReplicaKey(id=2, directoryId=AAAAAAAAAAEAAAAAAAAAAw), listeners=Endpoints(endpoints={ListenerName(CONTROLLER)=127.0.0.1/<unresolved>:19202}), supportedKRaftVersion=SupportedVersionRange[min_version:0, max_version:1]), 3=VoterNode(voterKey=ReplicaKey(id=3, directoryId=AAAAAAAAAAEAAAAAAAAABA), listeners=Endpoints(endpoints={ListenerName(CONTROLLER)=localhost/<unresolved>:19203}), supportedKRaftVersion=SupportedVersionRange[min_version:0, max_version:1])})","expected":"VoterSet(voters={0=VoterNode(voterKey=ReplicaKey(id=0, directoryId=AAAAAAAAAAEAAAAAAAAAAQ), listeners=Endpoints(endpoints={ListenerName(CONTROLLER)=127.0.0.1/<unresolved>:19200}), supportedKRaftVersion=SupportedVersionRange[min_version:0, max_version:1]), 1=VoterNode(voterKey=ReplicaKey(id=1, directoryId=AAAAAAAAAAEAAAAAAAAAAg), listeners=Endpoints(endpoints={ListenerName(CONTROLLER)=127.0.0.1/<unresolved>:19201}), supportedKRaftVersion=SupportedVersionRange[min_version:0, max_version:1]), 2=VoterNode(voterKey=ReplicaKey(id=2, directoryId=AAAAAAAAAAEAAAAAAAAAAw), listeners=Endpoints(endpoints={ListenerName(CONTROLLER)=127.0.0.1/<unresolved>:19202}), supportedKRaftVersion=SupportedVersionRange[min_version:0, max_version:1]), 3=VoterNode(voterKey=ReplicaKey(id=3, directoryId=AAAAAAAAAAEAAAAAAAAABA), listeners=Endpoints(endpoints={ListenerName(CONTROLLER)=localhost/<unresolved>:19203}), supportedKRaftVersion=SupportedVersionRange[min_version:0, max_version:1])})","passed":true}
{"event":"assertion","case":"add-new-majority.replay-config-offset","actual":"OptionalLong[2]","expected":"OptionalLong[2]","passed":true}
{"event":"assertion","case":"add-new-majority.reopen-end","actual":"3","expected":"3","passed":true}
{"event":"assertion","case":"add-new-majority.storage-HW-not-quorum-proof","actual":"0","expected":"0","passed":true}
{"event":"control-batch","scenario":"add-prerequisites","operation":"bootstrap","file":"add-prerequisites-2-bootstrap.control.bin","bytes":247}
{"event":"state","scenario":"add-prerequisites","operation":"initial","now_ms":100,"voters":"[0:AAAAAAAAAAEAAAAAAAAAAQ, 1:AAAAAAAAAAEAAAAAAAAAAg, 2:AAAAAAAAAAEAAAAAAAAAAw]","latest_voters_offset":1,"hw":-1,"leo":2,"pending":false,"leader_resign":false}
{"event":"assertion","case":"add.no-current-epoch-HW","actual":"7","expected":"7","passed":true}
{"event":"state","scenario":"add-prerequisites","operation":"progress-1-2","now_ms":105,"voters":"[0:AAAAAAAAAAEAAAAAAAAAAQ, 1:AAAAAAAAAAEAAAAAAAAAAg, 2:AAAAAAAAAAEAAAAAAAAAAw]","latest_voters_offset":1,"hw":2,"leo":2,"pending":false,"leader_resign":false}
{"event":"assertion","case":"add-prerequisites.prior-config-committed","actual":"2","expected":"2","passed":true}
{"event":"assertion","case":"add.duplicate-id","actual":"126","expected":"126","passed":true}
{"event":"assertion","case":"component.missing-listener-throws","actual":"IllegalArgumentException","expected":"IllegalArgumentException","passed":true}
{"event":"assertion","case":"discovery.request-is-api18","actual":"18","expected":"18","passed":true}
{"event":"assertion","case":"discovery.synthetic-loopback-endpoint","actual":"true","expected":"true","passed":true}
{"event":"assertion","case":"discovery.synthetic-port","actual":"19203","expected":"19203","passed":true}
{"event":"assertion","case":"add.discovery-unavailable","actual":"7","expected":"7","passed":true}
{"event":"control-batch","scenario":"add-no-feature","operation":"bootstrap","file":"add-no-feature-3-bootstrap.control.bin","bytes":247}
{"event":"state","scenario":"add-no-feature","operation":"initial","now_ms":100,"voters":"[0:AAAAAAAAAAEAAAAAAAAAAQ, 1:AAAAAAAAAAEAAAAAAAAAAg, 2:AAAAAAAAAAEAAAAAAAAAAw]","latest_voters_offset":1,"hw":-1,"leo":2,"pending":false,"leader_resign":false}
{"event":"state","scenario":"add-no-feature","operation":"progress-1-2","now_ms":105,"voters":"[0:AAAAAAAAAAEAAAAAAAAAAQ, 1:AAAAAAAAAAEAAAAAAAAAAg, 2:AAAAAAAAAAEAAAAAAAAAAw]","latest_voters_offset":1,"hw":2,"leo":2,"pending":false,"leader_resign":false}
{"event":"assertion","case":"add-no-feature.prior-config-committed","actual":"2","expected":"2","passed":true}
{"event":"assertion","case":"add.cluster-feature-zero","actual":"35","expected":"35","passed":true}
{"event":"control-batch","scenario":"add-no-config","operation":"bootstrap","file":"add-no-config-4-bootstrap.control.bin","bytes":77}
{"event":"state","scenario":"add-no-config","operation":"initial","now_ms":100,"voters":"[0:AAAAAAAAAAEAAAAAAAAAAQ, 1:AAAAAAAAAAEAAAAAAAAAAg, 2:AAAAAAAAAAEAAAAAAAAAAw]","latest_voters_offset":-2,"hw":-1,"leo":1,"pending":false,"leader_resign":false}
{"event":"state","scenario":"add-no-config","operation":"progress-1-1","now_ms":105,"voters":"[0:AAAAAAAAAAEAAAAAAAAAAQ, 1:AAAAAAAAAAEAAAAAAAAAAg, 2:AAAAAAAAAAEAAAAAAAAAAw]","latest_voters_offset":-2,"hw":1,"leo":1,"pending":false,"leader_resign":false}
{"event":"assertion","case":"add-no-config.prior-config-committed","actual":"1","expected":"1","passed":true}
{"event":"assertion","case":"add.no-prior-config-entry","actual":"7","expected":"7","passed":true}
{"event":"control-batch","scenario":"add-feature-true","operation":"bootstrap","file":"add-feature-true-5-bootstrap.control.bin","bytes":247}
{"event":"state","scenario":"add-feature-true","operation":"initial","now_ms":100,"voters":"[0:AAAAAAAAAAEAAAAAAAAAAQ, 1:AAAAAAAAAAEAAAAAAAAAAg, 2:AAAAAAAAAAEAAAAAAAAAAw]","latest_voters_offset":1,"hw":-1,"leo":2,"pending":false,"leader_resign":false}
{"event":"state","scenario":"add-feature-true","operation":"progress-1-2","now_ms":105,"voters":"[0:AAAAAAAAAAEAAAAAAAAAAQ, 1:AAAAAAAAAAEAAAAAAAAAAg, 2:AAAAAAAAAAEAAAAAAAAAAw]","latest_voters_offset":1,"hw":2,"leo":2,"pending":false,"leader_resign":false}
{"event":"assertion","case":"add-feature-true.prior-config-committed","actual":"2","expected":"2","passed":true}
{"event":"state","scenario":"add-feature-true","operation":"progress-3-2","now_ms":106,"voters":"[0:AAAAAAAAAAEAAAAAAAAAAQ, 1:AAAAAAAAAAEAAAAAAAAAAg, 2:AAAAAAAAAAEAAAAAAAAAAw]","latest_voters_offset":1,"hw":2,"leo":2,"pending":false,"leader_resign":false}
{"event":"assertion","case":"discovery.request-is-api18","actual":"18","expected":"18","passed":true}
{"event":"assertion","case":"discovery.synthetic-loopback-endpoint","actual":"true","expected":"true","passed":true}
{"event":"assertion","case":"discovery.synthetic-port","actual":"19203","expected":"19203","passed":true}
{"event":"assertion","case":"add.missing-or-incompatible-feature-true","actual":"42","expected":"42","passed":true}
{"event":"control-batch","scenario":"add-feature-false","operation":"bootstrap","file":"add-feature-false-6-bootstrap.control.bin","bytes":247}
{"event":"state","scenario":"add-feature-false","operation":"initial","now_ms":100,"voters":"[0:AAAAAAAAAAEAAAAAAAAAAQ, 1:AAAAAAAAAAEAAAAAAAAAAg, 2:AAAAAAAAAAEAAAAAAAAAAw]","latest_voters_offset":1,"hw":-1,"leo":2,"pending":false,"leader_resign":false}
{"event":"state","scenario":"add-feature-false","operation":"progress-1-2","now_ms":105,"voters":"[0:AAAAAAAAAAEAAAAAAAAAAQ, 1:AAAAAAAAAAEAAAAAAAAAAg, 2:AAAAAAAAAAEAAAAAAAAAAw]","latest_voters_offset":1,"hw":2,"leo":2,"pending":false,"leader_resign":false}
{"event":"assertion","case":"add-feature-false.prior-config-committed","actual":"2","expected":"2","passed":true}
{"event":"state","scenario":"add-feature-false","operation":"progress-3-2","now_ms":106,"voters":"[0:AAAAAAAAAAEAAAAAAAAAAQ, 1:AAAAAAAAAAEAAAAAAAAAAg, 2:AAAAAAAAAAEAAAAAAAAAAw]","latest_voters_offset":1,"hw":2,"leo":2,"pending":false,"leader_resign":false}
{"event":"assertion","case":"discovery.request-is-api18","actual":"18","expected":"18","passed":true}
{"event":"assertion","case":"discovery.synthetic-loopback-endpoint","actual":"true","expected":"true","passed":true}
{"event":"assertion","case":"discovery.synthetic-port","actual":"19203","expected":"19203","passed":true}
{"event":"assertion","case":"add.missing-or-incompatible-feature-false","actual":"42","expected":"42","passed":true}
{"event":"control-batch","scenario":"add-lagging","operation":"bootstrap","file":"add-lagging-7-bootstrap.control.bin","bytes":247}
{"event":"state","scenario":"add-lagging","operation":"initial","now_ms":100,"voters":"[0:AAAAAAAAAAEAAAAAAAAAAQ, 1:AAAAAAAAAAEAAAAAAAAAAg, 2:AAAAAAAAAAEAAAAAAAAAAw]","latest_voters_offset":1,"hw":-1,"leo":2,"pending":false,"leader_resign":false}
{"event":"state","scenario":"add-lagging","operation":"progress-1-2","now_ms":105,"voters":"[0:AAAAAAAAAAEAAAAAAAAAAQ, 1:AAAAAAAAAAEAAAAAAAAAAg, 2:AAAAAAAAAAEAAAAAAAAAAw]","latest_voters_offset":1,"hw":2,"leo":2,"pending":false,"leader_resign":false}
{"event":"assertion","case":"add-lagging.prior-config-committed","actual":"2","expected":"2","passed":true}
{"event":"assertion","case":"discovery.request-is-api18","actual":"18","expected":"18","passed":true}
{"event":"assertion","case":"discovery.synthetic-loopback-endpoint","actual":"true","expected":"true","passed":true}
{"event":"assertion","case":"discovery.synthetic-port","actual":"19203","expected":"19203","passed":true}
{"event":"assertion","case":"add.no-catch-up-history","actual":"7","expected":"7","passed":true}
{"event":"control-batch","scenario":"add-timeout-uncommitted","operation":"bootstrap","file":"add-timeout-uncommitted-8-bootstrap.control.bin","bytes":247}
{"event":"state","scenario":"add-timeout-uncommitted","operation":"initial","now_ms":100,"voters":"[0:AAAAAAAAAAEAAAAAAAAAAQ, 1:AAAAAAAAAAEAAAAAAAAAAg, 2:AAAAAAAAAAEAAAAAAAAAAw]","latest_voters_offset":1,"hw":-1,"leo":2,"pending":false,"leader_resign":false}
{"event":"state","scenario":"add-timeout-uncommitted","operation":"progress-1-2","now_ms":105,"voters":"[0:AAAAAAAAAAEAAAAAAAAAAQ, 1:AAAAAAAAAAEAAAAAAAAAAg, 2:AAAAAAAAAAEAAAAAAAAAAw]","latest_voters_offset":1,"hw":2,"leo":2,"pending":false,"leader_resign":false}
{"event":"assertion","case":"add-timeout-uncommitted.prior-config-committed","actual":"2","expected":"2","passed":true}
{"event":"state","scenario":"add-timeout-uncommitted","operation":"progress-3-2","now_ms":106,"voters":"[0:AAAAAAAAAAEAAAAAAAAAAQ, 1:AAAAAAAAAAEAAAAAAAAAAg, 2:AAAAAAAAAAEAAAAAAAAAAw]","latest_voters_offset":1,"hw":2,"leo":2,"pending":false,"leader_resign":false}
{"event":"assertion","case":"discovery.request-is-api18","actual":"18","expected":"18","passed":true}
{"event":"assertion","case":"discovery.synthetic-loopback-endpoint","actual":"true","expected":"true","passed":true}
{"event":"assertion","case":"discovery.synthetic-port","actual":"19203","expected":"19203","passed":true}
{"event":"assertion","case":"add.concurrent-request","actual":"7","expected":"7","passed":true}
{"event":"control-batch","scenario":"add-timeout-uncommitted","operation":"appended","file":"add-timeout-uncommitted-9-appended.control.bin","bytes":282}
{"event":"state","scenario":"add-timeout-uncommitted","operation":"local-appended","now_ms":106,"voters":"[0:AAAAAAAAAAEAAAAAAAAAAQ, 1:AAAAAAAAAAEAAAAAAAAAAg, 2:AAAAAAAAAAEAAAAAAAAAAw, 3:AAAAAAAAAAEAAAAAAAAABA]","latest_voters_offset":2,"hw":2,"leo":3,"pending":true,"leader_resign":false}
{"event":"assertion","case":"add.timeout-after-config-append","actual":"7","expected":"7","passed":true}
{"event":"assertion","case":"add.timed-out-config-stays-active","actual":"4","expected":"4","passed":true}
{"event":"assertion","case":"add.uncommitted-prior-config-blocks-retry","actual":"7","expected":"7","passed":true}
{"event":"assertion","case":"add-timeout-uncommitted.replay-voter-set","actual":"VoterSet(voters={0=VoterNode(voterKey=ReplicaKey(id=0, directoryId=AAAAAAAAAAEAAAAAAAAAAQ), listeners=Endpoints(endpoints={ListenerName(CONTROLLER)=127.0.0.1/<unresolved>:19200}), supportedKRaftVersion=SupportedVersionRange[min_version:0, max_version:1]), 1=VoterNode(voterKey=ReplicaKey(id=1, directoryId=AAAAAAAAAAEAAAAAAAAAAg), listeners=Endpoints(endpoints={ListenerName(CONTROLLER)=127.0.0.1/<unresolved>:19201}), supportedKRaftVersion=SupportedVersionRange[min_version:0, max_version:1]), 2=VoterNode(voterKey=ReplicaKey(id=2, directoryId=AAAAAAAAAAEAAAAAAAAAAw), listeners=Endpoints(endpoints={ListenerName(CONTROLLER)=127.0.0.1/<unresolved>:19202}), supportedKRaftVersion=SupportedVersionRange[min_version:0, max_version:1]), 3=VoterNode(voterKey=ReplicaKey(id=3, directoryId=AAAAAAAAAAEAAAAAAAAABA), listeners=Endpoints(endpoints={ListenerName(CONTROLLER)=localhost/<unresolved>:19203}), supportedKRaftVersion=SupportedVersionRange[min_version:0, max_version:1])})","expected":"VoterSet(voters={0=VoterNode(voterKey=ReplicaKey(id=0, directoryId=AAAAAAAAAAEAAAAAAAAAAQ), listeners=Endpoints(endpoints={ListenerName(CONTROLLER)=127.0.0.1/<unresolved>:19200}), supportedKRaftVersion=SupportedVersionRange[min_version:0, max_version:1]), 1=VoterNode(voterKey=ReplicaKey(id=1, directoryId=AAAAAAAAAAEAAAAAAAAAAg), listeners=Endpoints(endpoints={ListenerName(CONTROLLER)=127.0.0.1/<unresolved>:19201}), supportedKRaftVersion=SupportedVersionRange[min_version:0, max_version:1]), 2=VoterNode(voterKey=ReplicaKey(id=2, directoryId=AAAAAAAAAAEAAAAAAAAAAw), listeners=Endpoints(endpoints={ListenerName(CONTROLLER)=127.0.0.1/<unresolved>:19202}), supportedKRaftVersion=SupportedVersionRange[min_version:0, max_version:1]), 3=VoterNode(voterKey=ReplicaKey(id=3, directoryId=AAAAAAAAAAEAAAAAAAAABA), listeners=Endpoints(endpoints={ListenerName(CONTROLLER)=localhost/<unresolved>:19203}), supportedKRaftVersion=SupportedVersionRange[min_version:0, max_version:1])})","passed":true}
{"event":"assertion","case":"add-timeout-uncommitted.replay-config-offset","actual":"OptionalLong[2]","expected":"OptionalLong[2]","passed":true}
{"event":"assertion","case":"add-timeout-uncommitted.reopen-end","actual":"3","expected":"3","passed":true}
{"event":"assertion","case":"add-timeout-uncommitted.storage-HW-not-quorum-proof","actual":"0","expected":"0","passed":true}
{"event":"control-batch","scenario":"catch-up-component-boundary","operation":"bootstrap","file":"catch-up-component-boundary-10-bootstrap.control.bin","bytes":247}
{"event":"state","scenario":"catch-up-component-boundary","operation":"initial","now_ms":100,"voters":"[0:AAAAAAAAAAEAAAAAAAAAAQ, 1:AAAAAAAAAAEAAAAAAAAAAg, 2:AAAAAAAAAAEAAAAAAAAAAw]","latest_voters_offset":1,"hw":-1,"leo":2,"pending":false,"leader_resign":false}
{"event":"state","scenario":"catch-up-component-boundary","operation":"progress-1-2","now_ms":105,"voters":"[0:AAAAAAAAAAEAAAAAAAAAAQ, 1:AAAAAAAAAAEAAAAAAAAAAg, 2:AAAAAAAAAAEAAAAAAAAAAw]","latest_voters_offset":1,"hw":2,"leo":2,"pending":false,"leader_resign":false}
{"event":"assertion","case":"catch-up-component-boundary.prior-config-committed","actual":"2","expected":"2","passed":true}
{"event":"state","scenario":"catch-up-component-boundary","operation":"progress-3-2","now_ms":106,"voters":"[0:AAAAAAAAAAEAAAAAAAAAAQ, 1:AAAAAAAAAAEAAAAAAAAAAg, 2:AAAAAAAAAAEAAAAAAAAAAw]","latest_voters_offset":1,"hw":2,"leo":2,"pending":false,"leader_resign":false}
{"event":"state","scenario":"catch-up-component-boundary","operation":"progress-3-1","now_ms":107,"voters":"[0:AAAAAAAAAAEAAAAAAAAAAQ, 1:AAAAAAAAAAEAAAAAAAAAAg, 2:AAAAAAAAAAEAAAAAAAAAAw]","latest_voters_offset":1,"hw":2,"leo":2,"pending":false,"leader_resign":false}
{"event":"assertion","case":"component.regressed-offset-retains-catch-up","actual":"true","expected":"true","passed":true}
{"event":"assertion","case":"component.before-one-hour","actual":"true","expected":"true","passed":true}
{"event":"assertion","case":"component.exact-one-hour-expires","actual":"false","expected":"false","passed":true}
{"event":"assertion","case":"component.wrong-directory-not-caught-up","actual":"false","expected":"false","passed":true}
{"event":"control-batch","scenario":"remove-leader","operation":"bootstrap","file":"remove-leader-11-bootstrap.control.bin","bytes":247}
{"event":"state","scenario":"remove-leader","operation":"initial","now_ms":100,"voters":"[0:AAAAAAAAAAEAAAAAAAAAAQ, 1:AAAAAAAAAAEAAAAAAAAAAg, 2:AAAAAAAAAAEAAAAAAAAAAw]","latest_voters_offset":1,"hw":-1,"leo":2,"pending":false,"leader_resign":false}
{"event":"state","scenario":"remove-leader","operation":"progress-1-2","now_ms":105,"voters":"[0:AAAAAAAAAAEAAAAAAAAAAQ, 1:AAAAAAAAAAEAAAAAAAAAAg, 2:AAAAAAAAAAEAAAAAAAAAAw]","latest_voters_offset":1,"hw":2,"leo":2,"pending":false,"leader_resign":false}
{"event":"assertion","case":"remove-leader.prior-config-committed","actual":"2","expected":"2","passed":true}
{"event":"state","scenario":"remove-leader","operation":"progress-2-2","now_ms":106,"voters":"[0:AAAAAAAAAAEAAAAAAAAAAQ, 1:AAAAAAAAAAEAAAAAAAAAAg, 2:AAAAAAAAAAEAAAAAAAAAAw]","latest_voters_offset":1,"hw":2,"leo":2,"pending":false,"leader_resign":false}
{"event":"control-batch","scenario":"remove-leader","operation":"appended","file":"remove-leader-12-appended.control.bin","bytes":180}
{"event":"state","scenario":"remove-leader","operation":"local-appended","now_ms":106,"voters":"[1:AAAAAAAAAAEAAAAAAAAAAg, 2:AAAAAAAAAAEAAAAAAAAAAw]","latest_voters_offset":2,"hw":2,"leo":3,"pending":true,"leader_resign":false}
{"event":"assertion","case":"remove.leader-removed-before-commit","actual":"false","expected":"false","passed":true}
{"event":"assertion","case":"remove.no-early-resign","actual":"false","expected":"false","passed":true}
{"event":"state","scenario":"remove-leader","operation":"progress-1-3","now_ms":107,"voters":"[1:AAAAAAAAAAEAAAAAAAAAAg, 2:AAAAAAAAAAEAAAAAAAAAAw]","latest_voters_offset":2,"hw":2,"leo":3,"pending":true,"leader_resign":false}
{"event":"assertion","case":"remove.one-of-two-insufficient-no-self-vote","actual":"false","expected":"false","passed":true}
{"event":"state","scenario":"remove-leader","operation":"progress-2-3","now_ms":108,"voters":"[1:AAAAAAAAAAEAAAAAAAAAAg, 2:AAAAAAAAAAEAAAAAAAAAAw]","latest_voters_offset":2,"hw":3,"leo":3,"pending":false,"leader_resign":true}
{"event":"assertion","case":"remove.new-majority-commits","actual":"0","expected":"0","passed":true}
{"event":"assertion","case":"remove.resign-after-commit","actual":"true","expected":"true","passed":true}
{"event":"assertion","case":"remove.committed-end","actual":"3","expected":"3","passed":true}
{"event":"assertion","case":"remove-leader.replay-voter-set","actual":"VoterSet(voters={1=VoterNode(voterKey=ReplicaKey(id=1, directoryId=AAAAAAAAAAEAAAAAAAAAAg), listeners=Endpoints(endpoints={ListenerName(CONTROLLER)=127.0.0.1/<unresolved>:19201}), supportedKRaftVersion=SupportedVersionRange[min_version:0, max_version:1]), 2=VoterNode(voterKey=ReplicaKey(id=2, directoryId=AAAAAAAAAAEAAAAAAAAAAw), listeners=Endpoints(endpoints={ListenerName(CONTROLLER)=127.0.0.1/<unresolved>:19202}), supportedKRaftVersion=SupportedVersionRange[min_version:0, max_version:1])})","expected":"VoterSet(voters={1=VoterNode(voterKey=ReplicaKey(id=1, directoryId=AAAAAAAAAAEAAAAAAAAAAg), listeners=Endpoints(endpoints={ListenerName(CONTROLLER)=127.0.0.1/<unresolved>:19201}), supportedKRaftVersion=SupportedVersionRange[min_version:0, max_version:1]), 2=VoterNode(voterKey=ReplicaKey(id=2, directoryId=AAAAAAAAAAEAAAAAAAAAAw), listeners=Endpoints(endpoints={ListenerName(CONTROLLER)=127.0.0.1/<unresolved>:19202}), supportedKRaftVersion=SupportedVersionRange[min_version:0, max_version:1])})","passed":true}
{"event":"assertion","case":"remove-leader.replay-config-offset","actual":"OptionalLong[2]","expected":"OptionalLong[2]","passed":true}
{"event":"assertion","case":"remove-leader.reopen-end","actual":"3","expected":"3","passed":true}
{"event":"assertion","case":"remove-leader.storage-HW-not-quorum-proof","actual":"0","expected":"0","passed":true}
{"event":"control-batch","scenario":"remove-follower","operation":"bootstrap","file":"remove-follower-13-bootstrap.control.bin","bytes":247}
{"event":"state","scenario":"remove-follower","operation":"initial","now_ms":100,"voters":"[0:AAAAAAAAAAEAAAAAAAAAAQ, 1:AAAAAAAAAAEAAAAAAAAAAg, 2:AAAAAAAAAAEAAAAAAAAAAw]","latest_voters_offset":1,"hw":-1,"leo":2,"pending":false,"leader_resign":false}
{"event":"state","scenario":"remove-follower","operation":"progress-1-2","now_ms":105,"voters":"[0:AAAAAAAAAAEAAAAAAAAAAQ, 1:AAAAAAAAAAEAAAAAAAAAAg, 2:AAAAAAAAAAEAAAAAAAAAAw]","latest_voters_offset":1,"hw":2,"leo":2,"pending":false,"leader_resign":false}
{"event":"assertion","case":"remove-follower.prior-config-committed","actual":"2","expected":"2","passed":true}
{"event":"assertion","case":"remove.wrong-directory","actual":"127","expected":"127","passed":true}
{"event":"assertion","case":"remove.unknown-id","actual":"127","expected":"127","passed":true}
{"event":"control-batch","scenario":"remove-follower","operation":"appended","file":"remove-follower-14-appended.control.bin","bytes":180}
{"event":"state","scenario":"remove-follower","operation":"local-appended","now_ms":105,"voters":"[0:AAAAAAAAAAEAAAAAAAAAAQ, 1:AAAAAAAAAAEAAAAAAAAAAg]","latest_voters_offset":2,"hw":2,"leo":3,"pending":true,"leader_resign":false}
{"event":"state","scenario":"remove-follower","operation":"progress-2-3","now_ms":106,"voters":"[0:AAAAAAAAAAEAAAAAAAAAAQ, 1:AAAAAAAAAAEAAAAAAAAAAg]","latest_voters_offset":2,"hw":2,"leo":3,"pending":true,"leader_resign":false}
{"event":"assertion","case":"remove.removed-voter-no-contribution","actual":"false","expected":"false","passed":true}
{"event":"assertion","case":"remove.add-during-pending-remove","actual":"7","expected":"7","passed":true}
{"event":"state","scenario":"remove-follower","operation":"progress-1-3","now_ms":107,"voters":"[0:AAAAAAAAAAEAAAAAAAAAAQ, 1:AAAAAAAAAAEAAAAAAAAAAg]","latest_voters_offset":2,"hw":3,"leo":3,"pending":false,"leader_resign":false}
{"event":"assertion","case":"remove.remaining-majority-commits","actual":"0","expected":"0","passed":true}
{"event":"assertion","case":"remove.retained-leader-does-not-resign","actual":"false","expected":"false","passed":true}
{"event":"control-batch","scenario":"remove-only-voter","operation":"bootstrap","file":"remove-only-voter-15-bootstrap.control.bin","bytes":144}
{"event":"state","scenario":"remove-only-voter","operation":"initial","now_ms":100,"voters":"[0:AAAAAAAAAAEAAAAAAAAAAQ]","latest_voters_offset":1,"hw":2,"leo":2,"pending":false,"leader_resign":false}
{"event":"assertion","case":"remove-only-voter.prior-config-committed","actual":"2","expected":"2","passed":true}
{"event":"assertion","case":"remove.cannot-empty-voter-set","actual":"127","expected":"127","passed":true}
{"event":"summary","passed":true,"assertions":81}
