start 000-primary-r1-thin_16_portable-nb-fetch-bulk
done 000-primary-r1-thin_16_portable-nb-fetch-bulk
start 001-primary-r1-thin_16_native-nb-fetch-bulk
done 001-primary-r1-thin_16_native-nb-fetch-bulk
start 002-primary-r1-thin_1_portable-nb-fetch-bulk
done 002-primary-r1-thin_1_portable-nb-fetch-bulk
start 003-primary-r1-fat_16_portable-nb-fetch-bulk
done 003-primary-r1-fat_16_portable-nb-fetch-bulk
start 004-primary-r1-pgo_use-nb-fetch-bulk
done 004-primary-r1-pgo_use-nb-fetch-bulk
start 005-primary-r1-thin_16_portable-nb-produce-bulk
done 005-primary-r1-thin_16_portable-nb-produce-bulk
start 006-primary-r1-fat_16_portable-nb-produce-bulk
done 006-primary-r1-fat_16_portable-nb-produce-bulk
start 007-primary-r1-thin_1_portable-nb-produce-bulk
done 007-primary-r1-thin_1_portable-nb-produce-bulk
start 008-primary-r1-none_16_portable-nb-fetch-bulk
done 008-primary-r1-none_16_portable-nb-fetch-bulk
start 009-primary-r1-none_16_portable-nb-produce-bulk
done 009-primary-r1-none_16_portable-nb-produce-bulk
start 010-primary-r1-thin_16_native-nb-produce-bulk
done 010-primary-r1-thin_16_native-nb-produce-bulk
start 011-primary-r1-pgo_use-nb-produce-bulk
done 011-primary-r1-pgo_use-nb-produce-bulk
start 012-primary-r2-none_16_portable-nb-fetch-bulk
done 012-primary-r2-none_16_portable-nb-fetch-bulk
start 013-primary-r2-thin_16_native-nb-fetch-bulk
done 013-primary-r2-thin_16_native-nb-fetch-bulk
start 014-primary-r2-none_16_portable-nb-produce-bulk
done 014-primary-r2-none_16_portable-nb-produce-bulk
start 015-primary-r2-thin_16_portable-nb-produce-bulk
done 015-primary-r2-thin_16_portable-nb-produce-bulk
start 016-primary-r2-pgo_use-nb-fetch-bulk
done 016-primary-r2-pgo_use-nb-fetch-bulk
start 017-primary-r2-fat_16_portable-nb-fetch-bulk
done 017-primary-r2-fat_16_portable-nb-fetch-bulk
start 018-primary-r2-thin_16_portable-nb-fetch-bulk
done 018-primary-r2-thin_16_portable-nb-fetch-bulk
start 019-primary-r2-pgo_use-nb-produce-bulk
done 019-primary-r2-pgo_use-nb-produce-bulk
start 020-primary-r2-thin_16_native-nb-produce-bulk
done 020-primary-r2-thin_16_native-nb-produce-bulk
start 021-primary-r2-thin_1_portable-nb-fetch-bulk
done 021-primary-r2-thin_1_portable-nb-fetch-bulk
start 022-primary-r2-thin_1_portable-nb-produce-bulk
done 022-primary-r2-thin_1_portable-nb-produce-bulk
start 023-primary-r2-fat_16_portable-nb-produce-bulk
done 023-primary-r2-fat_16_portable-nb-produce-bulk
start 024-primary-r3-fat_16_portable-nb-fetch-bulk
done 024-primary-r3-fat_16_portable-nb-fetch-bulk
start 025-primary-r3-thin_16_native-nb-produce-bulk
done 025-primary-r3-thin_16_native-nb-produce-bulk
start 026-primary-r3-thin_16_native-nb-fetch-bulk
done 026-primary-r3-thin_16_native-nb-fetch-bulk
start 027-primary-r3-pgo_use-nb-produce-bulk
done 027-primary-r3-pgo_use-nb-produce-bulk
start 028-primary-r3-none_16_portable-nb-fetch-bulk
done 028-primary-r3-none_16_portable-nb-fetch-bulk
start 029-primary-r3-fat_16_portable-nb-produce-bulk
done 029-primary-r3-fat_16_portable-nb-produce-bulk
start 030-primary-r3-pgo_use-nb-fetch-bulk
done 030-primary-r3-pgo_use-nb-fetch-bulk
start 031-primary-r3-thin_1_portable-nb-produce-bulk
done 031-primary-r3-thin_1_portable-nb-produce-bulk
start 032-primary-r3-thin_1_portable-nb-fetch-bulk
done 032-primary-r3-thin_1_portable-nb-fetch-bulk
start 033-primary-r3-thin_16_portable-nb-produce-bulk
done 033-primary-r3-thin_16_portable-nb-produce-bulk
start 034-primary-r3-none_16_portable-nb-produce-bulk
done 034-primary-r3-none_16_portable-nb-produce-bulk
start 035-primary-r3-thin_16_portable-nb-fetch-bulk
done 035-primary-r3-thin_16_portable-nb-fetch-bulk
start 036-primary-r4-thin_16_native-nb-produce-bulk
done 036-primary-r4-thin_16_native-nb-produce-bulk
start 037-primary-r4-none_16_portable-nb-fetch-bulk
done 037-primary-r4-none_16_portable-nb-fetch-bulk
start 038-primary-r4-fat_16_portable-nb-produce-bulk
done 038-primary-r4-fat_16_portable-nb-produce-bulk
start 039-primary-r4-thin_16_portable-nb-produce-bulk
done 039-primary-r4-thin_16_portable-nb-produce-bulk
start 040-primary-r4-thin_16_native-nb-fetch-bulk
done 040-primary-r4-thin_16_native-nb-fetch-bulk
start 041-primary-r4-pgo_use-nb-fetch-bulk
done 041-primary-r4-pgo_use-nb-fetch-bulk
start 042-primary-r4-pgo_use-nb-produce-bulk
done 042-primary-r4-pgo_use-nb-produce-bulk
start 043-primary-r4-fat_16_portable-nb-fetch-bulk
done 043-primary-r4-fat_16_portable-nb-fetch-bulk
start 044-primary-r4-thin_1_portable-nb-produce-bulk
done 044-primary-r4-thin_1_portable-nb-produce-bulk
start 045-primary-r4-none_16_portable-nb-produce-bulk
done 045-primary-r4-none_16_portable-nb-produce-bulk
start 046-primary-r4-thin_16_portable-nb-fetch-bulk
done 046-primary-r4-thin_16_portable-nb-fetch-bulk
start 047-primary-r4-thin_1_portable-nb-fetch-bulk
done 047-primary-r4-thin_1_portable-nb-fetch-bulk
start 048-primary-r5-fat_16_portable-nb-fetch-bulk
done 048-primary-r5-fat_16_portable-nb-fetch-bulk
start 049-primary-r5-pgo_use-nb-produce-bulk
done 049-primary-r5-pgo_use-nb-produce-bulk
start 050-primary-r5-thin_16_native-nb-produce-bulk
done 050-primary-r5-thin_16_native-nb-produce-bulk
start 051-primary-r5-none_16_portable-nb-fetch-bulk
done 051-primary-r5-none_16_portable-nb-fetch-bulk
start 052-primary-r5-fat_16_portable-nb-produce-bulk
done 052-primary-r5-fat_16_portable-nb-produce-bulk
start 053-primary-r5-none_16_portable-nb-produce-bulk
done 053-primary-r5-none_16_portable-nb-produce-bulk
start 054-primary-r5-pgo_use-nb-fetch-bulk
done 054-primary-r5-pgo_use-nb-fetch-bulk
start 055-primary-r5-thin_1_portable-nb-fetch-bulk
done 055-primary-r5-thin_1_portable-nb-fetch-bulk
start 056-primary-r5-thin_16_portable-nb-produce-bulk
done 056-primary-r5-thin_16_portable-nb-produce-bulk
start 057-primary-r5-thin_16_portable-nb-fetch-bulk
done 057-primary-r5-thin_16_portable-nb-fetch-bulk
start 058-primary-r5-thin_16_native-nb-fetch-bulk
done 058-primary-r5-thin_16_native-nb-fetch-bulk
start 059-primary-r5-thin_1_portable-nb-produce-bulk
done 059-primary-r5-thin_1_portable-nb-produce-bulk
start 060-reproduce-r1-none_16_portable-nb-produce-bulk
done 060-reproduce-r1-none_16_portable-nb-produce-bulk
start 061-reproduce-r1-none_16_portable-nb-fetch-bulk
done 061-reproduce-r1-none_16_portable-nb-fetch-bulk
start 062-reproduce-r2-none_16_portable-nb-produce-bulk
done 062-reproduce-r2-none_16_portable-nb-produce-bulk
start 063-reproduce-r2-none_16_portable-nb-fetch-bulk
done 063-reproduce-r2-none_16_portable-nb-fetch-bulk
start 064-reproduce-r3-none_16_portable-nb-produce-bulk
done 064-reproduce-r3-none_16_portable-nb-produce-bulk
start 065-reproduce-r3-none_16_portable-nb-fetch-bulk
done 065-reproduce-r3-none_16_portable-nb-fetch-bulk
start 066-reproduce-r4-none_16_portable-nb-produce-bulk
done 066-reproduce-r4-none_16_portable-nb-produce-bulk
start 067-reproduce-r4-none_16_portable-nb-fetch-bulk
done 067-reproduce-r4-none_16_portable-nb-fetch-bulk
start 068-reproduce-r5-none_16_portable-nb-produce-bulk
done 068-reproduce-r5-none_16_portable-nb-produce-bulk
start 069-reproduce-r5-none_16_portable-nb-fetch-bulk
done 069-reproduce-r5-none_16_portable-nb-fetch-bulk
