start 000-primary-r1-fat_16_portable-lb-bulk-0
done 000-primary-r1-fat_16_portable-lb-bulk-0 executed
start 001-primary-r1-thin_16_portable-lb-bulk-0
done 001-primary-r1-thin_16_portable-lb-bulk-0 executed
start 002-primary-r1-thin_1_portable-lb-bulk-0
done 002-primary-r1-thin_1_portable-lb-bulk-0 executed
start 003-primary-r1-none_16_portable-lb-bulk-0
done 003-primary-r1-none_16_portable-lb-bulk-0 executed
start 004-primary-r1-thin_16_native-lb-bulk-0
done 004-primary-r1-thin_16_native-lb-bulk-0 executed
start 005-primary-r1-pgo_use-lb-bulk-0
done 005-primary-r1-pgo_use-lb-bulk-0 executed
start 006-primary-r2-none_16_portable-lb-bulk-0
done 006-primary-r2-none_16_portable-lb-bulk-0 executed
start 007-primary-r2-pgo_use-lb-bulk-0
done 007-primary-r2-pgo_use-lb-bulk-0 executed
start 008-primary-r2-thin_1_portable-lb-bulk-0
done 008-primary-r2-thin_1_portable-lb-bulk-0 executed
start 009-primary-r2-thin_16_portable-lb-bulk-0
done 009-primary-r2-thin_16_portable-lb-bulk-0 executed
start 010-primary-r2-fat_16_portable-lb-bulk-0
done 010-primary-r2-fat_16_portable-lb-bulk-0 executed
start 011-primary-r2-thin_16_native-lb-bulk-0
done 011-primary-r2-thin_16_native-lb-bulk-0 executed
start 012-primary-r3-none_16_portable-lb-bulk-0
done 012-primary-r3-none_16_portable-lb-bulk-0 executed
start 013-primary-r3-thin_16_native-lb-bulk-0
done 013-primary-r3-thin_16_native-lb-bulk-0 executed
start 014-primary-r3-pgo_use-lb-bulk-0
done 014-primary-r3-pgo_use-lb-bulk-0 executed
start 015-primary-r3-thin_1_portable-lb-bulk-0
done 015-primary-r3-thin_1_portable-lb-bulk-0 executed
start 016-primary-r3-fat_16_portable-lb-bulk-0
done 016-primary-r3-fat_16_portable-lb-bulk-0 executed
start 017-primary-r3-thin_16_portable-lb-bulk-0
done 017-primary-r3-thin_16_portable-lb-bulk-0 executed
start 018-primary-r4-thin_16_portable-lb-bulk-0
done 018-primary-r4-thin_16_portable-lb-bulk-0 executed
start 019-primary-r4-pgo_use-lb-bulk-0
done 019-primary-r4-pgo_use-lb-bulk-0 executed
start 020-primary-r4-none_16_portable-lb-bulk-0
done 020-primary-r4-none_16_portable-lb-bulk-0 executed
start 021-primary-r4-fat_16_portable-lb-bulk-0
done 021-primary-r4-fat_16_portable-lb-bulk-0 executed
start 022-primary-r4-thin_16_native-lb-bulk-0
done 022-primary-r4-thin_16_native-lb-bulk-0 executed
start 023-primary-r4-thin_1_portable-lb-bulk-0
done 023-primary-r4-thin_1_portable-lb-bulk-0 executed
start 024-primary-r5-thin_16_native-lb-bulk-0
done 024-primary-r5-thin_16_native-lb-bulk-0 executed
start 025-primary-r5-fat_16_portable-lb-bulk-0
done 025-primary-r5-fat_16_portable-lb-bulk-0 executed
start 026-primary-r5-thin_1_portable-lb-bulk-0
done 026-primary-r5-thin_1_portable-lb-bulk-0 executed
start 027-primary-r5-pgo_use-lb-bulk-0
done 027-primary-r5-pgo_use-lb-bulk-0 executed
start 028-primary-r5-none_16_portable-lb-bulk-0
done 028-primary-r5-none_16_portable-lb-bulk-0 executed
start 029-primary-r5-thin_16_portable-lb-bulk-0
done 029-primary-r5-thin_16_portable-lb-bulk-0 executed
start 030-reproduce-r1-none_16_portable-lb-bulk-0
done 030-reproduce-r1-none_16_portable-lb-bulk-0 executed
start 031-reproduce-r2-none_16_portable-lb-bulk-0
done 031-reproduce-r2-none_16_portable-lb-bulk-0 executed
start 032-reproduce-r3-none_16_portable-lb-bulk-0
done 032-reproduce-r3-none_16_portable-lb-bulk-0 executed
start 033-reproduce-r4-none_16_portable-lb-bulk-0
done 033-reproduce-r4-none_16_portable-lb-bulk-0 executed
start 034-reproduce-r5-none_16_portable-lb-bulk-0
done 034-reproduce-r5-none_16_portable-lb-bulk-0 executed
