    Checking libc v0.2.189
    Checking pin-project-lite v0.2.17
    Checking cfg-if v1.0.5
    Checking bytes v1.12.1
    Checking crc32c v0.6.8
    Checking mio v1.2.3
    Checking socket2 v0.6.5
    Checking getrandom v0.4.3
    Checking tokio v1.53.1
    Checking partitionline-broker v0.1.0 (/workspace/work/snapshot-draft-db002076/source/partitionline-broker)
error: the following explicit lifetimes could be elided: 'a
   --> src/raft/snapshot.rs:387:6
    |
387 | impl<'a> Decoder<'a> {
    |      ^^          ^^
    |
    = help: for further information visit https://rust-lang.github.io/rust-clippy/master/index.html#needless_lifetimes
    = note: `-D clippy::needless-lifetimes` implied by `-D warnings`
    = help: to override `-D warnings` add `#[allow(clippy::needless_lifetimes)]`
help: elide the lifetimes
    |
387 - impl<'a> Decoder<'a> {
387 + impl Decoder<'_> {
    |

error: could not compile `partitionline-broker` (lib) due to 1 previous error
