    Checking cfg-if v1.0.5
    Checking libc v0.2.189
    Checking typenum v1.20.1
    Checking serde_core v1.0.229
    Checking cmov v0.5.4
    Checking zeroize v1.9.0
    Checking rustls-pki-types v1.15.1
    Checking ctutils v0.4.2
    Checking const-oid v0.10.2
    Checking untrusted v0.9.0
    Checking zmij v1.0.23
    Checking getrandom v0.2.17
    Checking hybrid-array v0.4.15
    Checking ring v0.17.14
    Checking generic-array v0.14.7
    Checking crypto-common v0.2.2
    Checking block-buffer v0.12.1
    Checking errno v0.3.14
    Checking signal-hook-registry v1.4.8
    Checking mio v1.2.3
    Checking digest v0.11.3
    Checking socket2 v0.6.5
    Checking pin-project-lite v0.2.17
    Checking smallvec v1.16.2
    Checking subtle v2.6.1
    Checking itoa v1.0.18
    Checking simd-adler32 v0.3.10
    Checking rustls-webpki v0.103.15
    Checking adler2 v2.0.1
    Checking memchr v2.8.3
    Checking bytes v1.12.1
    Checking scopeguard v1.2.0
    Checking once_cell v1.21.4
    Checking lock_api v0.4.14
    Checking miniz_oxide v0.9.1
    Checking serde_json v1.0.151
    Checking rustls v0.23.45
    Checking tokio v1.53.1
    Checking parking_lot_core v0.9.12
    Checking hmac v0.13.0
    Checking block-buffer v0.10.4
    Checking crypto-common v0.1.7
    Checking crc32fast v1.5.2
    Checking cpufeatures v0.3.1
    Checking zlib-rs v0.6.8
    Checking twox-hash v2.1.4
    Checking lz4_flex v0.14.0
    Checking sha2 v0.11.0
    Checking crc32c v0.6.8
    Checking digest v0.10.7
    Checking snap v1.1.2
    Checking flate2 v1.1.10
    Checking pbkdf2 v0.13.0
    Checking serde v1.0.229
    Checking parking_lot v0.12.5
    Checking getrandom v0.4.3
    Checking webpki-roots v1.0.9
    Checking base64 v0.23.1
    Checking cpufeatures v0.2.17
    Checking zstd-rs v0.1.0
    Checking sha2 v0.10.9
    Checking crossbeam-utils v0.8.23
    Checking zerocopy v0.8.57
    Checking crossbeam-epoch v0.9.21
    Checking either v1.18.0
    Checking regex-syntax v0.8.11
    Checking crossbeam-deque v0.8.8
    Checking ciborium-io v0.2.2
    Checking anstyle v1.0.14
    Checking plotters-backend v0.3.7
    Checking clap_lex v1.1.1
    Checking clap_builder v4.6.7
    Checking tokio-rustls v0.26.5
    Checking regex-automata v0.4.18
    Checking partitionline v0.1.0 (/workspace/work/open-cards-20261006/share-ranges-source-candidate)
    Checking plotters-svg v0.3.7
    Checking rayon-core v1.13.0
    Checking num-traits v0.2.19
    Checking itertools v0.13.0
    Checking same-file v1.0.6
    Checking cast v0.3.0
    Checking walkdir v2.5.0
    Checking plotters v0.3.7
    Checking criterion-plot v0.8.2
    Checking half v2.7.1
    Checking regex v1.13.1
    Checking alloca v0.4.0
    Checking ciborium-ll v0.2.2
    Checking rayon v1.12.0
    Checking iai-callgrind-runner v0.14.2
    Checking ciborium v0.2.2
    Checking clap v4.6.7
    Checking derive_more v2.1.1
    Checking bincode v1.3.3
    Checking tinytemplate v1.2.1
    Checking page_size v0.6.0
    Checking anes v0.1.6
    Checking oorandom v11.1.5
    Checking iai-callgrind v0.14.2
    Checking criterion v0.8.2
    Checking codec v0.1.0 (/workspace/work/open-cards-20261006/share-ranges-source-candidate/benchmarks/codec)
    Finished `dev` profile [unoptimized] target(s) in 13.52s
warning: the following packages contain code that will be rejected by a future version of Rust: proc-macro-error2 v2.0.1
note: to see what the problems were, use the option `--future-incompat-report`, or run `cargo report future-incompatibilities --id 1`
