
running 103 tests
test protocol::admin::tests::alter_share_group_offsets_response_throttle_time_ms_matches_java ... ok
test protocol::admin::tests::alter_share_group_offsets_request_error_response_matches_java ... ok
test protocol::admin::tests::alter_share_group_offsets_top_level_error_code_is_at_bytes_4_5 ... ok
test protocol::admin::tests::alter_share_group_offsets_response_error_counts_matches_java ... ok
test protocol::admin::tests::alter_share_group_offsets_v0_matches_kafka_protocol_0_18 ... ok
test protocol::admin::tests::delete_share_group_offsets_request_error_response_matches_java ... ok
test protocol::admin::tests::alter_share_group_offsets_v0_roundtrip_is_leftover_empty ... ok
test protocol::admin::tests::delete_share_group_offsets_response_throttle_time_ms_matches_java ... ok
test protocol::admin::tests::delete_share_group_offsets_top_level_error_code_is_at_bytes_4_5 ... ok
test protocol::admin::tests::delete_share_group_offsets_response_error_counts_matches_java ... ok
test protocol::admin::tests::delete_share_group_offsets_v0_matches_kafka_protocol_0_18 ... ok
test protocol::admin::tests::delete_share_group_offsets_v0_roundtrip_is_leftover_empty ... ok
test protocol::admin::tests::describe_share_group_offsets_request_error_described_group_matches_java ... ok
test protocol::admin::tests::describe_share_group_offsets_first_group_error_code_is_at_bytes_8_9 ... ok
test protocol::admin::tests::describe_share_group_offsets_request_error_response_matches_java ... ok
test protocol::admin::tests::describe_share_group_offsets_response_error_counts_matches_java ... ok
test protocol::admin::tests::describe_share_group_offsets_response_has_group_error_matches_java ... ok
test protocol::admin::tests::describe_share_group_offsets_response_throttle_time_ms_matches_java ... ok
test protocol::admin::tests::describe_share_group_offsets_v0_matches_kafka_protocol_0_18 ... ok
test protocol::admin::tests::describe_share_group_offsets_v0_roundtrip_is_leftover_empty ... ok
test protocol::admin::tests::share_group_describe_first_group_error_code_is_at_bytes_5_6 ... ok
test protocol::admin::tests::share_group_describe_response_error_counts_matches_java ... ok
test protocol::admin::tests::share_group_describe_request_error_response_matches_java ... ok
test protocol::admin::tests::share_group_describe_response_throttle_time_ms_matches_java ... ok
test protocol::admin::tests::share_group_describe_v0_matches_v1_and_does_not_speak_v2 ... ok
test protocol::admin::tests::share_group_describe_v1_matches_kafka_protocol_0_18 ... ok
test protocol::admin::tests::share_group_describe_v1_roundtrip_is_leftover_empty ... ok
test protocol::admin::tests::share_member_and_group_getters_match_java ... ok
test protocol::admin::tests::share_offset_getters_match_wire ... ok
test protocol::header::tests::alter_share_group_offsets_v0_is_flexible ... ok
test protocol::header::tests::delete_share_group_offsets_v0_is_flexible ... ok
test protocol::header::tests::describe_share_group_offsets_v0_is_flexible ... ok
test protocol::header::tests::share_acknowledge_v0_and_v1_are_flexible ... ok
test protocol::fetch::tests::decode_fetch_response_from_bytes_shares_record_value ... ok
test protocol::header::tests::share_fetch_v0_and_v1_are_flexible ... ok
test protocol::header::tests::share_group_describe_v0_and_v1_are_flexible ... ok
test protocol::header::tests::share_group_heartbeat_v0_and_v1_are_flexible ... ok
test protocol::oidc::tests::shared_cache_caps_active_managers_and_evicts_only_idle_entries ... ok
test protocol::oidc::tests::shared_manager_key_separates_tls_field_roles ... ok
test protocol::records::tests::decode_record_batch_from_bytes_shares_value ... ok
test protocol::oidc::tests::shared_cache_last_lease_closes_pending_http_acquisition ... ok
test protocol::share::tests::share_acknowledge_close_session_has_no_topics ... ok
test protocol::share::tests::share_acknowledge_encodes_several_partitions ... ok
test protocol::share::tests::share_acknowledge_partition_response_leftover_empty ... ok
test protocol::share::tests::share_acknowledge_request_error_response_matches_java ... ok
test protocol::share::tests::share_acknowledge_response_current_leader_matches_java ... ok
test protocol::share::tests::share_acknowledge_request_for_consumer_matches_java ... ok
test protocol::share::tests::share_acknowledge_response_error_counts_matches_java ... ok
test protocol::share::tests::share_acknowledge_response_error_message_matches_java ... ok
test protocol::share::tests::share_acknowledge_response_node_endpoints_matches_java ... ok
test protocol::share::tests::share_acknowledge_response_throttle_time_ms_matches_java ... ok
test protocol::share::tests::share_acknowledge_response_of_matches_java ... ok
test protocol::share::tests::share_acknowledge_response_to_message_matches_java ... ok
test protocol::share::tests::share_acknowledge_response_top_level_error_message_matches_java ... ok
test protocol::share::tests::share_acknowledge_v0_matches_v1_and_rejects_v3 ... ok
test protocol::share::tests::share_fetch_and_acknowledge_support_current_versions_and_reject_unknown ... ok
test protocol::share::tests::share_fetch_and_acknowledge_roundtrip ... ok
test protocol::share::tests::share_fetch_error_roundtrip ... ok
test protocol::share::tests::share_fetch_error_throttle_time_ms_matches_java ... ok
test protocol::share::tests::share_fetch_partition_response_leftover_empty ... ok
test protocol::share::tests::share_fetch_request_batch_size_matches_java ... ok
test protocol::share::tests::share_fetch_request_error_response_matches_java ... ok
test protocol::share::tests::share_fetch_request_for_consumer_matches_java ... ok
test protocol::share::tests::share_fetch_request_forgotten_matches_java ... ok
test protocol::share::tests::share_fetch_request_forgotten_topics_matches_java ... ok
test protocol::share::tests::share_fetch_request_max_bytes_matches_java ... ok
test protocol::share::tests::share_fetch_request_max_wait_ms_matches_java ... ok
test protocol::share::tests::share_fetch_request_min_bytes_matches_java ... ok
test protocol::share::tests::share_fetch_request_share_fetch_data_matches_java ... ok
test protocol::share::tests::share_fetch_request_update_forgotten_data_matches_java ... ok
test protocol::share::tests::share_fetch_response_acknowledge_error_code_matches_java ... ok
test protocol::share::tests::share_fetch_response_acknowledge_error_message_matches_java ... ok
test protocol::share::tests::share_fetch_response_acquisition_lock_timeout_ms_matches_java ... ok
test protocol::share::tests::share_fetch_response_current_leader_matches_java ... ok
test protocol::share::tests::share_fetch_response_error_code_matches_java ... ok
test protocol::share::tests::share_fetch_response_error_counts_matches_java ... ok
test protocol::share::tests::share_fetch_response_error_message_matches_java ... ok
test protocol::share::tests::share_fetch_response_node_endpoints_matches_java ... ok
test protocol::share::tests::share_fetch_response_records_nullable_versions_matches_java ... ok
test protocol::share::tests::share_fetch_response_of_matches_java ... ok
test protocol::share::tests::share_fetch_response_records_size_matches_java ... ok
test protocol::share::tests::share_fetch_response_response_data_matches_java ... ok
test protocol::share::tests::share_fetch_response_throttle_time_ms_matches_java ... ok
test protocol::share::tests::share_fetch_response_size_of_matches_java ... ok
test protocol::share::tests::share_fetch_response_to_message_matches_java ... ok
test protocol::share::tests::share_fetch_response_top_level_error_message_matches_java ... ok
test protocol::share::tests::share_fetch_v0_omits_v1_fields_and_rejects_v3 ... ok
test protocol::share::tests::share_group_heartbeat_join_leave_roundtrip ... ok
test protocol::share::tests::share_group_heartbeat_request_error_response_matches_java ... ok
test protocol::share::tests::share_group_heartbeat_request_rack_id_matches_java ... ok
test protocol::share::tests::share_group_heartbeat_response_error_counts_matches_java ... ok
test protocol::share::tests::share_group_heartbeat_response_throttle_time_ms_matches_java ... ok
test protocol::share::tests::share_group_heartbeat_v0_matches_v1_and_does_not_speak_v2 ... ok
test share::acquired::tests::share_ranges_handle_offset_limits_without_arithmetic ... ok
test share::tests::acknowledge_type_matches_java ... ok
test share::tests::acknowledgement_batches_collapses_contiguous_offsets ... ok
test share::tests::acknowledgement_batches_splits_on_gap ... ok
test share::tests::share_leader_retriable_is_not_leader_or_missing ... ok
test share::tests::share_records_partitions_and_filters ... ok
test share::tests::share_request_metadata_matches_java ... ok
test share::acquired::tests::share_ranges_preserve_counts_gaps_and_rewinds ... ok
test protocol::oidc::tests::shared_cache_bounds_repeated_credentials_and_large_configurations ... ok
test protocol::oidc::tests::shared_cache_single_flight_and_sequential_reuse_have_no_idle_tasks ... ok

test result: ok. 103 passed; 0 failed; 0 ignored; 0 measured; 1017 filtered out; finished in 0.10s

