    Checking zeroize v1.9.0
   Compiling find-msvc-tools v0.1.14
   Compiling shlex v2.0.1
   Compiling cc v1.5.1
    Checking typenum v1.20.1
    Checking hybrid-array v0.4.15
   Compiling ring v0.17.14
    Checking itoa v1.0.18
    Checking cmov v0.5.4
    Checking ctutils v0.4.2
    Checking http v1.5.0
    Checking crypto-common v0.2.2
    Checking block-buffer v0.12.1
    Checking getrandom v0.2.17
   Compiling httparse v1.10.1
   Compiling serde_core v1.0.229
    Checking untrusted v0.9.0
    Checking futures-core v0.3.34
    Checking const-oid v0.10.2
    Checking digest v0.11.3
    Checking http-body v1.1.0
    Checking rustls-pki-types v1.15.1
   Compiling zmij v1.0.23
    Checking try-lock v0.2.5
   Compiling rustls v0.23.45
   Compiling crc32fast v1.5.2
    Checking want v0.3.1
    Checking rustls-webpki v0.103.15
    Checking futures-channel v0.3.34
   Compiling snap v1.1.2
    Checking once_cell v1.21.4
   Compiling serde v1.0.229
    Checking simd-adler32 v0.3.10
    Checking subtle v2.6.1
   Compiling serde_json v1.0.151
    Checking adler2 v2.0.1
    Checking smallvec v1.16.2
    Checking atomic-waker v1.1.2
    Checking hyper v1.11.1
    Checking miniz_oxide v0.9.1
    Checking hmac v0.13.0
    Checking memchr v2.8.3
    Checking cpufeatures v0.3.1
    Checking twox-hash v2.1.4
    Checking lz4_flex v0.14.0
    Checking sha2 v0.11.0
    Checking pbkdf2 v0.13.0
    Checking flate2 v1.1.10
    Checking tokio-rustls v0.26.6
    Checking hyper-util v0.1.21
    Checking http-body-util v0.1.5
    Checking base64 v0.23.1
    Checking zstd-rs v0.1.0
    Checking partitionline-broker v0.1.0 (/workspace/work/broker-oidc/live-example-base-2dc90b47/partitionline-broker)
    Finished `dev` profile [unoptimized] target(s) in 14.64s
