    Checking partitionline-broker v0.1.0 (/workspace/work/broker-sasl/credentials-source/partitionline-broker)
error: use of a disallowed method `std::fs::read`
   --> tests/sasl_credentials.rs:124:17
    |
124 |     let bytes = std::fs::read(&path.0)?;
    |                 ^^^^^^^^^^^^^
    |
    = note: Blocking IO on an async runtime. Use tokio::fs.
    = help: for further information visit https://rust-lang.github.io/rust-clippy/rust-1.99.0/index.html#disallowed_methods
    = note: `-D clippy::disallowed-methods` implied by `-D warnings`
    = help: to override `-D warnings` add `#[allow(clippy::disallowed_methods)]`

error: use of a disallowed method `std::fs::read`
   --> tests/sasl_credentials.rs:231:21
    |
231 |     let mut bytes = std::fs::read(&path.0)?;
    |                     ^^^^^^^^^^^^^
    |
    = note: Blocking IO on an async runtime. Use tokio::fs.
    = help: for further information visit https://rust-lang.github.io/rust-clippy/rust-1.99.0/index.html#disallowed_methods

error: use of a disallowed method `std::fs::write`
   --> tests/sasl_credentials.rs:234:5
    |
234 |     std::fs::write(&path.0, bytes)?;
    |     ^^^^^^^^^^^^^^
    |
    = note: Blocking IO on an async runtime. Use tokio::fs.
    = help: for further information visit https://rust-lang.github.io/rust-clippy/rust-1.99.0/index.html#disallowed_methods

error: could not compile `partitionline-broker` (test "sasl_credentials") due to 3 previous errors
