   Compiling partitionline v0.1.0 (/workspace/partitionline)
    Finished `test` profile [unoptimized] target(s) in 3.99s
     Running tests/share_semantics.rs (/workspace/work/client-share-target/debug/deps/share_semantics-30b3c9323593945c)

running 18 tests
test decoded_budget_and_overlapping_acquisitions_fail_before_delivery ... ok
test acknowledge_session_error_clears_old_acquisition_without_replaying_accept ... ok

thread 'acknowledge_top_level_retry_advances_epoch_without_duplicate_accept' (748912) panicked at tests/share_semantics.rs:362:35:
called `Result::unwrap()` on an `Err` value: Broker { code: 123, message: "ShareAcknowledge" }
note: run with `RUST_BACKTRACE=1` environment variable to display a backtrace
test acknowledge_top_level_retry_advances_epoch_without_duplicate_accept ... FAILED
test each_partition_leader_negotiates_its_own_share_version_and_v2_gate ... ok
test java_v2_batch_emits_only_acquired_offsets_and_buffers_poll_limit ... ok

thread 'fetch_top_level_error_advances_epoch_and_preserves_prior_acquisition' (748917) panicked at tests/share_semantics.rs:385:5:
assertion `left == right` failed
  left: [(1, 0), (1, 1), (1, 1), (1, 0)]
 right: [(1, 0), (1, 1), (1, 2)]
test fetch_top_level_error_advances_epoch_and_preserves_prior_acquisition ... FAILED
test live_current_v2_share_delivery_renew_release_expiry_accept ... ignored, requires an explicitly selected fresh digest-pinned Apache Kafka 4.3.1 Docker cell
test leader_change_ack_is_terminal_and_record_is_reacquired_on_new_leader ... ok
test older_bootstrap_does_not_cap_current_partition_leader_fields ... ok
test partial_retriable_ack_retries_only_failed_partition ... ok
test outstanding_acquisitions_consume_budget_across_successive_polls ... ok
test partial_terminal_ack_preserves_success_and_unacknowledged_same_partition_record ... ok
test delayed_share_replies_after_outer_timeout_cannot_satisfy_new_requests ... ok
test share_lock_expiry_reacquisition_stale_ack_release_reject_and_group_isolation ... ok
test session_reset_restarts_initial_epoch_and_repeated_failure_is_bounded ... ok
test coordinator_move_preserves_delivery_and_partition_leader_session ... ok
test renew_v2_extends_only_selected_record_and_preserves_delivery_count ... ok
test unsubscribe_releases_lock_and_resubscribe_restarts_delivery_heartbeats ... ok

failures:

failures:
    acknowledge_top_level_retry_advances_epoch_without_duplicate_accept
    fetch_top_level_error_advances_epoch_and_preserves_prior_acquisition

test result: FAILED. 15 passed; 2 failed; 1 ignored; 0 measured; 0 filtered out; finished in 0.31s

error: test failed, to rerun pass `--test share_semantics`
