   Compiling partitionline v0.1.0 (/workspace/partitionline)
    Finished `test` profile [unoptimized] target(s) in 1.44s
     Running tests/protocol_oracles.rs (/workspace/work/client-share-target/debug/deps/protocol_oracles-37cb06dc754f3488)

running 40 tests
protocol_oracles: api=Produce pin=3.9.1 identity=fixture:apache/kafka:3.9.1 versions=[3, 4, 5, 6, 7, 8, 9, 10, 11]
test add_raft_voter_nullable_fields_match_apache ... ok
test apache_fetch_boundary_fixtures_decode_offline ... ok
test add_raft_voter_apache_v0_fixtures ... ok
test apache_list_offsets_boundary_fixtures_decode_offline ... ok
protocol_oracles: api=Produce pin=4.1.0 identity=fixture:apache/kafka:4.1.0 versions=[3, 4, 5, 6, 7, 8, 9, 10, 11, 12, 13]
test apache_produce_v9_smoke_fixture_decodes ... ok
test apache_produce_boundary_fixtures_decode_offline ... ok
test apache_metadata_boundary_fixtures_decode_offline ... ok
test current_group_nullable_struct_marker_matches_apache_signed_byte_semantics ... ok
protocol_oracles: api=Fetch pin=3.9.1 identity=fixture:apache/kafka:3.9.1 versions=[4, 5, 6, 7, 8, 9, 10, 11, 12, 13, 14, 15, 16, 17]
test describe_log_dirs_v5_independent_java_fixtures ... ok
test current_group_nullable_assignment_independent_apache_fixtures ... ok
test describe_log_dirs_v5_truncation_and_version_bounds_fail_closed ... ok
test fetch_short_tail_and_malformed_records_oracles ... ok
test fetch_v18_rust_bodies_match_apache_and_can_be_parsed_independently ... ok
protocol_oracles: api=Fetch pin=4.1.0 identity=fixture:apache/kafka:4.1.0 versions=[4, 5, 6, 7, 8, 9, 10, 11, 12, 13, 14, 15, 16, 17, 18]
test fetch_version_gate_and_field_order_mutations_fail ... ok
test list_offsets_v11_independent_apache_fixtures ... ok
test fetch_v18_known_tag_mutations_and_sidecar_shapes_fail_closed ... ok
test list_offsets_version_gate_and_field_order_mutations_fail ... ok
test live_broker_decoded_semantics ... ignored, live broker; scripts/ci-protocol-oracles.sh REQUIRE_BROKER=1
test fetch_v18_apache_high_watermarks_and_lower_version_fallbacks ... ok
protocol_oracles: api=Metadata pin=3.9.1 identity=fixture:apache/kafka:3.9.1 versions=[1, 2, 3, 4, 5, 6, 7, 8, 9, 10, 11, 12]
test metadata_version_gate_and_field_order_mutations_fail ... ok
protocol_oracles: api=Metadata pin=4.1.0 identity=fixture:apache/kafka:4.1.0 versions=[1, 2, 3, 4, 5, 6, 7, 8, 9, 10, 11, 12, 13]
test produce_v13_pinned_topic_id_fixtures_and_legacy_fallback ... ok
Produce13 live Java decode not requested; independent offline fixtures remain active
test produce_v13_rust_output_decodes_with_current_apache_when_requested ... ok
test list_offsets_v11_truncation_and_future_versions_fail_closed ... ok
test produce_version_gate_and_field_order_mutations_fail ... ok
test remove_raft_voter_nullable_fields_match_apache ... ok
protocol_oracles: api=ListOffsets pin=3.9.1 identity=fixture:apache/kafka:3.9.1 versions=[1, 2, 3, 4, 5, 6, 7, 8, 9]
test remove_raft_voter_apache_v0_fixtures ... ok
protocol_oracles: api=ListOffsets pin=4.1.0 identity=fixture:apache/kafka:4.1.0 versions=[1, 2, 3, 4, 5, 6, 7, 8, 9, 10]
test produce_v13_rejects_missing_ambiguous_and_truncated_identities ... ok
test advertised_matrix_semantic_oracles ... ok
java toolchain / conformance jars not available; skipping live Apache decode of Rust output
test rust_fetch_output_decodes_with_apache_when_java_available ... ok
java toolchain / conformance jars not available; skipping live Apache decode of Rust output
test rust_list_offsets_output_decodes_with_apache_when_java_available ... ok
test share_acknowledge_v0_v1_fixtures_decode_offline ... ok
java toolchain / conformance jars not available; skipping live Apache decode of Rust output
test rust_produce_output_decodes_with_apache_when_java_available ... ok
test share_fetch_v0_delta_fixture_decodes_offline ... ok
test share_fetch_null_records_and_error_paths_decode_offline ... ok
test share_fetch_v1_delta_fixture_decodes_offline ... ok
test share_v2_apache_request_bytes_and_older_renew_rejection ... ok
test share_v2_apache_schema_pin ... ok
test share_v2_apache_response_bytes_lock_timeout_partial_errors_and_acquisition ... ok
test share_v2_apache_truncation_and_unknown_version_fail_closed ... ok
java toolchain / conformance jars not available; skipping live Apache decode of Rust output
test rust_metadata_output_decodes_with_apache_when_java_available ... ok

test result: ok. 39 passed; 0 failed; 1 ignored; 0 measured; 0 filtered out; finished in 0.04s

