    Finished `test` profile [unoptimized] target(s) in 0.02s
     Running unittests src/lib.rs (/workspace/work/target-broker-segments/debug/deps/partitionline_broker-c952dbf8a96b13dc)

running 4 tests
tiny cleaner cap ScanBytes: loaded_payload_bytes=0, parsed_or_projected_record_bodies=0
tiny cleaner cap Records: loaded_payload_bytes=37888, parsed_or_projected_record_bodies=0
test segments::tests::compaction_one_byte_cap_rejects_before_loading_a_large_payload ... ok
test segments::tests::compaction_one_record_cap_rejects_before_parsing_any_large_entry_body ... ok

running 1 test

running 1 test

running 1 test

running 1 test

running 1 test

running 1 test

running 1 test

running 1 test

running 1 test

running 1 test

running 1 test
test segments::tests::compaction_publication_partial_cleanup_io_errors_recover_one_complete_selected_round ... ok

running 1 test

running 1 test

running 1 test

running 1 test

running 1 test
test segments::tests::compaction_process_exit_at_publication_and_cleanup_recovers_atomic_round ... ok

test result: ok. 4 passed; 0 failed; 0 ignored; 0 measured; 50 filtered out; finished in 0.09s

