{"case":"one.initial-unknown","actual":-1,"expected":-1,"passed":true}
{"case":"one.at-epoch-start-no-commit","actual":0,"expected":0,"passed":true}
{"case":"one.current-epoch-barrier","actual":-1,"expected":-1,"passed":true}
{"case":"one.new-epoch-record-commits","actual":1,"expected":1,"passed":true}
{"case":"one.committed-end","actual":11,"expected":11,"passed":true}
{"case":"one.idempotent-local-update","actual":0,"expected":0,"passed":true}
{"case":"one.local-end-cannot-regress","actual_exception":"IllegalStateException","expected_exception":"IllegalStateException","passed":true}
{"case":"three.local-only-no-majority","actual":0,"expected":0,"passed":true}
{"case":"three.remote-at-old-boundary","actual":0,"expected":0,"passed":true}
{"case":"three.previous-epoch-not-exposed","actual":-1,"expected":-1,"passed":true}
{"case":"three.first-current-epoch-majority","actual":1,"expected":1,"passed":true}
{"case":"three.majority-end11","actual":11,"expected":11,"passed":true}
{"case":"three.duplicate-ack-not-extra-vote","actual":0,"expected":0,"passed":true}
{"case":"three.observer-not-a-vote","actual":0,"expected":0,"passed":true}
{"case":"three.observer-no-advance","actual":11,"expected":11,"passed":true}
{"case":"three.majority-advances","actual":1,"expected":1,"passed":true}
{"case":"three.majority-end13","actual":13,"expected":13,"passed":true}
{"case":"three.remote-regression-keeps-commit","actual":0,"expected":0,"passed":true}
{"case":"three.commit-monotonic","actual":13,"expected":13,"passed":true}
{"case":"three.remote-local-id-forbidden","actual_exception":"IllegalStateException","expected_exception":"IllegalStateException","passed":true}
{"case":"five.local-only","actual":0,"expected":0,"passed":true}
{"case":"five.two-of-five-insufficient","actual":0,"expected":0,"passed":true}
{"case":"five.no-majority-yet","actual":-1,"expected":-1,"passed":true}
{"case":"five.three-of-five-majority","actual":1,"expected":1,"passed":true}
{"case":"five.median-end18","actual":18,"expected":18,"passed":true}
{"case":"five.duplicate-not-majority-change","actual":0,"expected":0,"passed":true}
{"case":"component-boundary.local-only","actual":0,"expected":0,"passed":true}
{"case":"component-boundary.first-over-end-input","actual":1,"expected":1,"passed":true}
{"case":"component-boundary.first-median-capped-by-local","actual":15,"expected":15,"passed":true}
{"case":"component-boundary.second-over-end-input","actual":1,"expected":1,"passed":true}
{"case":"component-boundary.bare-component-permits-over-local-end","actual":100,"expected":100,"passed":true}
{"case":"follower.initial-zero","actual":1,"expected":1,"passed":true}
{"case":"follower.unknown-cannot-erase-known","actual_exception":"IllegalArgumentException","expected_exception":"IllegalArgumentException","passed":true}
{"case":"follower.negative-known-watermark","actual_exception":"IllegalArgumentException","expected_exception":"IllegalArgumentException","passed":true}
{"case":"follower.advance","actual":1,"expected":1,"passed":true}
{"case":"follower.repeat-idempotent","actual":0,"expected":0,"passed":true}
{"case":"follower.regression-rejected","actual_exception":"IllegalArgumentException","expected_exception":"IllegalArgumentException","passed":true}
{"case":"follower.committed-end-kept","actual":2,"expected":2,"passed":true}
{"case":"log.append-end","actual":3,"expected":3,"passed":true}
{"case":"log.high-watermark2","actual":2,"expected":2,"passed":true}
{"case":"log.committed-prefix-exact-before-truncate","actual_records":"0:a:1000;1:b:1000;","expected_records":"0:a:1000;1:b:1000;","passed":true}
{"case":"log.truncate-below-commit-rejected","actual_exception":"IllegalArgumentException","expected_exception":"IllegalArgumentException","passed":true}
{"case":"log.rejected-truncation-keeps-end","actual":3,"expected":3,"passed":true}
{"case":"log.truncate-at-commit-removes-only-suffix","actual":2,"expected":2,"passed":true}
{"case":"log.truncation-keeps-high-watermark","actual":2,"expected":2,"passed":true}
{"case":"log.committed-prefix-exact-after-truncate","actual_records":"0:a:1000;1:b:1000;","expected_records":"0:a:1000;1:b:1000;","passed":true}
{"case":"log.new-epoch-suffix","actual":3,"expected":3,"passed":true}
{"case":"log.epoch5-end","actual":2,"expected":2,"passed":true}
{"case":"log.truncate-divergent-epoch-to-matching-end","actual":2,"expected":2,"passed":true}
{"case":"log.divergent-suffix-removed","actual":2,"expected":2,"passed":true}
{"case":"log.divergent-truncation-cannot-remove-commit","actual_exception":"IllegalArgumentException","expected_exception":"IllegalArgumentException","passed":true}
{"case":"log.synced-truncation-survives-reopen","actual":2,"expected":2,"passed":true}
{"case":"log.reopened-epoch","actual":5,"expected":5,"passed":true}
{"case":"log.reopened-high-watermark-component-reset","actual":0,"expected":0,"passed":true}
{"case":"log.synced-exact-prefix-survives-reopen","actual_records":"0:a:1000;1:b:1000;","expected_records":"0:a:1000;1:b:1000;","passed":true}
{"summary":true,"checks":55,"passed":true}
