   Compiling libc v0.2.189
   Compiling cfg-if v1.0.4
   Compiling shlex v2.0.1
   Compiling find-msvc-tools v0.1.11
   Compiling cc v1.4.4
   Compiling typenum v1.20.1
   Compiling proc-macro2 v1.0.107
   Compiling hybrid-array v0.4.14
   Compiling ring v0.17.14
   Compiling quote v1.0.47
   Compiling unicode-ident v1.0.24
   Compiling zeroize v1.9.0
   Compiling cmov v0.5.4
   Compiling ctutils v0.4.2
   Compiling rustls-pki-types v1.15.1
   Compiling block-buffer v0.12.1
   Compiling crypto-common v0.2.2
   Compiling getrandom v0.2.17
   Compiling semver v1.0.28
   Compiling const-oid v0.10.2
   Compiling untrusted v0.9.0
   Compiling digest v0.11.3
   Compiling rustc_version v0.4.1
   Compiling syn v3.0.4
   Compiling errno v0.3.14
   Compiling rustls v0.23.45
   Compiling parking_lot_core v0.9.12
   Compiling crc32fast v1.5.1
   Compiling signal-hook-registry v1.4.8
   Compiling tokio-macros v2.7.2
   Compiling crc32c v0.6.8
   Compiling rustls-webpki v0.103.15
   Compiling mio v1.2.2
   Compiling socket2 v0.6.5
   Compiling adler2 v2.0.1
   Compiling pin-project-lite v0.2.17
   Compiling getrandom v0.4.3
   Compiling smallvec v1.15.2
   Compiling snap v1.1.2
   Compiling scopeguard v1.2.0
   Compiling subtle v2.6.1
   Compiling bytes v1.12.1
   Compiling once_cell v1.21.4
   Compiling simd-adler32 v0.3.10
   Compiling miniz_oxide v0.9.1
   Compiling tokio v1.53.1
   Compiling lock_api v0.4.14
   Compiling hmac v0.13.0
   Compiling cpufeatures v0.3.1
   Compiling twox-hash v2.1.2
   Compiling zlib-rs v0.6.8
   Compiling flate2 v1.1.10
   Compiling lz4_flex v0.14.0
   Compiling sha2 v0.11.0
   Compiling pbkdf2 v0.13.0
   Compiling parking_lot v0.12.5
   Compiling tokio-rustls v0.26.5
   Compiling webpki-roots v1.0.9
   Compiling base64 v0.23.1
   Compiling partitionline v0.1.0 (/workspace/work/client-share-assessment/immutable-12f43986)
    Finished `test` profile [unoptimized] target(s) in 37.12s
     Running tests/share_semantics.rs (/workspace/work/client-share-target/debug/deps/share_semantics-30b3c9323593945c)

running 1 test
SHARE_V2_LIVE_REPORT {"schema_version":1,"source_sha":"12f4398662044947ae653f07923290127457f2ef","reference":"apache/kafka:4.3.1@sha256:77e3df9054047a88b520d0cc46e16696d3b22022e1d580aeccd2632df6532837","finalized_features":{"eligible.leader.replicas.version": [1, 1], "group.version": [1, 1], "metadata.version": [30, 30], "share.version": [1, 1], "streams.version": [1, 1], "transaction.version": [2, 2]},"runtime_version":2,"acquire_mode":"record_limit","lock_ms":15000,"accepted_offsets":[0,1,2,3],"release_delivery_count":3,"expiry_delivery_count":2,"renew":"successful","disposition":"supported"}
test live_current_v2_share_delivery_renew_release_expiry_accept ... ok

test result: ok. 1 passed; 0 failed; 0 ignored; 0 measured; 19 filtered out; finished in 20.68s

