$ taskset -c 0-2,4 cargo +stable clippy --locked --lib --test client_capabilities --all-features -- -D warnings
    Checking libc v0.2.189
    Checking cfg-if v1.0.4
    Checking typenum v1.20.1
    Checking hybrid-array v0.4.14
    Checking zeroize v1.9.0
    Checking cmov v0.5.4
    Checking ctutils v0.4.2
    Checking rustls-pki-types v1.15.1
    Checking crypto-common v0.2.2
    Checking block-buffer v0.12.1
    Checking getrandom v0.2.17
    Checking const-oid v0.10.2
    Checking once_cell v1.21.4
    Checking untrusted v0.9.0
    Checking ring v0.17.14
    Checking digest v0.11.3
    Checking errno v0.3.14
    Checking pin-project-lite v0.2.17
    Checking signal-hook-registry v1.4.8
    Checking rustls-webpki v0.103.15
    Checking mio v1.2.2
    Checking socket2 v0.6.5
    Checking bytes v1.12.1
    Checking smallvec v1.15.2
    Checking scopeguard v1.2.0
    Checking simd-adler32 v0.3.10
    Checking subtle v2.6.1
    Checking adler2 v2.0.1
    Checking miniz_oxide v0.9.1
    Checking rustls v0.23.45
    Checking lock_api v0.4.14
    Checking parking_lot_core v0.9.12
    Checking tokio v1.53.1
    Checking crc32fast v1.5.1
    Checking hmac v0.13.0
    Checking tracing-core v0.1.36
    Checking cpufeatures v0.3.1
    Checking twox-hash v2.1.2
    Checking zlib-rs v0.6.8
    Checking flate2 v1.1.10
    Checking lz4_flex v0.14.0
    Checking sha2 v0.11.0
    Checking tracing v0.1.44
    Checking pbkdf2 v0.13.0
    Checking crc32c v0.6.8
    Checking tokio-rustls v0.26.5
    Checking parking_lot v0.12.5
    Checking getrandom v0.4.3
    Checking snap v1.1.2
    Checking webpki-roots v1.0.9
    Checking base64 v0.23.1
    Checking partitionline v0.1.0 (/workspace/partitionline)
error: this loop could be written as a `while let` loop
  --> tests/client_capabilities.rs:64:13
   |
64 | /             loop {
65 | |                 let Ok(length) = stream.read_i32().await else {
66 | |                     break;
67 | |                 };
...  |
98 | |                 stream.write_all(&packet).await.unwrap();
99 | |             }
   | |_____________^ help: try: `while let Ok(length) = stream.read_i32().await { .. }`
   |
   = help: for further information visit https://rust-lang.github.io/rust-clippy/rust-1.99.0/index.html#while_let_loop
   = note: `-D clippy::while-let-loop` implied by `-D warnings`
   = help: to override `-D warnings` add `#[allow(clippy::while_let_loop)]`

error: unnecessary use of `clone` to create a slice from a reference
   --> tests/client_capabilities.rs:287:32
    |
287 |         admin.describe_configs(&[resource.clone()], false).await,
    |                                ^^^^^^^^^^^^^^^^^^^ help: try: `std::slice::from_ref(&resource)`
    |
    = help: for further information visit https://rust-lang.github.io/rust-clippy/rust-1.99.0/index.html#cloned_ref_to_slice_refs
    = note: `-D clippy::cloned-ref-to-slice-refs` implied by `-D warnings`
    = help: to override `-D warnings` add `#[allow(clippy::cloned_ref_to_slice_refs)]`

error: could not compile `partitionline` (test "client_capabilities") due to 2 previous errors
