   Compiling libc v0.2.190
   Compiling cfg-if v1.0.5
   Compiling find-msvc-tools v0.1.14
   Compiling shlex v2.0.1
   Compiling cc v1.5.1
   Compiling proc-macro2 v1.0.107
   Compiling typenum v1.20.1
   Compiling hybrid-array v0.4.15
   Compiling ring v0.17.14
   Compiling unicode-ident v1.0.26
   Compiling quote v1.0.47
   Compiling cmov v0.5.4
   Compiling zeroize v1.9.0
   Compiling rustls-pki-types v1.15.1
   Compiling ctutils v0.4.2
   Compiling crypto-common v0.2.2
   Compiling block-buffer v0.12.1
   Compiling getrandom v0.2.17
   Compiling untrusted v0.9.0
   Compiling semver v1.0.28
   Compiling const-oid v0.10.2
   Compiling digest v0.11.3
   Compiling rustc_version v0.4.1
   Compiling syn v3.0.6
   Compiling errno v0.3.14
   Compiling parking_lot_core v0.9.12
   Compiling crc32fast v1.5.2
   Compiling rustls v0.23.45
   Compiling signal-hook-registry v1.4.8
   Compiling tokio-macros v2.7.2
   Compiling rustls-webpki v0.103.15
   Compiling crc32c v0.6.8
   Compiling mio v1.2.3
   Compiling socket2 v0.6.5
   Compiling snap v1.1.2
   Compiling smallvec v1.16.2
   Compiling subtle v2.6.1
   Compiling bytes v1.12.1
   Compiling scopeguard v1.2.0
   Compiling once_cell v1.21.4
   Compiling pin-project-lite v0.2.17
   Compiling simd-adler32 v0.3.10
   Compiling adler2 v2.0.1
   Compiling getrandom v0.4.3
   Compiling miniz_oxide v0.9.1
   Compiling tokio v1.53.1
   Compiling lock_api v0.4.14
   Compiling hmac v0.13.0
   Compiling cpufeatures v0.3.1
   Compiling zlib-rs v0.6.8
   Compiling twox-hash v2.1.4
   Compiling lz4_flex v0.14.0
   Compiling flate2 v1.1.10
   Compiling sha2 v0.11.0
   Compiling pbkdf2 v0.13.0
   Compiling parking_lot v0.12.5
   Compiling tokio-rustls v0.26.6
   Compiling webpki-roots v1.0.9
   Compiling base64 v0.23.1
   Compiling partitionline v0.1.0 (/workspace/work/retention-final-d147bcf1/source)
   Compiling partitionline-retention-peer v0.0.0 (/workspace/work/retention-final-d147bcf1/source/docs/evidence/broker/KL11-10/peers/rust-adopter)
    Finished `dev` profile [unoptimized] target(s) in 34.39s
