[INFO] producing to a new topic for the first time, fetching metadata to learn its partitions; topic: nullbroker-peer
[INFO] immediate metadata update triggered; why: forced load because we are producing to a topic for the first time
[DEBUG] opening connection to broker; addr: 127.0.0.1:51989, broker: seed_0
[DEBUG] connection opened to broker; addr: 127.0.0.1:51989, broker: seed_0
[DEBUG] issuing api versions request; broker: seed_0, version: 5
[DEBUG] wrote ApiVersions v5; broker: seed_0, bytes_written: 57, write_wait: 22.223µs, time_to_write: 20.301µs, err: <nil>
[DEBUG] read ApiVersions v5; broker: seed_0, bytes_read: 20, read_wait: 28.032µs, time_to_read: 3.538161ms, err: <nil>
[DEBUG] broker does not know our ApiVersions version but replied version 4, downgrading to version 4 and retrying; broker: seed_0
[DEBUG] issuing api versions request; broker: seed_0, version: 4
[DEBUG] wrote ApiVersions v4; broker: seed_0, bytes_written: 52, write_wait: 11.267µs, time_to_write: 20µs, err: <nil>
[DEBUG] read ApiVersions v4; broker: seed_0, bytes_read: 65, read_wait: 15.374µs, time_to_read: 47.980725ms, err: <nil>
[DEBUG] connection initialized successfully; addr: 127.0.0.1:51989, broker: seed_0
[DEBUG] wrote Metadata v13; broker: seed_0, bytes_written: 76, write_wait: 52.345405ms, time_to_write: 14.762µs, err: <nil>
[DEBUG] read Metadata v13; broker: seed_0, bytes_read: 120, read_wait: 40µs, time_to_read: 43.799684ms, err: <nil>
[DEBUG] metadata refresh new produce partition; topic: nullbroker-peer, partition: 0, leader: 0, leader_epoch: -1
[INFO] done waiting on metadata for new topic; topic: nullbroker-peer
[INFO] skipping producer id initialization because the client was configured to disable idempotent writes
[DEBUG] rewinding produce sequence to resend pending batches; topic: nullbroker-peer, partition: 0, rewind_from: 0, rewind_to: 0, pending_batches: 1
[DEBUG] rewinding produce sequence to resend pending batches; topic: nullbroker-peer, partition: 0, rewind_from: 0, rewind_to: 0, pending_batches: 0
records have timed out before they were able to be produced
