SLF4J: Failed to load class "org.slf4j.impl.StaticLoggerBinder".
SLF4J: Defaulting to no-operation (NOP) logger implementation
SLF4J: See http://www.slf4j.org/codes.html#StaticLoggerBinder for further details.
{"case":"ordinary-mixed-input.file-budget","actual":"true","expected":"true","passed":true}
{"case":"ordinary-mixed-input.full-consumption","actual":"227","expected":"227","passed":true}
{"case":"filter.first.offsets","actual":"[2, 4, 5, 7]","expected":"[2, 4, 5, 7]","passed":true}
{"case":"filter.first.delete-horizon","actual":"3000","expected":"3000","passed":true}
{"case":"filter.first.original-extent","actual":"7","expected":"7","passed":true}
{"case":"filter.first.timestamps","actual":"1013","expected":"1013","passed":true}
{"case":"filter-first-horizon-sparse.file-budget","actual":"true","expected":"true","passed":true}
{"case":"filter-first-horizon-sparse.full-consumption","actual":"143","expected":"143","passed":true}
{"case":"filter.expired.offsets","actual":"[2, 5]","expected":"[2, 5]","passed":true}
{"case":"filter.expired.horizon-preserved","actual":"3000","expected":"3000","passed":true}
{"case":"filter.expired.max-recomputed","actual":"1011","expected":"1011","passed":true}
{"case":"filter-horizon-no-tombstones-sparse.file-budget","actual":"true","expected":"true","passed":true}
{"case":"filter-horizon-no-tombstones-sparse.full-consumption","actual":"103","expected":"103","passed":true}
{"case":"filter.empty.bytes","actual":"61","expected":"61","passed":true}
{"case":"filter.empty.count","actual":"0","expected":"0","passed":true}
{"case":"filter.empty.extent","actual":"7","expected":"7","passed":true}
{"case":"filter.empty.horizon-cleared","actual":"true","expected":"true","passed":true}
{"case":"filter.empty.base-time","actual":"-1","expected":"-1","passed":true}
{"case":"filter.empty.max-time","actual":"1013","expected":"1013","passed":true}
{"case":"filter-retain-empty-61.file-budget","actual":"true","expected":"true","passed":true}
{"case":"filter-retain-empty-61.full-consumption","actual":"61","expected":"61","passed":true}
{"case":"filter.delete-empty.bytes","actual":"0","expected":"0","passed":true}
{"case":"filter-delete-empty-output.file-budget","actual":"true","expected":"true","passed":true}
{"case":"filter-delete-empty-output.full-consumption","actual":"0","expected":"0","passed":true}
{"case":"filter.unchanged.exact-bytes","actual":"true","expected":"true","passed":true}
{"case":"filter-ordinary-unchanged.file-budget","actual":"true","expected":"true","passed":true}
{"case":"filter-ordinary-unchanged.full-consumption","actual":"101","expected":"101","passed":true}
{"case":"filter.leading.base-preserved","actual":"32","expected":"32","passed":true}
{"case":"filter.leading.base-time","actual":"1010","expected":"1010","passed":true}
{"case":"filter-leading-gap.file-budget","actual":"true","expected":"true","passed":true}
{"case":"filter-leading-gap.full-consumption","actual":"81","expected":"81","passed":true}
{"case":"filter.trailing.last-preserved","actual":"33","expected":"33","passed":true}
{"case":"filter-trailing-gap.file-budget","actual":"true","expected":"true","passed":true}
{"case":"filter-trailing-gap.full-consumption","actual":"81","expected":"81","passed":true}
{"case":"filter.empty-key.retained","actual":"[5]","expected":"[5]","passed":true}
{"case":"filter.empty-key.present","actual":"true","expected":"true","passed":true}
{"case":"filter-empty-key-sparse.file-budget","actual":"true","expected":"true","passed":true}
{"case":"filter-empty-key-sparse.full-consumption","actual":"79","expected":"79","passed":true}
{"case":"filter.unknown-time.horizon","actual":"3000","expected":"3000","passed":true}
{"case":"filter.unknown-time.max","actual":"-1","expected":"-1","passed":true}
{"case":"filter-unknown-time-horizon.file-budget","actual":"true","expected":"true","passed":true}
{"case":"filter-unknown-time-horizon.full-consumption","actual":"106","expected":"106","passed":true}
{"case":"cleaner-mixed-active-protected.file-budget","actual":"true","expected":"true","passed":true}
{"case":"cleaner-mixed-active-protected.full-consumption","actual":"118","expected":"118","passed":true}
{"case":"cleaner-mixed-input.file-budget","actual":"true","expected":"true","passed":true}
{"case":"cleaner-mixed-input.full-consumption","actual":"227","expected":"227","passed":true}
{"case":"clean.boundary.8.2000","actual":"8","expected":"8","passed":true}
{"case":"cleaner.null-keys.invalid","actual":"2","expected":"2","passed":true}
{"case":"cleaner.first.offsets","actual":"[2, 4, 5, 7]","expected":"[2, 4, 5, 7]","passed":true}
{"case":"cleaner.first.horizon","actual":"3000","expected":"3000","passed":true}
{"case":"cleaner-first-horizon-sparse.file-budget","actual":"true","expected":"true","passed":true}
{"case":"cleaner-first-horizon-sparse.full-consumption","actual":"143","expected":"143","passed":true}
{"case":"cleaner.first.active-unchanged","actual":"true","expected":"true","passed":true}
{"case":"clean.boundary.8.2999","actual":"8","expected":"8","passed":true}
{"case":"cleaner.before-horizon.offsets","actual":"[2, 4, 5, 7]","expected":"[2, 4, 5, 7]","passed":true}
{"case":"cleaner-before-horizon-sparse.file-budget","actual":"true","expected":"true","passed":true}
{"case":"cleaner-before-horizon-sparse.full-consumption","actual":"143","expected":"143","passed":true}
{"case":"clean.boundary.8.3000","actual":"8","expected":"8","passed":true}
{"case":"cleaner.at-horizon.offsets","actual":"[2, 5]","expected":"[2, 4, 5, 7]","passed":false}
Exception in thread "main" java.lang.AssertionError: cleaner.at-horizon.offsets
	at ApacheCompactionProbe.check(ApacheCompactionProbe.java:65)
	at ApacheCompactionProbe.cleaners(ApacheCompactionProbe.java:260)
	at ApacheCompactionProbe.main(ApacheCompactionProbe.java:308)
