    Checking typenum v1.20.1
    Checking generic-array v0.14.7
    Checking futures-core v0.3.34
    Checking serde_core v1.0.228
    Checking futures-task v0.3.34
    Checking slab v0.4.12
    Checking pin-project-lite v0.2.17
    Checking futures-util v0.3.34
    Checking num_enum v0.7.6
    Checking libc v0.2.190
    Checking zmij v1.0.23
    Checking crypto-common v0.1.7
    Checking block-buffer v0.10.4
    Checking itoa v1.0.18
    Checking memchr v2.8.3
    Checking serde_json v1.0.149
    Checking serde v1.0.228
    Checking digest v0.10.7
    Checking rdkafka-sys v4.10.0+2.12.1
    Checking futures-channel v0.3.34
    Checking log v0.4.34
    Checking cpufeatures v0.2.17
    Checking cfg-if v1.0.5
    Checking sha2 v0.10.9
    Checking rdkafka v0.39.0
    Checking futures-executor v0.3.31
    Checking partitionline-rust-rdkafka-peer v0.1.0 (/workspace/work/rust-peer-source-18194a1a/benchmarks/peers/rust)
    Finished `dev` profile [unoptimized] target(s) in 7.01s
