   Compiling libc v0.2.189
    Checking cfg-if v1.0.5
    Checking typenum v1.20.1
   Compiling find-msvc-tools v0.1.14
   Compiling shlex v2.0.1
   Compiling proc-macro2 v1.0.107
   Compiling cc v1.5.1
   Compiling unicode-ident v1.0.26
   Compiling quote v1.0.47
   Compiling version_check v0.9.5
   Compiling generic-array v0.14.7
    Checking hybrid-array v0.4.15
    Checking cmov v0.5.4
    Checking zeroize v1.9.0
    Checking getrandom v0.2.17
    Checking rustls-pki-types v1.15.1
    Checking crypto-common v0.2.2
    Checking ctutils v0.4.2
    Checking block-buffer v0.12.1
   Compiling ring v0.17.14
    Checking untrusted v0.9.0
    Checking const-oid v0.10.2
   Compiling semver v1.0.28
   Compiling syn v3.0.6
    Checking digest v0.11.3
   Compiling rustc_version v0.4.1
    Checking errno v0.3.14
   Compiling parking_lot_core v0.9.12
   Compiling crc32fast v1.5.2
   Compiling rustls v0.23.45
    Checking signal-hook-registry v1.4.8
   Compiling crc32c v0.6.8
    Checking socket2 v0.6.5
    Checking mio v1.2.3
   Compiling snap v1.1.2
    Checking smallvec v1.16.2
    Checking subtle v2.6.1
   Compiling serde_core v1.0.229
    Checking scopeguard v1.2.0
    Checking once_cell v1.21.4
   Compiling getrandom v0.4.3
    Checking simd-adler32 v0.3.10
    Checking pin-project-lite v0.2.17
    Checking bytes v1.12.1
    Checking adler2 v2.0.1
   Compiling zmij v1.0.23
    Checking miniz_oxide v0.9.1
    Checking lock_api v0.4.14
    Checking block-buffer v0.10.4
    Checking crypto-common v0.1.7
    Checking hmac v0.13.0
   Compiling serde_json v1.0.151
    Checking cpufeatures v0.3.1
    Checking twox-hash v2.1.4
    Checking zlib-rs v0.6.8
    Checking lz4_flex v0.14.0
    Checking sha2 v0.11.0
    Checking pbkdf2 v0.13.0
    Checking digest v0.10.7
    Checking rustls-webpki v0.103.15
    Checking parking_lot v0.12.5
    Checking flate2 v1.1.10
   Compiling tokio-macros v2.7.2
    Checking tokio v1.53.1
    Checking webpki-roots v1.0.9
    Checking base64 v0.23.1
    Checking cpufeatures v0.2.17
    Checking itoa v1.0.18
    Checking memchr v2.8.3
    Checking sha2 v0.10.9
    Checking deranged v0.5.8
    Checking time-core v0.1.9
    Checking powerfmt v0.2.0
    Checking num-conv v0.2.2
    Checking nullbroker v0.1.0 (/workspace/partitionline/benchmarks/nullbroker)
    Checking time v0.3.55
    Checking tokio-rustls v0.26.5
    Checking partitionline v0.1.0 (/workspace/partitionline)
    Checking codec v0.1.0 (/workspace/partitionline/benchmarks/codec)
    Checking runtime v0.1.0 (/workspace/partitionline/benchmarks/runtime)
error[E0432]: unresolved import `parking_lot`
   --> src/bin/native-latency-runtime.rs:251:9
    |
251 |     use parking_lot::Mutex;
    |         ^^^^^^^^^^^ use of unresolved module or unlinked crate `parking_lot`
    |
    = help: if you wanted to use a crate named `parking_lot`, use `cargo add parking_lot` to add it to your `Cargo.toml`

For more information about this error, try `rustc --explain E0432`.
error: could not compile `runtime` (bin "native-latency-runtime") due to 1 previous error
warning: build failed, waiting for other jobs to finish...
error: could not compile `runtime` (bin "native-latency-runtime" test) due to 1 previous error
error[E0507]: cannot move out of an `Arc`
    --> src/main.rs:496:17
     |
 496 |     rt.block_on(producer.close())
     |                 ^^^^^^^^ ------- value moved due to this method call
     |                 |
     |                 move occurs because value has type `Producer`, which does not implement the `Copy` trait
     |
note: `partitionline::Producer::close` takes ownership of the receiver `self`, which moves value
    --> /workspace/partitionline/src/producer.rs:2907:24
     |
2907 |     pub async fn close(self) -> Result<()> {
     |                        ^^^^
help: you can `clone` the value and consume it, but this might not be your desired behavior
     |
 496 |     rt.block_on(<Producer as Clone>::clone(&producer).close())
     |                 ++++++++++++++++++++++++++++        +

error[E0382]: use of moved value: `consumer`
    --> src/main.rs:677:10
     |
 653 |     let mut consumer = rt
     |         ------------ move occurs because `consumer` has type `partitionline::Consumer`, which does not implement the `Copy` trait
...
 675 |     rt.block_on(consumer.close())
     |                          ------- `consumer` moved due to this method call
 676 |         .map_err(|e| format!("consumer close: {e}"))?;
 677 |     drop(consumer);
     |          ^^^^^^^^ value used here after move
     |
note: `partitionline::Consumer::close` takes ownership of the receiver `self`, which moves `consumer`
    --> /workspace/partitionline/src/consumer.rs:2867:24
     |
2867 |     pub async fn close(self) -> Result<()> {
     |                        ^^^^

Some errors have detailed explanations: E0382, E0507.
For more information about an error, try `rustc --explain E0382`.
error: could not compile `runtime` (bin "runtime") due to 2 previous errors
