start 000-primary-r1-multi_thread_5-nb-fetch-bulk
done 000-primary-r1-multi_thread_5-nb-fetch-bulk
start 001-primary-r1-multi_thread_2-nb-fetch-bulk
done 001-primary-r1-multi_thread_2-nb-fetch-bulk
start 002-primary-r1-multi_thread_4-nb-produce-bulk
done 002-primary-r1-multi_thread_4-nb-produce-bulk
start 003-primary-r1-multi_thread_4-nb-fetch-bulk
done 003-primary-r1-multi_thread_4-nb-fetch-bulk
start 004-primary-r1-multi_thread_1-nb-produce-bulk
done 004-primary-r1-multi_thread_1-nb-produce-bulk
start 005-primary-r1-multi_thread_2-nb-produce-bulk
done 005-primary-r1-multi_thread_2-nb-produce-bulk
start 006-primary-r1-multi_thread_1-nb-fetch-bulk
done 006-primary-r1-multi_thread_1-nb-fetch-bulk
start 007-primary-r1-current_thread-nb-fetch-bulk
done 007-primary-r1-current_thread-nb-fetch-bulk
start 008-primary-r1-current_thread-nb-produce-bulk
done 008-primary-r1-current_thread-nb-produce-bulk
start 009-primary-r1-multi_thread_5-nb-produce-bulk
done 009-primary-r1-multi_thread_5-nb-produce-bulk
start 010-primary-r2-current_thread-nb-produce-bulk
done 010-primary-r2-current_thread-nb-produce-bulk
start 011-primary-r2-current_thread-nb-fetch-bulk
done 011-primary-r2-current_thread-nb-fetch-bulk
start 012-primary-r2-multi_thread_5-nb-fetch-bulk
done 012-primary-r2-multi_thread_5-nb-fetch-bulk
start 013-primary-r2-multi_thread_2-nb-fetch-bulk
done 013-primary-r2-multi_thread_2-nb-fetch-bulk
start 014-primary-r2-multi_thread_4-nb-fetch-bulk
done 014-primary-r2-multi_thread_4-nb-fetch-bulk
start 015-primary-r2-multi_thread_5-nb-produce-bulk
done 015-primary-r2-multi_thread_5-nb-produce-bulk
start 016-primary-r2-multi_thread_1-nb-fetch-bulk
done 016-primary-r2-multi_thread_1-nb-fetch-bulk
start 017-primary-r2-multi_thread_4-nb-produce-bulk
done 017-primary-r2-multi_thread_4-nb-produce-bulk
start 018-primary-r2-multi_thread_2-nb-produce-bulk
done 018-primary-r2-multi_thread_2-nb-produce-bulk
start 019-primary-r2-multi_thread_1-nb-produce-bulk
done 019-primary-r2-multi_thread_1-nb-produce-bulk
start 020-primary-r3-multi_thread_5-nb-produce-bulk
done 020-primary-r3-multi_thread_5-nb-produce-bulk
start 021-primary-r3-multi_thread_4-nb-produce-bulk
done 021-primary-r3-multi_thread_4-nb-produce-bulk
start 022-primary-r3-multi_thread_2-nb-fetch-bulk
done 022-primary-r3-multi_thread_2-nb-fetch-bulk
start 023-primary-r3-multi_thread_2-nb-produce-bulk
done 023-primary-r3-multi_thread_2-nb-produce-bulk
start 024-primary-r3-multi_thread_4-nb-fetch-bulk
done 024-primary-r3-multi_thread_4-nb-fetch-bulk
start 025-primary-r3-current_thread-nb-fetch-bulk
done 025-primary-r3-current_thread-nb-fetch-bulk
start 026-primary-r3-multi_thread_5-nb-fetch-bulk
done 026-primary-r3-multi_thread_5-nb-fetch-bulk
start 027-primary-r3-multi_thread_1-nb-fetch-bulk
done 027-primary-r3-multi_thread_1-nb-fetch-bulk
start 028-primary-r3-multi_thread_1-nb-produce-bulk
done 028-primary-r3-multi_thread_1-nb-produce-bulk
start 029-primary-r3-current_thread-nb-produce-bulk
done 029-primary-r3-current_thread-nb-produce-bulk
start 030-primary-r4-multi_thread_2-nb-fetch-bulk
done 030-primary-r4-multi_thread_2-nb-fetch-bulk
start 031-primary-r4-multi_thread_2-nb-produce-bulk
done 031-primary-r4-multi_thread_2-nb-produce-bulk
start 032-primary-r4-multi_thread_1-nb-produce-bulk
done 032-primary-r4-multi_thread_1-nb-produce-bulk
start 033-primary-r4-multi_thread_5-nb-produce-bulk
done 033-primary-r4-multi_thread_5-nb-produce-bulk
start 034-primary-r4-current_thread-nb-fetch-bulk
done 034-primary-r4-current_thread-nb-fetch-bulk
start 035-primary-r4-multi_thread_4-nb-fetch-bulk
done 035-primary-r4-multi_thread_4-nb-fetch-bulk
start 036-primary-r4-multi_thread_4-nb-produce-bulk
done 036-primary-r4-multi_thread_4-nb-produce-bulk
start 037-primary-r4-multi_thread_1-nb-fetch-bulk
done 037-primary-r4-multi_thread_1-nb-fetch-bulk
start 038-primary-r4-current_thread-nb-produce-bulk
done 038-primary-r4-current_thread-nb-produce-bulk
start 039-primary-r4-multi_thread_5-nb-fetch-bulk
done 039-primary-r4-multi_thread_5-nb-fetch-bulk
start 040-primary-r5-multi_thread_4-nb-produce-bulk
done 040-primary-r5-multi_thread_4-nb-produce-bulk
start 041-primary-r5-multi_thread_5-nb-produce-bulk
done 041-primary-r5-multi_thread_5-nb-produce-bulk
start 042-primary-r5-multi_thread_2-nb-produce-bulk
done 042-primary-r5-multi_thread_2-nb-produce-bulk
start 043-primary-r5-multi_thread_1-nb-fetch-bulk
done 043-primary-r5-multi_thread_1-nb-fetch-bulk
start 044-primary-r5-current_thread-nb-fetch-bulk
done 044-primary-r5-current_thread-nb-fetch-bulk
start 045-primary-r5-multi_thread_1-nb-produce-bulk
done 045-primary-r5-multi_thread_1-nb-produce-bulk
start 046-primary-r5-multi_thread_5-nb-fetch-bulk
done 046-primary-r5-multi_thread_5-nb-fetch-bulk
start 047-primary-r5-current_thread-nb-produce-bulk
done 047-primary-r5-current_thread-nb-produce-bulk
start 048-primary-r5-multi_thread_4-nb-fetch-bulk
done 048-primary-r5-multi_thread_4-nb-fetch-bulk
start 049-primary-r5-multi_thread_2-nb-fetch-bulk
done 049-primary-r5-multi_thread_2-nb-fetch-bulk
start 050-reproduce-r1-current_thread-nb-produce-bulk
done 050-reproduce-r1-current_thread-nb-produce-bulk
start 051-reproduce-r1-current_thread-nb-fetch-bulk
done 051-reproduce-r1-current_thread-nb-fetch-bulk
start 052-reproduce-r2-current_thread-nb-produce-bulk
done 052-reproduce-r2-current_thread-nb-produce-bulk
start 053-reproduce-r2-current_thread-nb-fetch-bulk
done 053-reproduce-r2-current_thread-nb-fetch-bulk
start 054-reproduce-r3-current_thread-nb-produce-bulk
done 054-reproduce-r3-current_thread-nb-produce-bulk
start 055-reproduce-r3-current_thread-nb-fetch-bulk
done 055-reproduce-r3-current_thread-nb-fetch-bulk
start 056-reproduce-r4-current_thread-nb-produce-bulk
done 056-reproduce-r4-current_thread-nb-produce-bulk
start 057-reproduce-r4-current_thread-nb-fetch-bulk
done 057-reproduce-r4-current_thread-nb-fetch-bulk
start 058-reproduce-r5-current_thread-nb-produce-bulk
done 058-reproduce-r5-current_thread-nb-produce-bulk
start 059-reproduce-r5-current_thread-nb-fetch-bulk
done 059-reproduce-r5-current_thread-nb-fetch-bulk
