[2026-10-08 01:31:11,236] INFO [QuorumController id=1] Registering periodic task writeNoOpRecord to run every 500 ms (org.apache.kafka.controller.PeriodicTaskControlManager)
[2026-10-08 01:31:11,236] INFO [QuorumController id=1] Registering periodic task maybeFenceStaleBroker to run every 1125 ms (org.apache.kafka.controller.PeriodicTaskControlManager)
[2026-10-08 01:31:11,236] INFO [QuorumController id=1] Registering periodic task electPreferred to run every 300000 ms (org.apache.kafka.controller.PeriodicTaskControlManager)
[2026-10-08 01:31:11,236] INFO [QuorumController id=1] Registering periodic task electUnclean to run every 300000 ms (org.apache.kafka.controller.PeriodicTaskControlManager)
[2026-10-08 01:31:11,237] INFO [QuorumController id=1] Registering periodic task expireDelegationTokens to run every 3600000 ms (org.apache.kafka.controller.PeriodicTaskControlManager)
[2026-10-08 01:31:11,237] INFO [QuorumController id=1] Registering periodic task generatePeriodicPerformanceMessage to run every 60000 ms (org.apache.kafka.controller.PeriodicTaskControlManager)
[2026-10-08 01:31:11,237] INFO [QuorumController id=1] Creating new QuorumController with clusterId p3eADusVQeSkUwCtphkTuw (org.apache.kafka.controller.QuorumController)
[2026-10-08 01:31:11,241] INFO [QuorumController id=1] Becoming the active controller at epoch 1, next write offset 1. (org.apache.kafka.controller.QuorumController)
[2026-10-08 01:31:11,245] WARN [QuorumController id=1] Performing controller activation. The metadata log appears to be empty. Appending 6 bootstrap record(s) in metadata transaction at metadata.version 4.3-IV0 from bootstrap source 'the binary bootstrap metadata file: /workspace/work/open-cards-20261006/update-features-retries-20261008/native-all-01/qualification/4.3.1-native/data/bootstrap.checkpoint'. (org.apache.kafka.controller.QuorumController)
[2026-10-08 01:31:11,248] INFO [QuorumController id=1] Replayed BeginTransactionRecord(name='Bootstrap records') at offset 1. (org.apache.kafka.controller.OffsetControlManager)
[2026-10-08 01:31:11,249] INFO [QuorumController id=1] Replayed a FeatureLevelRecord setting metadata.version to 4.3-IV0 (org.apache.kafka.controller.FeatureControlManager)
[2026-10-08 01:31:11,249] INFO [QuorumController id=1] Replayed a FeatureLevelRecord setting feature eligible.leader.replicas.version to 1 (org.apache.kafka.controller.FeatureControlManager)
[2026-10-08 01:31:11,249] INFO [QuorumController id=1] Replayed a FeatureLevelRecord setting feature group.version to 1 (org.apache.kafka.controller.FeatureControlManager)
[2026-10-08 01:31:11,250] INFO [QuorumController id=1] Replayed a FeatureLevelRecord setting feature share.version to 1 (org.apache.kafka.controller.FeatureControlManager)
[2026-10-08 01:31:11,250] INFO [QuorumController id=1] Replayed a FeatureLevelRecord setting feature streams.version to 1 (org.apache.kafka.controller.FeatureControlManager)
[2026-10-08 01:31:11,250] INFO [QuorumController id=1] Replayed a FeatureLevelRecord setting feature transaction.version to 2 (org.apache.kafka.controller.FeatureControlManager)
[2026-10-08 01:31:11,250] INFO [QuorumController id=1] Replayed ConfigRecord for ConfigResource(type=BROKER, name='') which set configuration min.insync.replicas to 1 (org.apache.kafka.controller.ConfigurationControlManager)
[2026-10-08 01:31:11,250] INFO [QuorumController id=1] Replayed EndTransactionRecord() at offset 9. (org.apache.kafka.controller.OffsetControlManager)
[2026-10-08 01:31:11,251] INFO [QuorumController id=1] Activated periodic tasks: electPreferred, electUnclean, expireDelegationTokens, generatePeriodicPerformanceMessage, maybeFenceStaleBroker, writeNoOpRecord (org.apache.kafka.controller.PeriodicTaskControlManager)
[2026-10-08 01:31:11,417] INFO [QuorumController id=1] Replayed RegisterControllerRecord containing ControllerRegistration(id=1, incarnationId=b3q0RXuCT2G4myFjHRBRNQ, zkMigrationReady=false, listeners=[Endpoint(listenerName='CONTROLLER', securityProtocol=PLAINTEXT, host='127.0.0.1', port=44689)], supportedFeatures={eligible.leader.replicas.version: 0-1, group.version: 0-1, kraft.version: 0-1, metadata.version: 7-30, share.version: 0-1, streams.version: 0-1, transaction.version: 0-2}). (org.apache.kafka.controller.ClusterControlManager)
[2026-10-08 01:31:11,522] INFO [QuorumController id=1] No previous registration found for broker 1. New incarnation ID is S7kf3AkLRbauIxFKbBeggA.  Generated 0 record(s) to clean up previous incarnations. New broker epoch is 11. (org.apache.kafka.controller.ClusterControlManager)
[2026-10-08 01:31:11,530] INFO [QuorumController id=1] Replayed initial RegisterBrokerRecord for broker 1: RegisterBrokerRecord(brokerId=1, isMigratingZkBroker=false, incarnationId=S7kf3AkLRbauIxFKbBeggA, brokerEpoch=11, endPoints=[BrokerEndpoint(name='PLAINTEXT', host='127.0.0.1', port=38709, securityProtocol=0)], features=[BrokerFeature(name='share.version', minSupportedVersion=0, maxSupportedVersion=1), BrokerFeature(name='metadata.version', minSupportedVersion=7, maxSupportedVersion=30), BrokerFeature(name='eligible.leader.replicas.version', minSupportedVersion=0, maxSupportedVersion=1), BrokerFeature(name='transaction.version', minSupportedVersion=0, maxSupportedVersion=2), BrokerFeature(name='streams.version', minSupportedVersion=0, maxSupportedVersion=1), BrokerFeature(name='group.version', minSupportedVersion=0, maxSupportedVersion=1), BrokerFeature(name='kraft.version', minSupportedVersion=0, maxSupportedVersion=1)], rack=null, fenced=true, inControlledShutdown=false, logDirs=[168DCQ-t20y9zR6uWlKqgw], cordonedLogDirs=null) (org.apache.kafka.controller.ClusterControlManager)
[2026-10-08 01:31:11,700] INFO [QuorumController id=1] The request from broker 1 to unfence has been granted because it has caught up with the offset of its register broker record 11. (org.apache.kafka.controller.BrokerHeartbeatManager)
[2026-10-08 01:31:11,706] INFO [QuorumController id=1] Replayed BrokerRegistrationChangeRecord modifying the registration for broker 1: BrokerRegistrationChangeRecord(brokerId=1, brokerEpoch=11, fenced=-1, inControlledShutdown=0, logDirs=[], cordonedLogDirs=null) (org.apache.kafka.controller.ClusterControlManager)
[2026-10-08 01:31:11,707] INFO [QuorumController id=1] Replayed BrokerRegistrationChangeRecord modifying the registration for broker 1: BrokerRegistrationChangeRecord(brokerId=1, brokerEpoch=11, fenced=0, inControlledShutdown=0, logDirs=[], cordonedLogDirs=[]) (org.apache.kafka.controller.ClusterControlManager)
[2026-10-08 01:31:12,615] INFO [QuorumController id=1] Verified that 1 broker(s) and 1 controller(s) supported changing metadata.version to feature level 30. (org.apache.kafka.controller.FeatureControlManager)
[2026-10-08 01:31:12,616] WARN [QuorumController id=1] Upgrading metadata.version from 4.3-IV0 to 4.3-IV0. (org.apache.kafka.controller.FeatureControlManager)
[2026-10-08 01:31:12,623] INFO [QuorumController id=1] Verified that 1 broker(s) and 1 controller(s) supported changing metadata.version to feature level 30. (org.apache.kafka.controller.FeatureControlManager)
[2026-10-08 01:31:12,624] WARN [QuorumController id=1] Upgrading metadata.version from 4.3-IV0 to 4.3-IV0. (org.apache.kafka.controller.FeatureControlManager)
[2026-10-08 01:31:12,624] INFO [QuorumController id=1] Replayed a FeatureLevelRecord setting metadata.version to 4.3-IV0 (org.apache.kafka.controller.FeatureControlManager)
[2026-10-08 01:31:12,657] WARN [QuorumController id=1] Invalid update version 1 for feature partitionline.conformance.unknown. Local controller 1 does not support this feature. (org.apache.kafka.controller.FeatureControlManager)
[2026-10-08 01:31:12,666] WARN [QuorumController id=1] Invalid update version 1 for feature partitionline.conformance.unknown. Local controller 1 does not support this feature. (org.apache.kafka.controller.FeatureControlManager)
[2026-10-08 01:31:12,670] WARN [QuorumController id=1] Invalid update version 1 for feature partitionline.conformance.unknown. Local controller 1 does not support this feature. (org.apache.kafka.controller.FeatureControlManager)
[2026-10-08 01:31:13,120] INFO [QuorumController id=1] Verified that 1 broker(s) and 1 controller(s) supported changing metadata.version to feature level 30. (org.apache.kafka.controller.FeatureControlManager)
[2026-10-08 01:31:13,120] WARN [QuorumController id=1] Upgrading metadata.version from 4.3-IV0 to 4.3-IV0. (org.apache.kafka.controller.FeatureControlManager)
[2026-10-08 01:31:13,124] INFO [QuorumController id=1] Verified that 1 broker(s) and 1 controller(s) supported changing metadata.version to feature level 30. (org.apache.kafka.controller.FeatureControlManager)
[2026-10-08 01:31:13,124] WARN [QuorumController id=1] Upgrading metadata.version from 4.3-IV0 to 4.3-IV0. (org.apache.kafka.controller.FeatureControlManager)
[2026-10-08 01:31:13,125] INFO [QuorumController id=1] Replayed a FeatureLevelRecord setting metadata.version to 4.3-IV0 (org.apache.kafka.controller.FeatureControlManager)
[2026-10-08 01:31:13,157] WARN [QuorumController id=1] Invalid update version 1 for feature partitionline.conformance.unknown. Local controller 1 does not support this feature. (org.apache.kafka.controller.FeatureControlManager)
[2026-10-08 01:31:13,160] WARN [QuorumController id=1] Invalid update version 1 for feature partitionline.conformance.unknown. Local controller 1 does not support this feature. (org.apache.kafka.controller.FeatureControlManager)
[2026-10-08 01:31:13,162] WARN [QuorumController id=1] Invalid update version 1 for feature partitionline.conformance.unknown. Local controller 1 does not support this feature. (org.apache.kafka.controller.FeatureControlManager)
[2026-10-08 01:31:13,375] INFO [QuorumController id=1] Unfenced broker 1 has requested and been granted an immediate shutdown. (org.apache.kafka.controller.BrokerHeartbeatManager)
[2026-10-08 01:31:13,376] INFO [QuorumController id=1] Replayed BrokerRegistrationChangeRecord modifying the registration for broker 1: BrokerRegistrationChangeRecord(brokerId=1, brokerEpoch=11, fenced=1, inControlledShutdown=0, logDirs=[], cordonedLogDirs=null) (org.apache.kafka.controller.ClusterControlManager)
[2026-10-08 01:31:13,542] INFO [QuorumController id=1] writeNoOpRecord: event unable to start processing because of RejectedExecutionException (treated as TimeoutException). Exception message: The event queue is shutting down (org.apache.kafka.controller.QuorumController)
[2026-10-08 01:31:13,543] INFO [QuorumController id=1] maybeFenceStaleBroker: event unable to start processing because of RejectedExecutionException (treated as TimeoutException). Exception message: The event queue is shutting down (org.apache.kafka.controller.QuorumController)
[2026-10-08 01:31:13,543] INFO [QuorumController id=1] generatePeriodicPerformanceMessage: event unable to start processing because of RejectedExecutionException (treated as TimeoutException). Exception message: The event queue is shutting down (org.apache.kafka.controller.QuorumController)
[2026-10-08 01:31:13,543] INFO [QuorumController id=1] electPreferred: event unable to start processing because of RejectedExecutionException (treated as TimeoutException). Exception message: The event queue is shutting down (org.apache.kafka.controller.QuorumController)
[2026-10-08 01:31:13,543] INFO [QuorumController id=1] electUnclean: event unable to start processing because of RejectedExecutionException (treated as TimeoutException). Exception message: The event queue is shutting down (org.apache.kafka.controller.QuorumController)
[2026-10-08 01:31:13,543] INFO [QuorumController id=1] expireDelegationTokens: event unable to start processing because of RejectedExecutionException (treated as TimeoutException). Exception message: The event queue is shutting down (org.apache.kafka.controller.QuorumController)
