[2026-10-08T01:31:09.722+0000][gc,init] CardTable entry size: 512
[2026-10-08T01:31:09.722+0000][gc     ] Using G1
[2026-10-08T01:31:09.724+0000][gc,init] Version: 21.0.12.1+1-1-deb13u1-Debian (release)
[2026-10-08T01:31:09.724+0000][gc,init] CPUs: 5 total, 4 available
[2026-10-08T01:31:09.724+0000][gc,init] Memory: 16384M
[2026-10-08T01:31:09.724+0000][gc,init] Large Page Support: Disabled
[2026-10-08T01:31:09.724+0000][gc,init] NUMA Support: Disabled
[2026-10-08T01:31:09.724+0000][gc,init] Compressed Oops: Enabled (32-bit)
[2026-10-08T01:31:09.724+0000][gc,init] Heap Region Size: 1M
[2026-10-08T01:31:09.724+0000][gc,init] Heap Min Capacity: 128M
[2026-10-08T01:31:09.724+0000][gc,init] Heap Initial Capacity: 128M
[2026-10-08T01:31:09.724+0000][gc,init] Heap Max Capacity: 256M
[2026-10-08T01:31:09.724+0000][gc,init] Pre-touch: Disabled
[2026-10-08T01:31:09.724+0000][gc,init] Parallel Workers: 4
[2026-10-08T01:31:09.724+0000][gc,init] Concurrent Workers: 1
[2026-10-08T01:31:09.724+0000][gc,init] Concurrent Refinement Workers: 4
[2026-10-08T01:31:09.724+0000][gc,init] Periodic GC: Disabled
[2026-10-08T01:31:09.730+0000][gc,metaspace] CDS archive(s) mapped at: [0x00007f9103000000-0x00007f9103c9c000-0x00007f9103c9c000), size 13221888, SharedBaseAddress: 0x00007f9103000000, ArchiveRelocationMode: 1.
[2026-10-08T01:31:09.730+0000][gc,metaspace] Compressed class space mapped at: 0x00007f9104000000-0x00007f9144000000, reserved size: 1073741824
[2026-10-08T01:31:09.730+0000][gc,metaspace] Narrow klass base: 0x00007f9103000000, Narrow klass shift: 0, Narrow klass range: 0x100000000
[2026-10-08T01:31:09.819+0000][gc,start    ] GC(0) Pause Young (Normal) (G1 Evacuation Pause)
[2026-10-08T01:31:09.819+0000][gc,task     ] GC(0) Using 3 workers of 4 for evacuation
[2026-10-08T01:31:09.821+0000][gc,phases   ] GC(0)   Pre Evacuate Collection Set: 0.08ms
[2026-10-08T01:31:09.821+0000][gc,phases   ] GC(0)   Merge Heap Roots: 0.04ms
[2026-10-08T01:31:09.821+0000][gc,phases   ] GC(0)   Evacuate Collection Set: 1.13ms
[2026-10-08T01:31:09.821+0000][gc,phases   ] GC(0)   Post Evacuate Collection Set: 0.22ms
[2026-10-08T01:31:09.821+0000][gc,phases   ] GC(0)   Other: 0.27ms
[2026-10-08T01:31:09.821+0000][gc,heap     ] GC(0) Eden regions: 6->0(5)
[2026-10-08T01:31:09.821+0000][gc,heap     ] GC(0) Survivor regions: 0->1(1)
[2026-10-08T01:31:09.821+0000][gc,heap     ] GC(0) Old regions: 2->5
[2026-10-08T01:31:09.821+0000][gc,heap     ] GC(0) Humongous regions: 1->1
[2026-10-08T01:31:09.821+0000][gc,metaspace] GC(0) Metaspace: 1271K(1472K)->1271K(1472K) NonClass: 1163K(1280K)->1163K(1280K) Class: 108K(192K)->108K(192K)
[2026-10-08T01:31:09.821+0000][gc          ] GC(0) Pause Young (Normal) (G1 Evacuation Pause) 8M->5M(130M) 1.918ms
[2026-10-08T01:31:09.821+0000][gc,cpu      ] GC(0) User=0.00s Sys=0.00s Real=0.00s
[2026-10-08T01:31:09.914+0000][gc,start    ] GC(1) Pause Young (Normal) (G1 Evacuation Pause)
[2026-10-08T01:31:09.914+0000][gc,task     ] GC(1) Using 3 workers of 4 for evacuation
[2026-10-08T01:31:09.916+0000][gc,phases   ] GC(1)   Pre Evacuate Collection Set: 0.08ms
[2026-10-08T01:31:09.916+0000][gc,phases   ] GC(1)   Merge Heap Roots: 0.03ms
[2026-10-08T01:31:09.916+0000][gc,phases   ] GC(1)   Evacuate Collection Set: 1.44ms
[2026-10-08T01:31:09.916+0000][gc,phases   ] GC(1)   Post Evacuate Collection Set: 0.57ms
[2026-10-08T01:31:09.916+0000][gc,phases   ] GC(1)   Other: 0.07ms
[2026-10-08T01:31:09.916+0000][gc,heap     ] GC(1) Eden regions: 5->0(5)
[2026-10-08T01:31:09.916+0000][gc,heap     ] GC(1) Survivor regions: 1->1(1)
[2026-10-08T01:31:09.916+0000][gc,heap     ] GC(1) Old regions: 5->6
[2026-10-08T01:31:09.916+0000][gc,heap     ] GC(1) Humongous regions: 1->1
[2026-10-08T01:31:09.916+0000][gc,metaspace] GC(1) Metaspace: 3680K(3904K)->3680K(3904K) NonClass: 3318K(3456K)->3318K(3456K) Class: 361K(448K)->361K(448K)
[2026-10-08T01:31:09.916+0000][gc          ] GC(1) Pause Young (Normal) (G1 Evacuation Pause) 10M->6M(130M) 2.289ms
[2026-10-08T01:31:09.916+0000][gc,cpu      ] GC(1) User=0.01s Sys=0.00s Real=0.01s
[2026-10-08T01:31:10.017+0000][gc,start    ] GC(2) Pause Young (Normal) (G1 Evacuation Pause)
[2026-10-08T01:31:10.017+0000][gc,task     ] GC(2) Using 3 workers of 4 for evacuation
[2026-10-08T01:31:10.020+0000][gc,phases   ] GC(2)   Pre Evacuate Collection Set: 0.18ms
[2026-10-08T01:31:10.020+0000][gc,phases   ] GC(2)   Merge Heap Roots: 0.04ms
[2026-10-08T01:31:10.020+0000][gc,phases   ] GC(2)   Evacuate Collection Set: 1.50ms
[2026-10-08T01:31:10.020+0000][gc,phases   ] GC(2)   Post Evacuate Collection Set: 0.56ms
[2026-10-08T01:31:10.020+0000][gc,phases   ] GC(2)   Other: 0.04ms
[2026-10-08T01:31:10.020+0000][gc,heap     ] GC(2) Eden regions: 5->0(5)
[2026-10-08T01:31:10.020+0000][gc,heap     ] GC(2) Survivor regions: 1->1(1)
[2026-10-08T01:31:10.020+0000][gc,heap     ] GC(2) Old regions: 6->7
[2026-10-08T01:31:10.020+0000][gc,heap     ] GC(2) Humongous regions: 1->1
[2026-10-08T01:31:10.020+0000][gc,metaspace] GC(2) Metaspace: 6807K(6976K)->6807K(6976K) NonClass: 6137K(6208K)->6137K(6208K) Class: 670K(768K)->670K(768K)
[2026-10-08T01:31:10.020+0000][gc          ] GC(2) Pause Young (Normal) (G1 Evacuation Pause) 11M->7M(130M) 2.424ms
[2026-10-08T01:31:10.020+0000][gc,cpu      ] GC(2) User=0.00s Sys=0.00s Real=0.00s
[2026-10-08T01:31:10.084+0000][gc,start    ] GC(3) Pause Young (Normal) (G1 Evacuation Pause)
[2026-10-08T01:31:10.084+0000][gc,task     ] GC(3) Using 3 workers of 4 for evacuation
[2026-10-08T01:31:10.087+0000][gc,phases   ] GC(3)   Pre Evacuate Collection Set: 0.10ms
[2026-10-08T01:31:10.087+0000][gc,phases   ] GC(3)   Merge Heap Roots: 0.04ms
[2026-10-08T01:31:10.087+0000][gc,phases   ] GC(3)   Evacuate Collection Set: 2.72ms
[2026-10-08T01:31:10.087+0000][gc,phases   ] GC(3)   Post Evacuate Collection Set: 0.21ms
[2026-10-08T01:31:10.087+0000][gc,phases   ] GC(3)   Other: 0.05ms
[2026-10-08T01:31:10.087+0000][gc,heap     ] GC(3) Eden regions: 5->0(5)
[2026-10-08T01:31:10.087+0000][gc,heap     ] GC(3) Survivor regions: 1->1(1)
[2026-10-08T01:31:10.087+0000][gc,heap     ] GC(3) Old regions: 7->8
[2026-10-08T01:31:10.087+0000][gc,heap     ] GC(3) Humongous regions: 1->1
[2026-10-08T01:31:10.087+0000][gc,metaspace] GC(3) Metaspace: 8059K(8256K)->8059K(8256K) NonClass: 7214K(7296K)->7214K(7296K) Class: 845K(960K)->845K(960K)
[2026-10-08T01:31:10.087+0000][gc          ] GC(3) Pause Young (Normal) (G1 Evacuation Pause) 12M->7M(130M) 3.216ms
[2026-10-08T01:31:10.087+0000][gc,cpu      ] GC(3) User=0.01s Sys=0.00s Real=0.01s
[2026-10-08T01:31:10.123+0000][gc,start    ] GC(4) Pause Young (Normal) (G1 Evacuation Pause)
[2026-10-08T01:31:10.123+0000][gc,task     ] GC(4) Using 3 workers of 4 for evacuation
[2026-10-08T01:31:10.124+0000][gc,phases   ] GC(4)   Pre Evacuate Collection Set: 0.11ms
[2026-10-08T01:31:10.124+0000][gc,phases   ] GC(4)   Merge Heap Roots: 0.02ms
[2026-10-08T01:31:10.124+0000][gc,phases   ] GC(4)   Evacuate Collection Set: 0.49ms
[2026-10-08T01:31:10.124+0000][gc,phases   ] GC(4)   Post Evacuate Collection Set: 0.21ms
[2026-10-08T01:31:10.124+0000][gc,phases   ] GC(4)   Other: 0.04ms
[2026-10-08T01:31:10.124+0000][gc,heap     ] GC(4) Eden regions: 5->0(5)
[2026-10-08T01:31:10.124+0000][gc,heap     ] GC(4) Survivor regions: 1->1(1)
[2026-10-08T01:31:10.124+0000][gc,heap     ] GC(4) Old regions: 8->8
[2026-10-08T01:31:10.124+0000][gc,heap     ] GC(4) Humongous regions: 1->1
[2026-10-08T01:31:10.124+0000][gc,metaspace] GC(4) Metaspace: 9142K(9344K)->9142K(9344K) NonClass: 8143K(8256K)->8143K(8256K) Class: 999K(1088K)->999K(1088K)
[2026-10-08T01:31:10.124+0000][gc          ] GC(4) Pause Young (Normal) (G1 Evacuation Pause) 12M->7M(130M) 0.962ms
[2026-10-08T01:31:10.124+0000][gc,cpu      ] GC(4) User=0.00s Sys=0.00s Real=0.00s
[2026-10-08T01:31:10.167+0000][gc,start    ] GC(5) Pause Young (Normal) (G1 Evacuation Pause)
[2026-10-08T01:31:10.167+0000][gc,task     ] GC(5) Using 3 workers of 4 for evacuation
[2026-10-08T01:31:10.168+0000][gc,phases   ] GC(5)   Pre Evacuate Collection Set: 0.07ms
[2026-10-08T01:31:10.168+0000][gc,phases   ] GC(5)   Merge Heap Roots: 0.03ms
[2026-10-08T01:31:10.168+0000][gc,phases   ] GC(5)   Evacuate Collection Set: 1.14ms
[2026-10-08T01:31:10.168+0000][gc,phases   ] GC(5)   Post Evacuate Collection Set: 0.18ms
[2026-10-08T01:31:10.168+0000][gc,phases   ] GC(5)   Other: 0.04ms
[2026-10-08T01:31:10.168+0000][gc,heap     ] GC(5) Eden regions: 5->0(7)
[2026-10-08T01:31:10.168+0000][gc,heap     ] GC(5) Survivor regions: 1->1(1)
[2026-10-08T01:31:10.168+0000][gc,heap     ] GC(5) Old regions: 8->8
[2026-10-08T01:31:10.168+0000][gc,heap     ] GC(5) Humongous regions: 1->1
[2026-10-08T01:31:10.168+0000][gc,metaspace] GC(5) Metaspace: 10733K(10944K)->10733K(10944K) NonClass: 9587K(9728K)->9587K(9728K) Class: 1145K(1216K)->1145K(1216K)
[2026-10-08T01:31:10.168+0000][gc          ] GC(5) Pause Young (Normal) (G1 Evacuation Pause) 12M->8M(130M) 1.559ms
[2026-10-08T01:31:10.168+0000][gc,cpu      ] GC(5) User=0.00s Sys=0.00s Real=0.00s
[2026-10-08T01:31:10.264+0000][gc,start    ] GC(6) Pause Young (Normal) (G1 Evacuation Pause)
[2026-10-08T01:31:10.264+0000][gc,task     ] GC(6) Using 3 workers of 4 for evacuation
[2026-10-08T01:31:10.266+0000][gc,phases   ] GC(6)   Pre Evacuate Collection Set: 0.07ms
[2026-10-08T01:31:10.266+0000][gc,phases   ] GC(6)   Merge Heap Roots: 0.05ms
[2026-10-08T01:31:10.266+0000][gc,phases   ] GC(6)   Evacuate Collection Set: 1.47ms
[2026-10-08T01:31:10.266+0000][gc,phases   ] GC(6)   Post Evacuate Collection Set: 0.19ms
[2026-10-08T01:31:10.266+0000][gc,phases   ] GC(6)   Other: 0.05ms
[2026-10-08T01:31:10.266+0000][gc,heap     ] GC(6) Eden regions: 10->0(8)
[2026-10-08T01:31:10.266+0000][gc,heap     ] GC(6) Survivor regions: 1->2(2)
[2026-10-08T01:31:10.266+0000][gc,heap     ] GC(6) Old regions: 8->8
[2026-10-08T01:31:10.266+0000][gc,heap     ] GC(6) Humongous regions: 1->1
[2026-10-08T01:31:10.266+0000][gc,metaspace] GC(6) Metaspace: 13568K(13824K)->13568K(13824K) NonClass: 12085K(12224K)->12085K(12224K) Class: 1483K(1600K)->1483K(1600K)
[2026-10-08T01:31:10.266+0000][gc          ] GC(6) Pause Young (Normal) (G1 Evacuation Pause) 18M->9M(130M) 1.939ms
[2026-10-08T01:31:10.266+0000][gc,cpu      ] GC(6) User=0.01s Sys=0.00s Real=0.00s
[2026-10-08T01:31:10.392+0000][gc,start    ] GC(7) Pause Young (Normal) (G1 Evacuation Pause)
[2026-10-08T01:31:10.392+0000][gc,task     ] GC(7) Using 3 workers of 4 for evacuation
[2026-10-08T01:31:10.395+0000][gc,phases   ] GC(7)   Pre Evacuate Collection Set: 0.13ms
[2026-10-08T01:31:10.395+0000][gc,phases   ] GC(7)   Merge Heap Roots: 0.04ms
[2026-10-08T01:31:10.395+0000][gc,phases   ] GC(7)   Evacuate Collection Set: 1.96ms
[2026-10-08T01:31:10.395+0000][gc,phases   ] GC(7)   Post Evacuate Collection Set: 0.26ms
[2026-10-08T01:31:10.395+0000][gc,phases   ] GC(7)   Other: 0.04ms
[2026-10-08T01:31:10.395+0000][gc,heap     ] GC(7) Eden regions: 8->0(10)
[2026-10-08T01:31:10.395+0000][gc,heap     ] GC(7) Survivor regions: 2->1(2)
[2026-10-08T01:31:10.395+0000][gc,heap     ] GC(7) Old regions: 8->10
[2026-10-08T01:31:10.395+0000][gc,heap     ] GC(7) Humongous regions: 1->1
[2026-10-08T01:31:10.395+0000][gc,metaspace] GC(7) Metaspace: 15484K(15744K)->15484K(15744K) NonClass: 13765K(13888K)->13765K(13888K) Class: 1719K(1856K)->1719K(1856K)
[2026-10-08T01:31:10.395+0000][gc          ] GC(7) Pause Young (Normal) (G1 Evacuation Pause) 17M->10M(130M) 2.516ms
[2026-10-08T01:31:10.395+0000][gc,cpu      ] GC(7) User=0.00s Sys=0.00s Real=0.00s
[2026-10-08T01:31:10.465+0000][gc,start    ] GC(8) Pause Young (Normal) (G1 Evacuation Pause)
[2026-10-08T01:31:10.465+0000][gc,task     ] GC(8) Using 3 workers of 4 for evacuation
[2026-10-08T01:31:10.466+0000][gc,phases   ] GC(8)   Pre Evacuate Collection Set: 0.09ms
[2026-10-08T01:31:10.466+0000][gc,phases   ] GC(8)   Merge Heap Roots: 0.06ms
[2026-10-08T01:31:10.466+0000][gc,phases   ] GC(8)   Evacuate Collection Set: 0.97ms
[2026-10-08T01:31:10.466+0000][gc,phases   ] GC(8)   Post Evacuate Collection Set: 0.26ms
[2026-10-08T01:31:10.466+0000][gc,phases   ] GC(8)   Other: 0.04ms
[2026-10-08T01:31:10.466+0000][gc,heap     ] GC(8) Eden regions: 7->0(14)
[2026-10-08T01:31:10.466+0000][gc,heap     ] GC(8) Survivor regions: 1->1(1)
[2026-10-08T01:31:10.466+0000][gc,heap     ] GC(8) Old regions: 10->10
[2026-10-08T01:31:10.466+0000][gc,heap     ] GC(8) Humongous regions: 1->1
[2026-10-08T01:31:10.466+0000][gc,metaspace] GC(8) Metaspace: 18296K(18496K)->18296K(18496K) NonClass: 16153K(16256K)->16153K(16256K) Class: 2143K(2240K)->2143K(2240K)
[2026-10-08T01:31:10.466+0000][gc          ] GC(8) Pause Young (Normal) (G1 Evacuation Pause) 17M->10M(130M) 1.521ms
[2026-10-08T01:31:10.466+0000][gc,cpu      ] GC(8) User=0.01s Sys=0.00s Real=0.00s
[2026-10-08T01:31:10.571+0000][gc,start    ] GC(9) Pause Young (Concurrent Start) (Metadata GC Threshold)
[2026-10-08T01:31:10.571+0000][gc,task     ] GC(9) Using 3 workers of 4 for evacuation
[2026-10-08T01:31:10.573+0000][gc,phases   ] GC(9)   Pre Evacuate Collection Set: 0.11ms
[2026-10-08T01:31:10.573+0000][gc,phases   ] GC(9)   Merge Heap Roots: 0.03ms
[2026-10-08T01:31:10.573+0000][gc,phases   ] GC(9)   Evacuate Collection Set: 1.53ms
[2026-10-08T01:31:10.573+0000][gc,phases   ] GC(9)   Post Evacuate Collection Set: 0.27ms
[2026-10-08T01:31:10.573+0000][gc,phases   ] GC(9)   Other: 0.05ms
[2026-10-08T01:31:10.573+0000][gc,heap     ] GC(9) Eden regions: 10->0(17)
[2026-10-08T01:31:10.573+0000][gc,heap     ] GC(9) Survivor regions: 1->1(2)
[2026-10-08T01:31:10.573+0000][gc,heap     ] GC(9) Old regions: 10->10
[2026-10-08T01:31:10.573+0000][gc,heap     ] GC(9) Humongous regions: 1->1
[2026-10-08T01:31:10.573+0000][gc,metaspace] GC(9) Metaspace: 21254K(21504K)->21254K(21504K) NonClass: 18690K(18816K)->18690K(18816K) Class: 2563K(2688K)->2563K(2688K)
[2026-10-08T01:31:10.573+0000][gc          ] GC(9) Pause Young (Concurrent Start) (Metadata GC Threshold) 19M->10M(130M) 2.079ms
[2026-10-08T01:31:10.573+0000][gc,cpu      ] GC(9) User=0.00s Sys=0.01s Real=0.00s
[2026-10-08T01:31:10.573+0000][gc          ] GC(10) Concurrent Mark Cycle
[2026-10-08T01:31:10.573+0000][gc,marking  ] GC(10) Concurrent Scan Root Regions
[2026-10-08T01:31:10.574+0000][gc,marking  ] GC(10) Concurrent Scan Root Regions 0.742ms
[2026-10-08T01:31:10.574+0000][gc,marking  ] GC(10) Concurrent Mark
[2026-10-08T01:31:10.574+0000][gc,marking  ] GC(10) Concurrent Mark From Roots
[2026-10-08T01:31:10.574+0000][gc,task     ] GC(10) Using 1 workers of 1 for marking
[2026-10-08T01:31:10.590+0000][gc,marking  ] GC(10) Concurrent Mark From Roots 16.531ms
[2026-10-08T01:31:10.590+0000][gc,marking  ] GC(10) Concurrent Preclean
[2026-10-08T01:31:10.590+0000][gc,marking  ] GC(10) Concurrent Preclean 0.066ms
[2026-10-08T01:31:10.590+0000][gc,start    ] GC(10) Pause Remark
[2026-10-08T01:31:10.596+0000][gc          ] GC(10) Pause Remark 11M->11M(128M) 5.430ms
[2026-10-08T01:31:10.596+0000][gc,cpu      ] GC(10) User=0.01s Sys=0.00s Real=0.01s
[2026-10-08T01:31:10.596+0000][gc,marking  ] GC(10) Concurrent Mark 22.357ms
[2026-10-08T01:31:10.596+0000][gc,marking  ] GC(10) Concurrent Rebuild Remembered Sets and Scrub Regions
[2026-10-08T01:31:10.603+0000][gc,marking  ] GC(10) Concurrent Rebuild Remembered Sets and Scrub Regions 6.575ms
[2026-10-08T01:31:10.603+0000][gc,start    ] GC(10) Pause Cleanup
[2026-10-08T01:31:10.603+0000][gc          ] GC(10) Pause Cleanup 11M->11M(128M) 0.133ms
[2026-10-08T01:31:10.603+0000][gc,cpu      ] GC(10) User=0.00s Sys=0.00s Real=0.00s
[2026-10-08T01:31:10.603+0000][gc,marking  ] GC(10) Concurrent Clear Claimed Marks
[2026-10-08T01:31:10.603+0000][gc,marking  ] GC(10) Concurrent Clear Claimed Marks 0.030ms
[2026-10-08T01:31:10.603+0000][gc,marking  ] GC(10) Concurrent Cleanup for Next Mark
[2026-10-08T01:31:10.604+0000][gc,marking  ] GC(10) Concurrent Cleanup for Next Mark 0.567ms
[2026-10-08T01:31:10.604+0000][gc          ] GC(10) Concurrent Mark Cycle 30.702ms
[2026-10-08T01:31:10.745+0000][gc,start    ] GC(11) Pause Young (Prepare Mixed) (G1 Evacuation Pause)
[2026-10-08T01:31:10.745+0000][gc,task     ] GC(11) Using 3 workers of 4 for evacuation
[2026-10-08T01:31:10.748+0000][gc,phases   ] GC(11)   Pre Evacuate Collection Set: 0.13ms
[2026-10-08T01:31:10.748+0000][gc,phases   ] GC(11)   Merge Heap Roots: 0.06ms
[2026-10-08T01:31:10.748+0000][gc,phases   ] GC(11)   Evacuate Collection Set: 2.91ms
[2026-10-08T01:31:10.748+0000][gc,phases   ] GC(11)   Post Evacuate Collection Set: 0.34ms
[2026-10-08T01:31:10.748+0000][gc,phases   ] GC(11)   Other: 0.05ms
[2026-10-08T01:31:10.748+0000][gc,heap     ] GC(11) Eden regions: 14->0(13)
[2026-10-08T01:31:10.748+0000][gc,heap     ] GC(11) Survivor regions: 1->2(2)
[2026-10-08T01:31:10.748+0000][gc,heap     ] GC(11) Old regions: 10->10
[2026-10-08T01:31:10.748+0000][gc,heap     ] GC(11) Humongous regions: 1->1
[2026-10-08T01:31:10.748+0000][gc,metaspace] GC(11) Metaspace: 25314K(25664K)->25314K(25664K) NonClass: 22358K(22528K)->22358K(22528K) Class: 2955K(3136K)->2955K(3136K)
[2026-10-08T01:31:10.748+0000][gc          ] GC(11) Pause Young (Prepare Mixed) (G1 Evacuation Pause) 24M->11M(128M) 3.608ms
[2026-10-08T01:31:10.748+0000][gc,cpu      ] GC(11) User=0.00s Sys=0.00s Real=0.01s
[2026-10-08T01:31:10.820+0000][gc,start    ] GC(12) Pause Young (Mixed) (G1 Evacuation Pause)
[2026-10-08T01:31:10.820+0000][gc,task     ] GC(12) Using 3 workers of 4 for evacuation
[2026-10-08T01:31:10.824+0000][gc,phases   ] GC(12)   Pre Evacuate Collection Set: 0.12ms
[2026-10-08T01:31:10.824+0000][gc,phases   ] GC(12)   Merge Heap Roots: 0.04ms
[2026-10-08T01:31:10.824+0000][gc,phases   ] GC(12)   Evacuate Collection Set: 3.44ms
[2026-10-08T01:31:10.824+0000][gc,phases   ] GC(12)   Post Evacuate Collection Set: 0.37ms
[2026-10-08T01:31:10.824+0000][gc,phases   ] GC(12)   Other: 0.05ms
[2026-10-08T01:31:10.824+0000][gc,heap     ] GC(12) Eden regions: 10->0(21)
[2026-10-08T01:31:10.824+0000][gc,heap     ] GC(12) Survivor regions: 2->2(2)
[2026-10-08T01:31:10.824+0000][gc,heap     ] GC(12) Old regions: 10->10
[2026-10-08T01:31:10.824+0000][gc,heap     ] GC(12) Humongous regions: 1->1
[2026-10-08T01:31:10.824+0000][gc,metaspace] GC(12) Metaspace: 28427K(28736K)->28427K(28736K) NonClass: 25270K(25408K)->25270K(25408K) Class: 3157K(3328K)->3157K(3328K)
[2026-10-08T01:31:10.824+0000][gc          ] GC(12) Pause Young (Mixed) (G1 Evacuation Pause) 21M->12M(128M) 4.123ms
[2026-10-08T01:31:10.824+0000][gc,cpu      ] GC(12) User=0.01s Sys=0.00s Real=0.00s
[2026-10-08T01:31:10.850+0000][gc,start    ] GC(13) Pause Young (Normal) (G1 Evacuation Pause)
[2026-10-08T01:31:10.850+0000][gc,task     ] GC(13) Using 3 workers of 4 for evacuation
[2026-10-08T01:31:10.852+0000][gc,phases   ] GC(13)   Pre Evacuate Collection Set: 0.11ms
[2026-10-08T01:31:10.852+0000][gc,phases   ] GC(13)   Merge Heap Roots: 0.07ms
[2026-10-08T01:31:10.852+0000][gc,phases   ] GC(13)   Evacuate Collection Set: 1.88ms
[2026-10-08T01:31:10.852+0000][gc,phases   ] GC(13)   Post Evacuate Collection Set: 0.36ms
[2026-10-08T01:31:10.852+0000][gc,phases   ] GC(13)   Other: 0.09ms
[2026-10-08T01:31:10.852+0000][gc,heap     ] GC(13) Eden regions: 4->0(34)
[2026-10-08T01:31:10.852+0000][gc,heap     ] GC(13) Survivor regions: 2->1(1)
[2026-10-08T01:31:10.852+0000][gc,heap     ] GC(13) Old regions: 10->11
[2026-10-08T01:31:10.852+0000][gc,heap     ] GC(13) Humongous regions: 1->1
[2026-10-08T01:31:10.852+0000][gc,metaspace] GC(13) Metaspace: 29509K(29824K)->29509K(29824K) NonClass: 26257K(26432K)->26257K(26432K) Class: 3252K(3392K)->3252K(3392K)
[2026-10-08T01:31:10.852+0000][gc          ] GC(13) Pause Young (Normal) (G1 Evacuation Pause) 16M->12M(128M) 2.599ms
[2026-10-08T01:31:10.852+0000][gc,cpu      ] GC(13) User=0.00s Sys=0.00s Real=0.00s
[2026-10-08T01:31:11.097+0000][gc,start    ] GC(14) Pause Young (Normal) (G1 Evacuation Pause)
[2026-10-08T01:31:11.097+0000][gc,task     ] GC(14) Using 3 workers of 4 for evacuation
[2026-10-08T01:31:11.104+0000][gc,phases   ] GC(14)   Pre Evacuate Collection Set: 0.20ms
[2026-10-08T01:31:11.104+0000][gc,phases   ] GC(14)   Merge Heap Roots: 0.07ms
[2026-10-08T01:31:11.104+0000][gc,phases   ] GC(14)   Evacuate Collection Set: 5.49ms
[2026-10-08T01:31:11.104+0000][gc,phases   ] GC(14)   Post Evacuate Collection Set: 0.61ms
[2026-10-08T01:31:11.104+0000][gc,phases   ] GC(14)   Other: 0.06ms
[2026-10-08T01:31:11.104+0000][gc,heap     ] GC(14) Eden regions: 16->0(9)
[2026-10-08T01:31:11.104+0000][gc,heap     ] GC(14) Survivor regions: 1->3(3)
[2026-10-08T01:31:11.104+0000][gc,heap     ] GC(14) Old regions: 11->12
[2026-10-08T01:31:11.104+0000][gc,heap     ] GC(14) Humongous regions: 1->1
[2026-10-08T01:31:11.104+0000][gc,metaspace] GC(14) Metaspace: 32624K(33024K)->32624K(33024K) NonClass: 28875K(29120K)->28875K(29120K) Class: 3749K(3904K)->3749K(3904K)
[2026-10-08T01:31:11.104+0000][gc          ] GC(14) Pause Young (Normal) (G1 Evacuation Pause) 28M->15M(128M) 6.569ms
[2026-10-08T01:31:11.104+0000][gc,cpu      ] GC(14) User=0.01s Sys=0.00s Real=0.00s
[2026-10-08T01:31:11.143+0000][gc,start    ] GC(15) Pause Young (Normal) (G1 Evacuation Pause)
[2026-10-08T01:31:11.143+0000][gc,task     ] GC(15) Using 4 workers of 4 for evacuation
[2026-10-08T01:31:11.148+0000][gc,phases   ] GC(15)   Pre Evacuate Collection Set: 0.13ms
[2026-10-08T01:31:11.148+0000][gc,phases   ] GC(15)   Merge Heap Roots: 0.08ms
[2026-10-08T01:31:11.148+0000][gc,phases   ] GC(15)   Evacuate Collection Set: 3.98ms
[2026-10-08T01:31:11.148+0000][gc,phases   ] GC(15)   Post Evacuate Collection Set: 0.44ms
[2026-10-08T01:31:11.148+0000][gc,phases   ] GC(15)   Other: 0.07ms
[2026-10-08T01:31:11.148+0000][gc,heap     ] GC(15) Eden regions: 3->0(50)
[2026-10-08T01:31:11.148+0000][gc,heap     ] GC(15) Survivor regions: 3->1(1)
[2026-10-08T01:31:11.148+0000][gc,heap     ] GC(15) Old regions: 12->15
[2026-10-08T01:31:11.148+0000][gc,heap     ] GC(15) Humongous regions: 1->1
[2026-10-08T01:31:11.148+0000][gc,metaspace] GC(15) Metaspace: 33532K(33920K)->33532K(33920K) NonClass: 29683K(29888K)->29683K(29888K) Class: 3848K(4032K)->3848K(4032K)
[2026-10-08T01:31:11.148+0000][gc          ] GC(15) Pause Young (Normal) (G1 Evacuation Pause) 18M->15M(128M) 4.833ms
[2026-10-08T01:31:11.148+0000][gc,cpu      ] GC(15) User=0.01s Sys=0.00s Real=0.01s
[2026-10-08T01:31:11.253+0000][gc,start    ] GC(16) Pause Young (Concurrent Start) (Metadata GC Threshold)
[2026-10-08T01:31:11.253+0000][gc,task     ] GC(16) Using 4 workers of 4 for evacuation
[2026-10-08T01:31:11.256+0000][gc,phases   ] GC(16)   Pre Evacuate Collection Set: 0.17ms
[2026-10-08T01:31:11.256+0000][gc,phases   ] GC(16)   Merge Heap Roots: 0.04ms
[2026-10-08T01:31:11.256+0000][gc,phases   ] GC(16)   Evacuate Collection Set: 1.98ms
[2026-10-08T01:31:11.256+0000][gc,phases   ] GC(16)   Post Evacuate Collection Set: 0.57ms
[2026-10-08T01:31:11.256+0000][gc,phases   ] GC(16)   Other: 0.09ms
[2026-10-08T01:31:11.256+0000][gc,heap     ] GC(16) Eden regions: 12->0(56)
[2026-10-08T01:31:11.256+0000][gc,heap     ] GC(16) Survivor regions: 1->2(10)
[2026-10-08T01:31:11.256+0000][gc,heap     ] GC(16) Old regions: 15->15
[2026-10-08T01:31:11.256+0000][gc,heap     ] GC(16) Humongous regions: 10->10
[2026-10-08T01:31:11.256+0000][gc,metaspace] GC(16) Metaspace: 35766K(36288K)->35766K(36288K) NonClass: 31608K(31872K)->31608K(31872K) Class: 4157K(4416K)->4157K(4416K)
[2026-10-08T01:31:11.256+0000][gc          ] GC(16) Pause Young (Concurrent Start) (Metadata GC Threshold) 36M->25M(128M) 2.936ms
[2026-10-08T01:31:11.256+0000][gc,cpu      ] GC(16) User=0.01s Sys=0.00s Real=0.01s
[2026-10-08T01:31:11.256+0000][gc          ] GC(17) Concurrent Mark Cycle
[2026-10-08T01:31:11.256+0000][gc,marking  ] GC(17) Concurrent Scan Root Regions
[2026-10-08T01:31:11.257+0000][gc,marking  ] GC(17) Concurrent Scan Root Regions 1.289ms
[2026-10-08T01:31:11.257+0000][gc,marking  ] GC(17) Concurrent Mark
[2026-10-08T01:31:11.257+0000][gc,marking  ] GC(17) Concurrent Mark From Roots
[2026-10-08T01:31:11.257+0000][gc,task     ] GC(17) Using 1 workers of 1 for marking
[2026-10-08T01:31:11.270+0000][gc,marking  ] GC(17) Concurrent Mark From Roots 12.696ms
[2026-10-08T01:31:11.270+0000][gc,marking  ] GC(17) Concurrent Preclean
[2026-10-08T01:31:11.270+0000][gc,marking  ] GC(17) Concurrent Preclean 0.026ms
[2026-10-08T01:31:11.270+0000][gc,start    ] GC(17) Pause Remark
[2026-10-08T01:31:11.273+0000][gc          ] GC(17) Pause Remark 26M->26M(128M) 3.198ms
[2026-10-08T01:31:11.273+0000][gc,cpu      ] GC(17) User=0.01s Sys=0.00s Real=0.00s
[2026-10-08T01:31:11.274+0000][gc,marking  ] GC(17) Concurrent Mark 16.442ms
[2026-10-08T01:31:11.274+0000][gc,marking  ] GC(17) Concurrent Rebuild Remembered Sets and Scrub Regions
[2026-10-08T01:31:11.281+0000][gc,marking  ] GC(17) Concurrent Rebuild Remembered Sets and Scrub Regions 7.138ms
[2026-10-08T01:31:11.281+0000][gc,start    ] GC(17) Pause Cleanup
[2026-10-08T01:31:11.281+0000][gc          ] GC(17) Pause Cleanup 28M->28M(128M) 0.083ms
[2026-10-08T01:31:11.281+0000][gc,cpu      ] GC(17) User=0.00s Sys=0.00s Real=0.00s
[2026-10-08T01:31:11.281+0000][gc,marking  ] GC(17) Concurrent Clear Claimed Marks
[2026-10-08T01:31:11.281+0000][gc,marking  ] GC(17) Concurrent Clear Claimed Marks 0.037ms
[2026-10-08T01:31:11.281+0000][gc,marking  ] GC(17) Concurrent Cleanup for Next Mark
[2026-10-08T01:31:11.281+0000][gc,marking  ] GC(17) Concurrent Cleanup for Next Mark 0.206ms
[2026-10-08T01:31:11.281+0000][gc          ] GC(17) Concurrent Mark Cycle 25.416ms
[2026-10-08T01:31:11.431+0000][gc,start    ] GC(18) Pause Young (Prepare Mixed) (G1 Evacuation Pause)
[2026-10-08T01:31:11.431+0000][gc,task     ] GC(18) Using 4 workers of 4 for evacuation
[2026-10-08T01:31:11.439+0000][gc,phases   ] GC(18)   Pre Evacuate Collection Set: 0.10ms
[2026-10-08T01:31:11.439+0000][gc,phases   ] GC(18)   Merge Heap Roots: 0.11ms
[2026-10-08T01:31:11.439+0000][gc,phases   ] GC(18)   Evacuate Collection Set: 7.73ms
[2026-10-08T01:31:11.439+0000][gc,phases   ] GC(18)   Post Evacuate Collection Set: 0.49ms
[2026-10-08T01:31:11.439+0000][gc,phases   ] GC(18)   Other: 0.06ms
[2026-10-08T01:31:11.439+0000][gc,heap     ] GC(18) Eden regions: 29->0(31)
[2026-10-08T01:31:11.439+0000][gc,heap     ] GC(18) Survivor regions: 2->4(4)
[2026-10-08T01:31:11.439+0000][gc,heap     ] GC(18) Old regions: 15->17
[2026-10-08T01:31:11.439+0000][gc,heap     ] GC(18) Humongous regions: 10->10
[2026-10-08T01:31:11.439+0000][gc,metaspace] GC(18) Metaspace: 39923K(40704K)->39923K(40704K) NonClass: 35231K(35712K)->35231K(35712K) Class: 4692K(4992K)->4692K(4992K)
[2026-10-08T01:31:11.439+0000][gc          ] GC(18) Pause Young (Prepare Mixed) (G1 Evacuation Pause) 54M->30M(128M) 8.589ms
[2026-10-08T01:31:11.439+0000][gc,cpu      ] GC(18) User=0.02s Sys=0.01s Real=0.01s
[2026-10-08T01:31:11.457+0000][gc,start    ] GC(19) Pause Young (Mixed) (G1 Evacuation Pause)
[2026-10-08T01:31:11.457+0000][gc,task     ] GC(19) Using 4 workers of 4 for evacuation
[2026-10-08T01:31:11.463+0000][gc,phases   ] GC(19)   Pre Evacuate Collection Set: 0.18ms
[2026-10-08T01:31:11.463+0000][gc,phases   ] GC(19)   Merge Heap Roots: 0.07ms
[2026-10-08T01:31:11.463+0000][gc,phases   ] GC(19)   Evacuate Collection Set: 4.46ms
[2026-10-08T01:31:11.463+0000][gc,phases   ] GC(19)   Post Evacuate Collection Set: 0.40ms
[2026-10-08T01:31:11.463+0000][gc,phases   ] GC(19)   Other: 0.18ms
[2026-10-08T01:31:11.463+0000][gc,heap     ] GC(19) Eden regions: 2->0(49)
[2026-10-08T01:31:11.463+0000][gc,heap     ] GC(19) Survivor regions: 4->1(1)
[2026-10-08T01:31:11.463+0000][gc,heap     ] GC(19) Old regions: 17->21
[2026-10-08T01:31:11.463+0000][gc,heap     ] GC(19) Humongous regions: 10->10
[2026-10-08T01:31:11.463+0000][gc,metaspace] GC(19) Metaspace: 40324K(41088K)->40324K(41088K) NonClass: 35583K(36032K)->35583K(36032K) Class: 4741K(5056K)->4741K(5056K)
[2026-10-08T01:31:11.463+0000][gc          ] GC(19) Pause Young (Mixed) (G1 Evacuation Pause) 32M->31M(128M) 5.422ms
[2026-10-08T01:31:11.463+0000][gc,cpu      ] GC(19) User=0.02s Sys=0.00s Real=0.00s
[2026-10-08T01:31:11.571+0000][gc,start    ] GC(20) Pause Young (Concurrent Start) (G1 Humongous Allocation)
[2026-10-08T01:31:11.571+0000][gc,task     ] GC(20) Using 4 workers of 4 for evacuation
[2026-10-08T01:31:11.574+0000][gc,phases   ] GC(20)   Pre Evacuate Collection Set: 0.18ms
[2026-10-08T01:31:11.574+0000][gc,phases   ] GC(20)   Merge Heap Roots: 0.07ms
[2026-10-08T01:31:11.574+0000][gc,phases   ] GC(20)   Evacuate Collection Set: 1.77ms
[2026-10-08T01:31:11.574+0000][gc,phases   ] GC(20)   Post Evacuate Collection Set: 0.42ms
[2026-10-08T01:31:11.574+0000][gc,phases   ] GC(20)   Other: 0.06ms
[2026-10-08T01:31:11.574+0000][gc,heap     ] GC(20) Eden regions: 13->0(64)
[2026-10-08T01:31:11.574+0000][gc,heap     ] GC(20) Survivor regions: 1->2(9)
[2026-10-08T01:31:11.574+0000][gc,heap     ] GC(20) Old regions: 21->21
[2026-10-08T01:31:11.574+0000][gc,heap     ] GC(20) Humongous regions: 10->10
[2026-10-08T01:31:11.574+0000][gc,metaspace] GC(20) Metaspace: 42567K(43392K)->42567K(43392K) NonClass: 37590K(38080K)->37590K(38080K) Class: 4976K(5312K)->4976K(5312K)
[2026-10-08T01:31:11.574+0000][gc          ] GC(20) Pause Young (Concurrent Start) (G1 Humongous Allocation) 44M->32M(128M) 2.601ms
[2026-10-08T01:31:11.574+0000][gc,cpu      ] GC(20) User=0.00s Sys=0.00s Real=0.00s
[2026-10-08T01:31:11.574+0000][gc          ] GC(21) Concurrent Undo Cycle
[2026-10-08T01:31:11.574+0000][gc,marking  ] GC(21) Concurrent Clear Claimed Marks
[2026-10-08T01:31:11.574+0000][gc,marking  ] GC(21) Concurrent Clear Claimed Marks 0.078ms
[2026-10-08T01:31:11.574+0000][gc,marking  ] GC(21) Concurrent Cleanup for Next Mark
[2026-10-08T01:31:11.574+0000][gc,start    ] GC(22) Pause Young (Normal) (G1 Humongous Allocation)
[2026-10-08T01:31:11.574+0000][gc,task     ] GC(22) Using 4 workers of 4 for evacuation
[2026-10-08T01:31:11.575+0000][gc,marking  ] GC(21) Concurrent Cleanup for Next Mark 1.090ms
[2026-10-08T01:31:11.576+0000][gc,phases   ] GC(22)   Pre Evacuate Collection Set: 0.15ms
[2026-10-08T01:31:11.576+0000][gc,phases   ] GC(22)   Merge Heap Roots: 0.04ms
[2026-10-08T01:31:11.576+0000][gc,phases   ] GC(22)   Evacuate Collection Set: 1.62ms
[2026-10-08T01:31:11.576+0000][gc,phases   ] GC(22)   Post Evacuate Collection Set: 0.28ms
[2026-10-08T01:31:11.576+0000][gc,phases   ] GC(22)   Other: 0.04ms
[2026-10-08T01:31:11.576+0000][gc,heap     ] GC(22) Eden regions: 0->0(65)
[2026-10-08T01:31:11.576+0000][gc,heap     ] GC(22) Survivor regions: 2->2(8)
[2026-10-08T01:31:11.576+0000][gc,heap     ] GC(22) Old regions: 21->21
[2026-10-08T01:31:11.576+0000][gc,heap     ] GC(22) Humongous regions: 10->10
[2026-10-08T01:31:11.576+0000][gc,metaspace] GC(22) Metaspace: 42567K(43392K)->42567K(43392K) NonClass: 37590K(38080K)->37590K(38080K) Class: 4976K(5312K)->4976K(5312K)
[2026-10-08T01:31:11.576+0000][gc          ] GC(22) Pause Young (Normal) (G1 Humongous Allocation) 32M->32M(128M) 2.179ms
[2026-10-08T01:31:11.576+0000][gc,cpu      ] GC(22) User=0.00s Sys=0.00s Real=0.01s
[2026-10-08T01:31:11.577+0000][gc,ergo     ] Attempting full compaction
[2026-10-08T01:31:11.577+0000][gc,start    ] GC(23) Pause Full (G1 Compaction Pause)
[2026-10-08T01:31:11.577+0000][gc,task     ] GC(23) Using 4 workers of 4 for full compaction
[2026-10-08T01:31:11.578+0000][gc,phases,start] GC(23) Phase 1: Mark live objects
[2026-10-08T01:31:11.589+0000][gc,phases      ] GC(23) Phase 1: Mark live objects 11.382ms
[2026-10-08T01:31:11.589+0000][gc,phases,start] GC(23) Phase 2: Prepare compaction
[2026-10-08T01:31:11.592+0000][gc,phases      ] GC(23) Phase 2: Prepare compaction 2.654ms
[2026-10-08T01:31:11.592+0000][gc,phases,start] GC(23) Phase 3: Adjust pointers
[2026-10-08T01:31:11.597+0000][gc,phases      ] GC(23) Phase 3: Adjust pointers 5.352ms
[2026-10-08T01:31:11.597+0000][gc,phases,start] GC(23) Phase 4: Compact heap
[2026-10-08T01:31:11.600+0000][gc,phases      ] GC(23) Phase 4: Compact heap 2.194ms
[2026-10-08T01:31:11.600+0000][gc,phases,start] GC(23) Phase 5: Reset Metadata
[2026-10-08T01:31:11.600+0000][gc,phases      ] GC(23) Phase 5: Reset Metadata 0.884ms
[2026-10-08T01:31:11.603+0000][gc,heap        ] GC(23) Eden regions: 0->0(65)
[2026-10-08T01:31:11.603+0000][gc,heap        ] GC(23) Survivor regions: 2->0(8)
[2026-10-08T01:31:11.603+0000][gc,heap        ] GC(23) Old regions: 21->23
[2026-10-08T01:31:11.603+0000][gc,heap        ] GC(23) Humongous regions: 10->10
[2026-10-08T01:31:11.603+0000][gc,metaspace   ] GC(23) Metaspace: 42567K(43392K)->42567K(43392K) NonClass: 37590K(38080K)->37590K(38080K) Class: 4976K(5312K)->4976K(5312K)
[2026-10-08T01:31:11.603+0000][gc             ] GC(23) Pause Full (G1 Compaction Pause) 32M->31M(128M) 26.183ms
[2026-10-08T01:31:11.603+0000][gc,cpu         ] GC(23) User=0.07s Sys=0.00s Real=0.02s
[2026-10-08T01:31:11.604+0000][gc,marking     ] GC(21) Concurrent Mark Abort
[2026-10-08T01:31:11.604+0000][gc             ] GC(21) Concurrent Undo Cycle 30.007ms
[2026-10-08T01:31:13.560+0000][gc,heap,exit   ] Heap
[2026-10-08T01:31:13.560+0000][gc,heap,exit   ]  garbage-first heap   total 262144K, used 190303K [0x00000000f0000000, 0x0000000100000000)
[2026-10-08T01:31:13.560+0000][gc,heap,exit   ]   region size 1024K, 26 young (26624K), 0 survivors (0K)
[2026-10-08T01:31:13.560+0000][gc,heap,exit   ]  Metaspace       used 44735K, committed 45568K, reserved 1114112K
[2026-10-08T01:31:13.560+0000][gc,heap,exit   ]   class space    used 5359K, committed 5696K, reserved 1048576K
