/workspace/work/client-share-target/debug/.fingerprint/partitionline-41c9070129cbefc4/invoked.timestamp
/workspace/work/client-share-target/debug/.fingerprint/partitionline-41c9070129cbefc4/dep-lib-partitionline
/workspace/work/client-share-target/debug/.fingerprint/partitionline-41c9070129cbefc4/lib-partitionline
/workspace/work/client-share-target/debug/.fingerprint/partitionline-41c9070129cbefc4/lib-partitionline.json
/workspace/work/client-share-target/debug/.fingerprint/partitionline-41c9070129cbefc4
/workspace/work/client-share-target/debug/.fingerprint/partitionline-3690429a045642cf/dep-test-integration-test-write_txn_markers_v2
/workspace/work/client-share-target/debug/.fingerprint/partitionline-3690429a045642cf/invoked.timestamp
/workspace/work/client-share-target/debug/.fingerprint/partitionline-3690429a045642cf/test-integration-test-write_txn_markers_v2
/workspace/work/client-share-target/debug/.fingerprint/partitionline-3690429a045642cf/test-integration-test-write_txn_markers_v2.json
/workspace/work/client-share-target/debug/.fingerprint/partitionline-3690429a045642cf
/workspace/work/client-share-target/debug/.fingerprint/partitionline-fe81651cb6cc444d/invoked.timestamp
/workspace/work/client-share-target/debug/.fingerprint/partitionline-fe81651cb6cc444d/dep-test-integration-test-baseline_positive_controls
/workspace/work/client-share-target/debug/.fingerprint/partitionline-fe81651cb6cc444d/test-integration-test-baseline_positive_controls
/workspace/work/client-share-target/debug/.fingerprint/partitionline-fe81651cb6cc444d/test-integration-test-baseline_positive_controls.json
/workspace/work/client-share-target/debug/.fingerprint/partitionline-fe81651cb6cc444d
/workspace/work/client-share-target/debug/.fingerprint/partitionline-c33d5760ad7cc827/invoked.timestamp
/workspace/work/client-share-target/debug/.fingerprint/partitionline-c33d5760ad7cc827/test-integration-test-share_offsets_v1
/workspace/work/client-share-target/debug/.fingerprint/partitionline-c33d5760ad7cc827/test-integration-test-share_offsets_v1.json
/workspace/work/client-share-target/debug/.fingerprint/partitionline-c33d5760ad7cc827/dep-test-integration-test-share_offsets_v1
/workspace/work/client-share-target/debug/.fingerprint/partitionline-c33d5760ad7cc827
