    Checking libc v0.2.189
    Checking zeroize v1.9.0
    Checking typenum v1.20.1
    Checking cfg-if v1.0.5
    Checking hybrid-array v0.4.15
    Checking cmov v0.5.4
    Checking ctutils v0.4.2
    Checking crypto-common v0.2.2
    Checking block-buffer v0.12.1
    Checking getrandom v0.2.17
    Checking untrusted v0.9.0
    Checking const-oid v0.10.2
    Checking digest v0.11.3
    Checking ring v0.17.14
    Checking rustls-pki-types v1.15.1
    Checking rustls-webpki v0.103.15
    Checking mio v1.2.3
    Checking socket2 v0.6.5
    Checking pin-project-lite v0.2.17
    Checking subtle v2.6.1
    Checking bytes v1.12.1
    Checking once_cell v1.21.4
    Checking rustls v0.23.45
    Checking tokio v1.53.1
    Checking hmac v0.13.0
    Checking cpufeatures v0.3.1
    Checking sha2 v0.11.0
    Checking pbkdf2 v0.13.0
    Checking crc32c v0.6.8
    Checking getrandom v0.4.3
    Checking tokio-rustls v0.26.6
    Checking base64 v0.23.1
    Checking partitionline-broker v0.1.0 (/workspace/work/broker-sasl/source/partitionline-broker)
    Finished `dev` profile [unoptimized] target(s) in 9.78s
