   Compiling libc v0.2.189
   Compiling zeroize v1.9.0
   Compiling proc-macro2 v1.0.107
   Compiling quote v1.0.47
   Compiling find-msvc-tools v0.1.14
   Compiling unicode-ident v1.0.26
   Compiling shlex v2.0.1
   Compiling cc v1.5.1
   Compiling cfg-if v1.0.5
   Compiling bytes v1.12.1
   Compiling typenum v1.20.1
   Compiling hybrid-array v0.4.15
   Compiling ring v0.17.14
   Compiling itoa v1.0.18
   Compiling syn v3.0.6
   Compiling cmov v0.5.4
   Compiling pin-project-lite v0.2.17
   Compiling ctutils v0.4.2
   Compiling tokio-macros v2.7.2
   Compiling http v1.5.0
   Compiling crypto-common v0.2.2
   Compiling block-buffer v0.12.1
   Compiling getrandom v0.2.17
   Compiling socket2 v0.6.5
   Compiling mio v1.2.3
   Compiling futures-core v0.3.34
   Compiling httparse v1.10.1
   Compiling untrusted v0.9.0
   Compiling semver v1.0.28
   Compiling const-oid v0.10.2
   Compiling serde_core v1.0.229
   Compiling digest v0.11.3
   Compiling rustc_version v0.4.1
   Compiling tokio v1.53.1
   Compiling http-body v1.1.0
   Compiling rustls-pki-types v1.15.1
   Compiling try-lock v0.2.5
   Compiling rustls v0.23.45
   Compiling zmij v1.0.23
   Compiling want v0.3.1
   Compiling rustls-webpki v0.103.15
   Compiling crc32c v0.6.8
   Compiling futures-channel v0.3.34
   Compiling atomic-waker v1.1.2
   Compiling getrandom v0.4.3
   Compiling serde v1.0.229
   Compiling subtle v2.6.1
   Compiling serde_json v1.0.151
   Compiling once_cell v1.21.4
   Compiling smallvec v1.16.2
   Compiling hyper v1.11.1
   Compiling hmac v0.13.0
   Compiling memchr v2.8.3
   Compiling cpufeatures v0.3.1
   Compiling sha2 v0.11.0
   Compiling pbkdf2 v0.13.0
   Compiling tokio-rustls v0.26.6
   Compiling hyper-util v0.1.21
   Compiling http-body-util v0.1.5
   Compiling base64 v0.23.1
   Compiling partitionline-broker v0.1.0 (/workspace/work/broker-oidc/jwks-media-overlay-01/partitionline-broker)
    Finished `test` profile [unoptimized] target(s) in 27.55s
     Running tests/oidc_http.rs (/workspace/work/broker-oidc/target/debug/deps/oidc_http-a8a5a8e24c6a6f8b)

running 1 test
test registered_jwks_media_is_accepted_only_for_signing_keys ... FAILED

failures:

---- registered_jwks_media_is_accepted_only_for_signing_keys stdout ----

thread 'registered_jwks_media_is_accepted_only_for_signing_keys' (1045947) panicked at tests/oidc_support/mod.rs:282:17:
assertion `left == right` failed
  left: Some("application/json")
 right: Some("application/jwk-set+json, application/json")
note: run with `RUST_BACKTRACE=1` environment variable to display a backtrace
Error: Unavailable


failures:
    registered_jwks_media_is_accepted_only_for_signing_keys

test result: FAILED. 0 passed; 1 failed; 0 ignored; 0 measured; 9 filtered out; finished in 0.01s

error: test failed, to rerun pass `--test oidc_http`
