    Finished `test` profile [unoptimized] target(s) in 0.02s
     Running tests/credential_redact.rs (/workspace/work/target-produce-v13/debug/deps/credential_redact-210d6416be376063)

running 28 tests
test consumer_config_debug_redacts_embedded_secrets ... ok
test admin_config_debug_redacts_oidc_secret ... ok
test failing_auth_flows_emit_no_secrets_to_tracing_or_errors ... ok
test live_metrics_exclude_credential_material ... ok
test metrics_debug_excludes_credential_material ... ok
test oidc_config_debug_redacts_client_secret ... ok
test oauthbearer_error_message_is_fixed ... ok
test oidc_http_error_display_omits_response_body ... ok
test oidc_token_response_debug_redacts_access_token ... ok
test oidc_token_url_userinfo_redacted_in_debug ... ok
test oidc_token_parse_errors_never_leak_body_or_token ... ok
test oidc_token_url_userinfo_rejected_at_fetch ... ok
test producer_config_debug_redacts_embedded_secrets ... ok
test oidc_http_error_structured_fetch_omits_response_body ... ok
test sasl_plain_debug_redacts_password ... ok
test sasl_oauthbearer_broker_echo_never_reaches_error ... ok
test sasl_reauthenticate_plain_echo_never_reaches_error ... ok
test sasl_reauthenticate_oauthbearer_echo_never_reaches_error ... ok
test sasl_scram_sha256_debug_redacts_password ... ok
test sasl_scram_sha512_debug_redacts_password ... ok
test scram_server_error_value_is_bounded ... ok
test tls_config_debug_redacts_client_key_pem ... ok
test sasl_plain_broker_echo_never_reaches_error ... ok
test tls_key_parse_error_omits_key_material ... ok
test sasl_scram_broker_echo_never_reaches_error ... ok
test tracing_instruments_skip_self_holding_configs ... ok
test sasl_reauthenticate_scram_echo_never_reaches_error ... ok
test tls_rotation_emits_no_key_material_to_tracing ... ok

test result: ok. 28 passed; 0 failed; 0 ignored; 0 measured; 0 filtered out; finished in 0.44s

