    Checking partitionline-broker v0.1.0 (/workspace/work/snapshot-runtime/final-4ffd7557/source/partitionline-broker)
error: use of a disallowed method `std::fs::write`
    --> src/raft/replication.rs:2766:17
     |
2766 |                 std::fs::write(
     |                 ^^^^^^^^^^^^^^
     |
     = note: Blocking IO on an async runtime. Use tokio::fs.
     = help: for further information visit https://rust-lang.github.io/rust-clippy/rust-1.99.0/index.html#disallowed_methods
     = note: `-D clippy::disallowed-methods` implied by `-D warnings`
     = help: to override `-D warnings` add `#[allow(clippy::disallowed_methods)]`

error: use of a disallowed method `std::fs::write`
    --> src/raft/replication.rs:2770:17
     |
2770 | ...   std::fs::write(output.join("cut.json"),format!("{{\"schema_version\":1,\"profile\":\"actual-owner-install-process-cut\",\"ph...
     |       ^^^^^^^^^^^^^^
     |
     = note: Blocking IO on an async runtime. Use tokio::fs.
     = help: for further information visit https://rust-lang.github.io/rust-clippy/rust-1.99.0/index.html#disallowed_methods

error: could not compile `partitionline-broker` (lib test) due to 2 previous errors
