[2026-10-08T01:29:34.375+0000][gc,init] CardTable entry size: 512
[2026-10-08T01:29:34.375+0000][gc     ] Using G1
[2026-10-08T01:29:34.378+0000][gc,init] Version: 21.0.12.1+1-1-deb13u1-Debian (release)
[2026-10-08T01:29:34.378+0000][gc,init] CPUs: 5 total, 4 available
[2026-10-08T01:29:34.378+0000][gc,init] Memory: 16384M
[2026-10-08T01:29:34.378+0000][gc,init] Large Page Support: Disabled
[2026-10-08T01:29:34.378+0000][gc,init] NUMA Support: Disabled
[2026-10-08T01:29:34.378+0000][gc,init] Compressed Oops: Enabled (32-bit)
[2026-10-08T01:29:34.378+0000][gc,init] Heap Region Size: 1M
[2026-10-08T01:29:34.378+0000][gc,init] Heap Min Capacity: 128M
[2026-10-08T01:29:34.378+0000][gc,init] Heap Initial Capacity: 128M
[2026-10-08T01:29:34.378+0000][gc,init] Heap Max Capacity: 256M
[2026-10-08T01:29:34.378+0000][gc,init] Pre-touch: Disabled
[2026-10-08T01:29:34.378+0000][gc,init] Parallel Workers: 4
[2026-10-08T01:29:34.378+0000][gc,init] Concurrent Workers: 1
[2026-10-08T01:29:34.378+0000][gc,init] Concurrent Refinement Workers: 4
[2026-10-08T01:29:34.378+0000][gc,init] Periodic GC: Disabled
[2026-10-08T01:29:34.385+0000][gc,metaspace] CDS archive(s) mapped at: [0x00007fbc9b000000-0x00007fbc9bc9c000-0x00007fbc9bc9c000), size 13221888, SharedBaseAddress: 0x00007fbc9b000000, ArchiveRelocationMode: 1.
[2026-10-08T01:29:34.385+0000][gc,metaspace] Compressed class space mapped at: 0x00007fbc9c000000-0x00007fbcdc000000, reserved size: 1073741824
[2026-10-08T01:29:34.385+0000][gc,metaspace] Narrow klass base: 0x00007fbc9b000000, Narrow klass shift: 0, Narrow klass range: 0x100000000
[2026-10-08T01:29:34.470+0000][gc,start    ] GC(0) Pause Young (Normal) (G1 Evacuation Pause)
[2026-10-08T01:29:34.471+0000][gc,task     ] GC(0) Using 3 workers of 4 for evacuation
[2026-10-08T01:29:34.473+0000][gc,phases   ] GC(0)   Pre Evacuate Collection Set: 0.10ms
[2026-10-08T01:29:34.473+0000][gc,phases   ] GC(0)   Merge Heap Roots: 0.04ms
[2026-10-08T01:29:34.473+0000][gc,phases   ] GC(0)   Evacuate Collection Set: 1.90ms
[2026-10-08T01:29:34.473+0000][gc,phases   ] GC(0)   Post Evacuate Collection Set: 0.23ms
[2026-10-08T01:29:34.473+0000][gc,phases   ] GC(0)   Other: 0.30ms
[2026-10-08T01:29:34.473+0000][gc,heap     ] GC(0) Eden regions: 6->0(5)
[2026-10-08T01:29:34.473+0000][gc,heap     ] GC(0) Survivor regions: 0->1(1)
[2026-10-08T01:29:34.473+0000][gc,heap     ] GC(0) Old regions: 2->5
[2026-10-08T01:29:34.473+0000][gc,heap     ] GC(0) Humongous regions: 0->0
[2026-10-08T01:29:34.473+0000][gc,metaspace] GC(0) Metaspace: 422K(640K)->422K(640K) NonClass: 408K(512K)->408K(512K) Class: 14K(128K)->14K(128K)
[2026-10-08T01:29:34.473+0000][gc          ] GC(0) Pause Young (Normal) (G1 Evacuation Pause) 7M->5M(130M) 2.714ms
[2026-10-08T01:29:34.473+0000][gc,cpu      ] GC(0) User=0.01s Sys=0.00s Real=0.00s
[2026-10-08T01:29:34.602+0000][gc,start    ] GC(1) Pause Young (Normal) (G1 Evacuation Pause)
[2026-10-08T01:29:34.602+0000][gc,task     ] GC(1) Using 3 workers of 4 for evacuation
[2026-10-08T01:29:34.605+0000][gc,phases   ] GC(1)   Pre Evacuate Collection Set: 0.50ms
[2026-10-08T01:29:34.605+0000][gc,phases   ] GC(1)   Merge Heap Roots: 0.04ms
[2026-10-08T01:29:34.605+0000][gc,phases   ] GC(1)   Evacuate Collection Set: 1.77ms
[2026-10-08T01:29:34.605+0000][gc,phases   ] GC(1)   Post Evacuate Collection Set: 0.24ms
[2026-10-08T01:29:34.605+0000][gc,phases   ] GC(1)   Other: 0.05ms
[2026-10-08T01:29:34.605+0000][gc,heap     ] GC(1) Eden regions: 5->0(5)
[2026-10-08T01:29:34.605+0000][gc,heap     ] GC(1) Survivor regions: 1->1(1)
[2026-10-08T01:29:34.605+0000][gc,heap     ] GC(1) Old regions: 5->6
[2026-10-08T01:29:34.605+0000][gc,heap     ] GC(1) Humongous regions: 0->0
[2026-10-08T01:29:34.605+0000][gc,metaspace] GC(1) Metaspace: 3657K(3840K)->3657K(3840K) NonClass: 3299K(3392K)->3299K(3392K) Class: 358K(448K)->358K(448K)
[2026-10-08T01:29:34.605+0000][gc          ] GC(1) Pause Young (Normal) (G1 Evacuation Pause) 10M->5M(130M) 2.719ms
[2026-10-08T01:29:34.605+0000][gc,cpu      ] GC(1) User=0.00s Sys=0.01s Real=0.00s
[2026-10-08T01:29:34.713+0000][gc,start    ] GC(2) Pause Young (Normal) (G1 Evacuation Pause)
[2026-10-08T01:29:34.713+0000][gc,task     ] GC(2) Using 3 workers of 4 for evacuation
[2026-10-08T01:29:34.716+0000][gc,phases   ] GC(2)   Pre Evacuate Collection Set: 0.14ms
[2026-10-08T01:29:34.716+0000][gc,phases   ] GC(2)   Merge Heap Roots: 0.04ms
[2026-10-08T01:29:34.716+0000][gc,phases   ] GC(2)   Evacuate Collection Set: 2.05ms
[2026-10-08T01:29:34.716+0000][gc,phases   ] GC(2)   Post Evacuate Collection Set: 0.48ms
[2026-10-08T01:29:34.716+0000][gc,phases   ] GC(2)   Other: 0.05ms
[2026-10-08T01:29:34.716+0000][gc,heap     ] GC(2) Eden regions: 5->0(5)
[2026-10-08T01:29:34.716+0000][gc,heap     ] GC(2) Survivor regions: 1->1(1)
[2026-10-08T01:29:34.716+0000][gc,heap     ] GC(2) Old regions: 6->7
[2026-10-08T01:29:34.716+0000][gc,heap     ] GC(2) Humongous regions: 0->0
[2026-10-08T01:29:34.716+0000][gc,metaspace] GC(2) Metaspace: 6677K(6912K)->6677K(6912K) NonClass: 6022K(6144K)->6022K(6144K) Class: 654K(768K)->654K(768K)
[2026-10-08T01:29:34.716+0000][gc          ] GC(2) Pause Young (Normal) (G1 Evacuation Pause) 10M->6M(130M) 2.884ms
[2026-10-08T01:29:34.716+0000][gc,cpu      ] GC(2) User=0.00s Sys=0.00s Real=0.01s
[2026-10-08T01:29:34.789+0000][gc,start    ] GC(3) Pause Young (Normal) (G1 Evacuation Pause)
[2026-10-08T01:29:34.789+0000][gc,task     ] GC(3) Using 3 workers of 4 for evacuation
[2026-10-08T01:29:34.791+0000][gc,phases   ] GC(3)   Pre Evacuate Collection Set: 0.12ms
[2026-10-08T01:29:34.791+0000][gc,phases   ] GC(3)   Merge Heap Roots: 0.04ms
[2026-10-08T01:29:34.791+0000][gc,phases   ] GC(3)   Evacuate Collection Set: 1.86ms
[2026-10-08T01:29:34.791+0000][gc,phases   ] GC(3)   Post Evacuate Collection Set: 0.27ms
[2026-10-08T01:29:34.791+0000][gc,phases   ] GC(3)   Other: 0.05ms
[2026-10-08T01:29:34.791+0000][gc,heap     ] GC(3) Eden regions: 5->0(5)
[2026-10-08T01:29:34.791+0000][gc,heap     ] GC(3) Survivor regions: 1->1(1)
[2026-10-08T01:29:34.791+0000][gc,heap     ] GC(3) Old regions: 7->8
[2026-10-08T01:29:34.791+0000][gc,heap     ] GC(3) Humongous regions: 0->0
[2026-10-08T01:29:34.791+0000][gc,metaspace] GC(3) Metaspace: 7949K(8192K)->7949K(8192K) NonClass: 7124K(7232K)->7124K(7232K) Class: 824K(960K)->824K(960K)
[2026-10-08T01:29:34.791+0000][gc          ] GC(3) Pause Young (Normal) (G1 Evacuation Pause) 11M->7M(130M) 2.437ms
[2026-10-08T01:29:34.791+0000][gc,cpu      ] GC(3) User=0.00s Sys=0.00s Real=0.00s
[2026-10-08T01:29:34.825+0000][gc,start    ] GC(4) Pause Young (Normal) (G1 Evacuation Pause)
[2026-10-08T01:29:34.825+0000][gc,task     ] GC(4) Using 3 workers of 4 for evacuation
[2026-10-08T01:29:34.825+0000][gc,phases   ] GC(4)   Pre Evacuate Collection Set: 0.13ms
[2026-10-08T01:29:34.825+0000][gc,phases   ] GC(4)   Merge Heap Roots: 0.04ms
[2026-10-08T01:29:34.825+0000][gc,phases   ] GC(4)   Evacuate Collection Set: 0.39ms
[2026-10-08T01:29:34.825+0000][gc,phases   ] GC(4)   Post Evacuate Collection Set: 0.21ms
[2026-10-08T01:29:34.825+0000][gc,phases   ] GC(4)   Other: 0.05ms
[2026-10-08T01:29:34.825+0000][gc,heap     ] GC(4) Eden regions: 5->0(5)
[2026-10-08T01:29:34.825+0000][gc,heap     ] GC(4) Survivor regions: 1->1(1)
[2026-10-08T01:29:34.825+0000][gc,heap     ] GC(4) Old regions: 8->8
[2026-10-08T01:29:34.825+0000][gc,heap     ] GC(4) Humongous regions: 0->0
[2026-10-08T01:29:34.825+0000][gc,metaspace] GC(4) Metaspace: 9027K(9280K)->9027K(9280K) NonClass: 8045K(8192K)->8045K(8192K) Class: 981K(1088K)->981K(1088K)
[2026-10-08T01:29:34.826+0000][gc          ] GC(4) Pause Young (Normal) (G1 Evacuation Pause) 12M->7M(130M) 0.936ms
[2026-10-08T01:29:34.826+0000][gc,cpu      ] GC(4) User=0.00s Sys=0.00s Real=0.00s
[2026-10-08T01:29:34.871+0000][gc,start    ] GC(5) Pause Young (Normal) (G1 Evacuation Pause)
[2026-10-08T01:29:34.871+0000][gc,task     ] GC(5) Using 3 workers of 4 for evacuation
[2026-10-08T01:29:34.872+0000][gc,phases   ] GC(5)   Pre Evacuate Collection Set: 0.14ms
[2026-10-08T01:29:34.872+0000][gc,phases   ] GC(5)   Merge Heap Roots: 0.03ms
[2026-10-08T01:29:34.872+0000][gc,phases   ] GC(5)   Evacuate Collection Set: 0.55ms
[2026-10-08T01:29:34.872+0000][gc,phases   ] GC(5)   Post Evacuate Collection Set: 0.28ms
[2026-10-08T01:29:34.872+0000][gc,phases   ] GC(5)   Other: 0.06ms
[2026-10-08T01:29:34.872+0000][gc,heap     ] GC(5) Eden regions: 5->0(8)
[2026-10-08T01:29:34.872+0000][gc,heap     ] GC(5) Survivor regions: 1->1(1)
[2026-10-08T01:29:34.872+0000][gc,heap     ] GC(5) Old regions: 8->8
[2026-10-08T01:29:34.872+0000][gc,heap     ] GC(5) Humongous regions: 0->0
[2026-10-08T01:29:34.872+0000][gc,metaspace] GC(5) Metaspace: 10568K(10752K)->10568K(10752K) NonClass: 9444K(9536K)->9444K(9536K) Class: 1123K(1216K)->1123K(1216K)
[2026-10-08T01:29:34.872+0000][gc          ] GC(5) Pause Young (Normal) (G1 Evacuation Pause) 12M->7M(130M) 1.221ms
[2026-10-08T01:29:34.872+0000][gc,cpu      ] GC(5) User=0.00s Sys=0.00s Real=0.00s
[2026-10-08T01:29:34.979+0000][gc,start    ] GC(6) Pause Young (Normal) (G1 Evacuation Pause)
[2026-10-08T01:29:34.979+0000][gc,task     ] GC(6) Using 3 workers of 4 for evacuation
[2026-10-08T01:29:34.982+0000][gc,phases   ] GC(6)   Pre Evacuate Collection Set: 0.16ms
[2026-10-08T01:29:34.982+0000][gc,phases   ] GC(6)   Merge Heap Roots: 0.04ms
[2026-10-08T01:29:34.982+0000][gc,phases   ] GC(6)   Evacuate Collection Set: 2.18ms
[2026-10-08T01:29:34.982+0000][gc,phases   ] GC(6)   Post Evacuate Collection Set: 0.17ms
[2026-10-08T01:29:34.982+0000][gc,phases   ] GC(6)   Other: 0.05ms
[2026-10-08T01:29:34.982+0000][gc,heap     ] GC(6) Eden regions: 10->0(9)
[2026-10-08T01:29:34.982+0000][gc,heap     ] GC(6) Survivor regions: 1->2(2)
[2026-10-08T01:29:34.982+0000][gc,heap     ] GC(6) Old regions: 8->8
[2026-10-08T01:29:34.982+0000][gc,heap     ] GC(6) Humongous regions: 0->0
[2026-10-08T01:29:34.982+0000][gc,metaspace] GC(6) Metaspace: 13410K(13632K)->13410K(13632K) NonClass: 11950K(12096K)->11950K(12096K) Class: 1459K(1536K)->1459K(1536K)
[2026-10-08T01:29:34.982+0000][gc          ] GC(6) Pause Young (Normal) (G1 Evacuation Pause) 17M->8M(130M) 2.707ms
[2026-10-08T01:29:34.982+0000][gc,cpu      ] GC(6) User=0.00s Sys=0.00s Real=0.00s
[2026-10-08T01:29:35.126+0000][gc,start    ] GC(7) Pause Young (Normal) (G1 Evacuation Pause)
[2026-10-08T01:29:35.126+0000][gc,task     ] GC(7) Using 3 workers of 4 for evacuation
[2026-10-08T01:29:35.129+0000][gc,phases   ] GC(7)   Pre Evacuate Collection Set: 0.15ms
[2026-10-08T01:29:35.129+0000][gc,phases   ] GC(7)   Merge Heap Roots: 0.05ms
[2026-10-08T01:29:35.129+0000][gc,phases   ] GC(7)   Evacuate Collection Set: 2.45ms
[2026-10-08T01:29:35.129+0000][gc,phases   ] GC(7)   Post Evacuate Collection Set: 0.27ms
[2026-10-08T01:29:35.129+0000][gc,phases   ] GC(7)   Other: 0.05ms
[2026-10-08T01:29:35.129+0000][gc,heap     ] GC(7) Eden regions: 9->0(11)
[2026-10-08T01:29:35.129+0000][gc,heap     ] GC(7) Survivor regions: 2->2(2)
[2026-10-08T01:29:35.129+0000][gc,heap     ] GC(7) Old regions: 8->10
[2026-10-08T01:29:35.129+0000][gc,heap     ] GC(7) Humongous regions: 0->0
[2026-10-08T01:29:35.129+0000][gc,metaspace] GC(7) Metaspace: 15664K(15936K)->15664K(15936K) NonClass: 13924K(14080K)->13924K(14080K) Class: 1739K(1856K)->1739K(1856K)
[2026-10-08T01:29:35.129+0000][gc          ] GC(7) Pause Young (Normal) (G1 Evacuation Pause) 17M->9M(130M) 3.059ms
[2026-10-08T01:29:35.129+0000][gc,cpu      ] GC(7) User=0.01s Sys=0.00s Real=0.01s
[2026-10-08T01:29:35.209+0000][gc,start    ] GC(8) Pause Young (Normal) (G1 Evacuation Pause)
[2026-10-08T01:29:35.209+0000][gc,task     ] GC(8) Using 3 workers of 4 for evacuation
[2026-10-08T01:29:35.211+0000][gc,phases   ] GC(8)   Pre Evacuate Collection Set: 0.09ms
[2026-10-08T01:29:35.211+0000][gc,phases   ] GC(8)   Merge Heap Roots: 0.03ms
[2026-10-08T01:29:35.211+0000][gc,phases   ] GC(8)   Evacuate Collection Set: 0.97ms
[2026-10-08T01:29:35.211+0000][gc,phases   ] GC(8)   Post Evacuate Collection Set: 0.85ms
[2026-10-08T01:29:35.211+0000][gc,phases   ] GC(8)   Other: 0.06ms
[2026-10-08T01:29:35.211+0000][gc,heap     ] GC(8) Eden regions: 8->0(21)
[2026-10-08T01:29:35.211+0000][gc,heap     ] GC(8) Survivor regions: 2->1(2)
[2026-10-08T01:29:35.211+0000][gc,heap     ] GC(8) Old regions: 10->11
[2026-10-08T01:29:35.211+0000][gc,heap     ] GC(8) Humongous regions: 0->0
[2026-10-08T01:29:35.211+0000][gc,metaspace] GC(8) Metaspace: 18722K(19008K)->18722K(19008K) NonClass: 16538K(16704K)->16538K(16704K) Class: 2183K(2304K)->2183K(2304K)
[2026-10-08T01:29:35.211+0000][gc          ] GC(8) Pause Young (Normal) (G1 Evacuation Pause) 17M->10M(130M) 2.111ms
[2026-10-08T01:29:35.211+0000][gc,cpu      ] GC(8) User=0.00s Sys=0.00s Real=0.00s
[2026-10-08T01:29:35.328+0000][gc,start    ] GC(9) Pause Young (Concurrent Start) (Metadata GC Threshold)
[2026-10-08T01:29:35.328+0000][gc,task     ] GC(9) Using 3 workers of 4 for evacuation
[2026-10-08T01:29:35.330+0000][gc,phases   ] GC(9)   Pre Evacuate Collection Set: 0.14ms
[2026-10-08T01:29:35.330+0000][gc,phases   ] GC(9)   Merge Heap Roots: 0.05ms
[2026-10-08T01:29:35.330+0000][gc,phases   ] GC(9)   Evacuate Collection Set: 1.22ms
[2026-10-08T01:29:35.330+0000][gc,phases   ] GC(9)   Post Evacuate Collection Set: 0.26ms
[2026-10-08T01:29:35.330+0000][gc,phases   ] GC(9)   Other: 0.08ms
[2026-10-08T01:29:35.330+0000][gc,heap     ] GC(9) Eden regions: 9->0(30)
[2026-10-08T01:29:35.330+0000][gc,heap     ] GC(9) Survivor regions: 1->1(4)
[2026-10-08T01:29:35.330+0000][gc,heap     ] GC(9) Old regions: 11->11
[2026-10-08T01:29:35.330+0000][gc,heap     ] GC(9) Humongous regions: 0->0
[2026-10-08T01:29:35.330+0000][gc,metaspace] GC(9) Metaspace: 21250K(21504K)->21250K(21504K) NonClass: 18690K(18816K)->18690K(18816K) Class: 2559K(2688K)->2559K(2688K)
[2026-10-08T01:29:35.330+0000][gc          ] GC(9) Pause Young (Concurrent Start) (Metadata GC Threshold) 18M->10M(130M) 1.851ms
[2026-10-08T01:29:35.330+0000][gc,cpu      ] GC(9) User=0.01s Sys=0.00s Real=0.00s
[2026-10-08T01:29:35.330+0000][gc          ] GC(10) Concurrent Mark Cycle
[2026-10-08T01:29:35.330+0000][gc,marking  ] GC(10) Concurrent Scan Root Regions
[2026-10-08T01:29:35.331+0000][gc,marking  ] GC(10) Concurrent Scan Root Regions 0.991ms
[2026-10-08T01:29:35.331+0000][gc,marking  ] GC(10) Concurrent Mark
[2026-10-08T01:29:35.331+0000][gc,marking  ] GC(10) Concurrent Mark From Roots
[2026-10-08T01:29:35.331+0000][gc,task     ] GC(10) Using 1 workers of 1 for marking
[2026-10-08T01:29:35.344+0000][gc,marking  ] GC(10) Concurrent Mark From Roots 13.426ms
[2026-10-08T01:29:35.344+0000][gc,marking  ] GC(10) Concurrent Preclean
[2026-10-08T01:29:35.344+0000][gc,marking  ] GC(10) Concurrent Preclean 0.039ms
[2026-10-08T01:29:35.344+0000][gc,start    ] GC(10) Pause Remark
[2026-10-08T01:29:35.347+0000][gc          ] GC(10) Pause Remark 12M->12M(128M) 2.293ms
[2026-10-08T01:29:35.347+0000][gc,cpu      ] GC(10) User=0.01s Sys=0.00s Real=0.00s
[2026-10-08T01:29:35.347+0000][gc,marking  ] GC(10) Concurrent Mark 16.224ms
[2026-10-08T01:29:35.347+0000][gc,marking  ] GC(10) Concurrent Rebuild Remembered Sets and Scrub Regions
[2026-10-08T01:29:35.351+0000][gc,marking  ] GC(10) Concurrent Rebuild Remembered Sets and Scrub Regions 3.863ms
[2026-10-08T01:29:35.351+0000][gc,start    ] GC(10) Pause Cleanup
[2026-10-08T01:29:35.351+0000][gc          ] GC(10) Pause Cleanup 12M->12M(128M) 0.077ms
[2026-10-08T01:29:35.351+0000][gc,cpu      ] GC(10) User=0.00s Sys=0.00s Real=0.00s
[2026-10-08T01:29:35.351+0000][gc,marking  ] GC(10) Concurrent Clear Claimed Marks
[2026-10-08T01:29:35.351+0000][gc,marking  ] GC(10) Concurrent Clear Claimed Marks 0.017ms
[2026-10-08T01:29:35.351+0000][gc,marking  ] GC(10) Concurrent Cleanup for Next Mark
[2026-10-08T01:29:35.352+0000][gc,marking  ] GC(10) Concurrent Cleanup for Next Mark 0.817ms
[2026-10-08T01:29:35.352+0000][gc          ] GC(10) Concurrent Mark Cycle 22.366ms
[2026-10-08T01:29:35.585+0000][gc,start    ] GC(11) Pause Young (Prepare Mixed) (G1 Evacuation Pause)
[2026-10-08T01:29:35.585+0000][gc,task     ] GC(11) Using 3 workers of 4 for evacuation
[2026-10-08T01:29:35.590+0000][gc,phases   ] GC(11)   Pre Evacuate Collection Set: 0.16ms
[2026-10-08T01:29:35.590+0000][gc,phases   ] GC(11)   Merge Heap Roots: 0.05ms
[2026-10-08T01:29:35.590+0000][gc,phases   ] GC(11)   Evacuate Collection Set: 3.34ms
[2026-10-08T01:29:35.590+0000][gc,phases   ] GC(11)   Post Evacuate Collection Set: 0.99ms
[2026-10-08T01:29:35.590+0000][gc,phases   ] GC(11)   Other: 0.05ms
[2026-10-08T01:29:35.590+0000][gc,heap     ] GC(11) Eden regions: 26->0(73)
[2026-10-08T01:29:35.590+0000][gc,heap     ] GC(11) Survivor regions: 1->3(4)
[2026-10-08T01:29:35.590+0000][gc,heap     ] GC(11) Old regions: 11->11
[2026-10-08T01:29:35.590+0000][gc,heap     ] GC(11) Humongous regions: 0->0
[2026-10-08T01:29:35.590+0000][gc,metaspace] GC(11) Metaspace: 28951K(29248K)->28951K(29248K) NonClass: 25762K(25920K)->25762K(25920K) Class: 3189K(3328K)->3189K(3328K)
[2026-10-08T01:29:35.590+0000][gc          ] GC(11) Pause Young (Prepare Mixed) (G1 Evacuation Pause) 36M->12M(128M) 4.709ms
[2026-10-08T01:29:35.590+0000][gc,cpu      ] GC(11) User=0.01s Sys=0.00s Real=0.01s
[2026-10-08T01:29:35.945+0000][gc,start    ] GC(12) Pause Young (Mixed) (G1 Evacuation Pause)
[2026-10-08T01:29:35.945+0000][gc,task     ] GC(12) Using 4 workers of 4 for evacuation
[2026-10-08T01:29:35.950+0000][gc,phases   ] GC(12)   Pre Evacuate Collection Set: 0.13ms
[2026-10-08T01:29:35.950+0000][gc,phases   ] GC(12)   Merge Heap Roots: 0.05ms
[2026-10-08T01:29:35.950+0000][gc,phases   ] GC(12)   Evacuate Collection Set: 4.23ms
[2026-10-08T01:29:35.950+0000][gc,phases   ] GC(12)   Post Evacuate Collection Set: 0.34ms
[2026-10-08T01:29:35.950+0000][gc,phases   ] GC(12)   Other: 0.06ms
[2026-10-08T01:29:35.950+0000][gc,heap     ] GC(12) Eden regions: 26->0(22)
[2026-10-08T01:29:35.950+0000][gc,heap     ] GC(12) Survivor regions: 3->4(4)
[2026-10-08T01:29:35.950+0000][gc,heap     ] GC(12) Old regions: 11->12
[2026-10-08T01:29:35.950+0000][gc,heap     ] GC(12) Humongous regions: 9->9
[2026-10-08T01:29:35.950+0000][gc,metaspace] GC(12) Metaspace: 34787K(35200K)->34787K(35200K) NonClass: 30803K(31040K)->30803K(31040K) Class: 3983K(4160K)->3983K(4160K)
[2026-10-08T01:29:35.950+0000][gc          ] GC(12) Pause Young (Mixed) (G1 Evacuation Pause) 47M->24M(128M) 4.926ms
[2026-10-08T01:29:35.950+0000][gc,cpu      ] GC(12) User=0.02s Sys=0.00s Real=0.01s
[2026-10-08T01:29:35.968+0000][gc,start    ] GC(13) Pause Young (Normal) (G1 Evacuation Pause)
[2026-10-08T01:29:35.968+0000][gc,task     ] GC(13) Using 4 workers of 4 for evacuation
[2026-10-08T01:29:35.972+0000][gc,phases   ] GC(13)   Pre Evacuate Collection Set: 0.20ms
[2026-10-08T01:29:35.972+0000][gc,phases   ] GC(13)   Merge Heap Roots: 0.04ms
[2026-10-08T01:29:35.972+0000][gc,phases   ] GC(13)   Evacuate Collection Set: 2.69ms
[2026-10-08T01:29:35.972+0000][gc,phases   ] GC(13)   Post Evacuate Collection Set: 0.34ms
[2026-10-08T01:29:35.972+0000][gc,phases   ] GC(13)   Other: 0.05ms
[2026-10-08T01:29:35.972+0000][gc,heap     ] GC(13) Eden regions: 2->0(54)
[2026-10-08T01:29:35.972+0000][gc,heap     ] GC(13) Survivor regions: 4->1(1)
[2026-10-08T01:29:35.972+0000][gc,heap     ] GC(13) Old regions: 12->16
[2026-10-08T01:29:35.972+0000][gc,heap     ] GC(13) Humongous regions: 9->9
[2026-10-08T01:29:35.972+0000][gc,metaspace] GC(13) Metaspace: 35231K(35648K)->35231K(35648K) NonClass: 31176K(31424K)->31176K(31424K) Class: 4054K(4224K)->4054K(4224K)
[2026-10-08T01:29:35.972+0000][gc          ] GC(13) Pause Young (Normal) (G1 Evacuation Pause) 26M->24M(128M) 3.433ms
[2026-10-08T01:29:35.972+0000][gc,cpu      ] GC(13) User=0.02s Sys=0.00s Real=0.00s
[2026-10-08T01:29:36.016+0000][gc,start    ] GC(14) Pause Young (Concurrent Start) (Metadata GC Threshold)
[2026-10-08T01:29:36.016+0000][gc,task     ] GC(14) Using 4 workers of 4 for evacuation
[2026-10-08T01:29:36.017+0000][gc,phases   ] GC(14)   Pre Evacuate Collection Set: 0.21ms
[2026-10-08T01:29:36.017+0000][gc,phases   ] GC(14)   Merge Heap Roots: 0.05ms
[2026-10-08T01:29:36.017+0000][gc,phases   ] GC(14)   Evacuate Collection Set: 1.04ms
[2026-10-08T01:29:36.017+0000][gc,phases   ] GC(14)   Post Evacuate Collection Set: 0.36ms
[2026-10-08T01:29:36.017+0000][gc,phases   ] GC(14)   Other: 0.08ms
[2026-10-08T01:29:36.017+0000][gc,heap     ] GC(14) Eden regions: 5->0(73)
[2026-10-08T01:29:36.017+0000][gc,heap     ] GC(14) Survivor regions: 1->1(10)
[2026-10-08T01:29:36.017+0000][gc,heap     ] GC(14) Old regions: 16->16
[2026-10-08T01:29:36.017+0000][gc,heap     ] GC(14) Humongous regions: 9->9
[2026-10-08T01:29:36.017+0000][gc,metaspace] GC(14) Metaspace: 36164K(36736K)->36164K(36736K) NonClass: 31975K(32256K)->31975K(32256K) Class: 4189K(4480K)->4189K(4480K)
[2026-10-08T01:29:36.017+0000][gc          ] GC(14) Pause Young (Concurrent Start) (Metadata GC Threshold) 29M->24M(128M) 1.847ms
[2026-10-08T01:29:36.017+0000][gc,cpu      ] GC(14) User=0.01s Sys=0.00s Real=0.00s
[2026-10-08T01:29:36.018+0000][gc          ] GC(15) Concurrent Mark Cycle
[2026-10-08T01:29:36.018+0000][gc,marking  ] GC(15) Concurrent Scan Root Regions
[2026-10-08T01:29:36.020+0000][gc,marking  ] GC(15) Concurrent Scan Root Regions 2.116ms
[2026-10-08T01:29:36.020+0000][gc,marking  ] GC(15) Concurrent Mark
[2026-10-08T01:29:36.020+0000][gc,marking  ] GC(15) Concurrent Mark From Roots
[2026-10-08T01:29:36.020+0000][gc,task     ] GC(15) Using 1 workers of 1 for marking
[2026-10-08T01:29:36.046+0000][gc,marking  ] GC(15) Concurrent Mark From Roots 26.117ms
[2026-10-08T01:29:36.046+0000][gc,marking  ] GC(15) Concurrent Preclean
[2026-10-08T01:29:36.046+0000][gc,marking  ] GC(15) Concurrent Preclean 0.094ms
[2026-10-08T01:29:36.046+0000][gc,start    ] GC(15) Pause Remark
[2026-10-08T01:29:36.049+0000][gc          ] GC(15) Pause Remark 28M->28M(128M) 3.213ms
[2026-10-08T01:29:36.049+0000][gc,cpu      ] GC(15) User=0.01s Sys=0.00s Real=0.01s
[2026-10-08T01:29:36.049+0000][gc,marking  ] GC(15) Concurrent Mark 29.678ms
[2026-10-08T01:29:36.049+0000][gc,marking  ] GC(15) Concurrent Rebuild Remembered Sets and Scrub Regions
[2026-10-08T01:29:36.055+0000][gc,marking  ] GC(15) Concurrent Rebuild Remembered Sets and Scrub Regions 5.269ms
[2026-10-08T01:29:36.057+0000][gc,start    ] GC(15) Pause Cleanup
[2026-10-08T01:29:36.057+0000][gc          ] GC(15) Pause Cleanup 28M->28M(128M) 0.109ms
[2026-10-08T01:29:36.057+0000][gc,cpu      ] GC(15) User=0.00s Sys=0.00s Real=0.00s
[2026-10-08T01:29:36.057+0000][gc,marking  ] GC(15) Concurrent Clear Claimed Marks
[2026-10-08T01:29:36.057+0000][gc,marking  ] GC(15) Concurrent Clear Claimed Marks 0.071ms
[2026-10-08T01:29:36.057+0000][gc,marking  ] GC(15) Concurrent Cleanup for Next Mark
[2026-10-08T01:29:36.057+0000][gc,marking  ] GC(15) Concurrent Cleanup for Next Mark 0.192ms
[2026-10-08T01:29:36.057+0000][gc          ] GC(15) Concurrent Mark Cycle 39.753ms
[2026-10-08T01:29:36.275+0000][gc,start    ] GC(16) Pause Young (Prepare Mixed) (G1 Evacuation Pause)
[2026-10-08T01:29:36.275+0000][gc,task     ] GC(16) Using 4 workers of 4 for evacuation
[2026-10-08T01:29:36.281+0000][gc,phases   ] GC(16)   Pre Evacuate Collection Set: 0.18ms
[2026-10-08T01:29:36.281+0000][gc,phases   ] GC(16)   Merge Heap Roots: 0.05ms
[2026-10-08T01:29:36.281+0000][gc,phases   ] GC(16)   Evacuate Collection Set: 5.65ms
[2026-10-08T01:29:36.281+0000][gc,phases   ] GC(16)   Post Evacuate Collection Set: 0.53ms
[2026-10-08T01:29:36.281+0000][gc,phases   ] GC(16)   Other: 0.08ms
[2026-10-08T01:29:36.281+0000][gc,heap     ] GC(16) Eden regions: 44->0(27)
[2026-10-08T01:29:36.281+0000][gc,heap     ] GC(16) Survivor regions: 1->6(6)
[2026-10-08T01:29:36.281+0000][gc,heap     ] GC(16) Old regions: 16->17
[2026-10-08T01:29:36.281+0000][gc,heap     ] GC(16) Humongous regions: 9->9
[2026-10-08T01:29:36.281+0000][gc,metaspace] GC(16) Metaspace: 42584K(43392K)->42584K(43392K) NonClass: 37625K(38080K)->37625K(38080K) Class: 4958K(5312K)->4958K(5312K)
[2026-10-08T01:29:36.281+0000][gc          ] GC(16) Pause Young (Prepare Mixed) (G1 Evacuation Pause) 68M->31M(128M) 6.602ms
[2026-10-08T01:29:36.281+0000][gc,cpu      ] GC(16) User=0.02s Sys=0.00s Real=0.01s
[2026-10-08T01:29:36.336+0000][gc,start    ] GC(17) Pause Young (Mixed) (G1 Humongous Allocation)
[2026-10-08T01:29:36.336+0000][gc,task     ] GC(17) Using 4 workers of 4 for evacuation
[2026-10-08T01:29:36.342+0000][gc,phases   ] GC(17)   Pre Evacuate Collection Set: 0.19ms
[2026-10-08T01:29:36.342+0000][gc,phases   ] GC(17)   Merge Heap Roots: 0.06ms
[2026-10-08T01:29:36.342+0000][gc,phases   ] GC(17)   Evacuate Collection Set: 5.00ms
[2026-10-08T01:29:36.342+0000][gc,phases   ] GC(17)   Post Evacuate Collection Set: 0.41ms
[2026-10-08T01:29:36.342+0000][gc,phases   ] GC(17)   Other: 0.05ms
[2026-10-08T01:29:36.342+0000][gc,heap     ] GC(17) Eden regions: 5->0(52)
[2026-10-08T01:29:36.342+0000][gc,heap     ] GC(17) Survivor regions: 6->1(3)
[2026-10-08T01:29:36.342+0000][gc,heap     ] GC(17) Old regions: 17->23
[2026-10-08T01:29:36.342+0000][gc,heap     ] GC(17) Humongous regions: 9->9
[2026-10-08T01:29:36.342+0000][gc,metaspace] GC(17) Metaspace: 43354K(44224K)->43354K(44224K) NonClass: 38280K(38784K)->38280K(38784K) Class: 5073K(5440K)->5073K(5440K)
[2026-10-08T01:29:36.342+0000][gc          ] GC(17) Pause Young (Mixed) (G1 Humongous Allocation) 36M->32M(128M) 5.835ms
[2026-10-08T01:29:36.342+0000][gc,cpu      ] GC(17) User=0.02s Sys=0.00s Real=0.00s
[2026-10-08T01:29:38.505+0000][gc,heap,exit] Heap
[2026-10-08T01:29:38.505+0000][gc,heap,exit]  garbage-first heap   total 262144K, used 187023K [0x00000000f0000000, 0x0000000100000000)
[2026-10-08T01:29:38.505+0000][gc,heap,exit]   region size 1024K, 22 young (22528K), 1 survivors (1024K)
[2026-10-08T01:29:38.505+0000][gc,heap,exit]  Metaspace       used 45551K, committed 46464K, reserved 1114112K
[2026-10-08T01:29:38.505+0000][gc,heap,exit]   class space    used 5453K, committed 5824K, reserved 1048576K
