   Compiling libc v0.2.189
   Compiling cfg-if v1.0.4
   Compiling typenum v1.20.1
   Compiling hybrid-array v0.4.14
   Compiling zeroize v1.9.0
   Compiling cmov v0.5.4
   Compiling ctutils v0.4.2
   Compiling rustls-pki-types v1.15.1
   Compiling block-buffer v0.12.1
   Compiling crypto-common v0.2.2
   Compiling getrandom v0.2.17
   Compiling const-oid v0.10.2
   Compiling untrusted v0.9.0
   Compiling ring v0.17.14
   Compiling digest v0.11.3
   Compiling errno v0.3.14
   Compiling signal-hook-registry v1.4.8
   Compiling rustls-webpki v0.103.15
   Compiling mio v1.2.2
   Compiling socket2 v0.6.5
   Compiling bytes v1.12.1
   Compiling scopeguard v1.2.0
   Compiling subtle v2.6.1
   Compiling simd-adler32 v0.3.10
   Compiling adler2 v2.0.1
   Compiling once_cell v1.21.4
   Compiling pin-project-lite v0.2.17
   Compiling smallvec v1.15.2
   Compiling parking_lot_core v0.9.12
   Compiling tokio v1.53.1
   Compiling rustls v0.23.45
   Compiling miniz_oxide v0.9.1
   Compiling lock_api v0.4.14
   Compiling crc32fast v1.5.1
   Compiling hmac v0.13.0
   Compiling cpufeatures v0.3.1
   Compiling zlib-rs v0.6.8
   Compiling twox-hash v2.1.2
   Compiling lz4_flex v0.14.0
   Compiling flate2 v1.1.10
   Compiling sha2 v0.11.0
   Compiling pbkdf2 v0.13.0
   Compiling crc32c v0.6.8
   Compiling parking_lot v0.12.5
   Compiling getrandom v0.4.3
   Compiling tokio-rustls v0.26.5
   Compiling snap v1.1.2
   Compiling webpki-roots v1.0.9
   Compiling base64 v0.23.1
   Compiling partitionline v0.1.0 (/workspace/work/client-share-assessment/preparation-oracle-msrv-255f2325)
    Finished `test` profile [unoptimized] target(s) in 26.97s
     Running tests/protocol_oracles.rs (/workspace/work/client-share-target/debug/deps/protocol_oracles-37cb06dc754f3488)

running 1 test
test share_v2_apache_response_bytes_lock_timeout_partial_errors_and_acquisition ... ok

test result: ok. 1 passed; 0 failed; 0 ignored; 0 measured; 39 filtered out; finished in 0.00s

