{
 "acks": -1,
 "batch_num_messages": 32768,
 "batch_size_bytes": 1048576,
 "bootstrap": [
  "127.0.0.1:19092"
 ],
 "compression": "none",
 "count": 512,
 "delivery_definition": "acknowledged = broker Produce response with nil promise error; enqueue is never counted",
 "franzgo_client_id": "franzgo-peer",
 "has_client_identity": false,
 "has_custom_ca": false,
 "has_sasl_credentials": false,
 "idempotence": false,
 "isolation_level": "read_uncommitted",
 "linger_ms": 5,
 "max_in_flight": 5,
 "partitioner": "round_robin",
 "partitions": 1,
 "payload_bytes": 100,
 "record_id_definition": "key = be64(index) || be64(splitmix64(seed^index)); value = splitmix64 stream; sha256 verified on consume",
 "record_seed": "0x5EED0001",
 "sasl_mechanism": "",
 "security_protocol": "PLAINTEXT",
 "tls_server_name": "",
 "topic": "matrix-config-only",
 "unsupported_by_driver": [
  "low-latency open-loop scheduler",
  "transactions (produce + read_committed filtering)",
  "KIP-848/KIP-932 group and share cells",
  "OAUTHBEARER/OIDC refresh"
 ],
 "warmup": 0
}
