Diff in /workspace/work/client-share-assessment/preparation-share-heartbeat-sync-0057972d/tests/full_surface.rs:5688:
 
     // Mock receipt precedes client response application. Observe both client
     // updates before asserting the new schedule.
-    common::wait_pred("updated share heartbeat interval and deadline applied", || {
-        g2.heartbeat_interval() == Duration::from_millis(4000)
-            && g2
-                .next_heartbeat_deadline()
-                .is_some_and(|deadline| deadline >= Instant::now() + Duration::from_millis(3000))
-    })
+    common::wait_pred(
+        "updated share heartbeat interval and deadline applied",
+        || {
+            g2.heartbeat_interval() == Duration::from_millis(4000)
+                && g2.next_heartbeat_deadline().is_some_and(|deadline| {
+                    deadline >= Instant::now() + Duration::from_millis(3000)
+                })
+        },
+    )
     .await;
 
     // The client must have received the 4000ms interval and applied it.
