[2026-10-07T21:39:59.773+0000][gc,init] CardTable entry size: 512
[2026-10-07T21:39:59.773+0000][gc     ] Using G1
[2026-10-07T21:39:59.775+0000][gc,init] Version: 21.0.12.1+1-1-deb13u1-Debian (release)
[2026-10-07T21:39:59.775+0000][gc,init] CPUs: 5 total, 4 available
[2026-10-07T21:39:59.775+0000][gc,init] Memory: 16384M
[2026-10-07T21:39:59.775+0000][gc,init] Large Page Support: Disabled
[2026-10-07T21:39:59.775+0000][gc,init] NUMA Support: Disabled
[2026-10-07T21:39:59.775+0000][gc,init] Compressed Oops: Enabled (32-bit)
[2026-10-07T21:39:59.775+0000][gc,init] Heap Region Size: 1M
[2026-10-07T21:39:59.775+0000][gc,init] Heap Min Capacity: 128M
[2026-10-07T21:39:59.775+0000][gc,init] Heap Initial Capacity: 128M
[2026-10-07T21:39:59.775+0000][gc,init] Heap Max Capacity: 256M
[2026-10-07T21:39:59.775+0000][gc,init] Pre-touch: Disabled
[2026-10-07T21:39:59.775+0000][gc,init] Parallel Workers: 4
[2026-10-07T21:39:59.775+0000][gc,init] Concurrent Workers: 1
[2026-10-07T21:39:59.775+0000][gc,init] Concurrent Refinement Workers: 4
[2026-10-07T21:39:59.775+0000][gc,init] Periodic GC: Disabled
[2026-10-07T21:39:59.782+0000][gc,metaspace] CDS archive(s) mapped at: [0x00007f9ebf000000-0x00007f9ebfc9c000-0x00007f9ebfc9c000), size 13221888, SharedBaseAddress: 0x00007f9ebf000000, ArchiveRelocationMode: 1.
[2026-10-07T21:39:59.782+0000][gc,metaspace] Compressed class space mapped at: 0x00007f9ec0000000-0x00007f9f00000000, reserved size: 1073741824
[2026-10-07T21:39:59.782+0000][gc,metaspace] Narrow klass base: 0x00007f9ebf000000, Narrow klass shift: 0, Narrow klass range: 0x100000000
[2026-10-07T21:39:59.873+0000][gc,start    ] GC(0) Pause Young (Normal) (G1 Evacuation Pause)
[2026-10-07T21:39:59.874+0000][gc,task     ] GC(0) Using 3 workers of 4 for evacuation
[2026-10-07T21:39:59.875+0000][gc,phases   ] GC(0)   Pre Evacuate Collection Set: 0.10ms
[2026-10-07T21:39:59.875+0000][gc,phases   ] GC(0)   Merge Heap Roots: 0.03ms
[2026-10-07T21:39:59.875+0000][gc,phases   ] GC(0)   Evacuate Collection Set: 1.32ms
[2026-10-07T21:39:59.875+0000][gc,phases   ] GC(0)   Post Evacuate Collection Set: 0.22ms
[2026-10-07T21:39:59.875+0000][gc,phases   ] GC(0)   Other: 0.34ms
[2026-10-07T21:39:59.875+0000][gc,heap     ] GC(0) Eden regions: 6->0(5)
[2026-10-07T21:39:59.875+0000][gc,heap     ] GC(0) Survivor regions: 0->1(1)
[2026-10-07T21:39:59.875+0000][gc,heap     ] GC(0) Old regions: 2->5
[2026-10-07T21:39:59.875+0000][gc,heap     ] GC(0) Humongous regions: 1->1
[2026-10-07T21:39:59.875+0000][gc,metaspace] GC(0) Metaspace: 1262K(1408K)->1262K(1408K) NonClass: 1154K(1216K)->1154K(1216K) Class: 108K(192K)->108K(192K)
[2026-10-07T21:39:59.875+0000][gc          ] GC(0) Pause Young (Normal) (G1 Evacuation Pause) 8M->5M(130M) 2.156ms
[2026-10-07T21:39:59.875+0000][gc,cpu      ] GC(0) User=0.01s Sys=0.01s Real=0.01s
[2026-10-07T21:39:59.990+0000][gc,start    ] GC(1) Pause Young (Normal) (G1 Evacuation Pause)
[2026-10-07T21:39:59.990+0000][gc,task     ] GC(1) Using 3 workers of 4 for evacuation
[2026-10-07T21:39:59.994+0000][gc,phases   ] GC(1)   Pre Evacuate Collection Set: 0.22ms
[2026-10-07T21:39:59.994+0000][gc,phases   ] GC(1)   Merge Heap Roots: 0.04ms
[2026-10-07T21:39:59.994+0000][gc,phases   ] GC(1)   Evacuate Collection Set: 3.01ms
[2026-10-07T21:39:59.994+0000][gc,phases   ] GC(1)   Post Evacuate Collection Set: 0.25ms
[2026-10-07T21:39:59.994+0000][gc,phases   ] GC(1)   Other: 0.04ms
[2026-10-07T21:39:59.994+0000][gc,heap     ] GC(1) Eden regions: 5->0(5)
[2026-10-07T21:39:59.994+0000][gc,heap     ] GC(1) Survivor regions: 1->1(1)
[2026-10-07T21:39:59.994+0000][gc,heap     ] GC(1) Old regions: 5->6
[2026-10-07T21:39:59.994+0000][gc,heap     ] GC(1) Humongous regions: 1->1
[2026-10-07T21:39:59.994+0000][gc,metaspace] GC(1) Metaspace: 3653K(3840K)->3653K(3840K) NonClass: 3291K(3392K)->3291K(3392K) Class: 361K(448K)->361K(448K)
[2026-10-07T21:39:59.994+0000][gc          ] GC(1) Pause Young (Normal) (G1 Evacuation Pause) 10M->6M(130M) 3.653ms
[2026-10-07T21:39:59.994+0000][gc,cpu      ] GC(1) User=0.01s Sys=0.00s Real=0.00s
[2026-10-07T21:40:00.098+0000][gc,start    ] GC(2) Pause Young (Normal) (G1 Evacuation Pause)
[2026-10-07T21:40:00.098+0000][gc,task     ] GC(2) Using 3 workers of 4 for evacuation
[2026-10-07T21:40:00.100+0000][gc,phases   ] GC(2)   Pre Evacuate Collection Set: 0.13ms
[2026-10-07T21:40:00.100+0000][gc,phases   ] GC(2)   Merge Heap Roots: 0.04ms
[2026-10-07T21:40:00.100+0000][gc,phases   ] GC(2)   Evacuate Collection Set: 1.70ms
[2026-10-07T21:40:00.100+0000][gc,phases   ] GC(2)   Post Evacuate Collection Set: 0.35ms
[2026-10-07T21:40:00.100+0000][gc,phases   ] GC(2)   Other: 0.04ms
[2026-10-07T21:40:00.100+0000][gc,heap     ] GC(2) Eden regions: 5->0(5)
[2026-10-07T21:40:00.100+0000][gc,heap     ] GC(2) Survivor regions: 1->1(1)
[2026-10-07T21:40:00.100+0000][gc,heap     ] GC(2) Old regions: 6->7
[2026-10-07T21:40:00.100+0000][gc,heap     ] GC(2) Humongous regions: 1->1
[2026-10-07T21:40:00.100+0000][gc,metaspace] GC(2) Metaspace: 6803K(6976K)->6803K(6976K) NonClass: 6133K(6208K)->6133K(6208K) Class: 670K(768K)->670K(768K)
[2026-10-07T21:40:00.100+0000][gc          ] GC(2) Pause Young (Normal) (G1 Evacuation Pause) 11M->7M(130M) 2.373ms
[2026-10-07T21:40:00.100+0000][gc,cpu      ] GC(2) User=0.01s Sys=0.00s Real=0.00s
[2026-10-07T21:40:00.165+0000][gc,start    ] GC(3) Pause Young (Normal) (G1 Evacuation Pause)
[2026-10-07T21:40:00.165+0000][gc,task     ] GC(3) Using 3 workers of 4 for evacuation
[2026-10-07T21:40:00.167+0000][gc,phases   ] GC(3)   Pre Evacuate Collection Set: 0.11ms
[2026-10-07T21:40:00.167+0000][gc,phases   ] GC(3)   Merge Heap Roots: 0.01ms
[2026-10-07T21:40:00.167+0000][gc,phases   ] GC(3)   Evacuate Collection Set: 1.42ms
[2026-10-07T21:40:00.167+0000][gc,phases   ] GC(3)   Post Evacuate Collection Set: 0.23ms
[2026-10-07T21:40:00.167+0000][gc,phases   ] GC(3)   Other: 0.04ms
[2026-10-07T21:40:00.167+0000][gc,heap     ] GC(3) Eden regions: 5->0(5)
[2026-10-07T21:40:00.167+0000][gc,heap     ] GC(3) Survivor regions: 1->1(1)
[2026-10-07T21:40:00.167+0000][gc,heap     ] GC(3) Old regions: 7->8
[2026-10-07T21:40:00.167+0000][gc,heap     ] GC(3) Humongous regions: 1->1
[2026-10-07T21:40:00.167+0000][gc,metaspace] GC(3) Metaspace: 8068K(8320K)->8068K(8320K) NonClass: 7222K(7360K)->7222K(7360K) Class: 845K(960K)->845K(960K)
[2026-10-07T21:40:00.167+0000][gc          ] GC(3) Pause Young (Normal) (G1 Evacuation Pause) 12M->7M(130M) 1.895ms
[2026-10-07T21:40:00.167+0000][gc,cpu      ] GC(3) User=0.00s Sys=0.00s Real=0.00s
[2026-10-07T21:40:00.197+0000][gc,start    ] GC(4) Pause Young (Normal) (G1 Evacuation Pause)
[2026-10-07T21:40:00.197+0000][gc,task     ] GC(4) Using 3 workers of 4 for evacuation
[2026-10-07T21:40:00.198+0000][gc,phases   ] GC(4)   Pre Evacuate Collection Set: 0.13ms
[2026-10-07T21:40:00.198+0000][gc,phases   ] GC(4)   Merge Heap Roots: 0.03ms
[2026-10-07T21:40:00.198+0000][gc,phases   ] GC(4)   Evacuate Collection Set: 0.73ms
[2026-10-07T21:40:00.198+0000][gc,phases   ] GC(4)   Post Evacuate Collection Set: 0.19ms
[2026-10-07T21:40:00.198+0000][gc,phases   ] GC(4)   Other: 0.04ms
[2026-10-07T21:40:00.198+0000][gc,heap     ] GC(4) Eden regions: 5->0(5)
[2026-10-07T21:40:00.198+0000][gc,heap     ] GC(4) Survivor regions: 1->1(1)
[2026-10-07T21:40:00.198+0000][gc,heap     ] GC(4) Old regions: 8->8
[2026-10-07T21:40:00.198+0000][gc,heap     ] GC(4) Humongous regions: 1->1
[2026-10-07T21:40:00.198+0000][gc,metaspace] GC(4) Metaspace: 9045K(9280K)->9045K(9280K) NonClass: 8059K(8192K)->8059K(8192K) Class: 986K(1088K)->986K(1088K)
[2026-10-07T21:40:00.198+0000][gc          ] GC(4) Pause Young (Normal) (G1 Evacuation Pause) 12M->7M(130M) 1.211ms
[2026-10-07T21:40:00.198+0000][gc,cpu      ] GC(4) User=0.00s Sys=0.00s Real=0.00s
[2026-10-07T21:40:00.240+0000][gc,start    ] GC(5) Pause Young (Normal) (G1 Evacuation Pause)
[2026-10-07T21:40:00.240+0000][gc,task     ] GC(5) Using 3 workers of 4 for evacuation
[2026-10-07T21:40:00.241+0000][gc,phases   ] GC(5)   Pre Evacuate Collection Set: 0.12ms
[2026-10-07T21:40:00.241+0000][gc,phases   ] GC(5)   Merge Heap Roots: 0.04ms
[2026-10-07T21:40:00.241+0000][gc,phases   ] GC(5)   Evacuate Collection Set: 0.48ms
[2026-10-07T21:40:00.241+0000][gc,phases   ] GC(5)   Post Evacuate Collection Set: 0.21ms
[2026-10-07T21:40:00.241+0000][gc,phases   ] GC(5)   Other: 0.04ms
[2026-10-07T21:40:00.241+0000][gc,heap     ] GC(5) Eden regions: 5->0(7)
[2026-10-07T21:40:00.241+0000][gc,heap     ] GC(5) Survivor regions: 1->1(1)
[2026-10-07T21:40:00.241+0000][gc,heap     ] GC(5) Old regions: 8->8
[2026-10-07T21:40:00.241+0000][gc,heap     ] GC(5) Humongous regions: 1->1
[2026-10-07T21:40:00.241+0000][gc,metaspace] GC(5) Metaspace: 10576K(10752K)->10576K(10752K) NonClass: 9446K(9536K)->9446K(9536K) Class: 1130K(1216K)->1130K(1216K)
[2026-10-07T21:40:00.241+0000][gc          ] GC(5) Pause Young (Normal) (G1 Evacuation Pause) 12M->8M(130M) 0.983ms
[2026-10-07T21:40:00.241+0000][gc,cpu      ] GC(5) User=0.01s Sys=0.00s Real=0.00s
[2026-10-07T21:40:00.322+0000][gc,start    ] GC(6) Pause Young (Normal) (G1 Evacuation Pause)
[2026-10-07T21:40:00.322+0000][gc,task     ] GC(6) Using 3 workers of 4 for evacuation
[2026-10-07T21:40:00.324+0000][gc,phases   ] GC(6)   Pre Evacuate Collection Set: 0.12ms
[2026-10-07T21:40:00.324+0000][gc,phases   ] GC(6)   Merge Heap Roots: 0.03ms
[2026-10-07T21:40:00.324+0000][gc,phases   ] GC(6)   Evacuate Collection Set: 2.15ms
[2026-10-07T21:40:00.324+0000][gc,phases   ] GC(6)   Post Evacuate Collection Set: 0.21ms
[2026-10-07T21:40:00.324+0000][gc,phases   ] GC(6)   Other: 0.05ms
[2026-10-07T21:40:00.324+0000][gc,heap     ] GC(6) Eden regions: 7->0(6)
[2026-10-07T21:40:00.324+0000][gc,heap     ] GC(6) Survivor regions: 1->1(1)
[2026-10-07T21:40:00.324+0000][gc,heap     ] GC(6) Old regions: 8->9
[2026-10-07T21:40:00.324+0000][gc,heap     ] GC(6) Humongous regions: 1->1
[2026-10-07T21:40:00.324+0000][gc,metaspace] GC(6) Metaspace: 12640K(12864K)->12640K(12864K) NonClass: 11284K(11392K)->11284K(11392K) Class: 1356K(1472K)->1356K(1472K)
[2026-10-07T21:40:00.324+0000][gc          ] GC(6) Pause Young (Normal) (G1 Evacuation Pause) 15M->9M(130M) 2.660ms
[2026-10-07T21:40:00.324+0000][gc,cpu      ] GC(6) User=0.00s Sys=0.00s Real=0.00s
[2026-10-07T21:40:00.399+0000][gc,start    ] GC(7) Pause Young (Normal) (G1 Evacuation Pause)
[2026-10-07T21:40:00.399+0000][gc,task     ] GC(7) Using 3 workers of 4 for evacuation
[2026-10-07T21:40:00.401+0000][gc,phases   ] GC(7)   Pre Evacuate Collection Set: 0.17ms
[2026-10-07T21:40:00.401+0000][gc,phases   ] GC(7)   Merge Heap Roots: 0.03ms
[2026-10-07T21:40:00.401+0000][gc,phases   ] GC(7)   Evacuate Collection Set: 1.16ms
[2026-10-07T21:40:00.401+0000][gc,phases   ] GC(7)   Post Evacuate Collection Set: 0.22ms
[2026-10-07T21:40:00.401+0000][gc,phases   ] GC(7)   Other: 0.04ms
[2026-10-07T21:40:00.401+0000][gc,heap     ] GC(7) Eden regions: 6->0(8)
[2026-10-07T21:40:00.401+0000][gc,heap     ] GC(7) Survivor regions: 1->1(1)
[2026-10-07T21:40:00.401+0000][gc,heap     ] GC(7) Old regions: 9->10
[2026-10-07T21:40:00.401+0000][gc,heap     ] GC(7) Humongous regions: 1->1
[2026-10-07T21:40:00.401+0000][gc,metaspace] GC(7) Metaspace: 14289K(14528K)->14289K(14528K) NonClass: 12719K(12864K)->12719K(12864K) Class: 1569K(1664K)->1569K(1664K)
[2026-10-07T21:40:00.401+0000][gc          ] GC(7) Pause Young (Normal) (G1 Evacuation Pause) 15M->9M(130M) 1.714ms
[2026-10-07T21:40:00.401+0000][gc,cpu      ] GC(7) User=0.00s Sys=0.00s Real=0.00s
[2026-10-07T21:40:00.514+0000][gc,start    ] GC(8) Pause Young (Normal) (G1 Evacuation Pause)
[2026-10-07T21:40:00.514+0000][gc,task     ] GC(8) Using 3 workers of 4 for evacuation
[2026-10-07T21:40:00.516+0000][gc,phases   ] GC(8)   Pre Evacuate Collection Set: 0.07ms
[2026-10-07T21:40:00.516+0000][gc,phases   ] GC(8)   Merge Heap Roots: 0.04ms
[2026-10-07T21:40:00.516+0000][gc,phases   ] GC(8)   Evacuate Collection Set: 1.06ms
[2026-10-07T21:40:00.516+0000][gc,phases   ] GC(8)   Post Evacuate Collection Set: 0.20ms
[2026-10-07T21:40:00.516+0000][gc,phases   ] GC(8)   Other: 0.04ms
[2026-10-07T21:40:00.516+0000][gc,heap     ] GC(8) Eden regions: 8->0(9)
[2026-10-07T21:40:00.516+0000][gc,heap     ] GC(8) Survivor regions: 1->2(2)
[2026-10-07T21:40:00.516+0000][gc,heap     ] GC(8) Old regions: 10->10
[2026-10-07T21:40:00.516+0000][gc,heap     ] GC(8) Humongous regions: 1->1
[2026-10-07T21:40:00.516+0000][gc,metaspace] GC(8) Metaspace: 16533K(16768K)->16533K(16768K) NonClass: 14719K(14848K)->14719K(14848K) Class: 1813K(1920K)->1813K(1920K)
[2026-10-07T21:40:00.516+0000][gc          ] GC(8) Pause Young (Normal) (G1 Evacuation Pause) 17M->10M(130M) 1.508ms
[2026-10-07T21:40:00.516+0000][gc,cpu      ] GC(8) User=0.00s Sys=0.00s Real=0.01s
[2026-10-07T21:40:00.618+0000][gc,start    ] GC(9) Pause Young (Normal) (G1 Evacuation Pause)
[2026-10-07T21:40:00.618+0000][gc,task     ] GC(9) Using 3 workers of 4 for evacuation
[2026-10-07T21:40:00.623+0000][gc,phases   ] GC(9)   Pre Evacuate Collection Set: 2.89ms
[2026-10-07T21:40:00.623+0000][gc,phases   ] GC(9)   Merge Heap Roots: 0.08ms
[2026-10-07T21:40:00.623+0000][gc,phases   ] GC(9)   Evacuate Collection Set: 1.25ms
[2026-10-07T21:40:00.623+0000][gc,phases   ] GC(9)   Post Evacuate Collection Set: 0.23ms
[2026-10-07T21:40:00.623+0000][gc,phases   ] GC(9)   Other: 0.04ms
[2026-10-07T21:40:00.623+0000][gc,heap     ] GC(9) Eden regions: 9->0(16)
[2026-10-07T21:40:00.623+0000][gc,heap     ] GC(9) Survivor regions: 2->2(2)
[2026-10-07T21:40:00.623+0000][gc,heap     ] GC(9) Old regions: 10->10
[2026-10-07T21:40:00.623+0000][gc,heap     ] GC(9) Humongous regions: 1->1
[2026-10-07T21:40:00.623+0000][gc,metaspace] GC(9) Metaspace: 19690K(19968K)->19690K(19968K) NonClass: 17397K(17536K)->17397K(17536K) Class: 2293K(2432K)->2293K(2432K)
[2026-10-07T21:40:00.623+0000][gc          ] GC(9) Pause Young (Normal) (G1 Evacuation Pause) 19M->10M(130M) 4.601ms
[2026-10-07T21:40:00.623+0000][gc,cpu      ] GC(9) User=0.00s Sys=0.00s Real=0.00s
[2026-10-07T21:40:00.681+0000][gc,start    ] GC(10) Pause Young (Concurrent Start) (Metadata GC Threshold)
[2026-10-07T21:40:00.681+0000][gc,task     ] GC(10) Using 3 workers of 4 for evacuation
[2026-10-07T21:40:00.683+0000][gc,phases   ] GC(10)   Pre Evacuate Collection Set: 0.15ms
[2026-10-07T21:40:00.683+0000][gc,phases   ] GC(10)   Merge Heap Roots: 0.03ms
[2026-10-07T21:40:00.683+0000][gc,phases   ] GC(10)   Evacuate Collection Set: 1.75ms
[2026-10-07T21:40:00.683+0000][gc,phases   ] GC(10)   Post Evacuate Collection Set: 0.25ms
[2026-10-07T21:40:00.683+0000][gc,phases   ] GC(10)   Other: 0.06ms
[2026-10-07T21:40:00.683+0000][gc,heap     ] GC(10) Eden regions: 5->0(41)
[2026-10-07T21:40:00.683+0000][gc,heap     ] GC(10) Survivor regions: 2->2(3)
[2026-10-07T21:40:00.683+0000][gc,heap     ] GC(10) Old regions: 10->10
[2026-10-07T21:40:00.683+0000][gc,heap     ] GC(10) Humongous regions: 1->1
[2026-10-07T21:40:00.683+0000][gc,metaspace] GC(10) Metaspace: 21269K(21504K)->21269K(21504K) NonClass: 18713K(18816K)->18713K(18816K) Class: 2555K(2688K)->2555K(2688K)
[2026-10-07T21:40:00.683+0000][gc          ] GC(10) Pause Young (Concurrent Start) (Metadata GC Threshold) 15M->11M(130M) 2.345ms
[2026-10-07T21:40:00.683+0000][gc,cpu      ] GC(10) User=0.01s Sys=0.00s Real=0.00s
[2026-10-07T21:40:00.683+0000][gc          ] GC(11) Concurrent Mark Cycle
[2026-10-07T21:40:00.684+0000][gc,marking  ] GC(11) Concurrent Scan Root Regions
[2026-10-07T21:40:00.685+0000][gc,marking  ] GC(11) Concurrent Scan Root Regions 1.157ms
[2026-10-07T21:40:00.685+0000][gc,marking  ] GC(11) Concurrent Mark
[2026-10-07T21:40:00.685+0000][gc,marking  ] GC(11) Concurrent Mark From Roots
[2026-10-07T21:40:00.685+0000][gc,task     ] GC(11) Using 1 workers of 1 for marking
[2026-10-07T21:40:00.691+0000][gc,marking  ] GC(11) Concurrent Mark From Roots 6.494ms
[2026-10-07T21:40:00.691+0000][gc,marking  ] GC(11) Concurrent Preclean
[2026-10-07T21:40:00.691+0000][gc,marking  ] GC(11) Concurrent Preclean 0.042ms
[2026-10-07T21:40:00.691+0000][gc,start    ] GC(11) Pause Remark
[2026-10-07T21:40:00.694+0000][gc          ] GC(11) Pause Remark 11M->11M(128M) 3.027ms
[2026-10-07T21:40:00.694+0000][gc,cpu      ] GC(11) User=0.01s Sys=0.00s Real=0.00s
[2026-10-07T21:40:00.694+0000][gc,marking  ] GC(11) Concurrent Mark 9.793ms
[2026-10-07T21:40:00.695+0000][gc,marking  ] GC(11) Concurrent Rebuild Remembered Sets and Scrub Regions
[2026-10-07T21:40:00.697+0000][gc,marking  ] GC(11) Concurrent Rebuild Remembered Sets and Scrub Regions 2.936ms
[2026-10-07T21:40:00.698+0000][gc,start    ] GC(11) Pause Cleanup
[2026-10-07T21:40:00.698+0000][gc          ] GC(11) Pause Cleanup 11M->11M(128M) 0.071ms
[2026-10-07T21:40:00.698+0000][gc,cpu      ] GC(11) User=0.00s Sys=0.00s Real=0.00s
[2026-10-07T21:40:00.699+0000][gc,marking  ] GC(11) Concurrent Clear Claimed Marks
[2026-10-07T21:40:00.699+0000][gc,marking  ] GC(11) Concurrent Clear Claimed Marks 0.027ms
[2026-10-07T21:40:00.699+0000][gc,marking  ] GC(11) Concurrent Cleanup for Next Mark
[2026-10-07T21:40:00.700+0000][gc,marking  ] GC(11) Concurrent Cleanup for Next Mark 0.690ms
[2026-10-07T21:40:00.700+0000][gc          ] GC(11) Concurrent Mark Cycle 16.097ms
[2026-10-07T21:40:01.119+0000][gc,start    ] GC(12) Pause Young (Prepare Mixed) (G1 Evacuation Pause)
[2026-10-07T21:40:01.119+0000][gc,task     ] GC(12) Using 3 workers of 4 for evacuation
[2026-10-07T21:40:01.133+0000][gc,phases   ] GC(12)   Pre Evacuate Collection Set: 5.12ms
[2026-10-07T21:40:01.133+0000][gc,phases   ] GC(12)   Merge Heap Roots: 0.07ms
[2026-10-07T21:40:01.133+0000][gc,phases   ] GC(12)   Evacuate Collection Set: 7.48ms
[2026-10-07T21:40:01.133+0000][gc,phases   ] GC(12)   Post Evacuate Collection Set: 0.50ms
[2026-10-07T21:40:01.133+0000][gc,phases   ] GC(12)   Other: 0.61ms
[2026-10-07T21:40:01.133+0000][gc,heap     ] GC(12) Eden regions: 41->0(1)
[2026-10-07T21:40:01.133+0000][gc,heap     ] GC(12) Survivor regions: 2->6(6)
[2026-10-07T21:40:01.133+0000][gc,heap     ] GC(12) Old regions: 10->10
[2026-10-07T21:40:01.133+0000][gc,heap     ] GC(12) Humongous regions: 1->1
[2026-10-07T21:40:01.133+0000][gc,metaspace] GC(12) Metaspace: 31720K(32064K)->31720K(32064K) NonClass: 28088K(28288K)->28088K(28288K) Class: 3632K(3776K)->3632K(3776K)
[2026-10-07T21:40:01.133+0000][gc          ] GC(12) Pause Young (Prepare Mixed) (G1 Evacuation Pause) 52M->15M(128M) 13.928ms
[2026-10-07T21:40:01.133+0000][gc,cpu      ] GC(12) User=0.04s Sys=0.01s Real=0.01s
[2026-10-07T21:40:01.148+0000][gc,start    ] GC(13) Pause Young (Mixed) (G1 Evacuation Pause)
[2026-10-07T21:40:01.148+0000][gc,task     ] GC(13) Using 3 workers of 4 for evacuation
[2026-10-07T21:40:01.152+0000][gc,phases   ] GC(13)   Pre Evacuate Collection Set: 0.09ms
[2026-10-07T21:40:01.152+0000][gc,phases   ] GC(13)   Merge Heap Roots: 0.05ms
[2026-10-07T21:40:01.152+0000][gc,phases   ] GC(13)   Evacuate Collection Set: 3.41ms
[2026-10-07T21:40:01.152+0000][gc,phases   ] GC(13)   Post Evacuate Collection Set: 0.21ms
[2026-10-07T21:40:01.152+0000][gc,phases   ] GC(13)   Other: 0.05ms
[2026-10-07T21:40:01.152+0000][gc,heap     ] GC(13) Eden regions: 1->0(6)
[2026-10-07T21:40:01.152+0000][gc,heap     ] GC(13) Survivor regions: 6->1(1)
[2026-10-07T21:40:01.152+0000][gc,heap     ] GC(13) Old regions: 10->15
[2026-10-07T21:40:01.152+0000][gc,heap     ] GC(13) Humongous regions: 1->1
[2026-10-07T21:40:01.152+0000][gc,metaspace] GC(13) Metaspace: 32035K(32384K)->32035K(32384K) NonClass: 28376K(28544K)->28376K(28544K) Class: 3659K(3840K)->3659K(3840K)
[2026-10-07T21:40:01.152+0000][gc          ] GC(13) Pause Young (Mixed) (G1 Evacuation Pause) 16M->16M(128M) 3.933ms
[2026-10-07T21:40:01.152+0000][gc,cpu      ] GC(13) User=0.02s Sys=0.00s Real=0.00s
[2026-10-07T21:40:01.233+0000][gc,start    ] GC(14) Pause Young (Normal) (G1 Evacuation Pause)
[2026-10-07T21:40:01.233+0000][gc,task     ] GC(14) Using 4 workers of 4 for evacuation
[2026-10-07T21:40:01.235+0000][gc,phases   ] GC(14)   Pre Evacuate Collection Set: 0.12ms
[2026-10-07T21:40:01.235+0000][gc,phases   ] GC(14)   Merge Heap Roots: 0.03ms
[2026-10-07T21:40:01.235+0000][gc,phases   ] GC(14)   Evacuate Collection Set: 0.90ms
[2026-10-07T21:40:01.235+0000][gc,phases   ] GC(14)   Post Evacuate Collection Set: 0.25ms
[2026-10-07T21:40:01.235+0000][gc,phases   ] GC(14)   Other: 0.04ms
[2026-10-07T21:40:01.235+0000][gc,heap     ] GC(14) Eden regions: 6->0(20)
[2026-10-07T21:40:01.235+0000][gc,heap     ] GC(14) Survivor regions: 1->1(1)
[2026-10-07T21:40:01.235+0000][gc,heap     ] GC(14) Old regions: 15->15
[2026-10-07T21:40:01.235+0000][gc,heap     ] GC(14) Humongous regions: 1->1
[2026-10-07T21:40:01.235+0000][gc,metaspace] GC(14) Metaspace: 33737K(34176K)->33737K(34176K) NonClass: 29869K(30144K)->29869K(30144K) Class: 3868K(4032K)->3868K(4032K)
[2026-10-07T21:40:01.235+0000][gc          ] GC(14) Pause Young (Normal) (G1 Evacuation Pause) 22M->15M(128M) 1.449ms
[2026-10-07T21:40:01.235+0000][gc,cpu      ] GC(14) User=0.01s Sys=0.00s Real=0.00s
[2026-10-07T21:40:01.321+0000][gc,start    ] GC(15) Pause Young (Concurrent Start) (Metadata GC Threshold)
[2026-10-07T21:40:01.321+0000][gc,task     ] GC(15) Using 4 workers of 4 for evacuation
[2026-10-07T21:40:01.324+0000][gc,phases   ] GC(15)   Pre Evacuate Collection Set: 0.13ms
[2026-10-07T21:40:01.324+0000][gc,phases   ] GC(15)   Merge Heap Roots: 0.04ms
[2026-10-07T21:40:01.324+0000][gc,phases   ] GC(15)   Evacuate Collection Set: 2.17ms
[2026-10-07T21:40:01.324+0000][gc,phases   ] GC(15)   Post Evacuate Collection Set: 0.33ms
[2026-10-07T21:40:01.324+0000][gc,phases   ] GC(15)   Other: 0.08ms
[2026-10-07T21:40:01.324+0000][gc,heap     ] GC(15) Eden regions: 9->0(16)
[2026-10-07T21:40:01.324+0000][gc,heap     ] GC(15) Survivor regions: 1->2(3)
[2026-10-07T21:40:01.324+0000][gc,heap     ] GC(15) Old regions: 15->15
[2026-10-07T21:40:01.324+0000][gc,heap     ] GC(15) Humongous regions: 10->10
[2026-10-07T21:40:01.324+0000][gc,metaspace] GC(15) Metaspace: 35613K(36160K)->35613K(36160K) NonClass: 31472K(31744K)->31472K(31744K) Class: 4140K(4416K)->4140K(4416K)
[2026-10-07T21:40:01.324+0000][gc          ] GC(15) Pause Young (Concurrent Start) (Metadata GC Threshold) 32M->25M(128M) 2.867ms
[2026-10-07T21:40:01.324+0000][gc,cpu      ] GC(15) User=0.01s Sys=0.00s Real=0.00s
[2026-10-07T21:40:01.324+0000][gc          ] GC(16) Concurrent Mark Cycle
[2026-10-07T21:40:01.324+0000][gc,marking  ] GC(16) Concurrent Scan Root Regions
[2026-10-07T21:40:01.326+0000][gc,marking  ] GC(16) Concurrent Scan Root Regions 1.403ms
[2026-10-07T21:40:01.326+0000][gc,marking  ] GC(16) Concurrent Mark
[2026-10-07T21:40:01.326+0000][gc,marking  ] GC(16) Concurrent Mark From Roots
[2026-10-07T21:40:01.326+0000][gc,task     ] GC(16) Using 1 workers of 1 for marking
[2026-10-07T21:40:01.341+0000][gc,marking  ] GC(16) Concurrent Mark From Roots 15.517ms
[2026-10-07T21:40:01.341+0000][gc,marking  ] GC(16) Concurrent Preclean
[2026-10-07T21:40:01.341+0000][gc,marking  ] GC(16) Concurrent Preclean 0.041ms
[2026-10-07T21:40:01.341+0000][gc,start    ] GC(16) Pause Remark
[2026-10-07T21:40:01.344+0000][gc          ] GC(16) Pause Remark 27M->27M(128M) 3.056ms
[2026-10-07T21:40:01.344+0000][gc,cpu      ] GC(16) User=0.01s Sys=0.00s Real=0.00s
[2026-10-07T21:40:01.345+0000][gc,marking  ] GC(16) Concurrent Mark 18.802ms
[2026-10-07T21:40:01.345+0000][gc,marking  ] GC(16) Concurrent Rebuild Remembered Sets and Scrub Regions
[2026-10-07T21:40:01.352+0000][gc,marking  ] GC(16) Concurrent Rebuild Remembered Sets and Scrub Regions 6.933ms
[2026-10-07T21:40:01.355+0000][gc,start    ] GC(16) Pause Cleanup
[2026-10-07T21:40:01.355+0000][gc          ] GC(16) Pause Cleanup 27M->27M(128M) 0.084ms
[2026-10-07T21:40:01.355+0000][gc,cpu      ] GC(16) User=0.00s Sys=0.00s Real=0.00s
[2026-10-07T21:40:01.355+0000][gc,marking  ] GC(16) Concurrent Clear Claimed Marks
[2026-10-07T21:40:01.355+0000][gc,marking  ] GC(16) Concurrent Clear Claimed Marks 0.079ms
[2026-10-07T21:40:01.355+0000][gc,marking  ] GC(16) Concurrent Cleanup for Next Mark
[2026-10-07T21:40:01.355+0000][gc,marking  ] GC(16) Concurrent Cleanup for Next Mark 0.232ms
[2026-10-07T21:40:01.355+0000][gc          ] GC(16) Concurrent Mark Cycle 31.124ms
[2026-10-07T21:40:01.491+0000][gc,start    ] GC(17) Pause Young (Prepare Mixed) (G1 Evacuation Pause)
[2026-10-07T21:40:01.491+0000][gc,task     ] GC(17) Using 4 workers of 4 for evacuation
[2026-10-07T21:40:01.494+0000][gc,phases   ] GC(17)   Pre Evacuate Collection Set: 0.13ms
[2026-10-07T21:40:01.494+0000][gc,phases   ] GC(17)   Merge Heap Roots: 0.04ms
[2026-10-07T21:40:01.494+0000][gc,phases   ] GC(17)   Evacuate Collection Set: 2.66ms
[2026-10-07T21:40:01.494+0000][gc,phases   ] GC(17)   Post Evacuate Collection Set: 0.59ms
[2026-10-07T21:40:01.494+0000][gc,phases   ] GC(17)   Other: 0.05ms
[2026-10-07T21:40:01.494+0000][gc,heap     ] GC(17) Eden regions: 16->0(15)
[2026-10-07T21:40:01.494+0000][gc,heap     ] GC(17) Survivor regions: 2->3(3)
[2026-10-07T21:40:01.494+0000][gc,heap     ] GC(17) Old regions: 15->15
[2026-10-07T21:40:01.494+0000][gc,heap     ] GC(17) Humongous regions: 10->10
[2026-10-07T21:40:01.494+0000][gc,metaspace] GC(17) Metaspace: 38941K(39680K)->38941K(39680K) NonClass: 34324K(34752K)->34324K(34752K) Class: 4617K(4928K)->4617K(4928K)
[2026-10-07T21:40:01.494+0000][gc          ] GC(17) Pause Young (Prepare Mixed) (G1 Evacuation Pause) 41M->27M(128M) 3.589ms
[2026-10-07T21:40:01.495+0000][gc,cpu      ] GC(17) User=0.01s Sys=0.00s Real=0.00s
[2026-10-07T21:40:01.506+0000][gc,start    ] GC(18) Pause Young (Mixed) (G1 Evacuation Pause)
[2026-10-07T21:40:01.506+0000][gc,task     ] GC(18) Using 4 workers of 4 for evacuation
[2026-10-07T21:40:01.511+0000][gc,phases   ] GC(18)   Pre Evacuate Collection Set: 0.09ms
[2026-10-07T21:40:01.511+0000][gc,phases   ] GC(18)   Merge Heap Roots: 0.04ms
[2026-10-07T21:40:01.511+0000][gc,phases   ] GC(18)   Evacuate Collection Set: 5.03ms
[2026-10-07T21:40:01.511+0000][gc,phases   ] GC(18)   Post Evacuate Collection Set: 0.28ms
[2026-10-07T21:40:01.511+0000][gc,phases   ] GC(18)   Other: 0.04ms
[2026-10-07T21:40:01.511+0000][gc,heap     ] GC(18) Eden regions: 3->0(39)
[2026-10-07T21:40:01.511+0000][gc,heap     ] GC(18) Survivor regions: 3->1(1)
[2026-10-07T21:40:01.511+0000][gc,heap     ] GC(18) Old regions: 15->18
[2026-10-07T21:40:01.511+0000][gc,heap     ] GC(18) Humongous regions: 10->10
[2026-10-07T21:40:01.511+0000][gc,metaspace] GC(18) Metaspace: 38949K(39680K)->38949K(39680K) NonClass: 34332K(34752K)->34332K(34752K) Class: 4617K(4928K)->4617K(4928K)
[2026-10-07T21:40:01.511+0000][gc          ] GC(18) Pause Young (Mixed) (G1 Evacuation Pause) 30M->28M(128M) 5.608ms
[2026-10-07T21:40:01.511+0000][gc,cpu      ] GC(18) User=0.03s Sys=0.00s Real=0.01s
[2026-10-07T21:40:01.735+0000][gc,start    ] GC(19) Pause Young (Concurrent Start) (G1 Humongous Allocation)
[2026-10-07T21:40:01.735+0000][gc,task     ] GC(19) Using 4 workers of 4 for evacuation
[2026-10-07T21:40:01.740+0000][gc,phases   ] GC(19)   Pre Evacuate Collection Set: 0.19ms
[2026-10-07T21:40:01.740+0000][gc,phases   ] GC(19)   Merge Heap Roots: 0.06ms
[2026-10-07T21:40:01.740+0000][gc,phases   ] GC(19)   Evacuate Collection Set: 4.36ms
[2026-10-07T21:40:01.740+0000][gc,phases   ] GC(19)   Post Evacuate Collection Set: 0.32ms
[2026-10-07T21:40:01.740+0000][gc,phases   ] GC(19)   Other: 0.07ms
[2026-10-07T21:40:01.740+0000][gc,heap     ] GC(19) Eden regions: 22->0(28)
[2026-10-07T21:40:01.740+0000][gc,heap     ] GC(19) Survivor regions: 1->5(5)
[2026-10-07T21:40:01.740+0000][gc,heap     ] GC(19) Old regions: 18->19
[2026-10-07T21:40:01.740+0000][gc,heap     ] GC(19) Humongous regions: 10->10
[2026-10-07T21:40:01.740+0000][gc,metaspace] GC(19) Metaspace: 42608K(43456K)->42608K(43456K) NonClass: 37635K(38144K)->37635K(38144K) Class: 4973K(5312K)->4973K(5312K)
[2026-10-07T21:40:01.740+0000][gc          ] GC(19) Pause Young (Concurrent Start) (G1 Humongous Allocation) 50M->33M(128M) 5.105ms
[2026-10-07T21:40:01.740+0000][gc,cpu      ] GC(19) User=0.01s Sys=0.00s Real=0.00s
[2026-10-07T21:40:01.740+0000][gc          ] GC(20) Concurrent Undo Cycle
[2026-10-07T21:40:01.740+0000][gc,marking  ] GC(20) Concurrent Clear Claimed Marks
[2026-10-07T21:40:01.740+0000][gc,marking  ] GC(20) Concurrent Clear Claimed Marks 0.175ms
[2026-10-07T21:40:01.740+0000][gc,marking  ] GC(20) Concurrent Cleanup for Next Mark
[2026-10-07T21:40:01.740+0000][gc,start    ] GC(21) Pause Young (Normal) (G1 Humongous Allocation)
[2026-10-07T21:40:01.740+0000][gc,task     ] GC(21) Using 4 workers of 4 for evacuation
[2026-10-07T21:40:01.744+0000][gc,phases   ] GC(21)   Pre Evacuate Collection Set: 0.06ms
[2026-10-07T21:40:01.744+0000][gc,phases   ] GC(21)   Merge Heap Roots: 0.02ms
[2026-10-07T21:40:01.744+0000][gc,phases   ] GC(21)   Evacuate Collection Set: 3.11ms
[2026-10-07T21:40:01.744+0000][gc,phases   ] GC(21)   Post Evacuate Collection Set: 0.24ms
[2026-10-07T21:40:01.744+0000][gc,phases   ] GC(21)   Other: 0.04ms
[2026-10-07T21:40:01.744+0000][gc,heap     ] GC(21) Eden regions: 0->0(58)
[2026-10-07T21:40:01.744+0000][gc,heap     ] GC(21) Survivor regions: 5->0(5)
[2026-10-07T21:40:01.744+0000][gc,heap     ] GC(21) Old regions: 19->24
[2026-10-07T21:40:01.744+0000][gc,heap     ] GC(21) Humongous regions: 10->10
[2026-10-07T21:40:01.744+0000][gc,metaspace] GC(21) Metaspace: 42608K(43456K)->42608K(43456K) NonClass: 37635K(38144K)->37635K(38144K) Class: 4973K(5312K)->4973K(5312K)
[2026-10-07T21:40:01.744+0000][gc          ] GC(21) Pause Young (Normal) (G1 Humongous Allocation) 33M->33M(128M) 3.557ms
[2026-10-07T21:40:01.744+0000][gc,cpu      ] GC(21) User=0.02s Sys=0.00s Real=0.00s
[2026-10-07T21:40:01.745+0000][gc,marking  ] GC(20) Concurrent Cleanup for Next Mark 5.071ms
[2026-10-07T21:40:01.745+0000][gc          ] GC(20) Concurrent Undo Cycle 5.294ms
[2026-10-07T21:40:06.056+0000][gc,heap,exit] Heap
[2026-10-07T21:40:06.056+0000][gc,heap,exit]  garbage-first heap   total 262144K, used 195450K [0x00000000f0000000, 0x0000000100000000)
[2026-10-07T21:40:06.056+0000][gc,heap,exit]   region size 1024K, 29 young (29696K), 0 survivors (0K)
[2026-10-07T21:40:06.056+0000][gc,heap,exit]  Metaspace       used 46082K, committed 47168K, reserved 1114112K
[2026-10-07T21:40:06.056+0000][gc,heap,exit]   class space    used 5626K, committed 6144K, reserved 1048576K
