    Checking zeroize v1.9.0
    Checking typenum v1.20.1
    Checking hybrid-array v0.4.15
    Checking itoa v1.0.18
    Checking cmov v0.5.4
    Checking ctutils v0.4.2
    Checking http v1.5.0
    Checking crypto-common v0.2.2
    Checking block-buffer v0.12.1
    Checking getrandom v0.2.17
    Checking const-oid v0.10.2
    Checking untrusted v0.9.0
    Checking futures-core v0.3.34
    Checking ring v0.17.14
    Checking digest v0.11.3
    Checking http-body v1.1.0
    Checking rustls-pki-types v1.15.1
    Checking try-lock v0.2.5
    Checking want v0.3.1
    Checking rustls-webpki v0.103.15
    Checking httparse v1.10.1
    Checking serde_core v1.0.229
    Checking futures-channel v0.3.34
    Checking once_cell v1.21.4
    Checking subtle v2.6.1
    Checking simd-adler32 v0.3.10
    Checking smallvec v1.16.2
    Checking adler2 v2.0.1
    Checking atomic-waker v1.1.2
    Checking hyper v1.11.1
    Checking miniz_oxide v0.9.1
    Checking rustls v0.23.45
    Checking crc32fast v1.5.2
    Checking zmij v1.0.23
    Checking hmac v0.13.0
    Checking twox-hash v2.1.4
    Checking memchr v2.8.3
    Checking cpufeatures v0.3.1
    Checking sha2 v0.11.0
    Checking serde_json v1.0.151
    Checking lz4_flex v0.14.0
    Checking pbkdf2 v0.13.0
    Checking flate2 v1.1.10
    Checking tokio-rustls v0.26.6
    Checking snap v1.1.2
    Checking serde v1.0.229
    Checking hyper-util v0.1.21
    Checking http-body-util v0.1.5
    Checking zstd-rs v0.1.0
    Checking base64 v0.23.1
    Checking partitionline-broker v0.1.0 (/workspace/work/snapshot-runtime/final-070598ee/source/partitionline-broker)
error: use of `format!` to build up a string from an iterator
   --> src/security/oidc/jwt.rs:434:9
    |
434 | /         ring::digest::digest(&ring::digest::SHA256, bytes)
435 | |             .as_ref()
436 | |             .iter()
437 | |             .map(|b| format!("{b:02x}"))
438 | |             .collect()
    | |______________________^
    |
help: call `fold` instead
   --> src/security/oidc/jwt.rs:437:14
    |
437 |             .map(|b| format!("{b:02x}"))
    |              ^^^
help: ... and use the `write!` macro here
   --> src/security/oidc/jwt.rs:437:22
    |
437 |             .map(|b| format!("{b:02x}"))
    |                      ^^^^^^^^^^^^^^^^^^
    = note: this can be written more efficiently by appending to a `String` directly
    = help: for further information visit https://rust-lang.github.io/rust-clippy/master/index.html#format_collect
    = note: `-D clippy::format-collect` implied by `-D warnings`
    = help: to override `-D warnings` add `#[allow(clippy::format_collect)]`

error: could not compile `partitionline-broker` (lib test) due to 1 previous error
