{"operation":"api-versions","variant":"preauth","error":0}
{"operation":"login","variant":"PLAIN-framed-v0","error":0}
{"operation":"api-versions","variant":"authenticated","error":0}
{"operation":"metadata","variant":"PLAIN","error":0}
{"operation":"api-versions","variant":"preauth","error":0}
{"operation":"login","variant":"PLAIN-framed-v1","error":0}
{"operation":"api-versions","variant":"authenticated","error":0}
{"operation":"metadata","variant":"PLAIN","error":0}
{"operation":"api-versions","variant":"preauth","error":0}
{"operation":"login","variant":"PLAIN-framed-v2","error":0}
{"operation":"api-versions","variant":"authenticated","error":0}
{"operation":"metadata","variant":"PLAIN","error":0}
{"operation":"login","variant":"PLAIN-legacy","error":0}
{"operation":"metadata","variant":"PLAIN-legacy","error":0}
{"operation":"login","variant":"PLAIN-framed-failure","error":58}
{"operation":"api-versions","variant":"preauth","error":0}
{"operation":"login","variant":"SCRAM-SHA-256-framed-v0","error":0}
{"operation":"api-versions","variant":"authenticated","error":0}
{"operation":"metadata","variant":"SCRAM-SHA-256","error":0}
{"operation":"api-versions","variant":"preauth","error":0}
{"operation":"login","variant":"SCRAM-SHA-256-framed-v1","error":0}
{"operation":"api-versions","variant":"authenticated","error":0}
{"operation":"metadata","variant":"SCRAM-SHA-256","error":0}
{"operation":"api-versions","variant":"preauth","error":0}
{"operation":"login","variant":"SCRAM-SHA-256-framed-v2","error":0}
{"operation":"api-versions","variant":"authenticated","error":0}
{"operation":"metadata","variant":"SCRAM-SHA-256","error":0}
{"operation":"login","variant":"SCRAM-SHA-256-legacy","error":0}
{"operation":"metadata","variant":"SCRAM-SHA-256-legacy","error":0}
{"operation":"login","variant":"SCRAM-SHA-256-framed-failure","error":58}
{"operation":"api-versions","variant":"preauth","error":0}
{"operation":"login","variant":"SCRAM-SHA-512-framed-v0","error":0}
{"operation":"api-versions","variant":"authenticated","error":0}
{"operation":"metadata","variant":"SCRAM-SHA-512","error":0}
{"operation":"api-versions","variant":"preauth","error":0}
{"operation":"login","variant":"SCRAM-SHA-512-framed-v1","error":0}
{"operation":"api-versions","variant":"authenticated","error":0}
{"operation":"metadata","variant":"SCRAM-SHA-512","error":0}
{"operation":"api-versions","variant":"preauth","error":0}
{"operation":"login","variant":"SCRAM-SHA-512-framed-v2","error":0}
{"operation":"api-versions","variant":"authenticated","error":0}
{"operation":"metadata","variant":"SCRAM-SHA-512","error":0}
{"operation":"login","variant":"SCRAM-SHA-512-legacy","error":0}
{"operation":"metadata","variant":"SCRAM-SHA-512-legacy","error":0}
{"operation":"login","variant":"SCRAM-SHA-512-framed-failure","error":58}
{"operation":"login","variant":"SCRAM-SHA-256-framed-v2","error":0}
{"operation":"login","variant":"SCRAM-SHA-256-legacy","error":0}
{"operation":"login","variant":"SCRAM-SHA-512-framed-v2","error":0}
{"operation":"login","variant":"SCRAM-SHA-512-legacy","error":0}
{"operation":"login","variant":"PLAIN-framed-v2","error":0}
{"operation":"metadata","variant":"unicode-PLAIN","error":0}
{"operation":"login","variant":"SCRAM-SHA-256-framed-v2","error":0}
{"operation":"metadata","variant":"unicode-SCRAM-SHA-256","error":0}
{"operation":"login","variant":"SCRAM-SHA-512-framed-v2","error":0}
{"operation":"metadata","variant":"unicode-SCRAM-SHA-512","error":0}
{"operation":"handshake","variant":"plaintext-plain-policy","error":33}
{"operation":"handshake","variant":"unsupported","error":33}
{"operation":"state","variant":"auth-before-handshake","error":34}
{"operation":"state","variant":"duplicate-handshake","error":34}
{"operation":"state","variant":"application-before-authentication","socket_outcome":"terminal","protocol_error":null}
{"operation":"framing","variant":"truncated-flex-authentication","socket_outcome":"terminal","protocol_error":null}
{"operation":"login","variant":"PLAIN-framed-v2","error":0}
{"operation":"state","variant":"reauthentication-not-implemented","error":34}
{"operation":"framing","variant":"whole-input-trailing-rejection","socket_outcome":"terminal","protocol_error":null}
{"operation":"deadline","variant":"partial-prefix","socket_outcome":"terminal","protocol_error":null}
{"operation":"deadline","variant":"challenge-no-proof","socket_outcome":"terminal","protocol_error":null}
{"operation":"framing","variant":"hostile-length--1","socket_outcome":"terminal","protocol_error":null}
{"operation":"framing","variant":"hostile-length-16385","socket_outcome":"terminal","protocol_error":null}
{"operation":"framing","variant":"hostile-length-2147483647","socket_outcome":"terminal","protocol_error":null}
{"operation":"api-versions","variant":"preauth","error":0}
{"operation":"api-versions","variant":"preauth","error":0}
{"operation":"api-versions","variant":"preauth","error":0}
{"operation":"api-versions","variant":"preauth","error":0}
{"operation":"api-versions","variant":"preauth","error":0}
{"operation":"api-versions","variant":"preauth","error":0}
{"operation":"api-versions","variant":"preauth","error":0}
{"operation":"api-versions","variant":"preauth","error":0}
{"operation":"budget","variant":"ninth-preauth-control-round","socket_outcome":"terminal","protocol_error":null}
{"status":"pass","phase":"sessions","assertions":710}
