{"event":"bootstrap","user":"user","generation":2}
{"event":"bootstrap","user":"admin","generation":3}
{"event":"bootstrap","user":"unicode","generation":4}
{"event":"credential-recovery","entries":0,"truncated_bytes":0,"healthy":true}
{"event":"ready","tls_port":29372,"plaintext_port":29373,"admin_allowlist_count":1}
{"event":"application-dispatch","user":"user","generation":4,"api":3,"correlation":1003,"tls":true}
{"event":"application-dispatch","user":"user","generation":4,"api":3,"correlation":1006,"tls":true}
{"event":"application-dispatch","user":"user","generation":4,"api":3,"correlation":1009,"tls":true}
{"event":"application-dispatch","user":"user","generation":4,"api":3,"correlation":1011,"tls":true}
{"event":"application-dispatch","user":"user","generation":4,"api":3,"correlation":1017,"tls":true}
{"event":"application-dispatch","user":"user","generation":4,"api":3,"correlation":1021,"tls":true}
{"event":"application-dispatch","user":"user","generation":4,"api":3,"correlation":1025,"tls":true}
{"event":"application-dispatch","user":"user","generation":4,"api":3,"correlation":1027,"tls":true}
{"event":"application-dispatch","user":"user","generation":4,"api":3,"correlation":1034,"tls":true}
{"event":"application-dispatch","user":"user","generation":4,"api":3,"correlation":1038,"tls":true}
{"event":"application-dispatch","user":"user","generation":4,"api":3,"correlation":1042,"tls":true}
{"event":"application-dispatch","user":"user","generation":4,"api":3,"correlation":1044,"tls":true}
{"event":"application-dispatch","user":"unicode","generation":4,"api":3,"correlation":1058,"tls":true}
{"event":"application-dispatch","user":"unicode","generation":4,"api":3,"correlation":1062,"tls":true}
{"event":"application-dispatch","user":"unicode","generation":4,"api":3,"correlation":1066,"tls":true}
{"event":"application-dispatch","user":"user","generation":4,"api":3,"correlation":1003,"tls":true}
{"event":"application-dispatch","user":"user","generation":4,"api":3,"correlation":1006,"tls":true}
{"event":"application-dispatch","user":"user","generation":4,"api":3,"correlation":1009,"tls":true}
{"event":"application-dispatch","user":"user","generation":4,"api":3,"correlation":1011,"tls":true}
{"event":"application-dispatch","user":"user","generation":4,"api":3,"correlation":1017,"tls":true}
{"event":"application-dispatch","user":"user","generation":4,"api":3,"correlation":1021,"tls":true}
{"event":"application-dispatch","user":"user","generation":4,"api":3,"correlation":1025,"tls":true}
{"event":"application-dispatch","user":"user","generation":4,"api":3,"correlation":1027,"tls":true}
{"event":"application-dispatch","user":"user","generation":4,"api":3,"correlation":1034,"tls":true}
{"event":"application-dispatch","user":"user","generation":4,"api":3,"correlation":1038,"tls":true}
{"event":"application-dispatch","user":"user","generation":4,"api":3,"correlation":1042,"tls":true}
{"event":"application-dispatch","user":"user","generation":4,"api":3,"correlation":1044,"tls":true}
{"event":"application-dispatch","user":"unicode","generation":4,"api":3,"correlation":1058,"tls":true}
{"event":"application-dispatch","user":"unicode","generation":4,"api":3,"correlation":1062,"tls":true}
{"event":"application-dispatch","user":"unicode","generation":4,"api":3,"correlation":1066,"tls":true}
{"event":"application-dispatch","user":"user","generation":4,"api":3,"correlation":1003,"tls":true}
{"event":"application-dispatch","user":"user","generation":4,"api":3,"correlation":1006,"tls":true}
{"event":"application-dispatch","user":"user","generation":4,"api":3,"correlation":1009,"tls":true}
{"event":"application-dispatch","user":"user","generation":4,"api":3,"correlation":1011,"tls":true}
{"event":"application-dispatch","user":"user","generation":4,"api":3,"correlation":1017,"tls":true}
{"event":"application-dispatch","user":"user","generation":4,"api":3,"correlation":1021,"tls":true}
{"event":"application-dispatch","user":"user","generation":4,"api":3,"correlation":1025,"tls":true}
{"event":"application-dispatch","user":"user","generation":4,"api":3,"correlation":1027,"tls":true}
{"event":"application-dispatch","user":"user","generation":4,"api":3,"correlation":1034,"tls":true}
{"event":"application-dispatch","user":"user","generation":4,"api":3,"correlation":1038,"tls":true}
{"event":"application-dispatch","user":"user","generation":4,"api":3,"correlation":1042,"tls":true}
{"event":"application-dispatch","user":"user","generation":4,"api":3,"correlation":1044,"tls":true}
{"event":"application-dispatch","user":"unicode","generation":4,"api":3,"correlation":1058,"tls":true}
{"event":"application-dispatch","user":"unicode","generation":4,"api":3,"correlation":1062,"tls":true}
{"event":"application-dispatch","user":"unicode","generation":4,"api":3,"correlation":1066,"tls":true}
{"event":"application-dispatch","user":"created-user","generation":5,"api":3,"correlation":727201,"tls":true}
{"event":"application-dispatch","user":"created-user","generation":6,"api":3,"correlation":727202,"tls":true}
{"event":"application-dispatch","user":"user","generation":6,"api":3,"correlation":4,"tls":true}
{"event":"application-dispatch","user":"user","generation":6,"api":3,"correlation":5,"tls":true}
{"event":"application-dispatch","user":"user","generation":6,"api":3,"correlation":5,"tls":true}
{"event":"application-dispatch","user":"user","generation":6,"api":3,"correlation":6,"tls":true}
{"event":"application-dispatch","user":"user","generation":6,"api":3,"correlation":5,"tls":false}
{"event":"application-dispatch","user":"user","generation":6,"api":3,"correlation":6,"tls":false}
{"event":"application-dispatch","user":"user","generation":6,"api":3,"correlation":5,"tls":true}
{"event":"application-dispatch","user":"user","generation":6,"api":3,"correlation":6,"tls":true}
{"event":"application-dispatch","user":"user","generation":6,"api":3,"correlation":5,"tls":false}
{"event":"application-dispatch","user":"user","generation":6,"api":3,"correlation":6,"tls":false}
{"event":"application-dispatch","user":"admin","generation":6,"api":3,"correlation":5,"tls":true}
{"event":"application-dispatch","user":"admin","generation":6,"api":3,"correlation":5,"tls":true}
{"event":"application-dispatch","user":"native-created","generation":8,"api":3,"correlation":5,"tls":true}
{"event":"application-dispatch","user":"native-created","generation":8,"api":3,"correlation":6,"tls":true}
{"event":"application-dispatch","user":"native-created","generation":8,"api":3,"correlation":5,"tls":true}
{"event":"application-dispatch","user":"native-created","generation":8,"api":3,"correlation":6,"tls":true}
{"event":"application-dispatch","user":"user","generation":8,"api":3,"correlation":5,"tls":true}
{"event":"application-dispatch","user":"user","generation":8,"api":3,"correlation":5,"tls":true}
{"event":"shutdown","tls_accepted":128,"tls_joined":128,"plain_accepted":32,"plain_joined":32,"shutdown_connections":0,"worker_failures":0,"credential_store_joined":true}
