{
  "schema_version": 1,
  "verdict": "passed",
  "implementation_claim": false,
  "releases": [
    {
      "version": "4.1.2",
      "commit": "c82fd9b934b4c1e6fa799e3f1dcc8f08d997740c",
      "retained_archive_sha256": "b966a4628d6c022063fa0345b9677c6acbb148c33b520734e0adf8f9fb2061b8",
      "retained_files": 207,
      "api_keys": 93,
      "active_api_keys": 89,
      "removed_api_keys": [
        4,
        5,
        6,
        7
      ],
      "unstable_latest_api_keys": [
        8,
        9,
        22,
        88,
        89
      ],
      "header_version_pairs": 292
    },
    {
      "version": "4.2.1",
      "commit": "18d5ecd939c8d510fdd72d0abb1f7099659dcd58",
      "retained_archive_sha256": "2d0882c3a7ca4b1a7aadb3ca38b469105b346d17c8d49b35fdbd63faebdb25ff",
      "retained_files": 207,
      "api_keys": 93,
      "active_api_keys": 89,
      "removed_api_keys": [
        4,
        5,
        6,
        7
      ],
      "unstable_latest_api_keys": [
        22
      ],
      "header_version_pairs": 300
    },
    {
      "version": "4.3.1",
      "commit": "26b251a451ce941d3d7a55e6487bcb7f16b5ad48",
      "retained_archive_sha256": "71dc8ab97c292015e1adaa685e76edaabfb88fa6e3fb3a5da075ebff4aa10332",
      "retained_files": 208,
      "api_keys": 93,
      "active_api_keys": 89,
      "removed_api_keys": [
        4,
        5,
        6,
        7
      ],
      "unstable_latest_api_keys": [
        22
      ],
      "header_version_pairs": 302
    }
  ],
  "local_implementation": {
    "implemented_api_versions": [
      {
        "api_key": 3,
        "min_version": 0,
        "max_version": 13
      },
      {
        "api_key": 18,
        "min_version": 0,
        "max_version": 4
      },
      {
        "api_key": 19,
        "min_version": 2,
        "max_version": 4
      },
      {
        "api_key": 20,
        "min_version": 1,
        "max_version": 6
      }
    ],
    "source_and_fixture_hashes_checked": true,
    "golden_cases": 99,
    "metadata_golden_cases": 555,
    "metadata_response_cases": 522,
    "metadata_local_rejections": 33,
    "compiled_metadata_report_checked": true,
    "compiled_handler_report_checked": true,
    "data_api_versions": [
      {
        "api_key": 0,
        "min_version": 3,
        "max_version": 13
      },
      {
        "api_key": 3,
        "min_version": 0,
        "max_version": 13
      },
      {
        "api_key": 18,
        "min_version": 0,
        "max_version": 4
      },
      {
        "api_key": 19,
        "min_version": 2,
        "max_version": 4
      },
      {
        "api_key": 20,
        "min_version": 1,
        "max_version": 6
      }
    ],
    "controller_api_versions": [
      {
        "api_key": 18,
        "min_version": 0,
        "max_version": 4
      },
      {
        "api_key": 52,
        "min_version": 0,
        "max_version": 0
      },
      {
        "api_key": 53,
        "min_version": 0,
        "max_version": 0
      },
      {
        "api_key": 54,
        "min_version": 0,
        "max_version": 0
      }
    ],
    "produce_golden_cases": 708,
    "controller_golden_cases": 201,
    "compiled_produce_report_checked": true,
    "compiled_controller_report_checked": true,
    "source_hash_scope": "Verifier hashes actual source files; compiled controller/protocol/metadata hash fields reflect registry labels. Actual execution provenance requires the retained immutable-source command reports.",
    "controller_core_state_reported": false,
    "wire_advertisement_scope": "Compiled static ranges and golden ApiVersions bytes; actual live TCP profile evidence is retained separately in KL11-68/KL11-69.",
    "qualification": "not_run"
  },
  "checks": [
    "immutable source pins",
    "bounded archives without extraction",
    "archive and per-file hashes",
    "93 unique complete request/response pairs per release",
    "ApiKeys flags and listener classifications",
    "exact valid/flexible/deprecated/stable ranges",
    "generator-derived header versions and exceptions",
    "truthful feature dispositions",
    "checked local implementation registry and source/fixture hashes"
  ],
  "limitations": [
    "Static upstream inventory, not handler behavior or broker qualification.",
    "Future advertisement must use actual implemented and tested versions; upstream Produce minimum-0 workaround is not a partitionline support claim."
  ]
}
