    Checking partitionline-broker v0.1.0 (/workspace/work/membership-runtime/dev-source/partitionline-broker)
error: use of a disallowed method `std::fs::read_to_string`
    --> tests/raft_membership.rs:1061:22
     |
1061 |             events = fs::read_to_string(output.join("events-progress.jsonl"))?
     |                      ^^^^^^^^^^^^^^^^^^
     |
     = note: Blocking IO on an async runtime. Use tokio::fs.
     = help: for further information visit https://rust-lang.github.io/rust-clippy/rust-1.99.0/index.html#disallowed_methods
     = note: `-D clippy::disallowed-methods` implied by `-D warnings`
     = help: to override `-D warnings` add `#[allow(clippy::disallowed_methods)]`

error: use of a disallowed method `std::fs::read_to_string`
    --> tests/raft_membership.rs:1065:27
     |
1065 |             checkpoints = fs::read_to_string(output.join("checkpoints-progress.jsonl"))?
     |                           ^^^^^^^^^^^^^^^^^^
     |
     = note: Blocking IO on an async runtime. Use tokio::fs.
     = help: for further information visit https://rust-lang.github.io/rust-clippy/rust-1.99.0/index.html#disallowed_methods

error: use of a disallowed method `std::fs::read_to_string`
    --> tests/raft_membership.rs:1069:22
     |
1069 |             cached = fs::read_to_string(output.join("last-states.jsonl"))?
     |                      ^^^^^^^^^^^^^^^^^^
     |
     = note: Blocking IO on an async runtime. Use tokio::fs.
     = help: for further information visit https://rust-lang.github.io/rust-clippy/rust-1.99.0/index.html#disallowed_methods

error: use of a disallowed method `std::fs::read_to_string`
    --> tests/raft_membership.rs:1074:19
     |
1074 |             now = fs::read_to_string(output.join("clock.txt"))?
     |                   ^^^^^^^^^^^^^^^^^^
     |
     = note: Blocking IO on an async runtime. Use tokio::fs.
     = help: for further information visit https://rust-lang.github.io/rust-clippy/rust-1.99.0/index.html#disallowed_methods

error: could not compile `partitionline-broker` (test "raft_membership") due to 4 previous errors
