   Compiling proc-macro2 v1.0.107
   Compiling libc v0.2.189
   Compiling unicode-ident v1.0.26
   Compiling quote v1.0.47
   Compiling semver v1.0.28
   Compiling rustc_version v0.4.1
   Compiling syn v3.0.6
   Compiling crc32c v0.6.8
   Compiling getrandom v0.4.3
   Compiling tokio-macros v2.7.2
   Compiling socket2 v0.6.5
   Compiling mio v1.2.3
   Compiling bytes v1.12.1
   Compiling cfg-if v1.0.5
   Compiling pin-project-lite v0.2.17
   Compiling tokio v1.53.1
   Compiling partitionline-broker v0.1.0 (/workspace/partitionline/partitionline-broker)
    Finished `test` profile [unoptimized] target(s) in 9.30s
     Running tests/raft_protocol.rs (/workspace/work/target-raft-wire/debug/deps/raft_protocol-a5d013805f23b48d)

running 8 tests
test configured_request_queue_and_identity_budgets_validate ... ok
test cross_peer_wire_votes_count_distinct_members_and_fence_correlations ... ok
test initial_epoch_zero_nonempty_log_and_restart_preserve_vote ... ok
test end_rank_timers_are_exact_and_invalid_successors_cannot_mutate ... ok
test semantic_errors_and_stale_epochs_do_not_rewrite_state ... ok
test wire_overflow_and_storage_exhaustion_fail_without_affirmative_reply ... ok
test malformed_prefixes_tags_and_counts_are_bounded_before_mutation ... ok
test actual_transport_dispatch_advertises_controller_profile_and_joins ... ok

test result: ok. 8 passed; 0 failed; 0 ignored; 0 measured; 0 filtered out; finished in 0.09s

