    Checking partitionline-broker v0.1.0 (/workspace/partitionline/partitionline-broker)
error: use of a disallowed method `std::fs::read_to_string`
   --> tests/raft_protocol.rs:417:21
    |
417 |         let table = fs::read_to_string(directory.join("cases.tsv"))?;
    |                     ^^^^^^^^^^^^^^^^^^
    |
    = note: Blocking IO on an async runtime. Use tokio::fs.
    = help: for further information visit https://rust-lang.github.io/rust-clippy/rust-1.99.0/index.html#disallowed_methods
    = note: `-D clippy::disallowed-methods` implied by `-D warnings`
    = help: to override `-D warnings` add `#[allow(clippy::disallowed_methods)]`

error: use of a disallowed method `std::fs::read`
   --> tests/raft_protocol.rs:446:27
    |
446 |             let payload = fs::read(directory.join(row[4]))?;
    |                           ^^^^^^^^
    |
    = note: Blocking IO on an async runtime. Use tokio::fs.
    = help: for further information visit https://rust-lang.github.io/rust-clippy/rust-1.99.0/index.html#disallowed_methods

error: use of a disallowed method `std::fs::read`
   --> tests/raft_protocol.rs:455:17
    |
455 |                 fs::read(directory.join(row[5]))?,
    |                 ^^^^^^^^
    |
    = note: Blocking IO on an async runtime. Use tokio::fs.
    = help: for further information visit https://rust-lang.github.io/rust-clippy/rust-1.99.0/index.html#disallowed_methods

error: use of a disallowed method `std::fs::write`
   --> tests/raft_protocol.rs:462:17
    |
462 |                 fs::write(
    |                 ^^^^^^^^^
    |
    = note: Blocking IO on an async runtime. Use tokio::fs.
    = help: for further information visit https://rust-lang.github.io/rust-clippy/rust-1.99.0/index.html#disallowed_methods

error: use of a disallowed method `std::fs::write`
   --> tests/raft_protocol.rs:468:17
    |
468 |                 fs::write(output.join(format!("{}.actual-frame.bin", row[0])), frame)?;
    |                 ^^^^^^^^^
    |
    = note: Blocking IO on an async runtime. Use tokio::fs.
    = help: for further information visit https://rust-lang.github.io/rust-clippy/rust-1.99.0/index.html#disallowed_methods

error: use of a disallowed method `std::fs::write`
   --> tests/raft_protocol.rs:502:9
    |
502 |         fs::write(
    |         ^^^^^^^^^
    |
    = note: Blocking IO on an async runtime. Use tokio::fs.
    = help: for further information visit https://rust-lang.github.io/rust-clippy/rust-1.99.0/index.html#disallowed_methods

error: use of a disallowed method `std::fs::read_to_string`
   --> tests/raft_protocol.rs:518:21
    |
518 |         let table = fs::read_to_string(directory.join("cases.tsv"))?;
    |                     ^^^^^^^^^^^^^^^^^^
    |
    = note: Blocking IO on an async runtime. Use tokio::fs.
    = help: for further information visit https://rust-lang.github.io/rust-clippy/rust-1.99.0/index.html#disallowed_methods

error: use of a disallowed method `std::fs::read`
   --> tests/raft_protocol.rs:543:40
    |
543 | ...                   c.respond(&fs::read(directory.join(setup[4]))?, 0)?;
    |                                  ^^^^^^^^
    |
    = note: Blocking IO on an async runtime. Use tokio::fs.
    = help: for further information visit https://rust-lang.github.io/rust-clippy/rust-1.99.0/index.html#disallowed_methods

error: use of a disallowed method `std::fs::read`
   --> tests/raft_protocol.rs:549:27
    |
549 |             let request = fs::read(directory.join(row[4]))?;
    |                           ^^^^^^^^
    |
    = note: Blocking IO on an async runtime. Use tokio::fs.
    = help: for further information visit https://rust-lang.github.io/rust-clippy/rust-1.99.0/index.html#disallowed_methods

error: use of a disallowed method `std::fs::read`
   --> tests/raft_protocol.rs:558:25
    |
558 |                         fs::read(directory.join(row[5]))?,
    |                         ^^^^^^^^
    |
    = note: Blocking IO on an async runtime. Use tokio::fs.
    = help: for further information visit https://rust-lang.github.io/rust-clippy/rust-1.99.0/index.html#disallowed_methods

error: use of a disallowed method `std::fs::write`
   --> tests/raft_protocol.rs:630:9
    |
630 | ...   fs::write(path, format!("{{\"schema_version\":1,\"profile\":\"fixed-controller-v0\",\"controller_source_sha256\":\"{}\",\"con...
    |       ^^^^^^^^^
    |
    = note: Blocking IO on an async runtime. Use tokio::fs.
    = help: for further information visit https://rust-lang.github.io/rust-clippy/rust-1.99.0/index.html#disallowed_methods

error: could not compile `partitionline-broker` (test "raft_protocol") due to 11 previous errors
