   Compiling partitionline-broker v0.1.0 (/workspace/partitionline/partitionline-broker)
    Finished `test` profile [unoptimized] target(s) in 4.41s
     Running unittests src/lib.rs (/workspace/work/target-raft-wire-msrv/debug/deps/partitionline_broker-ea773fb32d16e69c)

running 24 tests
test catalog::tests::complete_unconfirmed_tombstone_keeps_previous_state_until_recovery ... ok
test catalog::tests::complete_unconfirmed_create_is_invisible_until_synced_replay ... ok
test journal::tests::bounded_index_capacity_and_rejections_never_write ... ok
test journal::tests::complete_recovery_sync_failure_never_reports_durable_state ... ok
test journal::tests::corrupted_file_header_and_recovery_offset_overflow_fail_closed ... ok
test journal::tests::early_zero_read_does_not_become_a_successful_tail_repair ... ok
test journal::tests::header_length_bomb_fails_before_tail_allocation_or_repair ... ok
test journal::tests::partial_header_and_payload_writes_poison_without_advancing ... ok
test journal::tests::success_synchronizes_complete_bytes_before_return ... ok
test journal::tests::tail_repair_truncate_and_sync_errors_never_report_success ... ok
test journal::tests::valid_later_header_prevents_repair_after_interior_byte_loss ... ok
test journal::tests::zero_write_and_sync_failure_poison_with_ambiguous_recovery ... ok
test journal::tests::recovery_loops_through_partial_reads_and_interrupted_calls ... ok
test metadata::tests::committed_operation_with_lost_receipt_replays ... ok
test metadata::tests::committed_data_with_lost_receipt_replays_without_deduplication ... ok
test metadata::tests::queued_cancel_and_full_admission_never_mutate ... ok
test metadata::tests::failed_actor_join_remains_failed_on_retry ... ok
test raft::election::tests::failed_higher_term_persistence_disables_old_leader_before_any_reply ... ok
test raft::election::tests::higher_term_revokes_old_leadership_even_if_timer_cannot_be_armed ... ok
test raft::election::tests::strict_state_encoding_rejects_reserved_bits_unknown_votes_and_empty_mismatch ... ok
test raft::election::tests::synchronization_precedes_grant_and_ambiguous_failure_requires_recovery ... ok
test metadata::tests::queued_data_cancel_and_full_admission_never_append ... ok
test metadata::tests::unconsumed_data_receipt_keeps_admission_bounded ... ok
test metadata::tests::canceled_shutdown_retains_join_and_pending_work_is_rejected ... ok

test result: ok. 24 passed; 0 failed; 0 ignored; 0 measured; 0 filtered out; finished in 0.00s

     Running tests/raft_election.rs (/workspace/work/target-raft-wire-msrv/debug/deps/raft_election-c18593246fa844c7)

running 9 tests
test duplicate_stale_negative_and_misrouted_responses_cannot_create_a_majority ... ok
test a_real_peer_vote_elects_and_stale_leader_assertions_are_fenced ... ok
test durable_log_freshness_uses_term_then_index_and_denials_persist_higher_term ... ok
test exhausted_storage_poison_prevents_even_repeat_grants_until_recovery ... ok
test membership_clock_term_and_timeout_bounds_fail_explicitly ... ok
test seeded_timers_are_reproducible_node_separated_and_always_bounded ... ok
test synchronized_vote_survives_restart_and_never_changes_in_same_term ... ok
test torn_unconfirmed_tail_repairs_but_checksummed_double_vote_and_corruption_fail_closed ... ok
test deterministic_seeded_losing_partition_and_restart_histories ... ok

test result: ok. 9 passed; 0 failed; 0 ignored; 0 measured; 0 filtered out; finished in 0.02s

     Running tests/raft_protocol.rs (/workspace/work/target-raft-wire-msrv/debug/deps/raft_protocol-ab246e857326ed2a)

running 8 tests
test configured_request_queue_and_identity_budgets_validate ... ok
test end_rank_timers_are_exact_and_invalid_successors_cannot_mutate ... ok
test cross_peer_wire_votes_count_distinct_members_and_fence_correlations ... ok
test initial_epoch_zero_nonempty_log_and_restart_preserve_vote ... ok
test semantic_errors_and_stale_epochs_do_not_rewrite_state ... ok
test wire_overflow_and_storage_exhaustion_fail_without_affirmative_reply ... ok
test malformed_prefixes_tags_and_counts_are_bounded_before_mutation ... ok
test actual_transport_dispatch_advertises_controller_profile_and_joins ... ok

test result: ok. 8 passed; 0 failed; 0 ignored; 0 measured; 2 filtered out; finished in 0.09s

