2026-10-03T22:24:46.6401681Z Current runner version: '2.337.0'
2026-10-03T22:24:46.6421849Z ##[group]Runner Image Provisioner
2026-10-03T22:24:46.6422567Z Hosted Compute Agent
2026-10-03T22:24:46.6423144Z Version: 20260901.588
2026-10-03T22:24:46.6423822Z Commit: f88ec8081b781fac6c440065ac7ff9e710ce3d0b
2026-10-03T22:24:46.6424398Z Build Date: 2026-09-01T19:56:44Z
2026-10-03T22:24:46.6425030Z Worker ID: {32bd1c6a-9ae3-4d94-b1d5-314edafb5f43}
2026-10-03T22:24:46.6425645Z Azure Region: westus
2026-10-03T22:24:46.6426138Z ##[endgroup]
2026-10-03T22:24:46.6427353Z ##[group]Operating System
2026-10-03T22:24:46.6427834Z Ubuntu
2026-10-03T22:24:46.6428694Z 24.04.5
2026-10-03T22:24:46.6429115Z LTS
2026-10-03T22:24:46.6429564Z ##[endgroup]
2026-10-03T22:24:46.6430086Z ##[group]Runner Image
2026-10-03T22:24:46.6430587Z Image: ubuntu-24.04
2026-10-03T22:24:46.6431118Z Version: 20260927.320.1
2026-10-03T22:24:46.6432144Z Included Software: https://github.com/actions/runner-images/blob/ubuntu24/20260927.320/images/ubuntu/Ubuntu2404-Readme.md
2026-10-03T22:24:46.6433599Z Image Release: https://github.com/actions/runner-images/releases/tag/ubuntu24%2F20260927.320
2026-10-03T22:24:46.6434492Z ##[endgroup]
2026-10-03T22:24:46.6435474Z ##[group]GITHUB_TOKEN Permissions
2026-10-03T22:24:46.6436993Z Contents: read
2026-10-03T22:24:46.6437560Z Metadata: read
2026-10-03T22:24:46.6438027Z ##[endgroup]
2026-10-03T22:24:46.6439699Z Secret source: Actions
2026-10-03T22:24:46.6440496Z Cache mode: write
2026-10-03T22:24:46.6441033Z Prepare workflow directory
2026-10-03T22:24:46.7814708Z Prepare all required actions
2026-10-03T22:24:46.7853849Z Getting action download info
2026-10-03T22:24:47.1128030Z Download action repository 'actions/checkout@v7' (SHA:3d3c42e5aac5ba805825da76410c181273ba90b1)
2026-10-03T22:24:47.2222541Z Download action repository 'dtolnay/rust-toolchain@master' (SHA:7e38f4b43b4db5c8dd498af069a4f6196df1d067)
2026-10-03T22:24:47.5190612Z Complete job name: broker (stable)
2026-10-03T22:24:47.5734203Z ##[group]Run actions/checkout@v7
2026-10-03T22:24:47.5734897Z with:
2026-10-03T22:24:47.5735265Z   repository: mingley/partitionline
2026-10-03T22:24:47.5738244Z   token: ***
2026-10-03T22:24:47.5738599Z   ssh-strict: true
2026-10-03T22:24:47.5738957Z   ssh-user: git
2026-10-03T22:24:47.5739316Z   persist-credentials: true
2026-10-03T22:24:47.5739698Z   clean: true
2026-10-03T22:24:47.5740061Z   sparse-checkout-cone-mode: true
2026-10-03T22:24:47.5740474Z   fetch-depth: 1
2026-10-03T22:24:47.5740812Z   fetch-tags: false
2026-10-03T22:24:47.5741163Z   show-progress: true
2026-10-03T22:24:47.5741510Z   lfs: false
2026-10-03T22:24:47.5741833Z   submodules: false
2026-10-03T22:24:47.5742188Z   set-safe-directory: true
2026-10-03T22:24:47.5742582Z   allow-unsafe-pr-checkout: false
2026-10-03T22:24:47.5743128Z env:
2026-10-03T22:24:47.5743631Z   RUSTUP_TOOLCHAIN: stable
2026-10-03T22:24:47.5744045Z   CARGO_TARGET_DIR: target/broker-ci/stable
2026-10-03T22:24:47.5744522Z   CARGO_BUILD_JOBS: 2
2026-10-03T22:24:47.5744880Z   CARGO_INCREMENTAL: 0
2026-10-03T22:24:47.5745251Z   CARGO_TERM_COLOR: never
2026-10-03T22:24:47.5745614Z ##[endgroup]
2026-10-03T22:24:47.6553347Z Syncing repository: mingley/partitionline
2026-10-03T22:24:47.6555071Z ##[group]Getting Git version info
2026-10-03T22:24:47.6555689Z Working directory is '/home/runner/work/partitionline/partitionline'
2026-10-03T22:24:47.6556580Z [command]/usr/bin/git version
2026-10-03T22:24:47.6609988Z git version 2.55.0
2026-10-03T22:24:47.6628189Z ##[endgroup]
2026-10-03T22:24:47.6642092Z Temporarily overriding HOME='/home/runner/work/_temp/7b3c478b-2bf0-4fd9-b518-633017d0e92d' before making global git config changes
2026-10-03T22:24:47.6645030Z Adding repository directory to the temporary git global config as a safe directory
2026-10-03T22:24:47.6665937Z [command]/usr/bin/git config --global --add safe.directory /home/runner/work/partitionline/partitionline
2026-10-03T22:24:47.6712807Z Deleting the contents of '/home/runner/work/partitionline/partitionline'
2026-10-03T22:24:47.6715783Z ##[group]Determining repository object format
2026-10-03T22:24:47.6717140Z ##[endgroup]
2026-10-03T22:24:47.6718011Z ##[group]Initializing the repository
2026-10-03T22:24:47.6720464Z [command]/usr/bin/git init /home/runner/work/partitionline/partitionline
2026-10-03T22:24:47.6789574Z hint: Using 'master' as the name for the initial branch. This default branch name
2026-10-03T22:24:47.6791042Z hint: will change to "main" in Git 3.0. To configure the initial branch name
2026-10-03T22:24:47.6792397Z hint: to use in all of your new repositories, which will suppress this warning,
2026-10-03T22:24:47.6793697Z hint: call:
2026-10-03T22:24:47.6794464Z hint:
2026-10-03T22:24:47.6795206Z hint: 	git config --global init.defaultBranch <name>
2026-10-03T22:24:47.6796001Z hint:
2026-10-03T22:24:47.6796748Z hint: Names commonly chosen instead of 'master' are 'main', 'trunk' and
2026-10-03T22:24:47.6797949Z hint: 'development'. The just-created branch can be renamed via this command:
2026-10-03T22:24:47.6798913Z hint:
2026-10-03T22:24:47.6799452Z hint: 	git branch -m <name>
2026-10-03T22:24:47.6800079Z hint:
2026-10-03T22:24:47.6800882Z hint: Disable this message with "git config set advice.defaultBranchName false"
2026-10-03T22:24:47.6802249Z Initialized empty Git repository in /home/runner/work/partitionline/partitionline/.git/
2026-10-03T22:24:47.6804666Z [command]/usr/bin/git remote add origin https://github.com/mingley/partitionline
2026-10-03T22:24:47.6853290Z ##[endgroup]
2026-10-03T22:24:47.6854516Z ##[group]Disabling automatic garbage collection
2026-10-03T22:24:47.6856809Z [command]/usr/bin/git config --local gc.auto 0
2026-10-03T22:24:47.6891481Z ##[endgroup]
2026-10-03T22:24:47.6892710Z ##[group]Setting up auth
2026-10-03T22:24:47.6893675Z Removing SSH command configuration
2026-10-03T22:24:47.6896912Z [command]/usr/bin/git config --local --name-only --get-regexp core\.sshCommand
2026-10-03T22:24:47.6926663Z [command]/usr/bin/git submodule foreach --recursive sh -c "git config --local --name-only --get-regexp 'core\.sshCommand' && git config --local --unset-all 'core.sshCommand' || :"
2026-10-03T22:24:47.7255857Z Removing HTTP extra header
2026-10-03T22:24:47.7261366Z [command]/usr/bin/git config --local --name-only --get-regexp http\.https\:\/\/github\.com\/\.extraheader
2026-10-03T22:24:47.7298224Z [command]/usr/bin/git submodule foreach --recursive sh -c "git config --local --name-only --get-regexp 'http\.https\:\/\/github\.com\/\.extraheader' && git config --local --unset-all 'http.https://github.com/.extraheader' || :"
2026-10-03T22:24:47.7505817Z Removing includeIf entries pointing to credentials config files
2026-10-03T22:24:47.7510528Z [command]/usr/bin/git config --local --name-only --get-regexp ^includeIf\.gitdir:
2026-10-03T22:24:47.7542070Z [command]/usr/bin/git submodule foreach --recursive git config --local --show-origin --name-only --get-regexp remote.origin.url
2026-10-03T22:24:47.7742169Z [command]/usr/bin/git config --file /home/runner/work/_temp/git-credentials-0f8f8da1-0636-4c3c-9f82-d7683fd4d266.config http.https://github.com/.extraheader AUTHORIZATION: basic ***
2026-10-03T22:24:47.7775579Z [command]/usr/bin/git config --local includeIf.gitdir:/home/runner/work/partitionline/partitionline/.git.path /home/runner/work/_temp/git-credentials-0f8f8da1-0636-4c3c-9f82-d7683fd4d266.config
2026-10-03T22:24:47.7805097Z [command]/usr/bin/git config --local includeIf.gitdir:/home/runner/work/partitionline/partitionline/.git/worktrees/*.path /home/runner/work/_temp/git-credentials-0f8f8da1-0636-4c3c-9f82-d7683fd4d266.config
2026-10-03T22:24:47.7835571Z [command]/usr/bin/git config --local includeIf.gitdir:/github/workspace/.git.path /github/runner_temp/git-credentials-0f8f8da1-0636-4c3c-9f82-d7683fd4d266.config
2026-10-03T22:24:47.7866110Z [command]/usr/bin/git config --local includeIf.gitdir:/github/workspace/.git/worktrees/*.path /github/runner_temp/git-credentials-0f8f8da1-0636-4c3c-9f82-d7683fd4d266.config
2026-10-03T22:24:47.7894035Z ##[endgroup]
2026-10-03T22:24:47.7894974Z ##[group]Fetching the repository
2026-10-03T22:24:47.7899913Z [command]/usr/bin/git -c protocol.version=2 fetch --no-tags --prune --no-recurse-submodules --depth=1 origin +ae31380085d1388191e40c8d9270fc5e1277772c:refs/remotes/origin/main
2026-10-03T22:24:57.4495585Z From https://github.com/mingley/partitionline
2026-10-03T22:24:57.4497007Z  * [new ref]           ae31380085d1388191e40c8d9270fc5e1277772c -> origin/main
2026-10-03T22:24:57.4524452Z [command]/usr/bin/git branch --list --remote origin/main
2026-10-03T22:24:57.4534708Z   origin/main
2026-10-03T22:24:57.4536440Z [command]/usr/bin/git rev-parse refs/remotes/origin/main
2026-10-03T22:24:57.4559767Z ae31380085d1388191e40c8d9270fc5e1277772c
2026-10-03T22:24:57.4567151Z ##[endgroup]
2026-10-03T22:24:57.4567805Z ##[group]Determining the checkout info
2026-10-03T22:24:57.4568502Z ##[endgroup]
2026-10-03T22:24:57.4570094Z [command]/usr/bin/git sparse-checkout disable
2026-10-03T22:24:57.4618793Z [command]/usr/bin/git config --local --unset-all extensions.worktreeConfig
2026-10-03T22:24:57.4656996Z ##[group]Checking out the ref
2026-10-03T22:24:57.4657836Z [command]/usr/bin/git checkout --progress --force -B main refs/remotes/origin/main
2026-10-03T22:24:58.5309691Z Updating files:  33% (25486/76187)
2026-10-03T22:24:58.5533947Z Updating files:  34% (25904/76187)
2026-10-03T22:24:58.5913014Z Updating files:  35% (26666/76187)
2026-10-03T22:24:58.6285918Z Updating files:  36% (27428/76187)
2026-10-03T22:24:58.6589506Z Updating files:  37% (28190/76187)
2026-10-03T22:24:58.6844078Z Updating files:  38% (28952/76187)
2026-10-03T22:24:58.7124496Z Updating files:  39% (29713/76187)
2026-10-03T22:24:58.7378324Z Updating files:  40% (30475/76187)
2026-10-03T22:24:58.7617504Z Updating files:  41% (31237/76187)
2026-10-03T22:24:58.7844788Z Updating files:  42% (31999/76187)
2026-10-03T22:24:58.8069877Z Updating files:  43% (32761/76187)
2026-10-03T22:24:58.8379369Z Updating files:  44% (33523/76187)
2026-10-03T22:24:58.8742835Z Updating files:  45% (34285/76187)
2026-10-03T22:24:58.9215146Z Updating files:  46% (35047/76187)
2026-10-03T22:24:58.9554663Z Updating files:  47% (35808/76187)
2026-10-03T22:24:59.0879332Z Updating files:  48% (36570/76187)
2026-10-03T22:24:59.2208845Z Updating files:  49% (37332/76187)
2026-10-03T22:24:59.2519330Z Updating files:  50% (38094/76187)
2026-10-03T22:24:59.2777318Z Updating files:  51% (38856/76187)
2026-10-03T22:24:59.3237124Z Updating files:  52% (39618/76187)
2026-10-03T22:24:59.3487909Z Updating files:  53% (40380/76187)
2026-10-03T22:24:59.3696447Z Updating files:  54% (41141/76187)
2026-10-03T22:24:59.3893617Z Updating files:  55% (41903/76187)
2026-10-03T22:24:59.4988319Z Updating files:  56% (42665/76187)
2026-10-03T22:24:59.5186986Z Updating files:  57% (43427/76187)
2026-10-03T22:24:59.5206427Z Updating files:  58% (44189/76187)
2026-10-03T22:24:59.5404326Z Updating files:  58% (44262/76187)
2026-10-03T22:24:59.5603270Z Updating files:  59% (44951/76187)
2026-10-03T22:24:59.5932612Z Updating files:  60% (45713/76187)
2026-10-03T22:24:59.6356345Z Updating files:  61% (46475/76187)
2026-10-03T22:24:59.6575651Z Updating files:  62% (47236/76187)
2026-10-03T22:24:59.6877996Z Updating files:  63% (47998/76187)
2026-10-03T22:24:59.7082947Z Updating files:  64% (48760/76187)
2026-10-03T22:24:59.7296878Z Updating files:  65% (49522/76187)
2026-10-03T22:24:59.7541942Z Updating files:  66% (50284/76187)
2026-10-03T22:24:59.7812740Z Updating files:  67% (51046/76187)
2026-10-03T22:24:59.8003316Z Updating files:  68% (51808/76187)
2026-10-03T22:24:59.8242431Z Updating files:  69% (52570/76187)
2026-10-03T22:24:59.8428328Z Updating files:  70% (53331/76187)
2026-10-03T22:24:59.8626081Z Updating files:  71% (54093/76187)
2026-10-03T22:24:59.8899846Z Updating files:  72% (54855/76187)
2026-10-03T22:24:59.9148010Z Updating files:  73% (55617/76187)
2026-10-03T22:24:59.9488272Z Updating files:  74% (56379/76187)
2026-10-03T22:24:59.9806380Z Updating files:  75% (57141/76187)
2026-10-03T22:25:00.7345902Z Updating files:  76% (57903/76187)
2026-10-03T22:25:00.7379900Z Updating files:  76% (58540/76187)
2026-10-03T22:25:00.7617933Z Updating files:  77% (58664/76187)
2026-10-03T22:25:00.7849812Z Updating files:  78% (59426/76187)
2026-10-03T22:25:00.8379672Z Updating files:  79% (60188/76187)
2026-10-03T22:25:00.8696365Z Updating files:  80% (60950/76187)
2026-10-03T22:25:00.9437051Z Updating files:  81% (61712/76187)
2026-10-03T22:25:00.9746976Z Updating files:  82% (62474/76187)
2026-10-03T22:25:01.0343536Z Updating files:  83% (63236/76187)
2026-10-03T22:25:01.0650026Z Updating files:  84% (63998/76187)
2026-10-03T22:25:01.1111817Z Updating files:  85% (64759/76187)
2026-10-03T22:25:01.1397598Z Updating files:  86% (65521/76187)
2026-10-03T22:25:01.2221093Z Updating files:  87% (66283/76187)
2026-10-03T22:25:01.8264824Z Updating files:  88% (67045/76187)
2026-10-03T22:25:01.8334562Z Updating files:  88% (67618/76187)
2026-10-03T22:25:01.8670599Z Updating files:  89% (67807/76187)
2026-10-03T22:25:01.9052788Z Updating files:  90% (68569/76187)
2026-10-03T22:25:01.9310881Z Updating files:  91% (69331/76187)
2026-10-03T22:25:01.9523707Z Updating files:  92% (70093/76187)
2026-10-03T22:25:01.9738797Z Updating files:  93% (70854/76187)
2026-10-03T22:25:01.9962056Z Updating files:  94% (71616/76187)
2026-10-03T22:25:02.0154443Z Updating files:  95% (72378/76187)
2026-10-03T22:25:02.0346558Z Updating files:  96% (73140/76187)
2026-10-03T22:25:02.0539386Z Updating files:  97% (73902/76187)
2026-10-03T22:25:02.0775829Z Updating files:  98% (74664/76187)
2026-10-03T22:25:02.1187263Z Updating files:  99% (75426/76187)
2026-10-03T22:25:02.1187884Z Updating files: 100% (76187/76187)
2026-10-03T22:25:02.1188255Z Updating files: 100% (76187/76187), done.
2026-10-03T22:25:02.1952971Z Switched to a new branch 'main'
2026-10-03T22:25:02.1975698Z branch 'main' set up to track 'origin/main'.
2026-10-03T22:25:02.2027745Z ##[endgroup]
2026-10-03T22:25:02.2078880Z [command]/usr/bin/git log -1 --format=%H
2026-10-03T22:25:02.2100278Z ae31380085d1388191e40c8d9270fc5e1277772c
2026-10-03T22:25:02.2397072Z ##[group]Run dtolnay/rust-toolchain@master
2026-10-03T22:25:02.2397341Z with:
2026-10-03T22:25:02.2397511Z   toolchain: stable
2026-10-03T22:25:02.2397698Z   components: rustfmt, clippy
2026-10-03T22:25:02.2397891Z env:
2026-10-03T22:25:02.2398054Z   RUSTUP_TOOLCHAIN: stable
2026-10-03T22:25:02.2398256Z   CARGO_TARGET_DIR: target/broker-ci/stable
2026-10-03T22:25:02.2398474Z   CARGO_BUILD_JOBS: 2
2026-10-03T22:25:02.2398661Z   CARGO_INCREMENTAL: 0
2026-10-03T22:25:02.2398837Z   CARGO_TERM_COLOR: never
2026-10-03T22:25:02.2399019Z ##[endgroup]
2026-10-03T22:25:02.2448993Z ##[start-action display=Parse toolchain version;id=__dtolnay_rust-toolchain.parse]
2026-10-03T22:25:02.2483738Z ##[group]Run if [[ -z $toolchain ]]; then
2026-10-03T22:25:02.2484069Z [36;1mif [[ -z $toolchain ]]; then[0m
2026-10-03T22:25:02.2484501Z [36;1m  # GitHub does not enforce `required: true` inputs itself. https://github.com/actions/runner/issues/1070[0m
2026-10-03T22:25:02.2484978Z [36;1m  echo "'toolchain' is a required input" >&2[0m
2026-10-03T22:25:02.2485215Z [36;1m  exit 1[0m
2026-10-03T22:25:02.2485490Z [36;1melif [[ $toolchain =~ ^stable' '[0-9]+' '(year|month|week|day)s?' 'ago$ ]]; then[0m
2026-10-03T22:25:02.2485806Z [36;1m  if [[ Linux == macOS ]]; then[0m
2026-10-03T22:25:02.2486207Z [36;1m    echo "toolchain=1.$((($(date -v-$(sed 's/stable \([0-9]*\) \(.\).*/\1\2/' <<< $toolchain) +%s)/60/60/24-16569)/7/6))" >> $GITHUB_OUTPUT[0m
2026-10-03T22:25:02.2486596Z [36;1m  else[0m
2026-10-03T22:25:02.2486921Z [36;1m    echo "toolchain=1.$((($(date --date "${toolchain#stable }" +%s)/60/60/24-16569)/7/6))" >> $GITHUB_OUTPUT[0m
2026-10-03T22:25:02.2487274Z [36;1m  fi[0m
2026-10-03T22:25:02.2487518Z [36;1melif [[ $toolchain =~ ^stable' 'minus' '[0-9]+' 'releases?$ ]]; then[0m
2026-10-03T22:25:02.2487921Z [36;1m  echo "toolchain=1.$((($(date +%s)/60/60/24-16569)/7/6-${toolchain//[^0-9]/}))" >> $GITHUB_OUTPUT[0m
2026-10-03T22:25:02.2488268Z [36;1melif [[ $toolchain =~ ^1\.[0-9]+$ ]]; then[0m
2026-10-03T22:25:02.2488663Z [36;1m  echo "toolchain=1.$((i=${toolchain#1.}, c=($(date +%s)/60/60/24-16569)/7/6, i+9*i*(10*i<=c)+90*i*(100*i<=c)))" >> $GITHUB_OUTPUT[0m
2026-10-03T22:25:02.2489197Z [36;1melse[0m
2026-10-03T22:25:02.2489403Z [36;1m  echo "toolchain=$toolchain" >> $GITHUB_OUTPUT[0m
2026-10-03T22:25:02.2489637Z [36;1mfi[0m
2026-10-03T22:25:02.2755255Z shell: /usr/bin/bash --noprofile --norc -e -o pipefail {0}
2026-10-03T22:25:02.2755546Z env:
2026-10-03T22:25:02.2755720Z   RUSTUP_TOOLCHAIN: stable
2026-10-03T22:25:02.2755937Z   CARGO_TARGET_DIR: target/broker-ci/stable
2026-10-03T22:25:02.2756158Z   CARGO_BUILD_JOBS: 2
2026-10-03T22:25:02.2756330Z   CARGO_INCREMENTAL: 0
2026-10-03T22:25:02.2756506Z   CARGO_TERM_COLOR: never
2026-10-03T22:25:02.2756686Z   toolchain: stable
2026-10-03T22:25:02.2756850Z ##[endgroup]
2026-10-03T22:25:02.2901875Z ##[end-action id=__dtolnay_rust-toolchain.parse;outcome=success;conclusion=success;duration_ms=45]
2026-10-03T22:25:02.2912775Z ##[start-action display=Construct rustup command line;id=__dtolnay_rust-toolchain.flags]
2026-10-03T22:25:02.2938506Z ##[group]Run echo "targets=$(for t in ${targets//,/ }; do echo -n ' --target' $t; done)" >> $GITHUB_OUTPUT
2026-10-03T22:25:02.2938993Z [36;1mecho "targets=$(for t in ${targets//,/ }; do echo -n ' --target' $t; done)" >> $GITHUB_OUTPUT[0m
2026-10-03T22:25:02.2939485Z [36;1mecho "components=$(for c in ${components//,/ }; do echo -n ' --component' $c; done)" >> $GITHUB_OUTPUT[0m
2026-10-03T22:25:02.2939848Z [36;1mecho "downgrade=" >> $GITHUB_OUTPUT[0m
2026-10-03T22:25:02.2996353Z shell: /usr/bin/bash --noprofile --norc -e -o pipefail {0}
2026-10-03T22:25:02.2996627Z env:
2026-10-03T22:25:02.2996795Z   RUSTUP_TOOLCHAIN: stable
2026-10-03T22:25:02.2997007Z   CARGO_TARGET_DIR: target/broker-ci/stable
2026-10-03T22:25:02.2997228Z   CARGO_BUILD_JOBS: 2
2026-10-03T22:25:02.2997405Z   CARGO_INCREMENTAL: 0
2026-10-03T22:25:02.2997578Z   CARGO_TERM_COLOR: never
2026-10-03T22:25:02.2997752Z   targets: 
2026-10-03T22:25:02.2998081Z   components: rustfmt, clippy
2026-10-03T22:25:02.2998293Z ##[endgroup]
2026-10-03T22:25:02.3094779Z ##[end-action id=__dtolnay_rust-toolchain.flags;outcome=success;conclusion=success;duration_ms=18]
2026-10-03T22:25:02.3096691Z ##[start-action display=Set $CARGO_HOME;id=__dtolnay_rust-toolchain.__run]
2026-10-03T22:25:02.3116590Z ##[group]Run echo CARGO_HOME=${CARGO_HOME:-"$HOME/.cargo"} >> $GITHUB_ENV
2026-10-03T22:25:02.3117139Z [36;1mecho CARGO_HOME=${CARGO_HOME:-"$HOME/.cargo"} >> $GITHUB_ENV[0m
2026-10-03T22:25:02.3175456Z shell: /usr/bin/bash --noprofile --norc -e -o pipefail {0}
2026-10-03T22:25:02.3175726Z env:
2026-10-03T22:25:02.3175893Z   RUSTUP_TOOLCHAIN: stable
2026-10-03T22:25:02.3176108Z   CARGO_TARGET_DIR: target/broker-ci/stable
2026-10-03T22:25:02.3176333Z   CARGO_BUILD_JOBS: 2
2026-10-03T22:25:02.3176507Z   CARGO_INCREMENTAL: 0
2026-10-03T22:25:02.3176683Z   CARGO_TERM_COLOR: never
2026-10-03T22:25:02.3176860Z ##[endgroup]
2026-10-03T22:25:02.3257343Z ##[end-action id=__dtolnay_rust-toolchain.__run;outcome=success;conclusion=success;duration_ms=16]
2026-10-03T22:25:02.3259130Z ##[start-action display=Install rustup if needed;id=__dtolnay_rust-toolchain.__run_2]
2026-10-03T22:25:02.3279377Z ##[group]Run if ! command -v rustup &>/dev/null; then
2026-10-03T22:25:02.3279662Z [36;1mif ! command -v rustup &>/dev/null; then[0m
2026-10-03T22:25:02.3280246Z [36;1m  curl --proto '=https' --tlsv1.2 --retry 10 --retry-connrefused --location --silent --show-error --fail https://sh.rustup.rs | sh -s -- --default-toolchain none -y[0m
2026-10-03T22:25:02.3280779Z [36;1m  echo "$CARGO_HOME/bin" >> $GITHUB_PATH[0m
2026-10-03T22:25:02.3281015Z [36;1mfi[0m
2026-10-03T22:25:02.3330079Z shell: /usr/bin/bash --noprofile --norc -e -o pipefail {0}
2026-10-03T22:25:02.3330355Z env:
2026-10-03T22:25:02.3330546Z   RUSTUP_TOOLCHAIN: stable
2026-10-03T22:25:02.3330799Z   CARGO_TARGET_DIR: target/broker-ci/stable
2026-10-03T22:25:02.3331022Z   CARGO_BUILD_JOBS: 2
2026-10-03T22:25:02.3331208Z   CARGO_INCREMENTAL: 0
2026-10-03T22:25:02.3331387Z   CARGO_TERM_COLOR: never
2026-10-03T22:25:02.3331717Z   CARGO_HOME: /home/runner/.cargo
2026-10-03T22:25:02.3331913Z ##[endgroup]
2026-10-03T22:25:02.3419867Z ##[end-action id=__dtolnay_rust-toolchain.__run_2;outcome=success;conclusion=success;duration_ms=16]
2026-10-03T22:25:02.3421749Z ##[start-action display=Install rustup if needed on windows;id=__dtolnay_rust-toolchain.__run_3]
2026-10-03T22:25:02.3427675Z ##[end-action id=__dtolnay_rust-toolchain.__run_3;outcome=skipped;conclusion=skipped;duration_ms=0]
2026-10-03T22:25:02.3436408Z ##[start-action display=rustup toolchain install stable;id=__dtolnay_rust-toolchain.__run_4]
2026-10-03T22:25:02.3453586Z ##[group]Run log=$(mktemp)
2026-10-03T22:25:02.3453847Z [36;1mlog=$(mktemp)[0m
2026-10-03T22:25:02.3454046Z [36;1mtrap 'rm -f "$log"' EXIT[0m
2026-10-03T22:25:02.3454263Z [36;1mfor attempt in 1 2 3 4 5; do[0m
2026-10-03T22:25:02.3454790Z [36;1m  if rustup toolchain install stable --component rustfmt --component clippy --profile minimal --no-self-update --force-non-host 2>&1 | tee "$log"; then[0m
2026-10-03T22:25:02.3455304Z [36;1m    break[0m
2026-10-03T22:25:02.3455470Z [36;1m  else[0m
2026-10-03T22:25:02.3455636Z [36;1m    status=$?[0m
2026-10-03T22:25:02.3455808Z [36;1m  fi[0m
2026-10-03T22:25:02.3456050Z [36;1m  if [[ $attempt == 5 ]] || ! grep -Fq 'checksum failed for ' "$log" \[0m
2026-10-03T22:25:02.3456470Z [36;1m      || ! grep -Fq 'this is likely due to an ongoing update of the official release server' "$log"; then[0m
2026-10-03T22:25:02.3456817Z [36;1m    exit "$status"[0m
2026-10-03T22:25:02.3456999Z [36;1m  fi[0m
2026-10-03T22:25:02.3457271Z [36;1m  echo "Retrying rustup toolchain install in 30 seconds (retry $attempt of 4)" >&2[0m
2026-10-03T22:25:02.3457589Z [36;1m  sleep 30[0m
2026-10-03T22:25:02.3457753Z [36;1mdone[0m
2026-10-03T22:25:02.3509948Z shell: /usr/bin/bash --noprofile --norc -e -o pipefail {0}
2026-10-03T22:25:02.3510217Z env:
2026-10-03T22:25:02.3510545Z   RUSTUP_TOOLCHAIN: stable
2026-10-03T22:25:02.3510757Z   CARGO_TARGET_DIR: target/broker-ci/stable
2026-10-03T22:25:02.3510983Z   CARGO_BUILD_JOBS: 2
2026-10-03T22:25:02.3511153Z   CARGO_INCREMENTAL: 0
2026-10-03T22:25:02.3511326Z   CARGO_TERM_COLOR: never
2026-10-03T22:25:02.3511513Z   CARGO_HOME: /home/runner/.cargo
2026-10-03T22:25:02.3511713Z   RUSTUP_PERMIT_COPY_RENAME: 1
2026-10-03T22:25:02.3511896Z ##[endgroup]
2026-10-03T22:25:02.5901970Z info: syncing channel updates for stable-x86_64-unknown-linux-gnu
2026-10-03T22:25:03.0457478Z info: latest update on 2026-10-01 for version 1.99.0 (b940084d7 2026-09-28)
2026-10-03T22:25:03.0562450Z info: removing previous version of component rustfmt
2026-10-03T22:25:03.0749100Z info: removing previous version of component clippy
2026-10-03T22:25:03.0789172Z info: removing previous version of component cargo
2026-10-03T22:25:03.0828023Z info: removing previous version of component rust-std
2026-10-03T22:25:03.0936384Z info: removing previous version of component rustc
2026-10-03T22:25:03.1097149Z info: downloading 5 components
2026-10-03T22:25:10.5802824Z 
2026-10-03T22:25:10.5861059Z   stable-x86_64-unknown-linux-gnu updated - rustc 1.99.0 (b940084d7 2026-09-28) (from rustc 1.98.1 (48a229cea 2026-09-01))
2026-10-03T22:25:10.5861655Z 
2026-10-03T22:25:10.5929719Z ##[end-action id=__dtolnay_rust-toolchain.__run_4;outcome=success;conclusion=success;duration_ms=8249]
2026-10-03T22:25:10.5937845Z ##[start-action display=rustup default stable;id=__dtolnay_rust-toolchain.__run_5]
2026-10-03T22:25:10.5956150Z ##[group]Run rustup default stable --force-non-host
2026-10-03T22:25:10.5956458Z [36;1mrustup default stable --force-non-host[0m
2026-10-03T22:25:10.6014732Z shell: /usr/bin/bash --noprofile --norc -e -o pipefail {0}
2026-10-03T22:25:10.6015001Z env:
2026-10-03T22:25:10.6015173Z   RUSTUP_TOOLCHAIN: stable
2026-10-03T22:25:10.6015379Z   CARGO_TARGET_DIR: target/broker-ci/stable
2026-10-03T22:25:10.6015602Z   CARGO_BUILD_JOBS: 2
2026-10-03T22:25:10.6015788Z   CARGO_INCREMENTAL: 0
2026-10-03T22:25:10.6015964Z   CARGO_TERM_COLOR: never
2026-10-03T22:25:10.6016312Z   CARGO_HOME: /home/runner/.cargo
2026-10-03T22:25:10.6016506Z ##[endgroup]
2026-10-03T22:25:10.6144246Z info: using existing install for stable-x86_64-unknown-linux-gnu
2026-10-03T22:25:10.6149260Z info: default toolchain set to stable-x86_64-unknown-linux-gnu
2026-10-03T22:25:10.6149468Z 
2026-10-03T22:25:10.6204883Z info: note that the toolchain 'stable-x86_64-unknown-linux-gnu' is currently in use (overridden by environment variable RUSTUP_TOOLCHAIN)
2026-10-03T22:25:10.6205643Z   stable-x86_64-unknown-linux-gnu unchanged - rustc 1.99.0 (b940084d7 2026-09-28)
2026-10-03T22:25:10.6205990Z 
2026-10-03T22:25:10.6218304Z ##[end-action id=__dtolnay_rust-toolchain.__run_5;outcome=success;conclusion=success;duration_ms=27]
2026-10-03T22:25:10.6220566Z ##[start-action display=Create cachekey;id=__dtolnay_rust-toolchain.rustc-version]
2026-10-03T22:25:10.6238714Z ##[group]Run DATE=$(rustc +stable --version --verbose | sed -ne 's/^commit-date: \(20[0-9][0-9]\)-\([01][0-9]\)-\([0-3][0-9]\)$/\1\2\3/p')
2026-10-03T22:25:10.6239346Z [36;1mDATE=$(rustc +stable --version --verbose | sed -ne 's/^commit-date: \(20[0-9][0-9]\)-\([01][0-9]\)-\([0-3][0-9]\)$/\1\2\3/p')[0m
2026-10-03T22:25:10.6239833Z [36;1mHASH=$(rustc +stable --version --verbose | sed -ne 's/^commit-hash: //p')[0m
2026-10-03T22:25:10.6240209Z [36;1mecho "cachekey=$(echo $DATE$HASH | head -c12)" >> $GITHUB_OUTPUT[0m
2026-10-03T22:25:10.6296743Z shell: /usr/bin/bash --noprofile --norc -e -o pipefail {0}
2026-10-03T22:25:10.6297016Z env:
2026-10-03T22:25:10.6297188Z   RUSTUP_TOOLCHAIN: stable
2026-10-03T22:25:10.6297400Z   CARGO_TARGET_DIR: target/broker-ci/stable
2026-10-03T22:25:10.6297619Z   CARGO_BUILD_JOBS: 2
2026-10-03T22:25:10.6297794Z   CARGO_INCREMENTAL: 0
2026-10-03T22:25:10.6297967Z   CARGO_TERM_COLOR: never
2026-10-03T22:25:10.6298162Z   CARGO_HOME: /home/runner/.cargo
2026-10-03T22:25:10.6298360Z ##[endgroup]
2026-10-03T22:25:10.6584376Z ##[end-action id=__dtolnay_rust-toolchain.rustc-version;outcome=success;conclusion=success;duration_ms=36]
2026-10-03T22:25:10.6586914Z ##[start-action display=Disable incremental compilation;id=__dtolnay_rust-toolchain.__run_6]
2026-10-03T22:25:10.6603794Z ##[group]Run if [ -z "${CARGO_INCREMENTAL+set}" ]; then
2026-10-03T22:25:10.6604105Z [36;1mif [ -z "${CARGO_INCREMENTAL+set}" ]; then[0m
2026-10-03T22:25:10.6604359Z [36;1m  echo CARGO_INCREMENTAL=0 >> $GITHUB_ENV[0m
2026-10-03T22:25:10.6604580Z [36;1mfi[0m
2026-10-03T22:25:10.6665192Z shell: /usr/bin/bash --noprofile --norc -e -o pipefail {0}
2026-10-03T22:25:10.6665501Z env:
2026-10-03T22:25:10.6665668Z   RUSTUP_TOOLCHAIN: stable
2026-10-03T22:25:10.6665882Z   CARGO_TARGET_DIR: target/broker-ci/stable
2026-10-03T22:25:10.6666105Z   CARGO_BUILD_JOBS: 2
2026-10-03T22:25:10.6666290Z   CARGO_INCREMENTAL: 0
2026-10-03T22:25:10.6666467Z   CARGO_TERM_COLOR: never
2026-10-03T22:25:10.6666658Z   CARGO_HOME: /home/runner/.cargo
2026-10-03T22:25:10.6666856Z ##[endgroup]
2026-10-03T22:25:10.6742383Z ##[end-action id=__dtolnay_rust-toolchain.__run_6;outcome=success;conclusion=success;duration_ms=15]
2026-10-03T22:25:10.6744387Z ##[start-action display=Enable colors in Cargo output;id=__dtolnay_rust-toolchain.__run_7]
2026-10-03T22:25:10.6759394Z ##[group]Run if [ -z "${CARGO_TERM_COLOR+set}" ]; then
2026-10-03T22:25:10.6759698Z [36;1mif [ -z "${CARGO_TERM_COLOR+set}" ]; then[0m
2026-10-03T22:25:10.6759973Z [36;1m  echo CARGO_TERM_COLOR=always >> $GITHUB_ENV[0m
2026-10-03T22:25:10.6760204Z [36;1mfi[0m
2026-10-03T22:25:10.6812427Z shell: /usr/bin/bash --noprofile --norc -e -o pipefail {0}
2026-10-03T22:25:10.6812698Z env:
2026-10-03T22:25:10.6812866Z   RUSTUP_TOOLCHAIN: stable
2026-10-03T22:25:10.6813075Z   CARGO_TARGET_DIR: target/broker-ci/stable
2026-10-03T22:25:10.6813289Z   CARGO_BUILD_JOBS: 2
2026-10-03T22:25:10.6813605Z   CARGO_INCREMENTAL: 0
2026-10-03T22:25:10.6813796Z   CARGO_TERM_COLOR: never
2026-10-03T22:25:10.6813998Z   CARGO_HOME: /home/runner/.cargo
2026-10-03T22:25:10.6814202Z ##[endgroup]
2026-10-03T22:25:10.6887034Z ##[end-action id=__dtolnay_rust-toolchain.__run_7;outcome=success;conclusion=success;duration_ms=14]
2026-10-03T22:25:10.6889006Z ##[start-action display=Enable Cargo sparse registry;id=__dtolnay_rust-toolchain.__run_8]
2026-10-03T22:25:10.6905719Z ##[group]Run # implemented in 1.66, stabilized in 1.68, made default in 1.70
2026-10-03T22:25:10.6906140Z [36;1m# implemented in 1.66, stabilized in 1.68, made default in 1.70[0m
2026-10-03T22:25:10.6906688Z [36;1mif [ -z "${CARGO_REGISTRIES_CRATES_IO_PROTOCOL+set}" -o -f "/home/runner/work/_temp"/.implicit_cargo_registries_crates_io_protocol ]; then[0m
2026-10-03T22:25:10.6907246Z [36;1m  if rustc +stable --version --verbose | grep -q '^release: 1\.6[89]\.'; then[0m
2026-10-03T22:25:10.6907683Z [36;1m    touch "/home/runner/work/_temp"/.implicit_cargo_registries_crates_io_protocol || true[0m
2026-10-03T22:25:10.6908096Z [36;1m    echo CARGO_REGISTRIES_CRATES_IO_PROTOCOL=sparse >> $GITHUB_ENV[0m
2026-10-03T22:25:10.6908502Z [36;1m  elif rustc +stable --version --verbose | grep -q '^release: 1\.6[67]\.'; then[0m
2026-10-03T22:25:10.6908942Z [36;1m    touch "/home/runner/work/_temp"/.implicit_cargo_registries_crates_io_protocol || true[0m
2026-10-03T22:25:10.6909342Z [36;1m    echo CARGO_REGISTRIES_CRATES_IO_PROTOCOL=git >> $GITHUB_ENV[0m
2026-10-03T22:25:10.6909617Z [36;1m  fi[0m
2026-10-03T22:25:10.6909779Z [36;1mfi[0m
2026-10-03T22:25:10.6962425Z shell: /usr/bin/bash --noprofile --norc -e -o pipefail {0}
2026-10-03T22:25:10.6962701Z env:
2026-10-03T22:25:10.6962870Z   RUSTUP_TOOLCHAIN: stable
2026-10-03T22:25:10.6963079Z   CARGO_TARGET_DIR: target/broker-ci/stable
2026-10-03T22:25:10.6963301Z   CARGO_BUILD_JOBS: 2
2026-10-03T22:25:10.6963618Z   CARGO_INCREMENTAL: 0
2026-10-03T22:25:10.6963799Z   CARGO_TERM_COLOR: never
2026-10-03T22:25:10.6963997Z   CARGO_HOME: /home/runner/.cargo
2026-10-03T22:25:10.6964206Z ##[endgroup]
2026-10-03T22:25:10.7225390Z ##[end-action id=__dtolnay_rust-toolchain.__run_8;outcome=success;conclusion=success;duration_ms=33]
2026-10-03T22:25:10.7227787Z ##[start-action display=Work around spurious network errors in curl 8.0;id=__dtolnay_rust-toolchain.__run_9]
2026-10-03T22:25:10.7246074Z ##[group]Run # https://rust-lang.zulipchat.com/#narrow/stream/246057-t-cargo/topic/timeout.20investigation
2026-10-03T22:25:10.7246694Z [36;1m# https://rust-lang.zulipchat.com/#narrow/stream/246057-t-cargo/topic/timeout.20investigation[0m
2026-10-03T22:25:10.7247174Z [36;1mif rustc +stable --version --verbose | grep -q '^release: 1\.7[01]\.'; then[0m
2026-10-03T22:25:10.7247542Z [36;1m  echo CARGO_HTTP_MULTIPLEXING=false >> $GITHUB_ENV[0m
2026-10-03T22:25:10.7247791Z [36;1mfi[0m
2026-10-03T22:25:10.7305194Z shell: /usr/bin/bash --noprofile --norc -e -o pipefail {0}
2026-10-03T22:25:10.7305459Z env:
2026-10-03T22:25:10.7305649Z   RUSTUP_TOOLCHAIN: stable
2026-10-03T22:25:10.7305861Z   CARGO_TARGET_DIR: target/broker-ci/stable
2026-10-03T22:25:10.7306093Z   CARGO_BUILD_JOBS: 2
2026-10-03T22:25:10.7306279Z   CARGO_INCREMENTAL: 0
2026-10-03T22:25:10.7306464Z   CARGO_TERM_COLOR: never
2026-10-03T22:25:10.7306654Z   CARGO_HOME: /home/runner/.cargo
2026-10-03T22:25:10.7306851Z ##[endgroup]
2026-10-03T22:25:10.7475133Z ##[end-action id=__dtolnay_rust-toolchain.__run_9;outcome=success;conclusion=success;duration_ms=24]
2026-10-03T22:25:10.7478453Z ##[start-action display=rustc +stable --version --verbose;id=__dtolnay_rust-toolchain.__run_10]
2026-10-03T22:25:10.7494891Z ##[group]Run rustc +stable --version --verbose
2026-10-03T22:25:10.7495159Z [36;1mrustc +stable --version --verbose[0m
2026-10-03T22:25:10.7550397Z shell: /usr/bin/bash --noprofile --norc -e -o pipefail {0}
2026-10-03T22:25:10.7550666Z env:
2026-10-03T22:25:10.7550832Z   RUSTUP_TOOLCHAIN: stable
2026-10-03T22:25:10.7551040Z   CARGO_TARGET_DIR: target/broker-ci/stable
2026-10-03T22:25:10.7551258Z   CARGO_BUILD_JOBS: 2
2026-10-03T22:25:10.7551439Z   CARGO_INCREMENTAL: 0
2026-10-03T22:25:10.7551630Z   CARGO_TERM_COLOR: never
2026-10-03T22:25:10.7551818Z   CARGO_HOME: /home/runner/.cargo
2026-10-03T22:25:10.7552167Z ##[endgroup]
2026-10-03T22:25:10.7707451Z rustc 1.99.0 (b940084d7 2026-09-28)
2026-10-03T22:25:10.7707957Z binary: rustc
2026-10-03T22:25:10.7708403Z commit-hash: b940084d7eb6a299eb4bfeb8e34901bc051e7ac4
2026-10-03T22:25:10.7708811Z commit-date: 2026-09-28
2026-10-03T22:25:10.7709093Z host: x86_64-unknown-linux-gnu
2026-10-03T22:25:10.7709379Z release: 1.99.0
2026-10-03T22:25:10.7709592Z LLVM version: 23.1.1
2026-10-03T22:25:10.7720226Z ##[end-action id=__dtolnay_rust-toolchain.__run_10;outcome=success;conclusion=success;duration_ms=24]
2026-10-03T22:25:10.7765185Z ##[group]Run openssl version
2026-10-03T22:25:10.7765418Z [36;1mopenssl version[0m
2026-10-03T22:25:10.7821167Z shell: /usr/bin/bash --noprofile --norc -e -o pipefail {0}
2026-10-03T22:25:10.7821436Z env:
2026-10-03T22:25:10.7821614Z   RUSTUP_TOOLCHAIN: stable
2026-10-03T22:25:10.7821825Z   CARGO_TARGET_DIR: target/broker-ci/stable
2026-10-03T22:25:10.7822045Z   CARGO_BUILD_JOBS: 2
2026-10-03T22:25:10.7822225Z   CARGO_INCREMENTAL: 0
2026-10-03T22:25:10.7822415Z   CARGO_TERM_COLOR: never
2026-10-03T22:25:10.7822603Z   CARGO_HOME: /home/runner/.cargo
2026-10-03T22:25:10.7822802Z ##[endgroup]
2026-10-03T22:25:10.7913136Z OpenSSL 3.0.13 30 Jan 2024 (Library: OpenSSL 3.0.13 30 Jan 2024)
2026-10-03T22:25:10.7939362Z ##[group]Run cargo fmt --manifest-path partitionline-broker/Cargo.toml -- --check
2026-10-03T22:25:10.7939814Z [36;1mcargo fmt --manifest-path partitionline-broker/Cargo.toml -- --check[0m
2026-10-03T22:25:10.7992599Z shell: /usr/bin/bash --noprofile --norc -e -o pipefail {0}
2026-10-03T22:25:10.7992877Z env:
2026-10-03T22:25:10.7993047Z   RUSTUP_TOOLCHAIN: stable
2026-10-03T22:25:10.7993253Z   CARGO_TARGET_DIR: target/broker-ci/stable
2026-10-03T22:25:10.7993644Z   CARGO_BUILD_JOBS: 2
2026-10-03T22:25:10.7993819Z   CARGO_INCREMENTAL: 0
2026-10-03T22:25:10.7993994Z   CARGO_TERM_COLOR: never
2026-10-03T22:25:10.7994181Z   CARGO_HOME: /home/runner/.cargo
2026-10-03T22:25:10.7994376Z ##[endgroup]
2026-10-03T22:25:11.2886374Z ##[group]Run cargo test --locked --manifest-path partitionline-broker/Cargo.toml --all-targets
2026-10-03T22:25:11.2886928Z [36;1mcargo test --locked --manifest-path partitionline-broker/Cargo.toml --all-targets[0m
2026-10-03T22:25:11.2941612Z shell: /usr/bin/bash --noprofile --norc -e -o pipefail {0}
2026-10-03T22:25:11.2942104Z env:
2026-10-03T22:25:11.2942369Z   RUSTUP_TOOLCHAIN: stable
2026-10-03T22:25:11.2942736Z   CARGO_TARGET_DIR: target/broker-ci/stable
2026-10-03T22:25:11.2943065Z   CARGO_BUILD_JOBS: 2
2026-10-03T22:25:11.2943332Z   CARGO_INCREMENTAL: 0
2026-10-03T22:25:11.2943814Z   CARGO_TERM_COLOR: never
2026-10-03T22:25:11.2944107Z   CARGO_HOME: /home/runner/.cargo
2026-10-03T22:25:11.2944483Z ##[endgroup]
2026-10-03T22:25:11.3323708Z     Updating crates.io index
2026-10-03T22:25:11.4451295Z  Downloading crates ...
2026-10-03T22:25:11.4742471Z   Downloaded bytes v1.12.1
2026-10-03T22:25:11.4776527Z   Downloaded cfg-if v1.0.5
2026-10-03T22:25:11.4804201Z   Downloaded mio v1.2.3
2026-10-03T22:25:11.4849143Z   Downloaded semver v1.0.28
2026-10-03T22:25:11.4868450Z   Downloaded unicode-ident v1.0.26
2026-10-03T22:25:11.4891322Z   Downloaded getrandom v0.4.3
2026-10-03T22:25:11.4921377Z   Downloaded tokio v1.53.1
2026-10-03T22:25:11.5294907Z   Downloaded syn v3.0.6
2026-10-03T22:25:11.5382194Z   Downloaded tokio-macros v2.7.2
2026-10-03T22:25:11.5390520Z   Downloaded quote v1.0.47
2026-10-03T22:25:11.5412359Z   Downloaded libc v0.2.189
2026-10-03T22:25:11.5771521Z   Downloaded crc32c v0.6.8
2026-10-03T22:25:11.5782977Z   Downloaded pin-project-lite v0.2.17
2026-10-03T22:25:11.5831126Z   Downloaded rustc_version v0.4.1
2026-10-03T22:25:11.5841414Z   Downloaded socket2 v0.6.5
2026-10-03T22:25:11.5855703Z   Downloaded proc-macro2 v1.0.107
2026-10-03T22:25:11.6117855Z    Compiling libc v0.2.189
2026-10-03T22:25:11.6130828Z    Compiling proc-macro2 v1.0.107
2026-10-03T22:25:11.7365808Z    Compiling unicode-ident v1.0.26
2026-10-03T22:25:11.7562548Z    Compiling quote v1.0.47
2026-10-03T22:25:12.0407167Z    Compiling semver v1.0.28
2026-10-03T22:25:12.1456642Z    Compiling rustc_version v0.4.1
2026-10-03T22:25:12.3049603Z    Compiling crc32c v0.6.8
2026-10-03T22:25:12.3408870Z    Compiling syn v3.0.6
2026-10-03T22:25:12.4013790Z    Compiling getrandom v0.4.3
2026-10-03T22:25:12.4727653Z    Compiling mio v1.2.3
2026-10-03T22:25:12.7017527Z    Compiling socket2 v0.6.5
2026-10-03T22:25:12.9324364Z    Compiling bytes v1.12.1
2026-10-03T22:25:13.2258090Z    Compiling pin-project-lite v0.2.17
2026-10-03T22:25:13.2439242Z    Compiling cfg-if v1.0.5
2026-10-03T22:25:13.8468819Z    Compiling tokio-macros v2.7.2
2026-10-03T22:25:14.0368267Z    Compiling tokio v1.53.1
2026-10-03T22:25:15.8342400Z    Compiling partitionline-broker v0.1.0 (/home/runner/work/partitionline/partitionline/partitionline-broker)
2026-10-03T22:25:16.9787183Z error: invalid format string: unmatched `}` found
2026-10-03T22:25:16.9788073Z    --> /home/runner/work/partitionline/partitionline/partitionline-broker/tests/common/raft_runtime.rs:368:437
2026-10-03T22:25:16.9788780Z     |
2026-10-03T22:25:16.9795625Z 368 | ...forward_write_ok\":{ok},\"disposition\":\"{}\"}}}\n", std::process::id(), r.source, r.target, r.connection, r.reply, r.ordinal, ...
2026-10-03T22:25:16.9796414Z     |                                                    ^ unmatched `}` in format string
2026-10-03T22:25:16.9796824Z     |
2026-10-03T22:25:16.9797179Z     = note: if you intended to print `}`, you can escape it using `}}`
2026-10-03T22:25:16.9797512Z 
2026-10-03T22:25:17.9477650Z warning: use of deprecated method `std::sync::atomic::Atomic::<u64>::fetch_update`: renamed to `try_update` for consistency
2026-10-03T22:25:17.9479749Z    --> /home/runner/work/partitionline/partitionline/partitionline-broker/tests/common/raft_runtime.rs:311:18
2026-10-03T22:25:17.9480499Z     |
2026-10-03T22:25:17.9481151Z 311 |                 .fetch_update(Ordering::AcqRel, Ordering::Acquire, |n| {
2026-10-03T22:25:17.9481709Z     |                  ^^^^^^^^^^^^
2026-10-03T22:25:17.9482519Z     |
2026-10-03T22:25:17.9482957Z     = note: `#[warn(deprecated)]` on by default
2026-10-03T22:25:17.9483639Z help: replace the use of the deprecated method
2026-10-03T22:25:17.9484112Z     |
2026-10-03T22:25:17.9484608Z 311 -                 .fetch_update(Ordering::AcqRel, Ordering::Acquire, |n| {
2026-10-03T22:25:17.9485235Z 311 +                 .try_update(Ordering::AcqRel, Ordering::Acquire, |n| {
2026-10-03T22:25:17.9485776Z     |
2026-10-03T22:25:17.9486041Z 
2026-10-03T22:25:19.1778073Z warning: `partitionline-broker` (lib test) generated 1 warning
2026-10-03T22:25:19.1778748Z error: could not compile `partitionline-broker` (lib test) due to 1 previous error; 1 warning emitted
2026-10-03T22:25:19.1779187Z warning: build failed, waiting for other jobs to finish...
2026-10-03T22:25:19.6320068Z ##[error]Process completed with exit code 101.
2026-10-03T22:25:19.6439243Z Post job cleanup.
2026-10-03T22:25:19.7083965Z [command]/usr/bin/git version
2026-10-03T22:25:19.7115418Z git version 2.55.0
2026-10-03T22:25:19.7153619Z Temporarily overriding HOME='/home/runner/work/_temp/8b477e4d-d48e-4c7f-ad32-8fd6ee6ee24f' before making global git config changes
2026-10-03T22:25:19.7154660Z Adding repository directory to the temporary git global config as a safe directory
2026-10-03T22:25:19.7158283Z [command]/usr/bin/git config --global --add safe.directory /home/runner/work/partitionline/partitionline
2026-10-03T22:25:19.7184493Z Removing SSH command configuration
2026-10-03T22:25:19.7189799Z [command]/usr/bin/git config --local --name-only --get-regexp core\.sshCommand
2026-10-03T22:25:19.7218685Z [command]/usr/bin/git submodule foreach --recursive sh -c "git config --local --name-only --get-regexp 'core\.sshCommand' && git config --local --unset-all 'core.sshCommand' || :"
2026-10-03T22:25:19.7485228Z Removing HTTP extra header
2026-10-03T22:25:19.7490659Z [command]/usr/bin/git config --local --name-only --get-regexp http\.https\:\/\/github\.com\/\.extraheader
2026-10-03T22:25:19.7529626Z [command]/usr/bin/git submodule foreach --recursive sh -c "git config --local --name-only --get-regexp 'http\.https\:\/\/github\.com\/\.extraheader' && git config --local --unset-all 'http.https://github.com/.extraheader' || :"
2026-10-03T22:25:19.7790853Z Removing includeIf entries pointing to credentials config files
2026-10-03T22:25:19.7797499Z [command]/usr/bin/git config --local --name-only --get-regexp ^includeIf\.gitdir:
2026-10-03T22:25:19.7830840Z includeif.gitdir:/home/runner/work/partitionline/partitionline/.git.path
2026-10-03T22:25:19.7831438Z includeif.gitdir:/home/runner/work/partitionline/partitionline/.git/worktrees/*.path
2026-10-03T22:25:19.7832005Z includeif.gitdir:/github/workspace/.git.path
2026-10-03T22:25:19.7832575Z includeif.gitdir:/github/workspace/.git/worktrees/*.path
2026-10-03T22:25:19.7839275Z [command]/usr/bin/git config --local --get-all includeif.gitdir:/home/runner/work/partitionline/partitionline/.git.path
2026-10-03T22:25:19.7865149Z /home/runner/work/_temp/git-credentials-0f8f8da1-0636-4c3c-9f82-d7683fd4d266.config
2026-10-03T22:25:19.7880438Z [command]/usr/bin/git config --local --unset includeif.gitdir:/home/runner/work/partitionline/partitionline/.git.path \/home\/runner\/work\/_temp\/git\-credentials\-0f8f8da1\-0636\-4c3c\-9f82\-d7683fd4d266\.config
2026-10-03T22:25:19.7906623Z [command]/usr/bin/git config --local --get-all includeif.gitdir:/home/runner/work/partitionline/partitionline/.git/worktrees/*.path
2026-10-03T22:25:19.7927952Z /home/runner/work/_temp/git-credentials-0f8f8da1-0636-4c3c-9f82-d7683fd4d266.config
2026-10-03T22:25:19.7934851Z [command]/usr/bin/git config --local --unset includeif.gitdir:/home/runner/work/partitionline/partitionline/.git/worktrees/*.path \/home\/runner\/work\/_temp\/git\-credentials\-0f8f8da1\-0636\-4c3c\-9f82\-d7683fd4d266\.config
2026-10-03T22:25:19.7971476Z [command]/usr/bin/git config --local --get-all includeif.gitdir:/github/workspace/.git.path
2026-10-03T22:25:19.7993668Z /github/runner_temp/git-credentials-0f8f8da1-0636-4c3c-9f82-d7683fd4d266.config
2026-10-03T22:25:19.8000047Z [command]/usr/bin/git config --local --unset includeif.gitdir:/github/workspace/.git.path \/github\/runner_temp\/git\-credentials\-0f8f8da1\-0636\-4c3c\-9f82\-d7683fd4d266\.config
2026-10-03T22:25:19.8030315Z [command]/usr/bin/git config --local --get-all includeif.gitdir:/github/workspace/.git/worktrees/*.path
2026-10-03T22:25:19.8051416Z /github/runner_temp/git-credentials-0f8f8da1-0636-4c3c-9f82-d7683fd4d266.config
2026-10-03T22:25:19.8058776Z [command]/usr/bin/git config --local --unset includeif.gitdir:/github/workspace/.git/worktrees/*.path \/github\/runner_temp\/git\-credentials\-0f8f8da1\-0636\-4c3c\-9f82\-d7683fd4d266\.config
2026-10-03T22:25:19.8090552Z [command]/usr/bin/git submodule foreach --recursive git config --local --show-origin --name-only --get-regexp remote.origin.url
2026-10-03T22:25:19.8332507Z Removing credentials config '/home/runner/work/_temp/git-credentials-0f8f8da1-0636-4c3c-9f82-d7683fd4d266.config'
2026-10-03T22:25:19.8462733Z Cleaning up orphan processes
