{"operation":"login","variant":"SCRAM-SHA-256-framed-v2","error":0}
{"operation":"describe","variant":"user","error":31}
{"operation":"upsert","variant":"forbidden-user","error":31}
{"operation":"login","variant":"SCRAM-SHA-256-framed-v2","error":0}
{"operation":"admin-policy","variant":"duplicate-describe-one-result","error":92}
{"operation":"admin-policy","variant":"unknown-algorithm","error":33}
{"operation":"admin-policy","variant":"invalid-iterations","error":93}
{"operation":"admin-policy","variant":"empty-salt","error":93}
{"operation":"admin-policy","variant":"short-salted","error":93}
{"operation":"admin-policy","variant":"cross-algorithm-duplicate","error":92}
{"operation":"describe","variant":"edge-user","error":91}
{"operation":"describe","variant":"created-user","error":91}
{"operation":"upsert","variant":"created-user","error":0}
{"operation":"describe","variant":"created-user","error":0}
{"operation":"login","variant":"SCRAM-SHA-256-framed-v2","error":0}
{"operation":"upsert","variant":"created-user","error":0}
{"operation":"api-versions","variant":"authenticated","error":0}
{"operation":"metadata","variant":"old-captured-generation","error":0}
{"operation":"rotation","variant":"captured-session-continuity","error":0}
{"operation":"login","variant":"SCRAM-SHA-256-framed-failure","error":58}
{"operation":"login","variant":"SCRAM-SHA-256-framed-v2","error":0}
{"operation":"metadata","variant":"new-rotation-generation","error":0}
{"status":"pass","phase":"admin","assertions":211}
