       Fresh libc v0.2.189
       Fresh cfg-if v1.0.4
       Fresh find-msvc-tools v0.1.11
       Fresh shlex v2.0.1
       Fresh cc v1.4.4
       Fresh typenum v1.20.1
       Fresh hybrid-array v0.4.14
       Fresh unicode-ident v1.0.24
       Fresh proc-macro2 v1.0.107
       Fresh cmov v0.5.4
       Fresh zeroize v1.9.0
       Fresh rustls-pki-types v1.15.1
       Fresh ctutils v0.4.2
       Fresh quote v1.0.47
       Fresh crypto-common v0.2.2
       Fresh block-buffer v0.12.1
       Fresh getrandom v0.2.17
       Fresh const-oid v0.10.2
       Fresh untrusted v0.9.0
       Fresh semver v1.0.28
       Fresh rustc_version v0.4.1
       Fresh ring v0.17.14
       Fresh digest v0.11.3
       Fresh syn v3.0.4
       Fresh errno v0.3.14
       Fresh signal-hook-registry v1.4.8
       Fresh tokio-macros v2.7.2
       Fresh rustls-webpki v0.103.15
       Fresh mio v1.2.2
       Fresh socket2 v0.6.5
       Fresh subtle v2.6.1
       Fresh bytes v1.12.1
       Fresh once_cell v1.21.4
       Fresh simd-adler32 v0.3.10
       Fresh adler2 v2.0.1
       Fresh pin-project-lite v0.2.17
       Fresh smallvec v1.15.2
       Fresh scopeguard v1.2.0
       Fresh lock_api v0.4.14
       Fresh parking_lot_core v0.9.12
       Fresh tokio v1.53.1
       Fresh miniz_oxide v0.9.1
       Fresh rustls v0.23.45
       Fresh crc32fast v1.5.1
       Fresh hmac v0.13.0
       Fresh cpufeatures v0.3.1
       Fresh zlib-rs v0.6.8
       Fresh twox-hash v2.1.2
       Fresh lz4_flex v0.14.0
       Fresh flate2 v1.1.10
       Fresh sha2 v0.11.0
       Fresh pbkdf2 v0.13.0
       Fresh crc32c v0.6.8
       Fresh tokio-rustls v0.26.5
       Fresh getrandom v0.4.3
       Fresh parking_lot v0.12.5
       Fresh snap v1.1.2
       Fresh webpki-roots v1.0.9
       Fresh base64 v0.23.1
   Compiling partitionline v0.1.0 (/workspace/work/client-capability-qa-preparation-e90efb49/baseline403-forced-source-04f6bc29-quarantine-v2-attempt-01)
     Running `/workspace/work/rustup/toolchains/stable-x86_64-unknown-linux-gnu/bin/rustc --crate-name partitionline --edition=2021 src/lib.rs --error-format=json --json=diagnostic-rendered-ansi,artifacts,future-incompat --crate-type lib --emit=dep-info,metadata,link -C embed-bitcode=no '--deny=clippy::unwrap_used' --deny=unused_results --deny=unused_must_use --forbid=unsafe_code --warn=unreachable_pub '--deny=clippy::unreachable' '--deny=clippy::unimplemented' '--deny=clippy::todo' '--deny=clippy::panic' --deny=missing_docs '--deny=clippy::mem_forget' '--deny=clippy::lossy_float_literal' '--deny=clippy::let_underscore_must_use' '--deny=clippy::let_underscore_future' '--deny=clippy::indexing_slicing' '--deny=clippy::expect_used' '--deny=clippy::disallowed_types' '--deny=clippy::disallowed_methods' '--deny=clippy::disallowed_macros' '--deny=clippy::cast_sign_loss' '--deny=clippy::cast_possible_wrap' '--deny=clippy::cast_possible_truncation' '--deny=clippy::await_holding_refcell_ref' '--deny=clippy::await_holding_lock' '--deny=clippy::await_holding_invalid_type' '--deny=clippy::allow_attributes_without_reason' '--deny=clippy::allow_attributes' --cfg 'feature="default"' --cfg 'feature="zlib-rs"' --check-cfg 'cfg(docsrs,test)' --check-cfg 'cfg(feature, values("default", "tracing", "zlib-rs"))' -C metadata=c08a5db2522fc692 -C extra-filename=-41c9070129cbefc4 --out-dir /workspace/work/client-share-target/debug/deps -C strip=debuginfo -L dependency=/workspace/work/client-share-target/debug/deps --extern base64=/workspace/work/client-share-target/debug/deps/libbase64-88a03ba1117f41bd.rmeta --extern bytes=/workspace/work/client-share-target/debug/deps/libbytes-5c7552e459571a76.rmeta --extern crc32c=/workspace/work/client-share-target/debug/deps/libcrc32c-51ef0ec97eaac666.rmeta --extern flate2=/workspace/work/client-share-target/debug/deps/libflate2-e403eeb8ce3773c4.rmeta --extern getrandom=/workspace/work/client-share-target/debug/deps/libgetrandom-c039e996334692ac.rmeta --extern hmac=/workspace/work/client-share-target/debug/deps/libhmac-c70fa29688cf4148.rmeta --extern lz4_flex=/workspace/work/client-share-target/debug/deps/liblz4_flex-0e059e58bd4e17c0.rmeta --extern parking_lot=/workspace/work/client-share-target/debug/deps/libparking_lot-05bc9bd42dec2cf0.rmeta --extern pbkdf2=/workspace/work/client-share-target/debug/deps/libpbkdf2-67ecdc1dc35f1fb6.rmeta --extern rustls=/workspace/work/client-share-target/debug/deps/librustls-a0ec895a740a5f79.rmeta --extern sha2=/workspace/work/client-share-target/debug/deps/libsha2-4dcead5ca5f1ed2a.rmeta --extern snap=/workspace/work/client-share-target/debug/deps/libsnap-bc3f56ede6fea636.rmeta --extern tokio=/workspace/work/client-share-target/debug/deps/libtokio-373701b654657c5e.rmeta --extern tokio_rustls=/workspace/work/client-share-target/debug/deps/libtokio_rustls-3442819b3b24109f.rmeta --extern webpki_roots=/workspace/work/client-share-target/debug/deps/libwebpki_roots-fcdde6e8a5b59dd2.rmeta -L native=/workspace/work/client-share-target/debug/build/ring-e5097587e983a339/out`
     Running `/workspace/work/rustup/toolchains/stable-x86_64-unknown-linux-gnu/bin/rustc --crate-name baseline_positive_controls --edition=2021 tests/baseline_positive_controls.rs --error-format=json --json=diagnostic-rendered-ansi,artifacts,future-incompat --emit=dep-info,link -C embed-bitcode=no '--deny=clippy::unwrap_used' --deny=unused_results --deny=unused_must_use --forbid=unsafe_code --warn=unreachable_pub '--deny=clippy::unreachable' '--deny=clippy::unimplemented' '--deny=clippy::todo' '--deny=clippy::panic' --deny=missing_docs '--deny=clippy::mem_forget' '--deny=clippy::lossy_float_literal' '--deny=clippy::let_underscore_must_use' '--deny=clippy::let_underscore_future' '--deny=clippy::indexing_slicing' '--deny=clippy::expect_used' '--deny=clippy::disallowed_types' '--deny=clippy::disallowed_methods' '--deny=clippy::disallowed_macros' '--deny=clippy::cast_sign_loss' '--deny=clippy::cast_possible_wrap' '--deny=clippy::cast_possible_truncation' '--deny=clippy::await_holding_refcell_ref' '--deny=clippy::await_holding_lock' '--deny=clippy::await_holding_invalid_type' '--deny=clippy::allow_attributes_without_reason' '--deny=clippy::allow_attributes' --test --cfg 'feature="default"' --cfg 'feature="zlib-rs"' --check-cfg 'cfg(docsrs,test)' --check-cfg 'cfg(feature, values("default", "tracing", "zlib-rs"))' -C metadata=a4e710f54c3fe5a4 -C extra-filename=-fe81651cb6cc444d --out-dir /workspace/work/client-share-target/debug/deps -C strip=debuginfo -L dependency=/workspace/work/client-share-target/debug/deps --extern base64=/workspace/work/client-share-target/debug/deps/libbase64-88a03ba1117f41bd.rlib --extern bytes=/workspace/work/client-share-target/debug/deps/libbytes-5c7552e459571a76.rlib --extern crc32c=/workspace/work/client-share-target/debug/deps/libcrc32c-51ef0ec97eaac666.rlib --extern flate2=/workspace/work/client-share-target/debug/deps/libflate2-e403eeb8ce3773c4.rlib --extern getrandom=/workspace/work/client-share-target/debug/deps/libgetrandom-c039e996334692ac.rlib --extern hmac=/workspace/work/client-share-target/debug/deps/libhmac-c70fa29688cf4148.rlib --extern lz4_flex=/workspace/work/client-share-target/debug/deps/liblz4_flex-0e059e58bd4e17c0.rlib --extern parking_lot=/workspace/work/client-share-target/debug/deps/libparking_lot-05bc9bd42dec2cf0.rlib --extern partitionline=/workspace/work/client-share-target/debug/deps/libpartitionline-41c9070129cbefc4.rlib --extern pbkdf2=/workspace/work/client-share-target/debug/deps/libpbkdf2-67ecdc1dc35f1fb6.rlib --extern rustls=/workspace/work/client-share-target/debug/deps/librustls-a0ec895a740a5f79.rlib --extern sha2=/workspace/work/client-share-target/debug/deps/libsha2-4dcead5ca5f1ed2a.rlib --extern snap=/workspace/work/client-share-target/debug/deps/libsnap-bc3f56ede6fea636.rlib --extern tokio=/workspace/work/client-share-target/debug/deps/libtokio-373701b654657c5e.rlib --extern tokio_rustls=/workspace/work/client-share-target/debug/deps/libtokio_rustls-3442819b3b24109f.rlib --extern webpki_roots=/workspace/work/client-share-target/debug/deps/libwebpki_roots-fcdde6e8a5b59dd2.rlib -L native=/workspace/work/client-share-target/debug/build/ring-e5097587e983a339/out`
    Finished `test` profile [unoptimized] target(s) in 12.30s
     Running `/workspace/work/client-share-target/debug/deps/baseline_positive_controls-fe81651cb6cc444d --test-threads=1`
