    Checking partitionline-broker v0.1.0 (/workspace/partitionline/partitionline-broker)
error: use of a disallowed method `std::fs::read`
   --> tests/raft_replication.rs:304:16
    |
304 |     let core = fs::read(temp.election(1))?;
    |                ^^^^^^^^
    |
    = note: Blocking IO on an async runtime. Use tokio::fs.
    = help: for further information visit https://rust-lang.github.io/rust-clippy/rust-1.99.0/index.html#disallowed_methods
    = note: `-D clippy::disallowed-methods` implied by `-D warnings`
    = help: to override `-D warnings` add `#[allow(clippy::disallowed_methods)]`

error: use of a disallowed method `std::fs::write`
   --> tests/raft_replication.rs:307:5
    |
307 |     fs::write(temp.election(1), core)?;
    |     ^^^^^^^^^
    |
    = note: Blocking IO on an async runtime. Use tokio::fs.
    = help: for further information visit https://rust-lang.github.io/rust-clippy/rust-1.99.0/index.html#disallowed_methods

error: redundant pattern matching
   --> tests/raft_replication.rs:321:13
    |
321 |     assert!(matches!(open(&temp, 1, &[1, 2, 4], 0), Err(_)));
    |             ^^^^^^^^^^^^^^^^^^^^^^^^^^^^^^^^^^^^^^^^^^^^^^^
    |
    = help: for further information visit https://rust-lang.github.io/rust-clippy/rust-1.99.0/index.html#redundant_pattern_matching
    = note: `-D clippy::redundant-pattern-matching` implied by `-D warnings`
    = help: to override `-D warnings` add `#[allow(clippy::redundant_pattern_matching)]`
help: consider using `is_err()`
    |
321 -     assert!(matches!(open(&temp, 1, &[1, 2, 4], 0), Err(_)));
321 +     assert!(open(&temp, 1, &[1, 2, 4], 0).is_err());
    |

error: use of a disallowed method `std::fs::read`
   --> tests/raft_replication.rs:322:21
    |
322 |     let mut bytes = fs::read(temp.wal(1))?;
    |                     ^^^^^^^^
    |
    = note: Blocking IO on an async runtime. Use tokio::fs.
    = help: for further information visit https://rust-lang.github.io/rust-clippy/rust-1.99.0/index.html#disallowed_methods

error: use of a disallowed method `std::fs::write`
   --> tests/raft_replication.rs:325:5
    |
325 |     fs::write(temp.wal(1), bytes)?;
    |     ^^^^^^^^^
    |
    = note: Blocking IO on an async runtime. Use tokio::fs.
    = help: for further information visit https://rust-lang.github.io/rust-clippy/rust-1.99.0/index.html#disallowed_methods

error: use of a disallowed method `std::fs::read`
   --> tests/raft_replication.rs:329:16
    |
329 |     assert_eq!(fs::read(temp.wal(1))?, original);
    |                ^^^^^^^^
    |
    = note: Blocking IO on an async runtime. Use tokio::fs.
    = help: for further information visit https://rust-lang.github.io/rust-clippy/rust-1.99.0/index.html#disallowed_methods

error: use of a disallowed method `std::fs::write`
   --> tests/raft_replication.rs:333:5
    |
333 |     fs::write(temp.wal(1), bytes)?;
    |     ^^^^^^^^^
    |
    = note: Blocking IO on an async runtime. Use tokio::fs.
    = help: for further information visit https://rust-lang.github.io/rust-clippy/rust-1.99.0/index.html#disallowed_methods

error: use of a disallowed method `std::fs::write`
   --> tests/raft_replication.rs:657:9
    |
657 |         fs::write(
    |         ^^^^^^^^^
    |
    = note: Blocking IO on an async runtime. Use tokio::fs.
    = help: for further information visit https://rust-lang.github.io/rust-clippy/rust-1.99.0/index.html#disallowed_methods

error: use of a disallowed method `std::fs::write`
   --> tests/raft_replication.rs:661:9
    |
661 |         fs::write(
    |         ^^^^^^^^^
    |
    = note: Blocking IO on an async runtime. Use tokio::fs.
    = help: for further information visit https://rust-lang.github.io/rust-clippy/rust-1.99.0/index.html#disallowed_methods

error: use of a disallowed method `std::fs::write`
   --> tests/raft_replication.rs:835:5
    |
835 |     fs::write(
    |     ^^^^^^^^^
    |
    = note: Blocking IO on an async runtime. Use tokio::fs.
    = help: for further information visit https://rust-lang.github.io/rust-clippy/rust-1.99.0/index.html#disallowed_methods

error: use of a disallowed method `std::fs::read_to_string`
   --> tests/raft_replication.rs:842:9
    |
842 |         fs::read_to_string(output.join("child.log"))?
    |         ^^^^^^^^^^^^^^^^^^
    |
    = note: Blocking IO on an async runtime. Use tokio::fs.
    = help: for further information visit https://rust-lang.github.io/rust-clippy/rust-1.99.0/index.html#disallowed_methods

error: use of a disallowed method `std::fs::read_to_string`
   --> tests/raft_replication.rs:844:18
    |
844 |     let events = fs::read_to_string(output.join("events.jsonl"))?;
    |                  ^^^^^^^^^^^^^^^^^^
    |
    = note: Blocking IO on an async runtime. Use tokio::fs.
    = help: for further information visit https://rust-lang.github.io/rust-clippy/rust-1.99.0/index.html#disallowed_methods

error: use of a disallowed method `std::fs::read_to_string`
   --> tests/raft_replication.rs:845:20
    |
845 |     let receipts = fs::read_to_string(output.join("journal-receipts.jsonl"))?;
    |                    ^^^^^^^^^^^^^^^^^^
    |
    = note: Blocking IO on an async runtime. Use tokio::fs.
    = help: for further information visit https://rust-lang.github.io/rust-clippy/rust-1.99.0/index.html#disallowed_methods

error: use of a disallowed method `std::fs::write`
   --> tests/raft_replication.rs:867:5
    |
867 |     fs::write(output.join("trace.json"),format!("{{\"schema_version\":1,\"source_sha\":{},\"seed\":7,\"group\":{{\"cluster_id\":\"r...
    |     ^^^^^^^^^
    |
    = note: Blocking IO on an async runtime. Use tokio::fs.
    = help: for further information visit https://rust-lang.github.io/rust-clippy/rust-1.99.0/index.html#disallowed_methods

error: could not compile `partitionline-broker` (test "raft_replication") due to 14 previous errors
