   Compiling partitionline-broker v0.1.0 (/workspace/partitionline/partitionline-broker)
    Finished `test` profile [unoptimized] target(s) in 0.59s
     Running tests/raft_replication.rs (/workspace/work/target-replication/debug/deps/raft_replication-0ded16aa4dab486e)

running 14 tests
test bounds_queue_envelope_fetch_and_fixed_membership_are_explicit ... ok
test changed_external_file_poison_prevents_reply_and_known_torn_tail_can_reopen ... ok
test committed_prefix_and_same_term_payload_conflicts_fail_before_wal_mutation ... ok
test complete_wal_ahead_of_core_is_reconciled_before_vote_or_committed_read ... ok
test five_voters_need_three_distinct_durable_positions_and_reject_forged_replies ... ok
test foreign_identity_corrupt_complete_and_torn_tail_have_distinct_outcomes ... ok
test higher_term_repairs_only_uncommitted_suffix_and_preserves_vote_after_restart ... ok
test minority_partition_expiry_and_lost_ack_cannot_commit ... ok
test partial_request_does_not_commit_an_unverified_old_suffix ... ok
test strict_majority_barrier_and_committed_visibility_survive_reopen ... ok
test wal_success_then_core_budget_failure_is_ambiguous_and_poisoned_until_reconciliation ... ok
test actor_serializes_controller_and_typed_storage_and_joins_shutdown ... ok
test actual_five_node_process_history ... FAILED
test actual_three_node_process_history ... ok

failures:

---- actual_five_node_process_history stdout ----

thread 'actual_five_node_process_history' (564499) panicked at tests/raft_replication.rs:827:5:
history child failed: 
running 1 test
test actual_five_node_process_history ... FAILED

failures:

failures:
    actual_five_node_process_history

test result: FAILED. 0 passed; 1 failed; 0 ignored; 0 measured; 13 filtered out; finished in 0.01s

Error: InvalidPeer

note: run with `RUST_BACKTRACE=1` environment variable to display a backtrace


failures:
    actual_five_node_process_history

test result: FAILED. 13 passed; 1 failed; 0 ignored; 0 measured; 0 filtered out; finished in 0.02s

error: test failed, to rerun pass `--test raft_replication`
