    Checking libc v0.2.189
    Checking mio v1.2.3
    Checking socket2 v0.6.5
    Checking cfg-if v1.0.5
    Checking bytes v1.12.1
    Checking pin-project-lite v0.2.17
    Checking tokio v1.53.1
    Checking getrandom v0.4.3
    Checking crc32c v0.6.8
    Checking partitionline-broker v0.1.0 (/workspace/partitionline/partitionline-broker)
error: this `else { if .. }` block can be collapsed
   --> src/raft/election.rs:304:20
    |
304 |               } else {
    |  ____________________^
305 | |                 if let Some((expected, floor)) = reconciliation {
306 | |                     validate_reconciliation(persistent, next, expected, floor, &membership)?;
307 | |                 } else {
...   |
310 | |             }
    | |_____________^
    |
    = help: for further information visit https://rust-lang.github.io/rust-clippy/master/index.html#collapsible_else_if
    = note: `-D clippy::collapsible-else-if` implied by `-D warnings`
    = help: to override `-D warnings` add `#[allow(clippy::collapsible_else_if)]`
help: collapse nested if block
    |
304 ~             } else if let Some((expected, floor)) = reconciliation {
305 +                 validate_reconciliation(persistent, next, expected, floor, &membership)?;
306 +             } else {
307 +                 validate_transition(persistent, next, &membership)?;
308 +             }
    |

error: could not compile `partitionline-broker` (lib) due to 1 previous error
