VoteResponseData(errorCode=0, topics=[TopicData(topicName='__cluster_metadata', partitions=[PartitionData(partitionIndex=0, errorCode=0, leaderId=-1, leaderEpoch=1, voteGranted=true)])], nodeEndpoints=[])
backoff 0 0 0
backoff 1 0 1000
backoff -1 0 1000
backoff 0 0 0
backoff 0 1 0
backoff 1 1 1000
backoff -1 1 1000
backoff 1 1 1000
backoff 0 2 0
backoff 1 2 500
backoff -1 2 1000
backoff 2 2 1000
backoff 0 3 0
backoff 1 3 250
backoff -1 3 1000
backoff 3 3 1000
backoff 0 31 0
backoff 1 31 0
backoff -1 31 1000
backoff 31 31 1000
backoff 0 32 0
backoff 1 32 0
backoff -1 32 1000
backoff 32 32 1000
backoff 0 33 0
backoff 1 33 1000
backoff -1 33 1000
backoff 33 33 1000
