    Checking partitionline v0.1.0 (/workspace/work/client-share-assessment/preparation-msrv-lint-96211da1)
error: this boolean expression can be simplified
    --> tests/common/mod.rs:4329:20
     |
4329 |                   if !st
     |  ____________________^
4330 | |                     .share_acquired
4331 | |                     .get(&key)
4332 | |                     .is_some_and(|lock| lock.owner == member_id)
     | |________________________________________________________________^
     |
     = help: for further information visit https://rust-lang.github.io/rust-clippy/master/index.html#nonminimal_bool
     = note: `-D clippy::nonminimal-bool` implied by `-D warnings`
     = help: to override `-D warnings` add `#[allow(clippy::nonminimal_bool)]`
help: try
     |
4329 ~                 if st
4330 +                     .share_acquired
4331 +                     .get(&key).is_none_or(|lock| lock.owner != member_id)
     |

error: could not compile `partitionline` (test "share_semantics") due to 1 previous error
