Python parent peak bytes 9306112
launcher_before_fork_RUSAGE_SELF_peak_bytes=9437184
launcher_before_fork_current_executable_VmHWM_bytes=659456
launcher_before_fork_current_RSS_bytes=659456
child_after_fork_before_exec_RUSAGE_SELF_peak_bytes=0
child_after_fork_before_exec_current_executable_VmHWM_bytes=253952
child_after_fork_before_exec_current_RSS_bytes=253952
RUSAGE_SELF_peak_bytes=393216
current_executable_VmHWM_bytes=659456
control_exit 0
launcher_before_fork_RUSAGE_SELF_peak_bytes=9437184
launcher_before_fork_current_executable_VmHWM_bytes=655360
launcher_before_fork_current_RSS_bytes=655360
child_after_fork_before_exec_RUSAGE_SELF_peak_bytes=0
child_after_fork_before_exec_current_executable_VmHWM_bytes=249856
child_after_fork_before_exec_current_RSS_bytes=249856
RUSAGE_SELF_peak_bytes=393216
current_executable_VmHWM_bytes=659456
control_exit 0
launcher_before_fork_RUSAGE_SELF_peak_bytes=9437184
launcher_before_fork_current_executable_VmHWM_bytes=655360
launcher_before_fork_current_RSS_bytes=655360
child_after_fork_before_exec_RUSAGE_SELF_peak_bytes=0
child_after_fork_before_exec_current_executable_VmHWM_bytes=249856
child_after_fork_before_exec_current_RSS_bytes=249856
RUSAGE_SELF_peak_bytes=393216
current_executable_VmHWM_bytes=655360
control_exit 0
launcher_before_fork_RUSAGE_SELF_peak_bytes=9437184
launcher_before_fork_current_executable_VmHWM_bytes=655360
launcher_before_fork_current_RSS_bytes=655360
child_after_fork_before_exec_RUSAGE_SELF_peak_bytes=0
child_after_fork_before_exec_current_executable_VmHWM_bytes=249856
child_after_fork_before_exec_current_RSS_bytes=249856
exit_propagation 17
cc (Debian 14.2.0-19) 14.2.0
