{
  "memory_guard_qualified": true,
  "metrics": {
    "process_peak_rss_bytes": {
      "baseline_median": 9637888,
      "candidate_median": 9482240,
      "delta_pct": -1.614959626009349,
      "baseline_ci95": [
        9392128.0,
        9650176.0
      ],
      "candidate_ci95": [
        9347072.0,
        9580544.0
      ],
      "ci95_pct": [
        -2.037351443123936,
        -0.47972088966419246
      ],
      "repetitions": 5,
      "baseline_values": [
        9650176,
        9637888,
        9584640,
        9646080,
        9392128
      ],
      "candidate_values": [
        9453568,
        9580544,
        9482240,
        9515008,
        9347072
      ]
    },
    "rec_s": {
      "baseline_median": 167881.89656312854,
      "candidate_median": 169284.15233711584,
      "delta_pct": 0.83526324320502,
      "baseline_ci95": [
        150530.0531971703,
        170787.1806595678
      ],
      "candidate_ci95": [
        162737.56612983395,
        170017.18975798768
      ],
      "ci95_pct": [
        -3.424720946165327,
        12.458707574746342
      ],
      "repetitions": 5,
      "baseline_values": [
        150530.0531971703,
        167662.07360328146,
        170787.1806595678,
        168508.51245184385,
        167881.89656312854
      ],
      "candidate_values": [
        169284.15233711584,
        170017.18975798768,
        168921.3899649275,
        162737.56612983395,
        169553.0703144721
      ]
    },
    "p99_us": {
      "baseline_median": 17761.0,
      "candidate_median": 16650.0,
      "delta_pct": -6.2552784190079365,
      "baseline_ci95": [
        14648.0,
        19428.0
      ],
      "candidate_ci95": [
        15728.0,
        19763.0
      ],
      "ci95_pct": [
        -11.446427566015426,
        34.919442927362084
      ],
      "repetitions": 5,
      "baseline_values": [
        19428.0,
        18018.0,
        14832.0,
        14648.0,
        17761.0
      ],
      "candidate_values": [
        17646.0,
        16650.0,
        16095.0,
        19763.0,
        15728.0
      ]
    },
    "external_client_vmhwm_bytes": {
      "baseline_median": 13561856,
      "candidate_median": 13520896,
      "delta_pct": -0.30202355783751633,
      "baseline_ci95": [
        13434880.0,
        13627392.0
      ],
      "candidate_ci95": [
        13463552.0,
        13594624.0
      ],
      "ci95_pct": [
        -0.543642404107525,
        0.2134146341463472
      ],
      "repetitions": 5,
      "baseline_values": [
        13627392,
        13623296,
        13561856,
        13561856,
        13434880
      ],
      "candidate_values": [
        13594624,
        13586432,
        13488128,
        13520896,
        13463552
      ]
    },
    "cpu_ns_per_round": {
      "baseline_median": 8157000.0,
      "candidate_median": 8115000.0,
      "delta_pct": -0.5148951820522218,
      "baseline_ci95": [
        7622000.0,
        10226000.0
      ],
      "candidate_ci95": [
        7988000.0,
        9756000.0
      ],
      "ci95_pct": [
        -21.885390181889296,
        19.602795145273987
      ],
      "repetitions": 5,
      "baseline_values": [
        10226000.0,
        8311000.0,
        7622000.0,
        8157000.0,
        7976000.0
      ],
      "candidate_values": [
        7988000.0,
        8115000.0,
        8365000.0,
        9756000.0,
        8056000.0
      ]
    },
    "allocs_per_round": {
      "baseline_median": 21318.0,
      "candidate_median": 21318.0,
      "delta_pct": 0.0,
      "baseline_ci95": [
        21318.0,
        21318.0
      ],
      "candidate_ci95": [
        21318.0,
        21318.0
      ],
      "ci95_pct": [
        0.0,
        0.0
      ],
      "repetitions": 5,
      "baseline_values": [
        21318.0,
        21318.0,
        21318.0,
        21318.0,
        21318.0
      ],
      "candidate_values": [
        21318.0,
        21318.0,
        21318.0,
        21318.0,
        21318.0
      ]
    }
  },
  "observer_coverage": {
    "minimum_peak_plateau_samples": 22,
    "minimum_peak_plateau_ms": 24.538305,
    "maximum_last_sample_to_exit_ms": 2.349091
  }
}
