[2026-10-07 23:43:25,665] INFO [QuorumController id=1] Registering periodic task writeNoOpRecord to run every 500 ms (org.apache.kafka.controller.PeriodicTaskControlManager)
[2026-10-07 23:43:25,666] INFO [QuorumController id=1] Registering periodic task maybeFenceStaleBroker to run every 1125 ms (org.apache.kafka.controller.PeriodicTaskControlManager)
[2026-10-07 23:43:25,666] INFO [QuorumController id=1] Registering periodic task electPreferred to run every 300000 ms (org.apache.kafka.controller.PeriodicTaskControlManager)
[2026-10-07 23:43:25,667] INFO [QuorumController id=1] Registering periodic task electUnclean to run every 300000 ms (org.apache.kafka.controller.PeriodicTaskControlManager)
[2026-10-07 23:43:25,667] INFO [QuorumController id=1] Registering periodic task expireDelegationTokens to run every 3600000 ms (org.apache.kafka.controller.PeriodicTaskControlManager)
[2026-10-07 23:43:25,667] INFO [QuorumController id=1] Registering periodic task generatePeriodicPerformanceMessage to run every 60000 ms (org.apache.kafka.controller.PeriodicTaskControlManager)
[2026-10-07 23:43:25,668] INFO [QuorumController id=1] Creating new QuorumController with clusterId aBbkg_CjSYyOxUjlK_cHtA (org.apache.kafka.controller.QuorumController)
[2026-10-07 23:43:25,670] INFO [QuorumController id=1] Becoming the active controller at epoch 1, next write offset 1. (org.apache.kafka.controller.QuorumController)
[2026-10-07 23:43:25,674] WARN [QuorumController id=1] Performing controller activation. The metadata log appears to be empty. Appending 4 bootstrap record(s) in metadata transaction at metadata.version 4.1-IV1 from bootstrap source 'the binary bootstrap metadata file: /workspace/work/open-cards-20261006/update-features-20261007/all-feature-qualification-01/4.1.2-native/data/bootstrap.checkpoint'. (org.apache.kafka.controller.QuorumController)
[2026-10-07 23:43:25,677] INFO [QuorumController id=1] Replayed BeginTransactionRecord(name='Bootstrap records') at offset 1. (org.apache.kafka.controller.OffsetControlManager)
[2026-10-07 23:43:25,678] INFO [QuorumController id=1] Replayed a FeatureLevelRecord setting metadata.version to 4.1-IV1 (org.apache.kafka.controller.FeatureControlManager)
[2026-10-07 23:43:25,678] INFO [QuorumController id=1] Replayed a FeatureLevelRecord setting feature eligible.leader.replicas.version to 1 (org.apache.kafka.controller.FeatureControlManager)
[2026-10-07 23:43:25,678] INFO [QuorumController id=1] Replayed a FeatureLevelRecord setting feature group.version to 1 (org.apache.kafka.controller.FeatureControlManager)
[2026-10-07 23:43:25,678] INFO [QuorumController id=1] Replayed a FeatureLevelRecord setting feature transaction.version to 2 (org.apache.kafka.controller.FeatureControlManager)
[2026-10-07 23:43:25,679] INFO [QuorumController id=1] Replayed ConfigRecord for ConfigResource(type=BROKER, name='') which set configuration min.insync.replicas to 1 (org.apache.kafka.controller.ConfigurationControlManager)
[2026-10-07 23:43:25,679] INFO [QuorumController id=1] Replayed EndTransactionRecord() at offset 7. (org.apache.kafka.controller.OffsetControlManager)
[2026-10-07 23:43:25,680] INFO [QuorumController id=1] Activated periodic tasks: electPreferred, electUnclean, expireDelegationTokens, generatePeriodicPerformanceMessage, maybeFenceStaleBroker, writeNoOpRecord (org.apache.kafka.controller.PeriodicTaskControlManager)
[2026-10-07 23:43:25,835] INFO [QuorumController id=1] Replayed RegisterControllerRecord containing ControllerRegistration(id=1, incarnationId=ZIbUGZ2ZQaa6uV2yzsiBqQ, zkMigrationReady=false, listeners=[Endpoint(listenerName='CONTROLLER', securityProtocol=PLAINTEXT, host='127.0.0.1', port=41157)], supportedFeatures={eligible.leader.replicas.version: 0-1, group.version: 0-1, kraft.version: 0-1, metadata.version: 7-27, share.version: 0-1, transaction.version: 0-2}). (org.apache.kafka.controller.ClusterControlManager)
[2026-10-07 23:43:25,972] INFO [QuorumController id=1] No previous registration found for broker 1. New incarnation ID is K4Vcc0s7Sv-FP1DqN-HgTw.  Generated 0 record(s) to clean up previous incarnations. New broker epoch is 9. (org.apache.kafka.controller.ClusterControlManager)
[2026-10-07 23:43:25,978] INFO [QuorumController id=1] Replayed initial RegisterBrokerRecord for broker 1: RegisterBrokerRecord(brokerId=1, isMigratingZkBroker=false, incarnationId=K4Vcc0s7Sv-FP1DqN-HgTw, brokerEpoch=9, endPoints=[BrokerEndpoint(name='PLAINTEXT', host='127.0.0.1', port=53667, securityProtocol=0)], features=[BrokerFeature(name='group.version', minSupportedVersion=0, maxSupportedVersion=1), BrokerFeature(name='transaction.version', minSupportedVersion=0, maxSupportedVersion=2), BrokerFeature(name='eligible.leader.replicas.version', minSupportedVersion=0, maxSupportedVersion=1), BrokerFeature(name='kraft.version', minSupportedVersion=0, maxSupportedVersion=1), BrokerFeature(name='metadata.version', minSupportedVersion=7, maxSupportedVersion=27), BrokerFeature(name='share.version', minSupportedVersion=0, maxSupportedVersion=1)], rack=null, fenced=true, inControlledShutdown=false, logDirs=[t8kLMAyBGof3LUXnIuU1kQ]) (org.apache.kafka.controller.ClusterControlManager)
[2026-10-07 23:43:26,220] INFO [QuorumController id=1] The request from broker 1 to unfence has been granted because it has caught up with the offset of its register broker record 9. (org.apache.kafka.controller.BrokerHeartbeatManager)
[2026-10-07 23:43:26,225] INFO [QuorumController id=1] Replayed BrokerRegistrationChangeRecord modifying the registration for broker 1: BrokerRegistrationChangeRecord(brokerId=1, brokerEpoch=9, fenced=-1, inControlledShutdown=0, logDirs=[]) (org.apache.kafka.controller.ClusterControlManager)
[2026-10-07 23:43:27,128] INFO [QuorumController id=1] Verified that 1 broker(s) and 1 controller(s) supported changing metadata.version to feature level 27. (org.apache.kafka.controller.FeatureControlManager)
[2026-10-07 23:43:27,128] WARN [QuorumController id=1] Upgrading metadata.version from 4.1-IV1 to 4.1-IV1. (org.apache.kafka.controller.FeatureControlManager)
[2026-10-07 23:43:27,134] INFO [QuorumController id=1] Verified that 1 broker(s) and 1 controller(s) supported changing metadata.version to feature level 27. (org.apache.kafka.controller.FeatureControlManager)
[2026-10-07 23:43:27,134] WARN [QuorumController id=1] Upgrading metadata.version from 4.1-IV1 to 4.1-IV1. (org.apache.kafka.controller.FeatureControlManager)
[2026-10-07 23:43:27,134] INFO [QuorumController id=1] Replayed a FeatureLevelRecord setting metadata.version to 4.1-IV1 (org.apache.kafka.controller.FeatureControlManager)
[2026-10-07 23:43:27,165] WARN [QuorumController id=1] Invalid update version 1 for feature partitionline.conformance.unknown. Local controller 1 does not support this feature. (org.apache.kafka.controller.FeatureControlManager)
[2026-10-07 23:43:27,169] WARN [QuorumController id=1] Invalid update version 1 for feature partitionline.conformance.unknown. Local controller 1 does not support this feature. (org.apache.kafka.controller.FeatureControlManager)
[2026-10-07 23:43:27,171] WARN [QuorumController id=1] Invalid update version 1 for feature partitionline.conformance.unknown. Local controller 1 does not support this feature. (org.apache.kafka.controller.FeatureControlManager)
[2026-10-07 23:43:27,657] INFO [QuorumController id=1] Verified that 1 broker(s) and 1 controller(s) supported changing metadata.version to feature level 27. (org.apache.kafka.controller.FeatureControlManager)
[2026-10-07 23:43:27,658] WARN [QuorumController id=1] Upgrading metadata.version from 4.1-IV1 to 4.1-IV1. (org.apache.kafka.controller.FeatureControlManager)
[2026-10-07 23:43:27,662] INFO [QuorumController id=1] Verified that 1 broker(s) and 1 controller(s) supported changing metadata.version to feature level 27. (org.apache.kafka.controller.FeatureControlManager)
[2026-10-07 23:43:27,662] WARN [QuorumController id=1] Upgrading metadata.version from 4.1-IV1 to 4.1-IV1. (org.apache.kafka.controller.FeatureControlManager)
[2026-10-07 23:43:27,662] INFO [QuorumController id=1] Replayed a FeatureLevelRecord setting metadata.version to 4.1-IV1 (org.apache.kafka.controller.FeatureControlManager)
[2026-10-07 23:43:27,696] WARN [QuorumController id=1] Invalid update version 1 for feature partitionline.conformance.unknown. Local controller 1 does not support this feature. (org.apache.kafka.controller.FeatureControlManager)
[2026-10-07 23:43:27,698] WARN [QuorumController id=1] Invalid update version 1 for feature partitionline.conformance.unknown. Local controller 1 does not support this feature. (org.apache.kafka.controller.FeatureControlManager)
[2026-10-07 23:43:27,701] WARN [QuorumController id=1] Invalid update version 1 for feature partitionline.conformance.unknown. Local controller 1 does not support this feature. (org.apache.kafka.controller.FeatureControlManager)
[2026-10-07 23:43:27,921] INFO [QuorumController id=1] Unfenced broker 1 has requested and been granted an immediate shutdown. (org.apache.kafka.controller.BrokerHeartbeatManager)
[2026-10-07 23:43:27,921] INFO [QuorumController id=1] Replayed BrokerRegistrationChangeRecord modifying the registration for broker 1: BrokerRegistrationChangeRecord(brokerId=1, brokerEpoch=9, fenced=1, inControlledShutdown=0, logDirs=[]) (org.apache.kafka.controller.ClusterControlManager)
[2026-10-07 23:43:28,193] INFO [QuorumController id=1] writeNoOpRecord: event unable to start processing because of RejectedExecutionException (treated as TimeoutException). Exception message: The event queue is shutting down (org.apache.kafka.controller.QuorumController)
[2026-10-07 23:43:28,193] INFO [QuorumController id=1] maybeFenceStaleBroker: event unable to start processing because of RejectedExecutionException (treated as TimeoutException). Exception message: The event queue is shutting down (org.apache.kafka.controller.QuorumController)
[2026-10-07 23:43:28,193] INFO [QuorumController id=1] generatePeriodicPerformanceMessage: event unable to start processing because of RejectedExecutionException (treated as TimeoutException). Exception message: The event queue is shutting down (org.apache.kafka.controller.QuorumController)
[2026-10-07 23:43:28,193] INFO [QuorumController id=1] electPreferred: event unable to start processing because of RejectedExecutionException (treated as TimeoutException). Exception message: The event queue is shutting down (org.apache.kafka.controller.QuorumController)
[2026-10-07 23:43:28,193] INFO [QuorumController id=1] electUnclean: event unable to start processing because of RejectedExecutionException (treated as TimeoutException). Exception message: The event queue is shutting down (org.apache.kafka.controller.QuorumController)
[2026-10-07 23:43:28,193] INFO [QuorumController id=1] expireDelegationTokens: event unable to start processing because of RejectedExecutionException (treated as TimeoutException). Exception message: The event queue is shutting down (org.apache.kafka.controller.QuorumController)
