[2026-10-07T23:43:23.966+0000][gc,init] CardTable entry size: 512
[2026-10-07T23:43:23.966+0000][gc     ] Using G1
[2026-10-07T23:43:23.967+0000][gc,init] Version: 21.0.12.1+1-1-deb13u1-Debian (release)
[2026-10-07T23:43:23.967+0000][gc,init] CPUs: 5 total, 4 available
[2026-10-07T23:43:23.967+0000][gc,init] Memory: 16384M
[2026-10-07T23:43:23.967+0000][gc,init] Large Page Support: Disabled
[2026-10-07T23:43:23.967+0000][gc,init] NUMA Support: Disabled
[2026-10-07T23:43:23.967+0000][gc,init] Compressed Oops: Enabled (32-bit)
[2026-10-07T23:43:23.967+0000][gc,init] Heap Region Size: 1M
[2026-10-07T23:43:23.967+0000][gc,init] Heap Min Capacity: 128M
[2026-10-07T23:43:23.967+0000][gc,init] Heap Initial Capacity: 128M
[2026-10-07T23:43:23.967+0000][gc,init] Heap Max Capacity: 256M
[2026-10-07T23:43:23.967+0000][gc,init] Pre-touch: Disabled
[2026-10-07T23:43:23.967+0000][gc,init] Parallel Workers: 4
[2026-10-07T23:43:23.967+0000][gc,init] Concurrent Workers: 1
[2026-10-07T23:43:23.967+0000][gc,init] Concurrent Refinement Workers: 4
[2026-10-07T23:43:23.967+0000][gc,init] Periodic GC: Disabled
[2026-10-07T23:43:23.974+0000][gc,metaspace] CDS archive(s) mapped at: [0x00007faeb3000000-0x00007faeb3c9c000-0x00007faeb3c9c000), size 13221888, SharedBaseAddress: 0x00007faeb3000000, ArchiveRelocationMode: 1.
[2026-10-07T23:43:23.974+0000][gc,metaspace] Compressed class space mapped at: 0x00007faeb4000000-0x00007faef4000000, reserved size: 1073741824
[2026-10-07T23:43:23.974+0000][gc,metaspace] Narrow klass base: 0x00007faeb3000000, Narrow klass shift: 0, Narrow klass range: 0x100000000
[2026-10-07T23:43:24.053+0000][gc,start    ] GC(0) Pause Young (Normal) (G1 Evacuation Pause)
[2026-10-07T23:43:24.054+0000][gc,task     ] GC(0) Using 3 workers of 4 for evacuation
[2026-10-07T23:43:24.057+0000][gc,phases   ] GC(0)   Pre Evacuate Collection Set: 0.12ms
[2026-10-07T23:43:24.057+0000][gc,phases   ] GC(0)   Merge Heap Roots: 0.06ms
[2026-10-07T23:43:24.057+0000][gc,phases   ] GC(0)   Evacuate Collection Set: 1.51ms
[2026-10-07T23:43:24.057+0000][gc,phases   ] GC(0)   Post Evacuate Collection Set: 1.16ms
[2026-10-07T23:43:24.057+0000][gc,phases   ] GC(0)   Other: 0.55ms
[2026-10-07T23:43:24.057+0000][gc,heap     ] GC(0) Eden regions: 6->0(5)
[2026-10-07T23:43:24.057+0000][gc,heap     ] GC(0) Survivor regions: 0->1(1)
[2026-10-07T23:43:24.057+0000][gc,heap     ] GC(0) Old regions: 2->5
[2026-10-07T23:43:24.057+0000][gc,heap     ] GC(0) Humongous regions: 0->0
[2026-10-07T23:43:24.057+0000][gc,metaspace] GC(0) Metaspace: 437K(640K)->437K(640K) NonClass: 423K(512K)->423K(512K) Class: 14K(128K)->14K(128K)
[2026-10-07T23:43:24.057+0000][gc          ] GC(0) Pause Young (Normal) (G1 Evacuation Pause) 7M->4M(130M) 3.563ms
[2026-10-07T23:43:24.057+0000][gc,cpu      ] GC(0) User=0.01s Sys=0.00s Real=0.01s
[2026-10-07T23:43:24.194+0000][gc,start    ] GC(1) Pause Young (Normal) (G1 Evacuation Pause)
[2026-10-07T23:43:24.194+0000][gc,task     ] GC(1) Using 3 workers of 4 for evacuation
[2026-10-07T23:43:24.197+0000][gc,phases   ] GC(1)   Pre Evacuate Collection Set: 0.15ms
[2026-10-07T23:43:24.197+0000][gc,phases   ] GC(1)   Merge Heap Roots: 0.05ms
[2026-10-07T23:43:24.197+0000][gc,phases   ] GC(1)   Evacuate Collection Set: 2.48ms
[2026-10-07T23:43:24.197+0000][gc,phases   ] GC(1)   Post Evacuate Collection Set: 0.37ms
[2026-10-07T23:43:24.197+0000][gc,phases   ] GC(1)   Other: 0.06ms
[2026-10-07T23:43:24.197+0000][gc,heap     ] GC(1) Eden regions: 5->0(5)
[2026-10-07T23:43:24.197+0000][gc,heap     ] GC(1) Survivor regions: 1->1(1)
[2026-10-07T23:43:24.197+0000][gc,heap     ] GC(1) Old regions: 5->6
[2026-10-07T23:43:24.197+0000][gc,heap     ] GC(1) Humongous regions: 0->0
[2026-10-07T23:43:24.197+0000][gc,metaspace] GC(1) Metaspace: 3643K(3840K)->3643K(3840K) NonClass: 3285K(3392K)->3285K(3392K) Class: 358K(448K)->358K(448K)
[2026-10-07T23:43:24.197+0000][gc          ] GC(1) Pause Young (Normal) (G1 Evacuation Pause) 9M->5M(130M) 3.251ms
[2026-10-07T23:43:24.197+0000][gc,cpu      ] GC(1) User=0.01s Sys=0.00s Real=0.01s
[2026-10-07T23:43:24.300+0000][gc,start    ] GC(2) Pause Young (Normal) (G1 Evacuation Pause)
[2026-10-07T23:43:24.300+0000][gc,task     ] GC(2) Using 3 workers of 4 for evacuation
[2026-10-07T23:43:24.303+0000][gc,phases   ] GC(2)   Pre Evacuate Collection Set: 0.14ms
[2026-10-07T23:43:24.303+0000][gc,phases   ] GC(2)   Merge Heap Roots: 0.04ms
[2026-10-07T23:43:24.303+0000][gc,phases   ] GC(2)   Evacuate Collection Set: 2.79ms
[2026-10-07T23:43:24.303+0000][gc,phases   ] GC(2)   Post Evacuate Collection Set: 0.22ms
[2026-10-07T23:43:24.303+0000][gc,phases   ] GC(2)   Other: 0.05ms
[2026-10-07T23:43:24.303+0000][gc,heap     ] GC(2) Eden regions: 5->0(5)
[2026-10-07T23:43:24.303+0000][gc,heap     ] GC(2) Survivor regions: 1->1(1)
[2026-10-07T23:43:24.303+0000][gc,heap     ] GC(2) Old regions: 6->7
[2026-10-07T23:43:24.303+0000][gc,heap     ] GC(2) Humongous regions: 0->0
[2026-10-07T23:43:24.303+0000][gc,metaspace] GC(2) Metaspace: 6596K(6784K)->6596K(6784K) NonClass: 5943K(6016K)->5943K(6016K) Class: 652K(768K)->652K(768K)
[2026-10-07T23:43:24.303+0000][gc          ] GC(2) Pause Young (Normal) (G1 Evacuation Pause) 10M->6M(130M) 3.364ms
[2026-10-07T23:43:24.303+0000][gc,cpu      ] GC(2) User=0.01s Sys=0.00s Real=0.00s
[2026-10-07T23:43:24.385+0000][gc,start    ] GC(3) Pause Young (Normal) (G1 Evacuation Pause)
[2026-10-07T23:43:24.385+0000][gc,task     ] GC(3) Using 3 workers of 4 for evacuation
[2026-10-07T23:43:24.387+0000][gc,phases   ] GC(3)   Pre Evacuate Collection Set: 0.13ms
[2026-10-07T23:43:24.387+0000][gc,phases   ] GC(3)   Merge Heap Roots: 0.02ms
[2026-10-07T23:43:24.387+0000][gc,phases   ] GC(3)   Evacuate Collection Set: 1.03ms
[2026-10-07T23:43:24.387+0000][gc,phases   ] GC(3)   Post Evacuate Collection Set: 0.30ms
[2026-10-07T23:43:24.387+0000][gc,phases   ] GC(3)   Other: 0.04ms
[2026-10-07T23:43:24.387+0000][gc,heap     ] GC(3) Eden regions: 5->0(5)
[2026-10-07T23:43:24.387+0000][gc,heap     ] GC(3) Survivor regions: 1->1(1)
[2026-10-07T23:43:24.387+0000][gc,heap     ] GC(3) Old regions: 7->8
[2026-10-07T23:43:24.387+0000][gc,heap     ] GC(3) Humongous regions: 0->0
[2026-10-07T23:43:24.387+0000][gc,metaspace] GC(3) Metaspace: 7917K(8128K)->7917K(8128K) NonClass: 7092K(7168K)->7092K(7168K) Class: 824K(960K)->824K(960K)
[2026-10-07T23:43:24.387+0000][gc          ] GC(3) Pause Young (Normal) (G1 Evacuation Pause) 11M->7M(130M) 1.621ms
[2026-10-07T23:43:24.387+0000][gc,cpu      ] GC(3) User=0.01s Sys=0.00s Real=0.00s
[2026-10-07T23:43:24.419+0000][gc,start    ] GC(4) Pause Young (Normal) (G1 Evacuation Pause)
[2026-10-07T23:43:24.419+0000][gc,task     ] GC(4) Using 3 workers of 4 for evacuation
[2026-10-07T23:43:24.420+0000][gc,phases   ] GC(4)   Pre Evacuate Collection Set: 0.11ms
[2026-10-07T23:43:24.420+0000][gc,phases   ] GC(4)   Merge Heap Roots: 0.03ms
[2026-10-07T23:43:24.420+0000][gc,phases   ] GC(4)   Evacuate Collection Set: 0.56ms
[2026-10-07T23:43:24.420+0000][gc,phases   ] GC(4)   Post Evacuate Collection Set: 0.24ms
[2026-10-07T23:43:24.420+0000][gc,phases   ] GC(4)   Other: 0.04ms
[2026-10-07T23:43:24.420+0000][gc,heap     ] GC(4) Eden regions: 5->0(5)
[2026-10-07T23:43:24.420+0000][gc,heap     ] GC(4) Survivor regions: 1->1(1)
[2026-10-07T23:43:24.420+0000][gc,heap     ] GC(4) Old regions: 8->8
[2026-10-07T23:43:24.420+0000][gc,heap     ] GC(4) Humongous regions: 0->0
[2026-10-07T23:43:24.420+0000][gc,metaspace] GC(4) Metaspace: 8985K(9216K)->8985K(9216K) NonClass: 8007K(8128K)->8007K(8128K) Class: 978K(1088K)->978K(1088K)
[2026-10-07T23:43:24.420+0000][gc          ] GC(4) Pause Young (Normal) (G1 Evacuation Pause) 12M->7M(130M) 1.067ms
[2026-10-07T23:43:24.420+0000][gc,cpu      ] GC(4) User=0.00s Sys=0.00s Real=0.00s
[2026-10-07T23:43:24.467+0000][gc,start    ] GC(5) Pause Young (Normal) (G1 Evacuation Pause)
[2026-10-07T23:43:24.467+0000][gc,task     ] GC(5) Using 3 workers of 4 for evacuation
[2026-10-07T23:43:24.468+0000][gc,phases   ] GC(5)   Pre Evacuate Collection Set: 0.14ms
[2026-10-07T23:43:24.468+0000][gc,phases   ] GC(5)   Merge Heap Roots: 0.04ms
[2026-10-07T23:43:24.468+0000][gc,phases   ] GC(5)   Evacuate Collection Set: 0.52ms
[2026-10-07T23:43:24.468+0000][gc,phases   ] GC(5)   Post Evacuate Collection Set: 0.21ms
[2026-10-07T23:43:24.468+0000][gc,phases   ] GC(5)   Other: 0.11ms
[2026-10-07T23:43:24.468+0000][gc,heap     ] GC(5) Eden regions: 5->0(5)
[2026-10-07T23:43:24.468+0000][gc,heap     ] GC(5) Survivor regions: 1->1(1)
[2026-10-07T23:43:24.468+0000][gc,heap     ] GC(5) Old regions: 8->8
[2026-10-07T23:43:24.468+0000][gc,heap     ] GC(5) Humongous regions: 0->0
[2026-10-07T23:43:24.468+0000][gc,metaspace] GC(5) Metaspace: 10497K(10752K)->10497K(10752K) NonClass: 9376K(9536K)->9376K(9536K) Class: 1120K(1216K)->1120K(1216K)
[2026-10-07T23:43:24.468+0000][gc          ] GC(5) Pause Young (Normal) (G1 Evacuation Pause) 12M->7M(130M) 1.124ms
[2026-10-07T23:43:24.468+0000][gc,cpu      ] GC(5) User=0.00s Sys=0.00s Real=0.01s
[2026-10-07T23:43:24.562+0000][gc,start    ] GC(6) Pause Young (Normal) (G1 Evacuation Pause)
[2026-10-07T23:43:24.562+0000][gc,task     ] GC(6) Using 3 workers of 4 for evacuation
[2026-10-07T23:43:24.564+0000][gc,phases   ] GC(6)   Pre Evacuate Collection Set: 0.08ms
[2026-10-07T23:43:24.564+0000][gc,phases   ] GC(6)   Merge Heap Roots: 0.02ms
[2026-10-07T23:43:24.564+0000][gc,phases   ] GC(6)   Evacuate Collection Set: 1.65ms
[2026-10-07T23:43:24.564+0000][gc,phases   ] GC(6)   Post Evacuate Collection Set: 0.43ms
[2026-10-07T23:43:24.564+0000][gc,phases   ] GC(6)   Other: 0.06ms
[2026-10-07T23:43:24.564+0000][gc,heap     ] GC(6) Eden regions: 9->0(7)
[2026-10-07T23:43:24.564+0000][gc,heap     ] GC(6) Survivor regions: 1->2(2)
[2026-10-07T23:43:24.564+0000][gc,heap     ] GC(6) Old regions: 8->8
[2026-10-07T23:43:24.564+0000][gc,heap     ] GC(6) Humongous regions: 0->0
[2026-10-07T23:43:24.564+0000][gc,metaspace] GC(6) Metaspace: 13033K(13184K)->13033K(13184K) NonClass: 11627K(11712K)->11627K(11712K) Class: 1406K(1472K)->1406K(1472K)
[2026-10-07T23:43:24.564+0000][gc          ] GC(6) Pause Young (Normal) (G1 Evacuation Pause) 16M->8M(130M) 2.365ms
[2026-10-07T23:43:24.564+0000][gc,cpu      ] GC(6) User=0.00s Sys=0.01s Real=0.00s
[2026-10-07T23:43:24.704+0000][gc,start    ] GC(7) Pause Young (Normal) (G1 Evacuation Pause)
[2026-10-07T23:43:24.704+0000][gc,task     ] GC(7) Using 3 workers of 4 for evacuation
[2026-10-07T23:43:24.707+0000][gc,phases   ] GC(7)   Pre Evacuate Collection Set: 0.11ms
[2026-10-07T23:43:24.707+0000][gc,phases   ] GC(7)   Merge Heap Roots: 0.04ms
[2026-10-07T23:43:24.707+0000][gc,phases   ] GC(7)   Evacuate Collection Set: 2.58ms
[2026-10-07T23:43:24.707+0000][gc,phases   ] GC(7)   Post Evacuate Collection Set: 0.24ms
[2026-10-07T23:43:24.707+0000][gc,phases   ] GC(7)   Other: 0.04ms
[2026-10-07T23:43:24.707+0000][gc,heap     ] GC(7) Eden regions: 8->0(7)
[2026-10-07T23:43:24.707+0000][gc,heap     ] GC(7) Survivor regions: 2->2(2)
[2026-10-07T23:43:24.707+0000][gc,heap     ] GC(7) Old regions: 8->9
[2026-10-07T23:43:24.707+0000][gc,heap     ] GC(7) Humongous regions: 0->0
[2026-10-07T23:43:24.707+0000][gc,metaspace] GC(7) Metaspace: 15063K(15296K)->15063K(15296K) NonClass: 13406K(13504K)->13406K(13504K) Class: 1657K(1792K)->1657K(1792K)
[2026-10-07T23:43:24.707+0000][gc          ] GC(7) Pause Young (Normal) (G1 Evacuation Pause) 16M->9M(130M) 3.103ms
[2026-10-07T23:43:24.707+0000][gc,cpu      ] GC(7) User=0.00s Sys=0.01s Real=0.00s
[2026-10-07T23:43:24.767+0000][gc,start    ] GC(8) Pause Young (Normal) (G1 Evacuation Pause)
[2026-10-07T23:43:24.767+0000][gc,task     ] GC(8) Using 3 workers of 4 for evacuation
[2026-10-07T23:43:24.771+0000][gc,phases   ] GC(8)   Pre Evacuate Collection Set: 0.14ms
[2026-10-07T23:43:24.771+0000][gc,phases   ] GC(8)   Merge Heap Roots: 0.03ms
[2026-10-07T23:43:24.771+0000][gc,phases   ] GC(8)   Evacuate Collection Set: 3.95ms
[2026-10-07T23:43:24.771+0000][gc,phases   ] GC(8)   Post Evacuate Collection Set: 0.29ms
[2026-10-07T23:43:24.771+0000][gc,phases   ] GC(8)   Other: 0.05ms
[2026-10-07T23:43:24.771+0000][gc,heap     ] GC(8) Eden regions: 5->0(18)
[2026-10-07T23:43:24.771+0000][gc,heap     ] GC(8) Survivor regions: 2->1(1)
[2026-10-07T23:43:24.771+0000][gc,heap     ] GC(8) Old regions: 9->11
[2026-10-07T23:43:24.771+0000][gc,heap     ] GC(8) Humongous regions: 0->0
[2026-10-07T23:43:24.771+0000][gc,metaspace] GC(8) Metaspace: 16796K(17088K)->16796K(17088K) NonClass: 14935K(15104K)->14935K(15104K) Class: 1860K(1984K)->1860K(1984K)
[2026-10-07T23:43:24.771+0000][gc          ] GC(8) Pause Young (Normal) (G1 Evacuation Pause) 14M->9M(130M) 4.589ms
[2026-10-07T23:43:24.771+0000][gc,cpu      ] GC(8) User=0.00s Sys=0.00s Real=0.00s
[2026-10-07T23:43:24.988+0000][gc,start    ] GC(9) Pause Young (Concurrent Start) (Metadata GC Threshold)
[2026-10-07T23:43:24.988+0000][gc,task     ] GC(9) Using 3 workers of 4 for evacuation
[2026-10-07T23:43:24.995+0000][gc,phases   ] GC(9)   Pre Evacuate Collection Set: 0.09ms
[2026-10-07T23:43:24.995+0000][gc,phases   ] GC(9)   Merge Heap Roots: 0.08ms
[2026-10-07T23:43:24.995+0000][gc,phases   ] GC(9)   Evacuate Collection Set: 6.45ms
[2026-10-07T23:43:24.995+0000][gc,phases   ] GC(9)   Post Evacuate Collection Set: 0.49ms
[2026-10-07T23:43:24.995+0000][gc,phases   ] GC(9)   Other: 0.08ms
[2026-10-07T23:43:24.995+0000][gc,heap     ] GC(9) Eden regions: 13->0(47)
[2026-10-07T23:43:24.995+0000][gc,heap     ] GC(9) Survivor regions: 1->1(2)
[2026-10-07T23:43:24.995+0000][gc,heap     ] GC(9) Old regions: 11->11
[2026-10-07T23:43:24.995+0000][gc,heap     ] GC(9) Humongous regions: 0->0
[2026-10-07T23:43:24.995+0000][gc,metaspace] GC(9) Metaspace: 21238K(21504K)->21238K(21504K) NonClass: 18687K(18816K)->18687K(18816K) Class: 2551K(2688K)->2551K(2688K)
[2026-10-07T23:43:24.995+0000][gc          ] GC(9) Pause Young (Concurrent Start) (Metadata GC Threshold) 22M->10M(130M) 7.296ms
[2026-10-07T23:43:24.995+0000][gc,cpu      ] GC(9) User=0.01s Sys=0.01s Real=0.01s
[2026-10-07T23:43:24.995+0000][gc          ] GC(10) Concurrent Mark Cycle
[2026-10-07T23:43:24.995+0000][gc,marking  ] GC(10) Concurrent Scan Root Regions
[2026-10-07T23:43:24.996+0000][gc,marking  ] GC(10) Concurrent Scan Root Regions 1.024ms
[2026-10-07T23:43:24.996+0000][gc,marking  ] GC(10) Concurrent Mark
[2026-10-07T23:43:24.996+0000][gc,marking  ] GC(10) Concurrent Mark From Roots
[2026-10-07T23:43:24.996+0000][gc,task     ] GC(10) Using 1 workers of 1 for marking
[2026-10-07T23:43:25.006+0000][gc,marking  ] GC(10) Concurrent Mark From Roots 9.299ms
[2026-10-07T23:43:25.006+0000][gc,marking  ] GC(10) Concurrent Preclean
[2026-10-07T23:43:25.006+0000][gc,marking  ] GC(10) Concurrent Preclean 0.056ms
[2026-10-07T23:43:25.007+0000][gc,start    ] GC(10) Pause Remark
[2026-10-07T23:43:25.010+0000][gc          ] GC(10) Pause Remark 11M->11M(128M) 2.907ms
[2026-10-07T23:43:25.010+0000][gc,cpu      ] GC(10) User=0.00s Sys=0.01s Real=0.00s
[2026-10-07T23:43:25.010+0000][gc,marking  ] GC(10) Concurrent Mark 13.499ms
[2026-10-07T23:43:25.010+0000][gc,marking  ] GC(10) Concurrent Rebuild Remembered Sets and Scrub Regions
[2026-10-07T23:43:25.013+0000][gc,marking  ] GC(10) Concurrent Rebuild Remembered Sets and Scrub Regions 2.936ms
[2026-10-07T23:43:25.013+0000][gc,start    ] GC(10) Pause Cleanup
[2026-10-07T23:43:25.013+0000][gc          ] GC(10) Pause Cleanup 11M->11M(128M) 0.086ms
[2026-10-07T23:43:25.013+0000][gc,cpu      ] GC(10) User=0.00s Sys=0.00s Real=0.00s
[2026-10-07T23:43:25.013+0000][gc,marking  ] GC(10) Concurrent Clear Claimed Marks
[2026-10-07T23:43:25.013+0000][gc,marking  ] GC(10) Concurrent Clear Claimed Marks 0.027ms
[2026-10-07T23:43:25.013+0000][gc,marking  ] GC(10) Concurrent Cleanup for Next Mark
[2026-10-07T23:43:25.014+0000][gc,marking  ] GC(10) Concurrent Cleanup for Next Mark 1.210ms
[2026-10-07T23:43:25.014+0000][gc          ] GC(10) Concurrent Mark Cycle 19.047ms
[2026-10-07T23:43:25.256+0000][gc,start    ] GC(11) Pause Young (Prepare Mixed) (G1 Evacuation Pause)
[2026-10-07T23:43:25.256+0000][gc,task     ] GC(11) Using 3 workers of 4 for evacuation
[2026-10-07T23:43:25.260+0000][gc,phases   ] GC(11)   Pre Evacuate Collection Set: 0.12ms
[2026-10-07T23:43:25.260+0000][gc,phases   ] GC(11)   Merge Heap Roots: 0.06ms
[2026-10-07T23:43:25.260+0000][gc,phases   ] GC(11)   Evacuate Collection Set: 3.63ms
[2026-10-07T23:43:25.260+0000][gc,phases   ] GC(11)   Post Evacuate Collection Set: 0.38ms
[2026-10-07T23:43:25.260+0000][gc,phases   ] GC(11)   Other: 0.05ms
[2026-10-07T23:43:25.260+0000][gc,heap     ] GC(11) Eden regions: 26->0(13)
[2026-10-07T23:43:25.260+0000][gc,heap     ] GC(11) Survivor regions: 1->3(4)
[2026-10-07T23:43:25.260+0000][gc,heap     ] GC(11) Old regions: 11->11
[2026-10-07T23:43:25.260+0000][gc,heap     ] GC(11) Humongous regions: 0->0
[2026-10-07T23:43:25.260+0000][gc,metaspace] GC(11) Metaspace: 28902K(29184K)->28902K(29184K) NonClass: 25734K(25920K)->25734K(25920K) Class: 3167K(3264K)->3167K(3264K)
[2026-10-07T23:43:25.260+0000][gc          ] GC(11) Pause Young (Prepare Mixed) (G1 Evacuation Pause) 36M->11M(128M) 4.359ms
[2026-10-07T23:43:25.260+0000][gc,cpu      ] GC(11) User=0.01s Sys=0.00s Real=0.00s
[2026-10-07T23:43:25.326+0000][gc,start    ] GC(12) Pause Young (Mixed) (G1 Evacuation Pause)
[2026-10-07T23:43:25.326+0000][gc,task     ] GC(12) Using 3 workers of 4 for evacuation
[2026-10-07T23:43:25.330+0000][gc,phases   ] GC(12)   Pre Evacuate Collection Set: 1.28ms
[2026-10-07T23:43:25.330+0000][gc,phases   ] GC(12)   Merge Heap Roots: 0.06ms
[2026-10-07T23:43:25.330+0000][gc,phases   ] GC(12)   Evacuate Collection Set: 2.91ms
[2026-10-07T23:43:25.330+0000][gc,phases   ] GC(12)   Post Evacuate Collection Set: 0.44ms
[2026-10-07T23:43:25.330+0000][gc,phases   ] GC(12)   Other: 0.04ms
[2026-10-07T23:43:25.330+0000][gc,heap     ] GC(12) Eden regions: 6->0(23)
[2026-10-07T23:43:25.330+0000][gc,heap     ] GC(12) Survivor regions: 3->1(2)
[2026-10-07T23:43:25.330+0000][gc,heap     ] GC(12) Old regions: 11->13
[2026-10-07T23:43:25.330+0000][gc,heap     ] GC(12) Humongous regions: 0->0
[2026-10-07T23:43:25.330+0000][gc,metaspace] GC(12) Metaspace: 30345K(30592K)->30345K(30592K) NonClass: 26914K(27072K)->26914K(27072K) Class: 3431K(3520K)->3431K(3520K)
[2026-10-07T23:43:25.330+0000][gc          ] GC(12) Pause Young (Mixed) (G1 Evacuation Pause) 17M->12M(128M) 4.854ms
[2026-10-07T23:43:25.330+0000][gc,cpu      ] GC(12) User=0.00s Sys=0.01s Real=0.01s
[2026-10-07T23:43:25.492+0000][gc,start    ] GC(13) Pause Young (Normal) (G1 Evacuation Pause)
[2026-10-07T23:43:25.492+0000][gc,task     ] GC(13) Using 3 workers of 4 for evacuation
[2026-10-07T23:43:25.496+0000][gc,phases   ] GC(13)   Pre Evacuate Collection Set: 0.07ms
[2026-10-07T23:43:25.496+0000][gc,phases   ] GC(13)   Merge Heap Roots: 0.04ms
[2026-10-07T23:43:25.496+0000][gc,phases   ] GC(13)   Evacuate Collection Set: 3.54ms
[2026-10-07T23:43:25.496+0000][gc,phases   ] GC(13)   Post Evacuate Collection Set: 0.42ms
[2026-10-07T23:43:25.496+0000][gc,phases   ] GC(13)   Other: 0.06ms
[2026-10-07T23:43:25.496+0000][gc,heap     ] GC(13) Eden regions: 10->0(7)
[2026-10-07T23:43:25.496+0000][gc,heap     ] GC(13) Survivor regions: 1->2(2)
[2026-10-07T23:43:25.496+0000][gc,heap     ] GC(13) Old regions: 13->14
[2026-10-07T23:43:25.496+0000][gc,heap     ] GC(13) Humongous regions: 0->0
[2026-10-07T23:43:25.496+0000][gc,metaspace] GC(13) Metaspace: 32142K(32512K)->32142K(32512K) NonClass: 28484K(28672K)->28484K(28672K) Class: 3658K(3840K)->3658K(3840K)
[2026-10-07T23:43:25.496+0000][gc          ] GC(13) Pause Young (Normal) (G1 Evacuation Pause) 22M->14M(128M) 4.246ms
[2026-10-07T23:43:25.496+0000][gc,cpu      ] GC(13) User=0.02s Sys=0.00s Real=0.01s
[2026-10-07T23:43:25.555+0000][gc,start    ] GC(14) Pause Young (Normal) (G1 Evacuation Pause)
[2026-10-07T23:43:25.555+0000][gc,task     ] GC(14) Using 4 workers of 4 for evacuation
[2026-10-07T23:43:25.558+0000][gc,phases   ] GC(14)   Pre Evacuate Collection Set: 0.14ms
[2026-10-07T23:43:25.558+0000][gc,phases   ] GC(14)   Merge Heap Roots: 0.04ms
[2026-10-07T23:43:25.558+0000][gc,phases   ] GC(14)   Evacuate Collection Set: 2.09ms
[2026-10-07T23:43:25.558+0000][gc,phases   ] GC(14)   Post Evacuate Collection Set: 0.28ms
[2026-10-07T23:43:25.558+0000][gc,phases   ] GC(14)   Other: 0.05ms
[2026-10-07T23:43:25.558+0000][gc,heap     ] GC(14) Eden regions: 4->0(5)
[2026-10-07T23:43:25.558+0000][gc,heap     ] GC(14) Survivor regions: 2->1(1)
[2026-10-07T23:43:25.558+0000][gc,heap     ] GC(14) Old regions: 14->16
[2026-10-07T23:43:25.558+0000][gc,heap     ] GC(14) Humongous regions: 0->0
[2026-10-07T23:43:25.558+0000][gc,metaspace] GC(14) Metaspace: 33340K(33728K)->33340K(33728K) NonClass: 29532K(29760K)->29532K(29760K) Class: 3807K(3968K)->3807K(3968K)
[2026-10-07T23:43:25.558+0000][gc          ] GC(14) Pause Young (Normal) (G1 Evacuation Pause) 18M->15M(128M) 2.702ms
[2026-10-07T23:43:25.558+0000][gc,cpu      ] GC(14) User=0.00s Sys=0.00s Real=0.00s
[2026-10-07T23:43:25.682+0000][gc,start    ] GC(15) Pause Young (Concurrent Start) (Metadata GC Threshold)
[2026-10-07T23:43:25.682+0000][gc,task     ] GC(15) Using 4 workers of 4 for evacuation
[2026-10-07T23:43:25.687+0000][gc,phases   ] GC(15)   Pre Evacuate Collection Set: 1.02ms
[2026-10-07T23:43:25.687+0000][gc,phases   ] GC(15)   Merge Heap Roots: 0.03ms
[2026-10-07T23:43:25.687+0000][gc,phases   ] GC(15)   Evacuate Collection Set: 3.44ms
[2026-10-07T23:43:25.687+0000][gc,phases   ] GC(15)   Post Evacuate Collection Set: 0.29ms
[2026-10-07T23:43:25.687+0000][gc,phases   ] GC(15)   Other: 0.06ms
[2026-10-07T23:43:25.687+0000][gc,heap     ] GC(15) Eden regions: 12->0(9)
[2026-10-07T23:43:25.687+0000][gc,heap     ] GC(15) Survivor regions: 1->2(4)
[2026-10-07T23:43:25.687+0000][gc,heap     ] GC(15) Old regions: 16->16
[2026-10-07T23:43:25.687+0000][gc,heap     ] GC(15) Humongous regions: 9->9
[2026-10-07T23:43:25.687+0000][gc,metaspace] GC(15) Metaspace: 36167K(36608K)->36167K(36608K) NonClass: 32008K(32256K)->32008K(32256K) Class: 4159K(4352K)->4159K(4352K)
[2026-10-07T23:43:25.687+0000][gc          ] GC(15) Pause Young (Concurrent Start) (Metadata GC Threshold) 35M->24M(128M) 4.940ms
[2026-10-07T23:43:25.687+0000][gc,cpu      ] GC(15) User=0.01s Sys=0.00s Real=0.00s
[2026-10-07T23:43:25.687+0000][gc          ] GC(16) Concurrent Mark Cycle
[2026-10-07T23:43:25.687+0000][gc,marking  ] GC(16) Concurrent Scan Root Regions
[2026-10-07T23:43:25.692+0000][gc,marking  ] GC(16) Concurrent Scan Root Regions 5.074ms
[2026-10-07T23:43:25.692+0000][gc,marking  ] GC(16) Concurrent Mark
[2026-10-07T23:43:25.692+0000][gc,marking  ] GC(16) Concurrent Mark From Roots
[2026-10-07T23:43:25.692+0000][gc,task     ] GC(16) Using 1 workers of 1 for marking
[2026-10-07T23:43:25.706+0000][gc,marking  ] GC(16) Concurrent Mark From Roots 14.458ms
[2026-10-07T23:43:25.706+0000][gc,marking  ] GC(16) Concurrent Preclean
[2026-10-07T23:43:25.707+0000][gc,marking  ] GC(16) Concurrent Preclean 0.145ms
[2026-10-07T23:43:25.707+0000][gc,start    ] GC(16) Pause Remark
[2026-10-07T23:43:25.712+0000][gc          ] GC(16) Pause Remark 26M->26M(128M) 5.274ms
[2026-10-07T23:43:25.712+0000][gc,cpu      ] GC(16) User=0.02s Sys=0.00s Real=0.01s
[2026-10-07T23:43:25.712+0000][gc,marking  ] GC(16) Concurrent Mark 20.091ms
[2026-10-07T23:43:25.712+0000][gc,marking  ] GC(16) Concurrent Rebuild Remembered Sets and Scrub Regions
[2026-10-07T23:43:25.719+0000][gc,marking  ] GC(16) Concurrent Rebuild Remembered Sets and Scrub Regions 7.453ms
[2026-10-07T23:43:25.720+0000][gc,start    ] GC(16) Pause Cleanup
[2026-10-07T23:43:25.720+0000][gc          ] GC(16) Pause Cleanup 26M->26M(128M) 0.076ms
[2026-10-07T23:43:25.720+0000][gc,cpu      ] GC(16) User=0.00s Sys=0.00s Real=0.00s
[2026-10-07T23:43:25.720+0000][gc,marking  ] GC(16) Concurrent Clear Claimed Marks
[2026-10-07T23:43:25.721+0000][gc,marking  ] GC(16) Concurrent Clear Claimed Marks 0.063ms
[2026-10-07T23:43:25.721+0000][gc,marking  ] GC(16) Concurrent Cleanup for Next Mark
[2026-10-07T23:43:25.721+0000][gc,marking  ] GC(16) Concurrent Cleanup for Next Mark 0.192ms
[2026-10-07T23:43:25.721+0000][gc          ] GC(16) Concurrent Mark Cycle 33.957ms
[2026-10-07T23:43:25.824+0000][gc,start    ] GC(17) Pause Young (Prepare Mixed) (G1 Evacuation Pause)
[2026-10-07T23:43:25.824+0000][gc,task     ] GC(17) Using 4 workers of 4 for evacuation
[2026-10-07T23:43:25.833+0000][gc,phases   ] GC(17)   Pre Evacuate Collection Set: 0.16ms
[2026-10-07T23:43:25.833+0000][gc,phases   ] GC(17)   Merge Heap Roots: 0.06ms
[2026-10-07T23:43:25.833+0000][gc,phases   ] GC(17)   Evacuate Collection Set: 7.27ms
[2026-10-07T23:43:25.833+0000][gc,phases   ] GC(17)   Post Evacuate Collection Set: 0.72ms
[2026-10-07T23:43:25.833+0000][gc,phases   ] GC(17)   Other: 0.06ms
[2026-10-07T23:43:25.833+0000][gc,heap     ] GC(17) Eden regions: 19->0(20)
[2026-10-07T23:43:25.833+0000][gc,heap     ] GC(17) Survivor regions: 2->3(3)
[2026-10-07T23:43:25.833+0000][gc,heap     ] GC(17) Old regions: 16->17
[2026-10-07T23:43:25.833+0000][gc,heap     ] GC(17) Humongous regions: 9->9
[2026-10-07T23:43:25.833+0000][gc,metaspace] GC(17) Metaspace: 39488K(40192K)->39488K(40192K) NonClass: 34834K(35200K)->34834K(35200K) Class: 4654K(4992K)->4654K(4992K)
[2026-10-07T23:43:25.833+0000][gc          ] GC(17) Pause Young (Prepare Mixed) (G1 Evacuation Pause) 43M->28M(128M) 8.396ms
[2026-10-07T23:43:25.833+0000][gc,cpu      ] GC(17) User=0.02s Sys=0.01s Real=0.01s
[2026-10-07T23:43:25.867+0000][gc,start    ] GC(18) Pause Young (Mixed) (G1 Evacuation Pause)
[2026-10-07T23:43:25.867+0000][gc,task     ] GC(18) Using 4 workers of 4 for evacuation
[2026-10-07T23:43:25.874+0000][gc,phases   ] GC(18)   Pre Evacuate Collection Set: 0.15ms
[2026-10-07T23:43:25.874+0000][gc,phases   ] GC(18)   Merge Heap Roots: 0.08ms
[2026-10-07T23:43:25.874+0000][gc,phases   ] GC(18)   Evacuate Collection Set: 6.51ms
[2026-10-07T23:43:25.874+0000][gc,phases   ] GC(18)   Post Evacuate Collection Set: 0.44ms
[2026-10-07T23:43:25.874+0000][gc,phases   ] GC(18)   Other: 0.08ms
[2026-10-07T23:43:25.874+0000][gc,heap     ] GC(18) Eden regions: 5->0(32)
[2026-10-07T23:43:25.874+0000][gc,heap     ] GC(18) Survivor regions: 3->1(1)
[2026-10-07T23:43:25.874+0000][gc,heap     ] GC(18) Old regions: 17->20
[2026-10-07T23:43:25.874+0000][gc,heap     ] GC(18) Humongous regions: 9->9
[2026-10-07T23:43:25.874+0000][gc,metaspace] GC(18) Metaspace: 40081K(40832K)->40081K(40832K) NonClass: 35392K(35840K)->35392K(35840K) Class: 4689K(4992K)->4689K(4992K)
[2026-10-07T23:43:25.874+0000][gc          ] GC(18) Pause Young (Mixed) (G1 Evacuation Pause) 33M->29M(128M) 7.369ms
[2026-10-07T23:43:25.874+0000][gc,cpu      ] GC(18) User=0.02s Sys=0.00s Real=0.01s
[2026-10-07T23:43:26.043+0000][gc,start    ] GC(19) Pause Young (Concurrent Start) (G1 Humongous Allocation)
[2026-10-07T23:43:26.043+0000][gc,task     ] GC(19) Using 4 workers of 4 for evacuation
[2026-10-07T23:43:26.048+0000][gc,phases   ] GC(19)   Pre Evacuate Collection Set: 0.15ms
[2026-10-07T23:43:26.048+0000][gc,phases   ] GC(19)   Merge Heap Roots: 0.05ms
[2026-10-07T23:43:26.048+0000][gc,phases   ] GC(19)   Evacuate Collection Set: 4.15ms
[2026-10-07T23:43:26.048+0000][gc,phases   ] GC(19)   Post Evacuate Collection Set: 0.28ms
[2026-10-07T23:43:26.048+0000][gc,phases   ] GC(19)   Other: 0.06ms
[2026-10-07T23:43:26.048+0000][gc,heap     ] GC(19) Eden regions: 16->0(31)
[2026-10-07T23:43:26.048+0000][gc,heap     ] GC(19) Survivor regions: 1->4(6)
[2026-10-07T23:43:26.048+0000][gc,heap     ] GC(19) Old regions: 20->20
[2026-10-07T23:43:26.048+0000][gc,heap     ] GC(19) Humongous regions: 9->9
[2026-10-07T23:43:26.048+0000][gc,metaspace] GC(19) Metaspace: 43229K(44096K)->43229K(44096K) NonClass: 38193K(38720K)->38193K(38720K) Class: 5035K(5376K)->5035K(5376K)
[2026-10-07T23:43:26.048+0000][gc          ] GC(19) Pause Young (Concurrent Start) (G1 Humongous Allocation) 45M->32M(128M) 4.787ms
[2026-10-07T23:43:26.048+0000][gc,cpu      ] GC(19) User=0.01s Sys=0.00s Real=0.01s
[2026-10-07T23:43:26.048+0000][gc          ] GC(20) Concurrent Undo Cycle
[2026-10-07T23:43:26.048+0000][gc,marking  ] GC(20) Concurrent Clear Claimed Marks
[2026-10-07T23:43:26.048+0000][gc,start    ] GC(21) Pause Young (Normal) (G1 Humongous Allocation)
[2026-10-07T23:43:26.048+0000][gc,task     ] GC(21) Using 4 workers of 4 for evacuation
[2026-10-07T23:43:26.049+0000][gc,marking  ] GC(20) Concurrent Clear Claimed Marks 0.401ms
[2026-10-07T23:43:26.049+0000][gc,marking  ] GC(20) Concurrent Cleanup for Next Mark
[2026-10-07T23:43:26.052+0000][gc,phases   ] GC(21)   Pre Evacuate Collection Set: 0.05ms
[2026-10-07T23:43:26.052+0000][gc,phases   ] GC(21)   Merge Heap Roots: 0.02ms
[2026-10-07T23:43:26.052+0000][gc,phases   ] GC(21)   Evacuate Collection Set: 2.99ms
[2026-10-07T23:43:26.052+0000][gc,phases   ] GC(21)   Post Evacuate Collection Set: 0.18ms
[2026-10-07T23:43:26.052+0000][gc,phases   ] GC(21)   Other: 0.02ms
[2026-10-07T23:43:26.052+0000][gc,heap     ] GC(21) Eden regions: 0->0(44)
[2026-10-07T23:43:26.052+0000][gc,heap     ] GC(21) Survivor regions: 4->3(5)
[2026-10-07T23:43:26.052+0000][gc,heap     ] GC(21) Old regions: 20->21
[2026-10-07T23:43:26.052+0000][gc,heap     ] GC(21) Humongous regions: 9->9
[2026-10-07T23:43:26.052+0000][gc,metaspace] GC(21) Metaspace: 43229K(44096K)->43229K(44096K) NonClass: 38193K(38720K)->38193K(38720K) Class: 5035K(5376K)->5035K(5376K)
[2026-10-07T23:43:26.052+0000][gc          ] GC(21) Pause Young (Normal) (G1 Humongous Allocation) 32M->32M(128M) 3.334ms
[2026-10-07T23:43:26.052+0000][gc,cpu      ] GC(21) User=0.00s Sys=0.00s Real=0.00s
[2026-10-07T23:43:26.052+0000][gc,ergo     ] Attempting full compaction
[2026-10-07T23:43:26.052+0000][gc,start    ] GC(22) Pause Full (G1 Compaction Pause)
[2026-10-07T23:43:26.052+0000][gc,task     ] GC(22) Using 4 workers of 4 for full compaction
[2026-10-07T23:43:26.053+0000][gc,phases,start] GC(22) Phase 1: Mark live objects
[2026-10-07T23:43:26.065+0000][gc,phases      ] GC(22) Phase 1: Mark live objects 11.261ms
[2026-10-07T23:43:26.065+0000][gc,phases,start] GC(22) Phase 2: Prepare compaction
[2026-10-07T23:43:26.067+0000][gc,phases      ] GC(22) Phase 2: Prepare compaction 1.939ms
[2026-10-07T23:43:26.067+0000][gc,phases,start] GC(22) Phase 3: Adjust pointers
[2026-10-07T23:43:26.070+0000][gc,phases      ] GC(22) Phase 3: Adjust pointers 3.666ms
[2026-10-07T23:43:26.070+0000][gc,phases,start] GC(22) Phase 4: Compact heap
[2026-10-07T23:43:26.072+0000][gc,phases      ] GC(22) Phase 4: Compact heap 1.329ms
[2026-10-07T23:43:26.072+0000][gc,phases,start] GC(22) Phase 5: Reset Metadata
[2026-10-07T23:43:26.072+0000][gc,phases      ] GC(22) Phase 5: Reset Metadata 0.607ms
[2026-10-07T23:43:26.074+0000][gc,heap        ] GC(22) Eden regions: 0->0(50)
[2026-10-07T23:43:26.074+0000][gc,heap        ] GC(22) Survivor regions: 3->0(5)
[2026-10-07T23:43:26.074+0000][gc,heap        ] GC(22) Old regions: 21->23
[2026-10-07T23:43:26.074+0000][gc,heap        ] GC(22) Humongous regions: 9->9
[2026-10-07T23:43:26.074+0000][gc,metaspace   ] GC(22) Metaspace: 43229K(44096K)->43229K(44096K) NonClass: 38193K(38720K)->38193K(38720K) Class: 5035K(5376K)->5035K(5376K)
[2026-10-07T23:43:26.074+0000][gc             ] GC(22) Pause Full (G1 Compaction Pause) 32M->30M(128M) 21.841ms
[2026-10-07T23:43:26.074+0000][gc,cpu         ] GC(22) User=0.05s Sys=0.00s Real=0.02s
[2026-10-07T23:43:26.074+0000][gc,ergo        ] Attempting maximal full compaction clearing soft references
[2026-10-07T23:43:26.074+0000][gc,start       ] GC(23) Pause Full (G1 Compaction Pause)
[2026-10-07T23:43:26.074+0000][gc,task        ] GC(23) Using 4 workers of 4 for full compaction
[2026-10-07T23:43:26.074+0000][gc,phases,start] GC(23) Phase 1: Mark live objects
[2026-10-07T23:43:26.085+0000][gc,phases      ] GC(23) Phase 1: Mark live objects 10.704ms
[2026-10-07T23:43:26.085+0000][gc,phases,start] GC(23) Phase 2: Prepare compaction
[2026-10-07T23:43:26.087+0000][gc,phases      ] GC(23) Phase 2: Prepare compaction 1.935ms
[2026-10-07T23:43:26.087+0000][gc,phases,start] GC(23) Phase 3: Adjust pointers
[2026-10-07T23:43:26.090+0000][gc,phases      ] GC(23) Phase 3: Adjust pointers 3.223ms
[2026-10-07T23:43:26.090+0000][gc,phases,start] GC(23) Phase 4: Compact heap
[2026-10-07T23:43:26.093+0000][gc,phases      ] GC(23) Phase 4: Compact heap 2.621ms
[2026-10-07T23:43:26.093+0000][gc,phases,start] GC(23) Phase 5: Reset Metadata
[2026-10-07T23:43:26.093+0000][gc,phases      ] GC(23) Phase 5: Reset Metadata 0.172ms
[2026-10-07T23:43:26.095+0000][gc,heap        ] GC(23) Eden regions: 0->0(50)
[2026-10-07T23:43:26.095+0000][gc,heap        ] GC(23) Survivor regions: 0->0(5)
[2026-10-07T23:43:26.095+0000][gc,heap        ] GC(23) Old regions: 23->21
[2026-10-07T23:43:26.095+0000][gc,heap        ] GC(23) Humongous regions: 9->9
[2026-10-07T23:43:26.095+0000][gc,metaspace   ] GC(23) Metaspace: 43229K(44096K)->42811K(44096K) NonClass: 38193K(38720K)->37890K(38720K) Class: 5035K(5376K)->4921K(5376K)
[2026-10-07T23:43:26.095+0000][gc             ] GC(23) Pause Full (G1 Compaction Pause) 30M->29M(128M) 21.152ms
[2026-10-07T23:43:26.095+0000][gc,cpu         ] GC(23) User=0.05s Sys=0.00s Real=0.03s
[2026-10-07T23:43:26.096+0000][gc,marking     ] GC(20) Concurrent Cleanup for Next Mark 47.785ms
[2026-10-07T23:43:26.096+0000][gc,marking     ] GC(20) Concurrent Mark Abort
[2026-10-07T23:43:26.096+0000][gc             ] GC(20) Concurrent Undo Cycle 48.236ms
[2026-10-07T23:43:28.182+0000][gc,start       ] GC(24) Pause Young (Concurrent Start) (G1 Humongous Allocation)
[2026-10-07T23:43:28.182+0000][gc,task        ] GC(24) Using 4 workers of 4 for evacuation
[2026-10-07T23:43:28.185+0000][gc,phases      ] GC(24)   Pre Evacuate Collection Set: 0.10ms
[2026-10-07T23:43:28.185+0000][gc,phases      ] GC(24)   Merge Heap Roots: 0.08ms
[2026-10-07T23:43:28.185+0000][gc,phases      ] GC(24)   Evacuate Collection Set: 2.42ms
[2026-10-07T23:43:28.185+0000][gc,phases      ] GC(24)   Post Evacuate Collection Set: 0.35ms
[2026-10-07T23:43:28.185+0000][gc,phases      ] GC(24)   Other: 0.10ms
[2026-10-07T23:43:28.185+0000][gc,heap        ] GC(24) Eden regions: 23->0(60)
[2026-10-07T23:43:28.185+0000][gc,heap        ] GC(24) Survivor regions: 0->3(6)
[2026-10-07T23:43:28.185+0000][gc,heap        ] GC(24) Old regions: 21->21
[2026-10-07T23:43:28.185+0000][gc,heap        ] GC(24) Humongous regions: 138->138
[2026-10-07T23:43:28.185+0000][gc,metaspace   ] GC(24) Metaspace: 45001K(45632K)->45001K(45632K) NonClass: 39680K(40064K)->39680K(40064K) Class: 5321K(5568K)->5321K(5568K)
[2026-10-07T23:43:28.185+0000][gc             ] GC(24) Pause Young (Concurrent Start) (G1 Humongous Allocation) 181M->160M(256M) 3.123ms
[2026-10-07T23:43:28.185+0000][gc,cpu         ] GC(24) User=0.01s Sys=0.00s Real=0.00s
[2026-10-07T23:43:28.185+0000][gc             ] GC(25) Concurrent Mark Cycle
[2026-10-07T23:43:28.185+0000][gc,marking     ] GC(25) Concurrent Scan Root Regions
[2026-10-07T23:43:28.186+0000][gc,marking     ] GC(25) Concurrent Scan Root Regions 1.408ms
[2026-10-07T23:43:28.186+0000][gc,marking     ] GC(25) Concurrent Mark
[2026-10-07T23:43:28.186+0000][gc,marking     ] GC(25) Concurrent Mark From Roots
[2026-10-07T23:43:28.186+0000][gc,task        ] GC(25) Using 1 workers of 1 for marking
[2026-10-07T23:43:28.206+0000][gc,marking     ] GC(25) Concurrent Mark From Roots 19.327ms
[2026-10-07T23:43:28.206+0000][gc,marking     ] GC(25) Concurrent Preclean
[2026-10-07T23:43:28.206+0000][gc,marking     ] GC(25) Concurrent Preclean 0.034ms
[2026-10-07T23:43:28.206+0000][gc,start       ] GC(25) Pause Remark
[2026-10-07T23:43:28.212+0000][gc             ] GC(25) Pause Remark 172M->163M(256M) 6.432ms
[2026-10-07T23:43:28.212+0000][gc,cpu         ] GC(25) User=0.01s Sys=0.00s Real=0.01s
[2026-10-07T23:43:28.213+0000][gc,marking     ] GC(25) Concurrent Mark 26.930ms
[2026-10-07T23:43:28.213+0000][gc,marking     ] GC(25) Concurrent Rebuild Remembered Sets and Scrub Regions
[2026-10-07T23:43:28.220+0000][gc,marking     ] GC(25) Concurrent Rebuild Remembered Sets and Scrub Regions 7.196ms
[2026-10-07T23:43:28.221+0000][gc,start       ] GC(25) Pause Cleanup
[2026-10-07T23:43:28.221+0000][gc             ] GC(25) Pause Cleanup 164M->164M(256M) 0.082ms
[2026-10-07T23:43:28.221+0000][gc,cpu         ] GC(25) User=0.00s Sys=0.00s Real=0.00s
[2026-10-07T23:43:28.221+0000][gc,marking     ] GC(25) Concurrent Clear Claimed Marks
[2026-10-07T23:43:28.221+0000][gc,marking     ] GC(25) Concurrent Clear Claimed Marks 0.085ms
[2026-10-07T23:43:28.221+0000][gc,marking     ] GC(25) Concurrent Cleanup for Next Mark
[2026-10-07T23:43:28.221+0000][gc,marking     ] GC(25) Concurrent Cleanup for Next Mark 0.269ms
[2026-10-07T23:43:28.221+0000][gc             ] GC(25) Concurrent Mark Cycle 36.179ms
[2026-10-07T23:43:28.228+0000][gc,heap,exit   ] Heap
[2026-10-07T23:43:28.228+0000][gc,heap,exit   ]  garbage-first heap   total 262144K, used 169230K [0x00000000f0000000, 0x0000000100000000)
[2026-10-07T23:43:28.228+0000][gc,heap,exit   ]   region size 1024K, 8 young (8192K), 3 survivors (3072K)
[2026-10-07T23:43:28.228+0000][gc,heap,exit   ]  Metaspace       used 45071K, committed 45696K, reserved 1114112K
[2026-10-07T23:43:28.228+0000][gc,heap,exit   ]   class space    used 5336K, committed 5568K, reserved 1048576K
