{"fixture":"valid-basic","bytes":74,"expected_rust":"accepted","origin":"Apache MemoryRecords.withRecords","upstream":{"status":"accepted","valid_bytes":74,"full_input_consumed":true,"batches":1,"records":1,"headers":1}}
{"fixture":"valid-nulls-empty","bytes":114,"expected_rust":"accepted","origin":"Apache builder: null/empty fields, duplicate/Unicode headers, unordered timestamps","upstream":{"status":"accepted","valid_bytes":114,"full_input_consumed":true,"batches":1,"records":3,"headers":4}}
{"fixture":"valid-multiple-batches","bytes":188,"expected_rust":"accepted","origin":"Concatenated two independently Apache-built batches, both base offset zero","upstream":{"status":"accepted","valid_bytes":188,"full_input_consumed":true,"batches":2,"records":4,"headers":5}}
{"fixture":"valid-negative-timestamp-delta","bytes":78,"expected_rust":"accepted","origin":"Apache builder with negative timestamp delta","upstream":{"status":"accepted","valid_bytes":78,"full_input_consumed":true,"batches":1,"records":2,"headers":0}}
{"fixture":"valid-offset-boundary","bytes":77,"expected_rust":"accepted","origin":"Apache builder reaching signed next offset Long.MAX_VALUE","upstream":{"status":"accepted","valid_bytes":77,"full_input_consumed":true,"batches":1,"records":2,"headers":0}}
{"fixture":"valid-no-timestamp","bytes":72,"expected_rust":"accepted","origin":"Apache builder with NO_TIMESTAMP sentinel","upstream":{"status":"accepted","valid_bytes":72,"full_input_consumed":true,"batches":1,"records":1,"headers":0}}
{"fixture":"feature-legacy-v0","bytes":32,"expected_rust":"legacy0","origin":"Apache legacy magic0 builder","upstream":{"status":"accepted","valid_bytes":32,"full_input_consumed":true,"batches":1,"records":1,"headers":0}}
{"fixture":"feature-legacy-v1","bytes":36,"expected_rust":"legacy1","origin":"Apache legacy magic1 builder","upstream":{"status":"accepted","valid_bytes":36,"full_input_consumed":true,"batches":1,"records":1,"headers":0}}
{"fixture":"feature-gzip","bytes":94,"expected_rust":"compression1","origin":"Apache builder with actual gzip compression","upstream":{"status":"accepted","valid_bytes":94,"full_input_consumed":true,"batches":1,"records":1,"headers":1}}
{"fixture":"feature-snappy","bytes":96,"expected_rust":"compression2","origin":"Apache builder with actual snappy compression","upstream":{"status":"accepted","valid_bytes":96,"full_input_consumed":true,"batches":1,"records":1,"headers":1}}
{"fixture":"feature-lz4","bytes":89,"expected_rust":"compression3","origin":"Apache builder with actual lz4 compression","upstream":{"status":"accepted","valid_bytes":89,"full_input_consumed":true,"batches":1,"records":1,"headers":1}}
{"fixture":"feature-zstd","bytes":86,"expected_rust":"compression4","origin":"Apache builder with actual zstd compression","upstream":{"status":"accepted","valid_bytes":86,"full_input_consumed":true,"batches":1,"records":1,"headers":1}}
{"fixture":"feature-idempotent","bytes":74,"expected_rust":"idempotent","origin":"Apache idempotent builder","upstream":{"status":"accepted","valid_bytes":74,"full_input_consumed":true,"batches":1,"records":1,"headers":1}}
{"fixture":"feature-transactional","bytes":74,"expected_rust":"transactional","origin":"Apache transactional builder","upstream":{"status":"accepted","valid_bytes":74,"full_input_consumed":true,"batches":1,"records":1,"headers":1}}
{"fixture":"feature-control","bytes":78,"expected_rust":"control","origin":"Apache transaction control marker builder","upstream":{"status":"accepted","valid_bytes":78,"full_input_consumed":true,"batches":1,"records":1,"headers":0}}
{"fixture":"feature-log-append-time","bytes":74,"expected_rust":"logappend","origin":"Apache LOG_APPEND_TIME builder","upstream":{"status":"accepted","valid_bytes":74,"full_input_consumed":true,"batches":1,"records":1,"headers":1}}
{"fixture":"feature-delete-horizon","bytes":74,"expected_rust":"deletehorizon","origin":"Protected delete-horizon bit mutation of Apache batch","upstream":{"status":"accepted","valid_bytes":74,"full_input_consumed":true,"batches":1,"records":1,"headers":1}}
{"fixture":"bad-crc","bytes":74,"expected_rust":"checksum","origin":"Payload mutation without CRC repair","upstream":{"status":"rejected","phase":"batch.ensureValid","exception":"org.apache.kafka.common.errors.CorruptRecordException","message":"Record is corrupt (stored crc = 2245301103, computed crc = 3299839699)","valid_bytes":74,"batches":1,"records":0}}
{"fixture":"bad-magic","bytes":74,"expected_rust":"magic","origin":"Unprotected magic mutation","upstream":{"status":"rejected","phase":"validBytes","exception":"org.apache.kafka.common.errors.CorruptRecordException","message":"Invalid magic found in record: 3","valid_bytes":-1,"batches":0,"records":0}}
{"fixture":"bad-negative-batch-length","bytes":74,"expected_rust":"length","origin":"Unprotected batch-length mutation","upstream":{"status":"rejected","phase":"validBytes","exception":"org.apache.kafka.common.errors.CorruptRecordException","message":"Record size -1 is less than the minimum record overhead (14)","valid_bytes":-1,"batches":0,"records":0}}
{"fixture":"bad-huge-batch-length","bytes":74,"expected_rust":"batchbudget","origin":"Unprotected batch-length bomb","upstream":{"status":"rejected","phase":"validBytes","exception":"java.lang.IllegalArgumentException","message":"newLimit < 0: (-2147483637 < 0)","valid_bytes":-1,"batches":0,"records":0}}
{"fixture":"bad-truncated","bytes":73,"expected_rust":"truncated","origin":"Truncated Apache-produced batch","upstream":{"status":"accepted","valid_bytes":0,"full_input_consumed":false,"batches":0,"records":0,"headers":0}}
{"fixture":"bad-trailing-input","bytes":75,"expected_rust":"truncated","origin":"Trailing incomplete batch prefix","upstream":{"status":"accepted","valid_bytes":74,"full_input_consumed":false,"batches":1,"records":1,"headers":1}}
{"fixture":"bad-negative-count","bytes":74,"expected_rust":"empty","origin":"Protected negative record count","upstream":{"status":"rejected","phase":"record.iterator","exception":"org.apache.kafka.common.InvalidRecordException","message":"Found invalid record count -1 in magic v2 batch","valid_bytes":74,"batches":1,"records":0}}
{"fixture":"bad-zero-count","bytes":74,"expected_rust":"empty","origin":"Protected empty declared record count with retained payload","upstream":{"status":"accepted","valid_bytes":74,"full_input_consumed":true,"batches":1,"records":0,"headers":0}}
{"fixture":"bad-huge-count","bytes":74,"expected_rust":"recordbudget","origin":"Protected record-count bomb","upstream":{"status":"rejected","phase":"record.iterator","exception":"org.apache.kafka.common.InvalidRecordException","message":"Incorrect declared batch size, premature EOF reached","valid_bytes":74,"batches":1,"records":1}}
{"fixture":"bad-count-mismatch","bytes":74,"expected_rust":"length","origin":"Protected coherent count/delta but missing second record","upstream":{"status":"rejected","phase":"record.iterator","exception":"org.apache.kafka.common.InvalidRecordException","message":"Incorrect declared batch size, premature EOF reached","valid_bytes":74,"batches":1,"records":1}}
{"fixture":"bad-last-delta","bytes":74,"expected_rust":"offset","origin":"Protected noncontiguous last offset delta","upstream":{"status":"accepted","valid_bytes":74,"full_input_consumed":true,"batches":1,"records":1,"headers":1}}
{"fixture":"bad-negative-last-delta","bytes":74,"expected_rust":"offset","origin":"Protected negative last offset delta","upstream":{"status":"accepted","valid_bytes":74,"full_input_consumed":true,"batches":1,"records":1,"headers":1}}
{"fixture":"bad-offset-overflow","bytes":74,"expected_rust":"offset","origin":"Unprotected offset addition overflow","upstream":{"status":"accepted","valid_bytes":74,"full_input_consumed":true,"batches":1,"records":1,"headers":1}}
{"fixture":"bad-negative-base-offset","bytes":74,"expected_rust":"offset","origin":"Unprotected negative base offset","upstream":{"status":"accepted","valid_bytes":74,"full_input_consumed":true,"batches":1,"records":1,"headers":1}}
{"fixture":"bad-leader-epoch","bytes":74,"expected_rust":"metadata","origin":"Unprotected invalid leader epoch","upstream":{"status":"accepted","valid_bytes":74,"full_input_consumed":true,"batches":1,"records":1,"headers":1}}
{"fixture":"bad-producer-sentinel","bytes":74,"expected_rust":"metadata","origin":"Protected incoherent producer metadata","upstream":{"status":"accepted","valid_bytes":74,"full_input_consumed":true,"batches":1,"records":1,"headers":1}}
{"fixture":"bad-max-timestamp","bytes":74,"expected_rust":"timestamp","origin":"Protected maximum timestamp mismatch","upstream":{"status":"accepted","valid_bytes":74,"full_input_consumed":true,"batches":1,"records":1,"headers":1}}
{"fixture":"bad-reserved-attributes","bytes":74,"expected_rust":"attributes","origin":"Protected reserved batch bit","upstream":{"status":"accepted","valid_bytes":74,"full_input_consumed":true,"batches":1,"records":1,"headers":1}}
{"fixture":"bad-unknown-codec","bytes":74,"expected_rust":"attributes","origin":"Protected unknown codec ID","upstream":{"status":"rejected","phase":"record.iterator","exception":"java.lang.IllegalArgumentException","message":"Unknown compression type id: 7","valid_bytes":74,"batches":1,"records":0}}
{"fixture":"bad-record-attributes","bytes":74,"expected_rust":"recordattributes","origin":"Protected reserved record bit","upstream":{"status":"accepted","valid_bytes":74,"full_input_consumed":true,"batches":1,"records":1,"headers":1}}
{"fixture":"bad-record-offset","bytes":74,"expected_rust":"offset","origin":"Protected record offset delta2 for record0","upstream":{"status":"accepted","valid_bytes":74,"full_input_consumed":true,"batches":1,"records":1,"headers":1}}
{"fixture":"bad-record-short-length","bytes":74,"expected_rust":"length","origin":"Protected undersized record body","upstream":{"status":"rejected","phase":"record.iterator","exception":"org.apache.kafka.common.InvalidRecordException","message":"Invalid record size: expected to read 1 bytes in record payload, but instead read 12","valid_bytes":74,"batches":1,"records":0}}
{"fixture":"bad-record-long-length","bytes":74,"expected_rust":"truncated","origin":"Protected record body extends beyond batch","upstream":{"status":"rejected","phase":"record.iterator","exception":"org.apache.kafka.common.InvalidRecordException","message":"Invalid record size: expected 32 bytes in record payload, but instead the buffer has only 12 remaining bytes.","valid_bytes":74,"batches":1,"records":0}}
{"fixture":"bad-record-trailing","bytes":75,"expected_rust":"trailing","origin":"Protected unconsumed record byte","upstream":{"status":"rejected","phase":"record.iterator","exception":"org.apache.kafka.common.InvalidRecordException","message":"Invalid record size: expected to read 13 bytes in record payload, but instead read 12","valid_bytes":75,"batches":1,"records":0}}
{"fixture":"bad-batch-trailing","bytes":75,"expected_rust":"trailing","origin":"Protected unconsumed batch byte","upstream":{"status":"rejected","phase":"record.iterator","exception":"org.apache.kafka.common.InvalidRecordException","message":"Incorrect declared batch size, records still remaining in file","valid_bytes":75,"batches":1,"records":0}}
{"fixture":"bad-key-negative","bytes":74,"expected_rust":"length","origin":"Protected invalid nullable-key sentinel","upstream":{"status":"rejected","phase":"record.iterator","exception":"org.apache.kafka.common.InvalidRecordException","message":"Found invalid record structure","valid_bytes":74,"batches":1,"records":0}}
{"fixture":"bad-value-negative","bytes":74,"expected_rust":"length","origin":"Protected invalid nullable-value sentinel","upstream":{"status":"rejected","phase":"record.iterator","exception":"org.apache.kafka.common.InvalidRecordException","message":"Found invalid number of record headers. 59 is larger than the remaining size of the buffer","valid_bytes":74,"batches":1,"records":0}}
{"fixture":"bad-key-length-bomb","bytes":78,"expected_rust":"fieldbudget","origin":"Protected key-length bomb","upstream":{"status":"rejected","phase":"record.iterator","exception":"org.apache.kafka.common.InvalidRecordException","message":"Found invalid record structure","valid_bytes":78,"batches":1,"records":0}}
{"fixture":"bad-value-length-bomb","bytes":78,"expected_rust":"fieldbudget","origin":"Protected value-length bomb","upstream":{"status":"rejected","phase":"record.iterator","exception":"org.apache.kafka.common.InvalidRecordException","message":"Found invalid record structure","valid_bytes":78,"batches":1,"records":0}}
{"fixture":"bad-header-negative-count","bytes":74,"expected_rust":"length","origin":"Protected negative header count","upstream":{"status":"rejected","phase":"record.iterator","exception":"org.apache.kafka.common.InvalidRecordException","message":"Found invalid number of record headers -1","valid_bytes":74,"batches":1,"records":0}}
{"fixture":"bad-header-count-bomb","bytes":78,"expected_rust":"headerbudget","origin":"Protected header-count bomb","upstream":{"status":"rejected","phase":"record.iterator","exception":"org.apache.kafka.common.InvalidRecordException","message":"Found invalid number of record headers. 2147483647 is larger than the remaining size of the buffer","valid_bytes":78,"batches":1,"records":0}}
{"fixture":"bad-header-key-null","bytes":74,"expected_rust":"length","origin":"Protected nullable header key","upstream":{"status":"rejected","phase":"record.iterator","exception":"org.apache.kafka.common.InvalidRecordException","message":"Invalid negative header key size -1","valid_bytes":74,"batches":1,"records":0}}
{"fixture":"bad-header-key-bomb","bytes":78,"expected_rust":"fieldbudget","origin":"Protected header-key length bomb","upstream":{"status":"rejected","phase":"record.iterator","exception":"org.apache.kafka.common.InvalidRecordException","message":"Found invalid record structure","valid_bytes":78,"batches":1,"records":0}}
{"fixture":"bad-header-value-negative","bytes":74,"expected_rust":"length","origin":"Protected invalid nullable-header-value sentinel","upstream":{"status":"rejected","phase":"record.iterator","exception":"org.apache.kafka.common.InvalidRecordException","message":"Invalid record size: expected to read 12 bytes in record payload, but instead read 11","valid_bytes":74,"batches":1,"records":0}}
{"fixture":"bad-header-utf8","bytes":74,"expected_rust":"headerkey","origin":"Protected non-UTF8 header key","upstream":{"status":"accepted","valid_bytes":74,"full_input_consumed":true,"batches":1,"records":1,"headers":1}}
{"fixture":"bad-varint-overflow","bytes":78,"expected_rust":"varintoverflow","origin":"Protected 32-bit record-length varint overflow","upstream":{"status":"rejected","phase":"record.iterator","exception":"org.apache.kafka.common.InvalidRecordException","message":"Invalid record size: expected to read -134217728 bytes in record payload, but instead read 12","valid_bytes":78,"batches":1,"records":0}}
{"fixture":"bad-varlong-overflow","bytes":83,"expected_rust":"varintoverflow","origin":"Protected 64-bit timestamp varint overflow","upstream":{"status":"accepted","valid_bytes":83,"full_input_consumed":true,"batches":1,"records":1,"headers":1}}
{"fixture":"strict-noncanonical-record-length","bytes":75,"expected_rust":"noncanonical","origin":"Protected overlong but numerically valid record-length varint","upstream":{"status":"accepted","valid_bytes":75,"full_input_consumed":true,"batches":1,"records":1,"headers":1}}
{"fixture":"strict-noncanonical-timestamp","bytes":75,"expected_rust":"noncanonical","origin":"Protected overlong zero timestamp delta","upstream":{"status":"accepted","valid_bytes":75,"full_input_consumed":true,"batches":1,"records":1,"headers":1}}
{"fixture":"strict-noncanonical-offset","bytes":75,"expected_rust":"noncanonical","origin":"Protected overlong zero offset delta","upstream":{"status":"accepted","valid_bytes":75,"full_input_consumed":true,"batches":1,"records":1,"headers":1}}
{"fixture":"bad-timestamp-overflow","bytes":74,"expected_rust":"timestamp","origin":"Protected timestamp addition overflow","upstream":{"status":"accepted","valid_bytes":74,"full_input_consumed":true,"batches":1,"records":1,"headers":1}}
SLF4J: Failed to load class "org.slf4j.impl.StaticLoggerBinder".
SLF4J: Defaulting to no-operation (NOP) logger implementation
SLF4J: See http://www.slf4j.org/codes.html#StaticLoggerBinder for further details.
