   Compiling partitionline-broker v0.1.0 (/workspace/work/broker-records/source/partitionline-broker)
    Finished `test` profile [unoptimized + debuginfo] target(s) in 8.19s
     Running unittests src/lib.rs (/workspace/work/target-broker-records/debug/deps/partitionline_broker-920e2c9634d7160a)

running 13 tests
test catalog::tests::complete_unconfirmed_create_is_invisible_until_synced_replay ... ok
test catalog::tests::complete_unconfirmed_tombstone_keeps_previous_state_until_recovery ... ok
test journal::tests::bounded_index_capacity_and_rejections_never_write ... ok
test journal::tests::complete_recovery_sync_failure_never_reports_durable_state ... ok
test journal::tests::corrupted_file_header_and_recovery_offset_overflow_fail_closed ... ok
test journal::tests::header_length_bomb_fails_before_tail_allocation_or_repair ... ok
test journal::tests::success_synchronizes_complete_bytes_before_return ... ok
test journal::tests::early_zero_read_does_not_become_a_successful_tail_repair ... ok
test journal::tests::partial_header_and_payload_writes_poison_without_advancing ... ok
test journal::tests::tail_repair_truncate_and_sync_errors_never_report_success ... ok
test journal::tests::zero_write_and_sync_failure_poison_with_ambiguous_recovery ... ok
test journal::tests::valid_later_header_prevents_repair_after_interior_byte_loss ... ok
test journal::tests::recovery_loops_through_partial_reads_and_interrupted_calls ... ok

test result: ok. 13 passed; 0 failed; 0 ignored; 0 measured; 0 filtered out; finished in 0.00s

     Running tests/catalog.rs (/workspace/work/target-broker-records/debug/deps/catalog-f2c0d9b3d3b3f819)

running 14 tests
test changed_file_poisoning_keeps_confirmed_state_and_recovery_repairs_tail ... ok
test complete_journal_corruption_and_interior_byte_loss_fail_closed ... ok
test atomic_create_delete_tombstone_and_name_recreation_survive_restart ... ok
test deleted_collision_name_is_released_but_identity_is_not ... ok
test independent_apache_name_vectors_match_and_reserved_ids_are_rejected ... ok
test invalid_limits_and_tightened_journal_bounds_are_explicit ... ok
test deletes_count_against_operation_replay_and_journal_budgets ... ok
test invalid_names_partitions_duplicate_names_ids_and_collisions_do_not_mutate ... ok
test oversized_persisted_entry_and_duplicate_owner_are_rejected ... ok
test stricter_restart_budgets_fail_without_rewriting_complete_history ... ok
test process_exit_without_destructors_preserves_durable_history_and_reports_tails ... ok
test topic_identity_partition_operation_and_replay_budgets_hold_before_append ... ok
test checksummed_malformed_operations_and_conflicting_histories_fail_closed ... ok
test every_torn_tombstone_tail_prefix_recovers_whole_previous_catalog ... ok

test result: ok. 14 passed; 0 failed; 0 ignored; 0 measured; 0 filtered out; finished in 0.09s

     Running tests/journal.rs (/workspace/work/target-broker-records/debug/deps/journal-4d5dc236e920617e)

running 15 tests
test actual_file_matches_documented_checksums_and_can_be_retained_for_oracle ... ok
test durable_restart_preserves_explicit_record_counts_and_logical_ranges ... ok
test complete_payload_and_header_corruption_never_truncate ... ok
test external_file_growth_poisons_append_without_offset_advance ... ok
test failed_open_releases_ownership_and_positive_limits_are_validated ... ok
test fetch_output_charges_entry_storage_and_never_returns_partial_failure ... ok
test file_and_index_budgets_hold_on_append_and_recovery ... ok
test file_header_identity_and_partial_prefix_damage_fail_closed ... ok
test interior_missing_payload_with_later_entry_is_not_a_torn_final_entry ... ok
test invalid_append_and_offset_overflow_leave_committed_state_unchanged ... ok
test live_inode_aliases_are_rejected_and_guard_releases_after_drop ... ok
test simultaneous_new_file_open_rejects_a_second_live_handle ... ok
test protected_invalid_lengths_counts_and_offset_gaps_fail_closed ... ok
test process_exit_without_destructors_recovers_durable_and_incomplete_entries ... ok
test every_incomplete_tail_prefix_repairs_to_last_complete_entry ... ok

test result: ok. 15 passed; 0 failed; 0 ignored; 0 measured; 0 filtered out; finished in 0.06s

     Running tests/protocol.rs (/workspace/work/target-broker-records/debug/deps/protocol-a231f9a21acee148)

running 9 tests
test classic_and_flexible_headers_borrow_classic_client_id ... ok
test all_supported_request_truncations_fail_without_panicking ... ok
test compiled_registry_and_all_apache_goldens ... ok
test semantic_software_validation_matches_apache_pattern ... ok
test software_utf8_null_string_length_and_tag_faults_fail_closed ... ok
test unsupported_api_versions_ignore_unknown_body_and_echo_signed_correlation ... ok
test validated_limits_bound_frame_and_tag_work ... ok
test malformed_or_unimplemented_connection_closes_while_peer_continues ... ok
test real_tcp_pipeline_success_semantic_error_and_unsupported_fallback ... ok

test result: ok. 9 passed; 0 failed; 0 ignored; 0 measured; 0 filtered out; finished in 0.45s

     Running tests/records.rs (/workspace/work/target-broker-records/debug/deps/records-86f6c1800167d888)

running 12 tests
test borrowed_projection_preserves_input_and_independent_batch_bases ... ok
test damaged_unsupported_batches_still_fail_checksum_first ... ok
test every_independent_byte_and_work_budget_is_checked ... ok
test every_truncation_and_incomplete_trailing_prefix_is_rejected ... ok
test exact_byte_and_count_limits_admit_the_complete_batch ... ok
test limits_are_positive_and_have_checked_hard_maxima ... ok
test each_protected_bit_flip_fails_checksum_before_record_parsing ... ok
test apache_generated_valid_features_and_hostile_fixtures_have_typed_outcomes ... ok
test signed_timestamp_varlong_boundaries_are_checked_without_wrapping ... ok
test variable_fields_cannot_read_beyond_the_enclosing_record ... ok
test zero_header_records_are_accepted_and_header_keys_values_remain_nullable_correctly ... ok
test rejected_admission_leaves_journal_state_and_validated_restart_bytes_intact ... ok

test result: ok. 12 passed; 0 failed; 0 ignored; 0 measured; 0 filtered out; finished in 0.00s

     Running tests/tls.rs (/workspace/work/target-broker-records/debug/deps/tls-6880412c67105748)

running 0 tests

test result: ok. 0 passed; 0 failed; 0 ignored; 0 measured; 0 filtered out; finished in 0.00s

     Running tests/transport.rs (/workspace/work/target-broker-records/debug/deps/transport-6f1a7dbbad971b04)

running 16 tests
test cancelled_shutdown_await_can_be_retried_and_still_joins ... ok
test dropping_transport_requests_socket_and_handler_cleanup ... ok
test adversarial_lengths_close_before_payload_or_handler_and_isolate_peers ... ok
test connection_overload_rejects_without_spawning_handler ... ok
test handler_error_and_oversized_response_close_only_their_connections ... ok
test handler_work_is_bounded_and_shutdown_joins_active_and_queued_requests ... ok
test hanging_handler_times_out_and_its_future_is_dropped ... ok
test idle_connection_has_an_absolute_read_deadline ... ok
test fragmented_prefix_body_empty_and_exact_limit_roundtrip ... ok
test pipelined_no_reply_sends_no_frame_and_keeps_connection_usable ... ok
test rejects_zero_and_out_of_range_configuration_without_io ... ok
test truncated_prefix_and_body_never_invoke_handler ... ok
test pipelined_requests_keep_wire_and_handler_order ... ok
test slowloris_progress_does_not_reset_prefix_plus_body_deadline ... ok
test unread_large_response_hits_absolute_write_deadline_and_joins ... ok
test handler_deadline_includes_waiting_for_concurrency_permit ... ok

test result: ok. 16 passed; 0 failed; 0 ignored; 0 measured; 0 filtered out; finished in 0.30s

   Doc-tests partitionline_broker

running 0 tests

test result: ok. 0 passed; 0 failed; 0 ignored; 0 measured; 0 filtered out; finished in 0.00s

