Ign:1 <configured-snapshot-mirror>/archive/debian/20260828T000000Z trixie InRelease
Ign:2 <configured-snapshot-mirror>/archive/debian/20260828T000000Z trixie-updates InRelease
Ign:3 <configured-snapshot-mirror>/archive/debian-security/20260828T000000Z trixie-security InRelease
Ign:3 <configured-snapshot-mirror>/archive/debian-security/20260828T000000Z trixie-security InRelease
Ign:2 <configured-snapshot-mirror>/archive/debian/20260828T000000Z trixie-updates InRelease
Ign:1 <configured-snapshot-mirror>/archive/debian/20260828T000000Z trixie InRelease
Ign:1 <configured-snapshot-mirror>/archive/debian/20260828T000000Z trixie InRelease
Ign:2 <configured-snapshot-mirror>/archive/debian/20260828T000000Z trixie-updates InRelease
Ign:3 <configured-snapshot-mirror>/archive/debian-security/20260828T000000Z trixie-security InRelease
Err:3 <configured-snapshot-mirror>/archive/debian-security/20260828T000000Z trixie-security InRelease
  Invalid response from proxy: HTTP/1.1 403 Forbidden  content-length: 16  content-type: text/plain  date: Fri, 02 Oct 2026 18:52:26 GMT  server: envoy  connection: close     [proxy IP redacted]
  Invalid response from proxy: HTTP/1.1 403 Forbidden  content-length: 16  content-type: text/plain  date: Fri, 02 Oct 2026 18:52:27 GMT  server: envoy  connection: close     [proxy IP redacted]
  Invalid response from proxy: HTTP/1.1 403 Forbidden  content-length: 16  content-type: text/plain  date: Fri, 02 Oct 2026 18:52:29 GMT  server: envoy  connection: close     [proxy IP redacted]
  Invalid response from proxy: HTTP/1.1 403 Forbidden  content-length: 16  content-type: text/plain  date: Fri, 02 Oct 2026 18:52:33 GMT  server: envoy  connection: close     [proxy IP redacted]
Err:2 <configured-snapshot-mirror>/archive/debian/20260828T000000Z trixie-updates InRelease
  Invalid response from proxy: HTTP/1.1 403 Forbidden  content-length: 16  content-type: text/plain  date: Fri, 02 Oct 2026 18:52:26 GMT  server: envoy  connection: close     [proxy IP redacted]
  Invalid response from proxy: HTTP/1.1 403 Forbidden  content-length: 16  content-type: text/plain  date: Fri, 02 Oct 2026 18:52:27 GMT  server: envoy  connection: close     [proxy IP redacted]
  Invalid response from proxy: HTTP/1.1 403 Forbidden  content-length: 16  content-type: text/plain  date: Fri, 02 Oct 2026 18:52:29 GMT  server: envoy  connection: close     [proxy IP redacted]
  Invalid response from proxy: HTTP/1.1 403 Forbidden  content-length: 16  content-type: text/plain  date: Fri, 02 Oct 2026 18:52:33 GMT  server: envoy  connection: close     [proxy IP redacted]
Err:1 <configured-snapshot-mirror>/archive/debian/20260828T000000Z trixie InRelease
  Invalid response from proxy: HTTP/1.1 403 Forbidden  content-length: 16  content-type: text/plain  date: Fri, 02 Oct 2026 18:52:26 GMT  server: envoy  connection: close     [proxy IP redacted]
  Invalid response from proxy: HTTP/1.1 403 Forbidden  content-length: 16  content-type: text/plain  date: Fri, 02 Oct 2026 18:52:27 GMT  server: envoy  connection: close     [proxy IP redacted]
  Invalid response from proxy: HTTP/1.1 403 Forbidden  content-length: 16  content-type: text/plain  date: Fri, 02 Oct 2026 18:52:29 GMT  server: envoy  connection: close     [proxy IP redacted]
  Invalid response from proxy: HTTP/1.1 403 Forbidden  content-length: 16  content-type: text/plain  date: Fri, 02 Oct 2026 18:52:33 GMT  server: envoy  connection: close     [proxy IP redacted]
Reading package lists...
W: Failed to fetch <configured-snapshot-mirror>/archive/debian/20260828T000000Z/dists/trixie/InRelease  Invalid response from proxy: HTTP/1.1 403 Forbidden  content-length: 16  content-type: text/plain  date: Fri, 02 Oct 2026 18:52:33 GMT  server: envoy  connection: close     [proxy IP redacted]
W: Failed to fetch <configured-snapshot-mirror>/archive/debian/20260828T000000Z/dists/trixie-updates/InRelease  Invalid response from proxy: HTTP/1.1 403 Forbidden  content-length: 16  content-type: text/plain  date: Fri, 02 Oct 2026 18:52:33 GMT  server: envoy  connection: close     [proxy IP redacted]
W: Failed to fetch <configured-snapshot-mirror>/archive/debian-security/20260828T000000Z/dists/trixie-security/InRelease  Invalid response from proxy: HTTP/1.1 403 Forbidden  content-length: 16  content-type: text/plain  date: Fri, 02 Oct 2026 18:52:33 GMT  server: envoy  connection: close     [proxy IP redacted]
W: Some index files failed to download. They have been ignored, or old ones used instead.
