   Compiling libc v0.2.189
   Compiling proc-macro2 v1.0.107
   Compiling unicode-ident v1.0.26
   Compiling quote v1.0.47
   Compiling semver v1.0.28
   Compiling rustc_version v0.4.1
   Compiling syn v3.0.6
   Compiling crc32c v0.6.8
   Compiling getrandom v0.4.3
   Compiling tokio-macros v2.7.2
   Compiling socket2 v0.6.5
   Compiling mio v1.2.3
   Compiling pin-project-lite v0.2.17
   Compiling cfg-if v1.0.5
   Compiling bytes v1.12.1
   Compiling tokio v1.53.1
   Compiling partitionline-broker v0.1.0 (/workspace/partitionline/partitionline-broker)
    Finished `test` profile [unoptimized] target(s) in 11.62s
     Running unittests src/lib.rs (/workspace/work/target-broker-segments/debug/deps/partitionline_broker-ea773fb32d16e69c)

running 4 tests
test segments::tests::every_roll_publication_failure_preserves_prior_acknowledgments ... roll failure IndexWritten: acknowledged payload preserved
roll failure IndexSynced: acknowledged payload preserved
roll failure IndexRenamed: acknowledged payload preserved
roll failure NewActiveSynced: acknowledged payload preserved
roll failure ManifestWritten: acknowledged payload preserved
roll failure ManifestSynced: acknowledged payload preserved
roll failure ManifestRenamed: acknowledged payload preserved
roll failure DirectorySynced: acknowledged payload preserved
ok
test segments::tests::process_exit_at_each_roll_publication_stage_recovers_committed_payloads ... process exit IndexWritten: prior durable append recovered
process exit IndexSynced: prior durable append recovered
process exit IndexRenamed: prior durable append recovered
process exit NewActiveSynced: prior durable append recovered
process exit ManifestWritten: prior durable append recovered
process exit ManifestSynced: prior durable append recovered
process exit ManifestRenamed: prior durable append recovered
process exit DirectorySynced: prior durable append recovered
ok
test segments::tests::process_exit_during_partial_copy_and_each_replacement_publication_recovers_all_records ... replacement process exit CopyEntrySynced: all4 durable payloads recovered
replacement process exit IndexWritten: all4 durable payloads recovered
replacement process exit IndexSynced: all4 durable payloads recovered
replacement process exit IndexRenamed: all4 durable payloads recovered
replacement process exit ManifestWritten: all4 durable payloads recovered
replacement process exit ManifestSynced: all4 durable payloads recovered
replacement process exit ManifestRenamed: all4 durable payloads recovered
replacement process exit DirectorySynced: all4 durable payloads recovered
replacement process exit OldDataRemoved: all4 durable payloads recovered
ok
test segments::tests::replacement_publication_and_cleanup_failures_select_complete_generations ... replacement failure IndexWritten: both acknowledged payloads preserved
replacement failure IndexSynced: both acknowledged payloads preserved
replacement failure IndexRenamed: both acknowledged payloads preserved
replacement failure ManifestWritten: both acknowledged payloads preserved
replacement failure ManifestSynced: both acknowledged payloads preserved
replacement failure ManifestRenamed: both acknowledged payloads preserved
replacement failure DirectorySynced: both acknowledged payloads preserved
replacement failure OldDataRemoved: both acknowledged payloads preserved
ok

test result: ok. 4 passed; 0 failed; 0 ignored; 0 measured; 28 filtered out; finished in 0.04s

