   Compiling proc-macro2 v1.0.107
   Compiling quote v1.0.47
   Compiling libc v0.2.189
   Compiling unicode-ident v1.0.26
   Compiling semver v1.0.28
   Compiling rustc_version v0.4.1
   Compiling syn v3.0.6
   Compiling crc32c v0.6.8
   Compiling tokio-macros v2.7.2
   Compiling socket2 v0.6.5
   Compiling mio v1.2.3
   Compiling pin-project-lite v0.2.17
   Compiling bytes v1.12.1
   Compiling tokio v1.53.1
   Compiling partitionline-broker v0.1.0 (/workspace/partitionline/partitionline-broker)
warning: variable does not need to be mutable
  --> tests/records.rs:31:9
   |
31 |     let mut file = File::open(path)?;
   |         ----^^^^
   |         |
   |         help: remove this `mut`
   |
   = note: `#[warn(unused_mut)]` (part of `#[warn(unused)]`) on by default

error: missing documentation for the crate
   --> tests/records.rs:1:1
    |
  1 | / use std::fs::{self, File};
  2 | | use std::io::Read;
  3 | | use std::path::PathBuf;
  4 | | use std::sync::atomic::{AtomicU64, Ordering};
...   |
373 | |     fs::remove_dir_all(directory).unwrap();
374 | | }
    | |_^
    |
    = note: requested on the command line with `-D missing-docs`

warning: `partitionline-broker` (test "records") generated 1 warning
error: could not compile `partitionline-broker` (test "records") due to 1 previous error; 1 warning emitted
