    Checking partitionline v0.1.0 (/workspace/partitionline)
error: indexing may panic
    --> src/share.rs:1561:50
     |
1561 | ...                   let delivery_count = ranges[0].delivery_count;
     |                                            ^^^^^^^^^
     |
     = help: consider using `.get(n)` or `.get_mut(n)` instead
     = help: for further information visit https://rust-lang.github.io/rust-clippy/rust-1.99.0/index.html#indexing_slicing
     = note: requested on the command line with `-D clippy::indexing-slicing`

error: redundant closure
    --> src/share.rs:2005:41
     |
2005 | ...                   .is_none_or(|previous| share_ack_retriable(previous))
     |                                   ^^^^^^^^^^^^^^^^^^^^^^^^^^^^^^^^^^^^^^^^ help: replace the closure with the function itself: `share_ack_retriable`
     |
     = help: for further information visit https://rust-lang.github.io/rust-clippy/rust-1.99.0/index.html#redundant_closure
     = note: `-D clippy::redundant-closure` implied by `-D warnings`
     = help: to override `-D warnings` add `#[allow(clippy::redundant_closure)]`

error: could not compile `partitionline` (lib) due to 2 previous errors
