   Compiling partitionline v0.1.0 (/workspace/partitionline)
warning: method `roundtrip_node` is never used
    --> src/consumer.rs:2334:25
     |
1758 | impl Consumer {
     | ------------- method in this implementation
...
2334 |     pub(crate) async fn roundtrip_node(
     |                         ^^^^^^^^^^^^^^
     |
     = note: `#[warn(dead_code)]` (part of `#[warn(unused)]`) on by default

warning: `partitionline` (lib) generated 1 warning
warning: unused import: `encode_share_fetch_response`
   --> tests/common/mod.rs:195:5
    |
195 |     encode_share_fetch_response, encode_share_fetch_response_with_acquisition_lock_timeout,
    |     ^^^^^^^^^^^^^^^^^^^^^^^^^^^
    |
    = note: `#[warn(unused_imports)]` (part of `#[warn(unused)]`) on by default

error: couldn't create a temp dir: No space left on device (os error 28) at path "/workspace/work/client-share-target/debug/deps/rustcrCxkgX"

warning: `partitionline` (test "full_surface") generated 1 warning
error: could not compile `partitionline` (test "full_surface") due to 1 previous error; 1 warning emitted
