    Checking nullbroker v0.1.0 (/workspace/partitionline/benchmarks/nullbroker)
error: call to `std::mem::drop` with a value that does not implement `Drop`. Dropping such a type only extends its contained lifetimes
    --> tests/interop.rs:1114:5
     |
1114 |     drop(rpc);
     |     ^^^^^^^^^
     |
note: argument has type `Rpc<'_>`
    --> tests/interop.rs:1114:10
     |
1114 |     drop(rpc);
     |          ^^^
     = help: for further information visit https://rust-lang.github.io/rust-clippy/rust-1.99.0/index.html#drop_non_drop
     = note: `-D clippy::drop-non-drop` implied by `-D warnings`
     = help: to override `-D warnings` add `#[allow(clippy::drop_non_drop)]`

error: call to `std::mem::drop` with a value that does not implement `Drop`. Dropping such a type only extends its contained lifetimes
    --> tests/interop.rs:1197:5
     |
1197 |     drop(rpc);
     |     ^^^^^^^^^
     |
note: argument has type `Rpc<'_>`
    --> tests/interop.rs:1197:10
     |
1197 |     drop(rpc);
     |          ^^^
     = help: for further information visit https://rust-lang.github.io/rust-clippy/rust-1.99.0/index.html#drop_non_drop

error: could not compile `nullbroker` (test "interop") due to 2 previous errors
