   Compiling libc v0.2.189
    Checking cfg-if v1.0.4
   Compiling find-msvc-tools v0.1.11
   Compiling shlex v2.0.1
   Compiling cc v1.4.4
    Checking typenum v1.20.1
   Compiling proc-macro2 v1.0.107
   Compiling ring v0.17.14
    Checking hybrid-array v0.4.14
   Compiling unicode-ident v1.0.24
   Compiling quote v1.0.47
    Checking zeroize v1.9.0
    Checking cmov v0.5.4
    Checking ctutils v0.4.2
    Checking rustls-pki-types v1.15.1
    Checking block-buffer v0.12.1
    Checking crypto-common v0.2.2
    Checking getrandom v0.2.17
    Checking const-oid v0.10.2
   Compiling semver v1.0.28
    Checking untrusted v0.9.0
   Compiling rustc_version v0.4.1
    Checking digest v0.11.3
   Compiling syn v3.0.4
    Checking errno v0.3.14
   Compiling parking_lot_core v0.9.12
   Compiling crc32fast v1.5.1
   Compiling rustls v0.23.45
    Checking signal-hook-registry v1.4.8
    Checking rustls-webpki v0.103.15
   Compiling crc32c v0.6.8
    Checking socket2 v0.6.5
    Checking mio v1.2.2
    Checking bytes v1.12.1
   Compiling getrandom v0.4.3
   Compiling snap v1.1.2
    Checking smallvec v1.15.2
    Checking subtle v2.6.1
    Checking simd-adler32 v0.3.10
    Checking adler2 v2.0.1
    Checking scopeguard v1.2.0
    Checking once_cell v1.21.4
    Checking pin-project-lite v0.2.17
   Compiling tokio-macros v2.7.2
    Checking tokio v1.53.1
    Checking lock_api v0.4.14
    Checking miniz_oxide v0.9.1
    Checking hmac v0.13.0
    Checking zlib-rs v0.6.8
    Checking cpufeatures v0.3.1
    Checking twox-hash v2.1.2
    Checking lz4_flex v0.14.0
    Checking tokio-rustls v0.26.5
    Checking sha2 v0.11.0
    Checking flate2 v1.1.10
    Checking pbkdf2 v0.13.0
    Checking parking_lot v0.12.5
    Checking webpki-roots v1.0.9
    Checking base64 v0.23.1
    Checking partitionline v0.1.0 (/workspace/partitionline)
    Finished `dev` profile [unoptimized + debuginfo] target(s) in 14.42s
