   Compiling partitionline v0.1.0 (/workspace/partitionline)
    Finished `test` profile [unoptimized + debuginfo] target(s) in 23.51s
     Running unittests src/lib.rs (/workspace/work/target-produce-v13/debug/deps/partitionline-80ec805f930edf61)

running 1100 tests
test admin::tests::alter_config_op_type_matches_java ... ok
test admin::tests::alter_configs_request_configs_match_java ... ok
test admin::tests::alter_configs_errors_match_java ... ok
test admin::tests::admin_java_spec_getters_match_fields ... ok
test admin::tests::config_type_and_source_match_wire_ids ... ok
test admin::tests::config_get_and_replacement_match_java ... ok
test admin::tests::deleted_records_matches_java ... ok
test admin::tests::config_resource_type_matches_protocol_consts ... ok
test admin::tests::group_type_and_state_match_java ... ok
test admin::tests::delegation_token_getters_match_java ... ok
test admin::tests::new_partition_reassignment_matches_java ... ok
test admin::tests::list_offset_topic_requests_keeps_duplicate_partitions ... ok
test admin::tests::records_to_delete_before_offset_converts_to_i64 ... ok
test admin::tests::list_config_resources_response_config_resources_matches_java ... ok
test admin::tests::remaining_admin_result_getters_match_java ... ok
test admin::tests::scram_mechanism_matches_protocol_consts ... ok
test admin::tests::replica_log_dirs_group_and_map_current_future ... ok
test admin::tests::topic_collection_matches_java ... ok
test admin::tests::topic_listings_skip_errors_and_unnamed ... ok
test admin::tests::update_features_client_checks_match_java ... ok
test admin::tests::user_scram_credential_alteration_user_matches_java ... ok
test admin::tests::topic_partition_replica_and_log_dir_getters ... ok
test cluster::tests::apply_current_leader_updates_known_broker ... ok
test cluster::tests::apply_drops_unreliable_leader_epochs ... ok
test cluster::tests::apply_fills_sparse_partition_holes_with_sentinels ... ok
test admin::tests::uuid_matches_java ... ok
test cluster::tests::not_controller_is_retriable ... ok
test cluster::tests::apply_stores_controller_id ... ok
test config::tests::auto_offset_reset_default_is_earliest ... ok
test cluster::tests::topic_fresh_respects_max_age ... ok
test config::tests::acks_roundtrip ... ok
test config::tests::connection_idle_expired_zero_never_closes ... ok
test config::tests::endpoint_matches_java ... ok
test config::tests::isolation_roundtrip ... ok
test config::tests::retry_backoff_delay_doubles_then_caps ... ok
test config::tests::sasl_apply_clears_other_mechanisms ... ok
test config::tests::listener_name_matches_java ... ok
test config::tests::reconnect_backoff_delay_skips_first_then_doubles ... ok
test config::tests::security_protocol_matches_java ... ok
test consumer::tests::consumer_records_partitions_and_filters ... ok
test consumer::tests::fetch_session_abandoned_request_requires_full_map_and_closes_known_session ... ok
test consumer::tests::fetch_session_decline_version_change_and_epoch_wrap ... ok
test consumer::tests::fetch_session_topic_id_replacement_forgets_old_identity ... ok
test consumer::tests::java_core_type_getters_match_fields ... ok
test error::tests::api_error_matches_java ... ok
test consumer::tests::fetch_session_failure_or_malformed_header_resets_before_partition_application ... ok
test group::tests::committed_starts_uses_fetched_or_zero ... ok
test group::tests::consumer_group_metadata_getters_match_java ... ok
test group::tests::coordinator_retriable_covers_load_and_move ... ok
test error::tests::for_code_matches_java_errors ... ok
test group::tests::group_offset_topics_collapses_partitions ... ok
test group::tests::group_protocol_matches_java ... ok
test group::tests::cooperative_sticky_holds_owned_until_revoke ... ok
test group::tests::filter_matching_topics_skips_internal_and_sorts ... ok
test group::tests::kip848_wanted_maps_topic_id_to_subscribed_name ... ok
test group::tests::offset_commit_load_in_progress_is_not_at_byte_four ... ok
test group::tests::offset_commit_not_coordinator_is_not_at_byte_four ... ok
test group::tests::offset_fetch_not_coordinator_is_not_at_byte_four ... ok
test group::tests::range_splits_all_partitions_without_overlap ... ok
test group::tests::range_subscribed_keeps_members_on_their_topics ... ok
test group::tests::sticky_owned_later_higher_generation_takes_doubly_claimed ... ok
test group::tests::sticky_owned_higher_generation_keeps_partition ... ok
test group::tests::range_topics_assigns_each_topic_independently ... ok
test group::tests::sticky_keeps_previous_when_still_valid ... ok
test group::tests::sticky_owned_same_generation_revokes_from_both ... ok
test group::tests::sticky_rebalances_when_a_member_joins ... ok
test metrics::tests::format_bytes_matches_java_utils ... ok
test metrics::tests::fetch_topics_sorted_and_grouped ... ok
test metrics::tests::latency_tracker_min_max_mean ... ok
test metrics::tests::metrics_default_zero ... ok
test metrics::tests::latency_tracker_p50_p99_of_one_to_hundred ... ok
test metrics::tests::quota_matches_java_metrics ... ok
test metrics::tests::record_batch_empty_is_noop ... ok
test metrics::tests::throttle_stats_ignore_zero_and_saturate_without_labels ... ok
test metrics::tests::record_batch_exact_totals_one_sample_per_batch ... ok
test metrics::tests::percentile_index_ceil_rank ... ok
test net::tests::deadline_contract_tracks_remaining_and_expiration ... ok
test net::tests::next_correlation_id_skips_sasl_reserved_range ... ok
test net::tests::next_sasl_correlation_id_uses_reserved_range ... ok
test net::tests::parse_and_validate_addresses_match_java ... ok
test net::tests::parse_response_wraps_unrelated_sasl_correlation ... ok
test net::tests::reserve_frame_grows_once_to_known_size ... ok
test net::tests::reserve_frame_is_noop_when_already_filled ... ok
test net::tests::reserved_correlation_ids_match_java ... ok
test partitioner::tests::abs_matches_java_utils ... ok
test partitioner::tests::default_partitioner_keys_match_murmur2 ... ok
test partitioner::tests::murmur2_matches_java_utils ... ok
test producer::tests::broker_throttle_extends_without_zero_or_negative_unmute ... ok
test net::tests::utils_host_port_match_java ... ok
test producer::tests::produce_record_constructor_checks_match_java ... ok
test producer::tests::record_metadata_constructor_matches_java ... ok
test producer::tests::send_offsets_group_metadata_checks_match_java ... ok
test producer::tests::transactional_methods_without_transactional_id_match_java ... ok
test protocol::acl::tests::acl_binding_filter_matches_principal_and_any ... ok
test producer::tests::record_metadata_getters_match_java ... ok
test protocol::acl::tests::acl_java_types_match_kafka ... ok
test protocol::acl::tests::acl_response_unknown_elements_match_java ... ok
test protocol::acl::tests::acl_unknown_elements_match_java ... ok
test protocol::acl::tests::acl_v0_pattern_type_matches_java ... ok
test protocol::acl::tests::allow_topic_is_all_allow_on_topic ... ok
test protocol::acl::tests::create_acls_constructor_matches_java ... ok
test protocol::acl::tests::create_acls_not_controller_is_not_at_byte_four ... ok
test protocol::acl::tests::create_acls_get_error_response_does_not_copy_bindings ... ok
test protocol::acl::tests::create_acls_response_error_counts_matches_java ... ok
test protocol::acl::tests::create_acls_response_throttle_time_ms_matches_java ... ok
test protocol::acl::tests::create_acls_request_error_response_matches_java ... ok
test protocol::acl::tests::create_acls_v2_compact_layout_matches_independent_encode ... ok
test protocol::acl::tests::delete_acls_matching_acl_matches_java ... ok
test protocol::acl::tests::create_describe_delete_acls_roundtrip_v0_to_v3 ... ok
test protocol::acl::tests::delete_acls_response_error_counts_matches_java ... ok
test protocol::acl::tests::delete_acls_request_error_response_matches_java ... ok
test protocol::acl::tests::delete_acls_matching_error_message_matches_java ... ok
test protocol::acl::tests::delete_acls_response_throttle_time_ms_matches_java ... ok
test protocol::acl::tests::describe_acls_request_error_response_matches_java ... ok
test protocol::acl::tests::delete_acls_v2_filters_of_two_matches_independent_encode ... ok
test protocol::acl::tests::describe_acls_response_error_code_matches_java ... ok
test protocol::acl::tests::describe_acls_response_error_counts_matches_java ... ok
test protocol::acl::tests::describe_acls_response_error_matches_java ... ok
test protocol::acl::tests::describe_acls_response_groups_bindings_like_java ... ok
test protocol::acl::tests::describe_acls_response_error_message_matches_java ... ok
test protocol::acl::tests::describe_acls_response_throttle_time_ms_matches_java ... ok
test protocol::admin::tests::allocate_producer_ids_request_error_response_matches_java ... ok
test protocol::admin::tests::allocate_producer_ids_not_controller_is_at_byte_four ... ok
test protocol::admin::tests::add_raft_voter_endpoint_validation ... ok
test protocol::admin::tests::allocate_producer_ids_response_error_counts_matches_java ... ok
test protocol::admin::tests::allocate_producer_ids_response_throttle_time_ms_matches_java ... ok
test protocol::admin::tests::allocate_producer_ids_v0_matches_kafka_protocol_0_18 ... ok
test protocol::admin::tests::allocate_producer_ids_v0_roundtrip_is_leftover_empty ... ok
test protocol::admin::tests::alter_client_quotas_not_controller_is_at_byte_five ... ok
test protocol::admin::tests::alter_client_quotas_from_quota_entities_matches_java ... ok
test protocol::admin::tests::alter_client_quotas_request_error_response_matches_java ... ok
test protocol::admin::tests::alter_client_quotas_response_error_counts_matches_java ... ok
test protocol::admin::tests::alter_client_quotas_request_entries_matches_java ... ok
test protocol::admin::tests::alter_client_quotas_response_throttle_time_ms_matches_java ... ok
test protocol::admin::tests::alter_client_quotas_v1_matches_kafka_protocol_0_18 ... ok
test protocol::admin::tests::alter_client_quotas_v0_is_classic ... ok
test protocol::admin::tests::alter_client_quotas_v1_roundtrip_is_leftover_empty ... ok
test protocol::admin::tests::alter_client_quotas_v2_is_not_spoken ... ok
test protocol::admin::tests::alter_configs_response_error_counts_matches_java ... ok
test protocol::admin::tests::alter_configs_from_configs_matches_java ... ok
test protocol::admin::tests::alter_configs_v1_roundtrip ... ok
test protocol::admin::tests::alter_configs_throttle_time_ms_matches_java ... ok
test protocol::admin::tests::alter_partition_reassignments_not_controller_is_at_byte_four ... ok
test protocol::admin::tests::alter_configs_v2_resources_of_two_matches_independent_encode ... ok
test protocol::admin::tests::alter_configs_v2_compact_layout_matches_independent_encode ... ok
test protocol::admin::tests::alter_partition_reassignments_response_error_counts_matches_java ... ok
test protocol::admin::tests::alter_partition_reassignments_response_throttle_time_ms_matches_java ... ok
test protocol::admin::tests::alter_partition_reassignments_v0_roundtrip_is_leftover_empty ... ok
test protocol::admin::tests::alter_replica_log_dirs_first_partition_error_code_is_at_bytes_12_13 ... ok
test protocol::admin::tests::alter_replica_log_dirs_response_error_counts_matches_java ... ok
test protocol::admin::tests::alter_replica_log_dirs_partition_dirs_matches_java ... ok
test protocol::admin::tests::alter_replica_log_dirs_response_throttle_time_ms_matches_java ... ok
test protocol::admin::tests::alter_replica_log_dirs_v0_and_v3_are_not_spoken ... ok
test protocol::admin::tests::alter_replica_log_dirs_v1_is_classic ... ok
test protocol::admin::tests::alter_replica_log_dirs_v2_matches_kafka_protocol_0_18 ... ok
test protocol::admin::tests::alter_share_group_offsets_request_error_response_matches_java ... ok
test protocol::admin::tests::alter_replica_log_dirs_v2_roundtrip_is_leftover_empty ... ok
test protocol::admin::tests::alter_share_group_offsets_response_error_counts_matches_java ... ok
test protocol::admin::tests::alter_share_group_offsets_response_throttle_time_ms_matches_java ... ok
test protocol::admin::tests::alter_share_group_offsets_top_level_error_code_is_at_bytes_4_5 ... ok
test protocol::admin::tests::alter_share_group_offsets_v0_matches_kafka_protocol_0_18 ... ok
test protocol::admin::tests::alter_user_scram_credentials_not_controller_is_after_user ... ok
test protocol::admin::tests::alter_share_group_offsets_v0_roundtrip_is_leftover_empty ... ok
test protocol::admin::tests::alter_user_scram_credentials_response_error_counts_matches_java ... ok
test protocol::admin::tests::alter_user_scram_credentials_response_throttle_time_ms_matches_java ... ok
test protocol::admin::tests::alter_user_scram_credentials_v0_matches_kafka_protocol_0_18 ... ok
test protocol::admin::tests::assign_replicas_to_dirs_max_assignments_per_request_matches_java ... ok
test protocol::admin::tests::alter_user_scram_credentials_v0_roundtrip_is_leftover_empty ... ok
test protocol::admin::tests::assign_replicas_to_dirs_request_error_response_matches_java ... ok
test protocol::admin::tests::assign_replicas_to_dirs_response_error_counts_matches_java ... ok
test protocol::admin::tests::assign_replicas_to_dirs_response_throttle_time_ms_matches_java ... ok
test protocol::admin::tests::assign_replicas_to_dirs_v0_matches_kafka_protocol_0_18 ... ok
test protocol::admin::tests::assign_replicas_to_dirs_top_level_error_code_is_at_bytes_4_5 ... ok
test protocol::admin::tests::assign_replicas_to_dirs_v0_roundtrip_is_leftover_empty ... ok
test protocol::admin::tests::client_quota_filter_matches_java_factories ... ok
test protocol::admin::tests::config_new_get_matches_java ... ok
test protocol::admin::tests::consumer_group_describe_first_group_error_code_is_at_bytes_5_6 ... ok
test protocol::admin::tests::consumer_group_describe_response_error_counts_matches_java ... ok
test protocol::admin::tests::consumer_group_describe_request_error_response_matches_java ... ok
test protocol::admin::tests::consumer_group_describe_v0_matches_v1_request_and_empty_member_response ... ok
test protocol::admin::tests::consumer_group_describe_response_throttle_time_ms_matches_java ... ok
test protocol::admin::tests::consumer_group_describe_v0_omits_member_type ... ok
test protocol::admin::tests::consumer_group_describe_v1_matches_kafka_protocol_0_18 ... ok
test protocol::admin::tests::consumer_group_describe_v2_is_not_spoken ... ok
test protocol::admin::tests::consumer_group_describe_v1_roundtrip_is_leftover_empty ... ok
test protocol::admin::tests::create_delegation_token_does_not_speak_v0 ... ok
test protocol::admin::tests::create_delegation_token_response_error_counts_matches_java ... ok
test protocol::admin::tests::create_delegation_token_response_has_error_matches_java ... ok
test protocol::admin::tests::create_delegation_token_top_level_error_code_is_at_bytes_0_1 ... ok
test protocol::admin::tests::create_delegation_token_response_throttle_time_ms_matches_java ... ok
test protocol::admin::tests::create_delegation_token_v1_is_classic_v2_omits_owner ... ok
test protocol::admin::tests::create_delegation_token_v3_matches_kafka_protocol_0_18 ... ok
test protocol::admin::tests::create_partitions_assignments_roundtrip ... ok
test protocol::admin::tests::create_partitions_flexible_not_controller_is_leftover_empty ... ok
test protocol::admin::tests::create_delegation_token_v3_roundtrip_is_leftover_empty ... ok
test protocol::admin::tests::create_partitions_not_controller_is_not_at_byte_four ... ok
test protocol::admin::tests::create_partitions_response_error_counts_matches_java ... ok
test protocol::admin::tests::create_partitions_request_error_response_matches_java ... ok
test protocol::admin::tests::create_partitions_v1_request_matches_v0 ... ok
test protocol::admin::tests::create_partitions_response_throttle_time_ms_matches_java ... ok
test protocol::admin::tests::create_partitions_v2_compact_layout_matches_independent_encode ... ok
test protocol::admin::tests::create_topics_assignments_roundtrip ... ok
test protocol::admin::tests::create_topics_builder_matches_java ... ok
test protocol::admin::tests::create_topics_broker_defaults_roundtrip ... ok
test protocol::admin::tests::create_topics_request_build_matches_java ... ok
test protocol::admin::tests::create_topics_not_controller_is_not_at_byte_four ... ok
test protocol::admin::tests::create_topics_request_no_partition_sentinels_match_java ... ok
test protocol::admin::tests::create_topics_response_error_counts_matches_java ... ok
test protocol::admin::tests::create_topics_v5_compact_layout_matches_independent_encode ... ok
test protocol::admin::tests::create_topics_throttle_time_ms_matches_java ... ok
test protocol::admin::tests::create_topics_v3_roundtrip ... ok
test protocol::admin::tests::create_topics_v5_roundtrip_is_leftover_empty ... ok
test protocol::admin::tests::create_topics_v7_response_includes_topic_id ... ok
test protocol::admin::tests::delete_groups_first_group_error_code_is_at_bytes_7_8 ... ok
test protocol::admin::tests::delete_groups_response_throttle_time_ms_matches_java ... ok
test protocol::admin::tests::delete_groups_response_error_counts_matches_java ... ok
test protocol::admin::tests::delete_groups_request_error_response_matches_java ... ok
test protocol::admin::tests::delete_groups_v0_is_classic_v1_matches_v0 ... ok
test protocol::admin::tests::delete_groups_v2_matches_kafka_protocol_0_18 ... ok
test protocol::admin::tests::delete_groups_v2_roundtrip_is_leftover_empty ... ok
test protocol::admin::tests::delete_groups_v3_is_not_spoken ... ok
test protocol::admin::tests::delete_records_response_error_counts_matches_java ... ok
test protocol::admin::tests::delete_records_sentinels_match_java ... ok
test protocol::admin::tests::delete_records_throttle_time_ms_matches_java ... ok
test protocol::admin::tests::delete_records_v2_compact_layout_matches_independent_encode ... ok
test protocol::admin::tests::delete_records_v1_roundtrip ... ok
test protocol::admin::tests::delete_records_v2_topics_array_of_two_partitions ... ok
test protocol::admin::tests::delete_share_group_offsets_request_error_response_matches_java ... ok
test protocol::admin::tests::delete_share_group_offsets_response_error_counts_matches_java ... ok
test protocol::admin::tests::delete_share_group_offsets_top_level_error_code_is_at_bytes_4_5 ... ok
test protocol::admin::tests::delete_share_group_offsets_response_throttle_time_ms_matches_java ... ok
test protocol::admin::tests::delete_share_group_offsets_v0_matches_kafka_protocol_0_18 ... ok
test protocol::admin::tests::delete_share_group_offsets_v0_roundtrip_is_leftover_empty ... ok
test protocol::admin::tests::delete_topics_flexible_not_controller_is_leftover_empty ... ok
test protocol::admin::tests::delete_topics_not_controller_is_not_at_byte_four ... ok
test protocol::admin::tests::delete_topics_request_number_of_topics_matches_java ... ok
test protocol::admin::tests::delete_topics_request_build_matches_java ... ok
test protocol::admin::tests::delete_topics_request_topic_ids_matches_java ... ok
test protocol::admin::tests::delete_topics_request_topics_matches_java ... ok
test protocol::admin::tests::delete_topics_response_error_counts_matches_java ... ok
test protocol::admin::tests::delete_topics_throttle_time_ms_matches_java ... ok
test protocol::admin::tests::delete_topics_v3_roundtrip ... ok
test protocol::admin::tests::delete_topics_v4_compact_layout_matches_independent_encode ... ok
test protocol::admin::tests::delete_topics_v4_roundtrip_is_leftover_empty ... ok
test protocol::admin::tests::delete_topics_v6_response_includes_topic_id ... ok
test protocol::admin::tests::delete_topics_v5_response_includes_error_message ... ok
test protocol::admin::tests::describe_client_quotas_error_code_is_at_bytes_4_5 ... ok
test protocol::admin::tests::describe_client_quotas_from_filter_matches_java ... ok
test protocol::admin::tests::describe_client_quotas_get_error_response_null_entries_is_leftover_empty ... ok
test protocol::admin::tests::describe_client_quotas_from_quota_entities_matches_java ... ok
test protocol::admin::tests::describe_client_quotas_request_error_response_matches_java ... ok
test protocol::admin::tests::describe_client_quotas_response_throttle_time_ms_matches_java ... ok
test protocol::admin::tests::describe_client_quotas_response_error_counts_matches_java ... ok
test protocol::admin::tests::describe_client_quotas_request_filter_matches_java ... ok
test protocol::admin::tests::describe_client_quotas_v1_matches_kafka_protocol_0_18 ... ok
test protocol::admin::tests::describe_client_quotas_v0_is_classic ... ok
test protocol::admin::tests::describe_client_quotas_v1_roundtrip_is_leftover_empty ... ok
test protocol::admin::tests::describe_client_quotas_v2_is_not_spoken ... ok
test protocol::admin::tests::describe_cluster_request_error_response_matches_java ... ok
test protocol::admin::tests::describe_cluster_response_throttle_time_ms_matches_java ... ok
test protocol::admin::tests::describe_cluster_response_error_counts_matches_java ... ok
test protocol::admin::tests::describe_cluster_response_nodes_matches_java ... ok
test protocol::admin::tests::describe_cluster_v0_roundtrip ... ok
test protocol::admin::tests::describe_configs_response_error_counts_matches_java ... ok
test protocol::admin::tests::describe_cluster_v2_compact_layout_matches_independent_encode ... ok
test protocol::admin::tests::describe_configs_v0_is_default ... ok
test protocol::admin::tests::describe_configs_throttle_time_ms_matches_java ... ok
test protocol::admin::tests::describe_configs_v1_roundtrip ... ok
test protocol::admin::tests::describe_configs_v2_request_matches_v1 ... ok
test protocol::admin::tests::describe_configs_v3_adds_include_documentation_and_config_type ... ok
test protocol::admin::tests::describe_configs_v4_compact_layout_matches_independent_encode ... ok
test protocol::admin::tests::describe_delegation_token_owners_list_empty_leftover_empty ... ok
test protocol::admin::tests::describe_delegation_token_does_not_speak_v0 ... ok
test protocol::admin::tests::describe_delegation_token_request_error_response_matches_java ... ok
test protocol::admin::tests::describe_delegation_token_response_has_error_matches_java ... ok
test protocol::admin::tests::describe_delegation_token_response_error_counts_matches_java ... ok
test protocol::admin::tests::describe_delegation_token_response_throttle_time_ms_matches_java ... ok
test protocol::admin::tests::describe_delegation_token_top_level_error_code_is_at_bytes_0_1 ... ok
test protocol::admin::tests::describe_delegation_token_v3_matches_kafka_protocol_0_18 ... ok
test protocol::admin::tests::describe_delegation_token_v1_is_classic_v2_omits_requester ... ok
test protocol::admin::tests::describe_groups_first_group_error_code_is_at_bytes_5_6 ... ok
test protocol::admin::tests::describe_delegation_token_v3_roundtrip_is_leftover_empty ... ok
test protocol::admin::tests::describe_groups_response_error_counts_matches_java ... ok
test protocol::admin::tests::describe_groups_v0_and_v4_and_v5_fixtures ... ok
test protocol::admin::tests::describe_groups_throttle_time_ms_matches_java ... ok
test protocol::admin::tests::describe_groups_v2_request_omits_include_authorized_operations ... ok
test protocol::admin::tests::describe_groups_v4_sends_group_instance_id_v3_does_not ... ok
test protocol::admin::tests::describe_groups_v6_roundtrip_is_leftover_empty ... ok
test protocol::admin::tests::describe_groups_v6_matches_kafka_protocol_0_18 ... ok
test protocol::admin::tests::describe_groups_v7_is_not_spoken ... ok
test protocol::admin::tests::describe_log_dirs_request_error_response_matches_java ... ok
test protocol::admin::tests::describe_log_dirs_response_error_counts_matches_java ... ok
test protocol::admin::tests::describe_log_dirs_response_throttle_time_ms_matches_java ... ok
test protocol::admin::tests::describe_log_dirs_top_level_error_code_is_at_bytes_4_5 ... ok
test protocol::admin::tests::describe_log_dirs_v3_omits_total_bytes ... ok
test protocol::admin::tests::describe_log_dirs_v4_matches_kafka_protocol_0_18 ... ok
test protocol::admin::tests::describe_log_dirs_v1_is_classic_v2_omits_error_code ... ok
test protocol::admin::tests::describe_log_dirs_v4_roundtrip_is_leftover_empty ... ok
test protocol::admin::tests::describe_log_dirs_version_bounds_preserve_v4_layout ... ok
test protocol::admin::tests::describe_producers_first_partition_error_code_is_at_bytes_12_13 ... ok
test protocol::admin::tests::describe_producers_request_add_topic_matches_java ... ok
test protocol::admin::tests::describe_producers_response_error_counts_matches_java ... ok
test protocol::admin::tests::describe_producers_response_throttle_time_ms_matches_java ... ok
test protocol::admin::tests::describe_producers_v0_roundtrip_is_leftover_empty ... ok
test protocol::admin::tests::describe_producers_v0_matches_kafka_protocol_0_18 ... ok
test protocol::admin::tests::describe_producers_v0_topics_of_two_matches_independent_encode ... ok
test protocol::admin::tests::describe_quorum_error_counts_matches_java ... ok
test protocol::admin::tests::describe_quorum_should_client_throttle_matches_java ... ok
test protocol::admin::tests::describe_quorum_unspoken_versions_are_not_spoken ... ok
test protocol::admin::tests::describe_quorum_v0_matches_apache_fixtures ... ok
test protocol::admin::tests::describe_quorum_error_responses_match_java ... ok
test protocol::admin::tests::describe_quorum_v1_matches_apache_fixtures ... ok
test protocol::admin::tests::describe_quorum_v2_top_level_error_matches_apache_fixtures ... ok
test protocol::admin::tests::describe_quorum_v2_matches_apache_fixtures ... ok
test protocol::admin::tests::describe_quorum_v2_partition_error_matches_apache_fixtures ... ok
test protocol::admin::tests::describe_share_group_offsets_first_group_error_code_is_at_bytes_8_9 ... ok
test protocol::admin::tests::describe_share_group_offsets_request_error_described_group_matches_java ... ok
test protocol::admin::tests::describe_share_group_offsets_request_error_response_matches_java ... ok
test protocol::admin::tests::describe_share_group_offsets_response_has_group_error_matches_java ... ok
test protocol::admin::tests::describe_share_group_offsets_response_throttle_time_ms_matches_java ... ok
test protocol::admin::tests::describe_share_group_offsets_response_error_counts_matches_java ... ok
test protocol::admin::tests::describe_share_group_offsets_v0_matches_kafka_protocol_0_18 ... ok
test protocol::admin::tests::describe_share_group_offsets_v0_roundtrip_is_leftover_empty ... ok
test protocol::admin::tests::describe_topic_partitions_error_response_matches_java ... ok
test protocol::admin::tests::describe_topic_partitions_request_for_topic_names_matches_java ... ok
test protocol::admin::tests::describe_topic_partitions_first_topic_error_code_is_at_bytes_5_6 ... ok
test protocol::admin::tests::describe_topic_partitions_response_error_counts_matches_java ... ok
test protocol::admin::tests::describe_topic_partitions_response_throttle_time_ms_matches_java ... ok
test protocol::admin::tests::describe_topic_partitions_v0_matches_kafka_protocol_0_18 ... ok
test protocol::admin::tests::describe_topic_partitions_partition_to_topic_partition_info_matches_java ... ok
test protocol::admin::tests::describe_topic_partitions_v0_roundtrip_is_leftover_empty ... ok
test protocol::admin::tests::describe_transactions_not_coordinator_is_at_byte_five ... ok
test protocol::admin::tests::describe_transactions_response_error_counts_matches_java ... ok
test protocol::admin::tests::describe_transactions_response_throttle_time_ms_matches_java ... ok
test protocol::admin::tests::describe_transactions_v0_matches_kafka_protocol_0_18 ... ok
test protocol::admin::tests::describe_transactions_v0_roundtrip_is_leftover_empty ... ok
test protocol::admin::tests::describe_user_scram_credentials_get_error_response_does_not_copy_names ... ok
test protocol::admin::tests::describe_user_scram_credentials_not_controller_is_at_bytes_4_5 ... ok
test protocol::admin::tests::describe_user_scram_credentials_response_throttle_time_ms_matches_java ... ok
test protocol::admin::tests::describe_user_scram_credentials_response_error_counts_matches_java ... ok
test protocol::admin::tests::describe_user_scram_credentials_v0_matches_kafka_protocol_0_18 ... ok
test protocol::admin::tests::elect_leaders_empty_topics_roundtrip_is_leftover_empty ... ok
test protocol::admin::tests::describe_user_scram_credentials_v0_roundtrip_is_leftover_empty ... ok
test protocol::admin::tests::elect_leaders_error_response_matches_java ... ok
test protocol::admin::tests::elect_leaders_error_counts_matches_java ... ok
test protocol::admin::tests::elect_leaders_should_client_throttle_matches_java ... ok
test protocol::admin::tests::elect_leaders_unspoken_versions_are_not_spoken ... ok
test protocol::admin::tests::elect_leaders_v0_matches_apache_fixtures ... ok
test protocol::admin::tests::elect_leaders_v1_matches_apache_fixtures ... ok
test protocol::admin::tests::elect_leaders_v2_matches_apache_fixtures ... ok
test protocol::admin::tests::expire_delegation_token_does_not_speak_v0 ... ok
test protocol::admin::tests::expire_delegation_token_request_error_response_matches_java ... ok
test protocol::admin::tests::expire_delegation_token_response_error_counts_matches_java ... ok
test protocol::admin::tests::expire_delegation_token_response_has_error_matches_java ... ok
test protocol::admin::tests::expire_delegation_token_response_throttle_time_ms_matches_java ... ok
test protocol::admin::tests::expire_delegation_token_top_level_error_code_is_at_bytes_0_1 ... ok
test protocol::admin::tests::expire_delegation_token_v1_is_classic ... ok
test protocol::admin::tests::expire_delegation_token_v2_matches_kafka_protocol_0_18 ... ok
test protocol::admin::tests::expire_delegation_token_v2_roundtrip_is_leftover_empty ... ok
test protocol::admin::tests::get_telemetry_subscriptions_request_error_response_matches_java ... ok
test protocol::admin::tests::get_telemetry_subscriptions_response_error_counts_matches_java ... ok
test protocol::admin::tests::get_telemetry_subscriptions_response_has_error_matches_java ... ok
test protocol::admin::tests::get_telemetry_subscriptions_response_throttle_time_ms_matches_java ... ok
test protocol::admin::tests::get_telemetry_subscriptions_v0_matches_kafka_protocol_0_18 ... ok
test protocol::admin::tests::get_telemetry_subscriptions_top_level_error_code_is_at_bytes_4_5 ... ok
test protocol::admin::tests::get_telemetry_subscriptions_v0_roundtrip_is_leftover_empty ... ok
test protocol::admin::tests::incremental_alter_configs_append_subtract_ops_roundtrip ... ok
test protocol::admin::tests::incremental_alter_configs_from_errors_matches_java ... ok
test protocol::admin::tests::incremental_alter_configs_not_controller_is_not_at_byte_four ... ok
test protocol::admin::tests::incremental_alter_configs_from_configs_matches_java ... ok
test protocol::admin::tests::incremental_alter_configs_request_error_response_matches_java ... ok
test protocol::admin::tests::incremental_alter_configs_response_error_counts_matches_java ... ok
test protocol::admin::tests::incremental_alter_configs_response_encode_from_errors_matches_java ... ok
test protocol::admin::tests::incremental_alter_configs_response_throttle_time_ms_matches_java ... ok
test protocol::admin::tests::incremental_alter_configs_v1_compact_layout_matches_independent_encode ... ok
test protocol::admin::tests::incremental_alter_configs_v1_resources_of_two_matches_independent_encode ... ok
test protocol::admin::tests::list_config_resources_request_build_matches_java ... ok
test protocol::admin::tests::list_config_resources_request_error_response_matches_java ... ok
test protocol::admin::tests::list_config_resources_request_supported_resource_types_matches_java ... ok
test protocol::admin::tests::list_config_resources_response_error_counts_matches_java ... ok
test protocol::admin::tests::list_config_resources_response_error_matches_java ... ok
test protocol::admin::tests::list_config_resources_response_throttle_time_ms_matches_java ... ok
test protocol::admin::tests::list_config_resources_top_level_error_code_is_at_bytes_4_5 ... ok
test protocol::admin::tests::list_config_resources_v1_matches_kafka_protocol_0_18 ... ok
test protocol::admin::tests::list_config_resources_v1_roundtrip_is_leftover_empty ... ok
test protocol::admin::tests::list_config_resources_v2_is_not_spoken ... ok
test protocol::admin::tests::list_groups_error_code_is_at_bytes_4_5 ... ok
test protocol::admin::tests::list_config_resources_v0_omits_resource_types ... ok
test protocol::admin::tests::list_groups_error_response_matches_java ... ok
test protocol::admin::tests::list_groups_request_build_matches_java ... ok
test protocol::admin::tests::list_groups_throttle_time_ms_matches_java ... ok
test protocol::admin::tests::list_groups_response_error_counts_matches_java ... ok
test protocol::admin::tests::list_groups_v0_v3_v4_omit_later_fields ... ok
test protocol::admin::tests::list_groups_v5_matches_kafka_protocol_0_18 ... ok
test protocol::admin::tests::list_groups_v5_roundtrip_is_leftover_empty ... ok
test protocol::admin::tests::list_groups_v6_is_not_spoken ... ok
test protocol::admin::tests::list_partition_reassignments_not_controller_is_at_byte_four ... ok
test protocol::admin::tests::list_partition_reassignments_response_error_counts_matches_java ... ok
test protocol::admin::tests::list_partition_reassignments_response_throttle_time_ms_matches_java ... ok
test protocol::admin::tests::list_transactions_not_coordinator_is_at_bytes_4_5 ... ok
test protocol::admin::tests::list_transactions_request_build_matches_java ... ok
test protocol::admin::tests::list_partition_reassignments_v0_roundtrip_is_leftover_empty ... ok
test protocol::admin::tests::list_transactions_request_error_response_matches_java ... ok
test protocol::admin::tests::list_transactions_response_error_counts_matches_java ... ok
test protocol::admin::tests::list_transactions_v0_matches_kafka_protocol_0_18 ... ok
test protocol::admin::tests::list_transactions_response_throttle_time_ms_matches_java ... ok
test protocol::admin::tests::list_transactions_v0_roundtrip_is_leftover_empty ... ok
test protocol::admin::tests::list_transactions_v1_duration_filter_is_i64_before_tags ... ok
test protocol::admin::tests::list_transactions_v1_roundtrip_is_leftover_empty ... ok
test protocol::admin::tests::member_and_log_dir_getters_match_java ... ok
test protocol::admin::tests::push_telemetry_request_error_response_matches_java ... ok
test protocol::admin::tests::push_telemetry_request_metrics_content_type_matches_java ... ok
test protocol::admin::tests::producer_and_transaction_getters_match_java ... ok
test protocol::admin::tests::push_telemetry_response_error_counts_matches_java ... ok
test protocol::admin::tests::push_telemetry_response_has_error_matches_java ... ok
test protocol::admin::tests::push_telemetry_response_throttle_time_ms_matches_java ... ok
test protocol::admin::tests::push_telemetry_top_level_error_code_is_at_bytes_4_5 ... ok
test protocol::admin::tests::push_telemetry_v0_matches_kafka_protocol_0_18 ... ok
test protocol::admin::tests::push_telemetry_v0_roundtrip_is_leftover_empty ... ok
test protocol::admin::tests::renew_delegation_token_does_not_speak_v0 ... ok
test protocol::admin::tests::renew_delegation_token_request_error_response_matches_java ... ok
test protocol::admin::tests::renew_delegation_token_response_error_counts_matches_java ... ok
test protocol::admin::tests::renew_delegation_token_response_has_error_matches_java ... ok
test protocol::admin::tests::renew_delegation_token_response_throttle_time_ms_matches_java ... ok
test protocol::admin::tests::renew_delegation_token_top_level_error_code_is_at_bytes_0_1 ... ok
test protocol::admin::tests::push_telemetry_request_metrics_data_matches_java ... ok
test protocol::admin::tests::renew_delegation_token_v2_matches_kafka_protocol_0_18 ... ok
test protocol::admin::tests::renew_delegation_token_v1_is_classic ... ok
test protocol::admin::tests::renew_delegation_token_v2_roundtrip_is_leftover_empty ... ok
test protocol::admin::tests::share_group_describe_first_group_error_code_is_at_bytes_5_6 ... ok
test protocol::admin::tests::share_group_describe_request_error_response_matches_java ... ok
test protocol::admin::tests::share_group_describe_response_error_counts_matches_java ... ok
test protocol::admin::tests::share_group_describe_response_throttle_time_ms_matches_java ... ok
test protocol::admin::tests::share_group_describe_v0_matches_v1_and_does_not_speak_v2 ... ok
test protocol::admin::tests::share_group_describe_v1_roundtrip_is_leftover_empty ... ok
test protocol::admin::tests::share_group_describe_v1_matches_kafka_protocol_0_18 ... ok
test protocol::admin::tests::share_offset_getters_match_wire ... ok
test protocol::admin::tests::share_member_and_group_getters_match_java ... ok
test protocol::admin::tests::unregister_broker_not_controller_is_at_bytes_4_5 ... ok
test protocol::admin::tests::unregister_broker_request_error_response_matches_java ... ok
test protocol::admin::tests::unregister_broker_response_error_counts_matches_java ... ok
test protocol::admin::tests::unregister_broker_response_throttle_time_ms_matches_java ... ok
test protocol::admin::tests::unregister_broker_v0_matches_kafka_protocol_0_18 ... ok
test protocol::admin::tests::unregister_broker_v0_roundtrip_is_leftover_empty ... ok
test protocol::admin::tests::update_features_constructor_matches_java ... ok
test protocol::admin::tests::update_features_create_with_errors_is_leftover_empty ... ok
test protocol::admin::tests::update_features_not_controller_is_at_byte_four ... ok
test protocol::admin::tests::update_features_response_error_counts_matches_java ... ok
test protocol::admin::tests::update_features_request_get_feature_matches_java ... ok
test protocol::admin::tests::update_features_response_throttle_time_ms_matches_java ... ok
test protocol::admin::tests::update_features_v0_matches_kafka_protocol_0_18 ... ok
test protocol::admin::tests::update_features_v0_roundtrip_is_leftover_empty ... ok
test protocol::api::tests::api_versions_kip511_v0_unsupported_body_parses_when_sent_v4 ... ok
test protocol::admin::tests::update_features_v2_compact_layout_matches_independent_encode ... ok
test protocol::api::tests::api_versions_create_finalized_feature_keys_matches_java ... ok
test protocol::api::tests::api_versions_request_is_valid_matches_java ... ok
test protocol::api::tests::api_versions_request_error_response_matches_java ... ok
test protocol::api::tests::api_versions_maybe_filter_supported_feature_keys_matches_java ... ok
test protocol::api::tests::api_versions_v3_empty_features_is_zero_tagged_fields ... ok
test protocol::api::tests::api_versions_response_helpers_match_java ... ok
test protocol::api::tests::api_versions_response_error_counts_matches_java ... ok
test protocol::api::tests::api_versions_v3_features_roundtrip_is_leftover_empty ... ok
test protocol::api::tests::api_versions_v3_roundtrip ... ok
test protocol::api::tests::api_versions_v3_matches_v4_and_does_not_speak_v5 ... ok
test protocol::api::tests::has_transactional_records_matches_java_request_utils ... ok
test protocol::api::tests::metadata_broker_and_node_endpoint_match_java_node ... ok
test protocol::api::tests::metadata_builder_matches_java ... ok
test protocol::api::tests::metadata_request_all_topics_matches_java ... ok
test protocol::api::tests::metadata_has_reliable_leader_epochs_matches_java ... ok
test protocol::api::tests::metadata_request_allow_auto_topic_creation_matches_java ... ok
test protocol::api::tests::metadata_request_build_matches_java ... ok
test protocol::api::tests::metadata_request_error_response_matches_java ... ok
test protocol::api::tests::metadata_request_for_topic_names_matches_java ... ok
test protocol::api::tests::metadata_request_for_topic_ids_matches_java ... ok
test protocol::api::tests::metadata_request_for_topic_names_range_matches_java ... ok
test protocol::api::tests::metadata_request_for_topic_names_version_matches_java ... ok
test protocol::api::tests::metadata_request_include_cluster_authorized_operations_matches_java ... ok
test protocol::api::tests::metadata_response_brokers_by_id_matches_java ... ok
test protocol::api::tests::metadata_request_roundtrips_topics_and_allow_auto ... ok
test protocol::api::tests::metadata_response_cluster_authorized_operations_matches_java ... ok
test protocol::api::tests::metadata_response_controller_matches_java ... ok
test protocol::api::tests::metadata_response_error_counts_matches_java ... ok
test protocol::api::tests::metadata_response_errors_matches_java ... ok
test protocol::api::tests::metadata_response_partition_metadata_matches_java ... ok
test protocol::api::tests::metadata_v12_roundtrip ... ok
test protocol::api::tests::metadata_response_topic_metadata_matches_java ... ok
test protocol::api::tests::metadata_response_topic_metadata_with_topic_id_matches_java ... ok
test protocol::api::tests::metadata_v12_topic_id_request_is_compact ... ok
test protocol::api::tests::metadata_v13_top_error_fails_check ... ok
test protocol::api::tests::metadata_v7_decodes_leader_epoch_and_omitted_authorized_ops ... ok
test protocol::api::tests::produce_error_response_matches_java ... ok
test protocol::api::tests::produce_partition_response_matches_java ... ok
test protocol::api::tests::produce_partition_response_with_current_leader_matches_java ... ok
test protocol::api::tests::produce_partition_response_with_message_matches_java ... ok
test protocol::api::tests::produce_partition_response_with_record_errors_and_message_matches_java ... ok
test protocol::api::tests::produce_partition_response_with_record_errors_matches_java ... ok
test protocol::api::tests::produce_partition_response_with_offsets_matches_java ... ok
test protocol::api::tests::produce_record_error_matches_java ... ok
test protocol::api::tests::produce_partition_sizes_matches_java ... ok
test protocol::api::tests::produce_request_builder_matches_java ... FAILED
test protocol::api::tests::produce_request_error_counts_matches_java ... ok
test protocol::api::tests::produce_response_throttle_time_ms_matches_java ... ok
test protocol::api::tests::produce_response_to_data_matches_java ... ok
test protocol::api::tests::produce_transaction_v2_version_cap_matches_java ... ok
test protocol::api::tests::produce_v10_node_endpoints_tagged_is_leftover_empty ... ok
test protocol::api::tests::produce_v11_current_leader_tagged_is_leftover_empty ... ok
test protocol::api::tests::produce_v3_omitted_log_start_is_invalid_offset ... ok
test protocol::api::tests::produce_v3_transactional_id_is_not_null ... ok
test protocol::api::tests::produce_v9_response_matches_compact_layout ... ok
test protocol::api::tests::produce_request_validate_records_matches_java ... ok
test protocol::api::tests::produce_v9_roundtrip_is_leftover_empty ... ok
test protocol::api_keys::tests::cluster_action_and_forwardable_match_java_4_0 ... ok
test protocol::api_keys::tests::has_id_and_for_id_match_java ... ok
test protocol::api_keys::tests::min_required_inter_broker_magic_match_java_4_0 ... ok
test protocol::buf::tests::array_len_rejects_claims_past_remaining ... ok
test protocol::buf::tests::compact_string_null_empty ... ok
test protocol::buf::tests::compare_raw_tagged_fields_matches_java_message_util ... ok
test protocol::api::tests::produce_request_build_matches_java ... ok
test protocol::buf::tests::deep_to_string_matches_java_message_util ... ok
test protocol::buf::tests::entries_with_prefix_matches_java_utils ... ok
test protocol::buf::tests::invalid_varint_matches_java_byte_utils ... ok
test protocol::buf::tests::invalid_varlong_matches_java_byte_utils ... ok
test protocol::buf::tests::is_blank_matches_java_utils ... ok
test protocol::buf::tests::min_matches_java_utils ... ok
test protocol::buf::tests::is_equal_constant_time_matches_java_utils ... ok
test protocol::buf::tests::read_bytes_matches_java_utils ... ok
test protocol::buf::tests::parse_map_matches_java_utils ... ok
test protocol::buf::tests::require_matches_java_utils ... ok
test protocol::buf::tests::read_int_be_matches_java_byte_utils ... ok
test protocol::buf::tests::size_delimited_matches_java_utils ... ok
test protocol::buf::tests::size_of_varint_matches_java ... ok
test protocol::buf::tests::size_of_varlong_matches_java ... ok
test protocol::buf::tests::size_of_unsigned_varlong_matches_java ... ok
test protocol::buf::tests::take_classic_bytes_from_bytes_is_a_view ... ok
test protocol::buf::tests::tagged_fields_roundtrip_and_require_ascending_tags ... ok
test protocol::buf::tests::take_classic_bytes_null_is_none ... ok
test protocol::buf::tests::take_compact_bytes_from_bytes_is_a_view ... ok
test protocol::buf::tests::to_32_bit_field_matches_java_utils ... ok
test protocol::buf::tests::unsigned_varint_roundtrip ... ok
test protocol::buf::tests::size_of_unsigned_varint_matches_java ... ok
test protocol::buf::tests::union_intersection_diff_matches_java_utils ... ok
test protocol::buf::tests::utf8_length_matches_java_utils ... ok
test protocol::buf::tests::varint_size_matches_encoded_len ... ok
test protocol::buf::tests::zigzag_varint_roundtrip ... ok
test protocol::cgheartbeat::tests::consumer_group_heartbeat_leave_has_epoch_minus_one ... ok
test protocol::cgheartbeat::tests::consumer_group_heartbeat_request_error_response_matches_java ... ok
test protocol::cgheartbeat::tests::consumer_group_heartbeat_request_matches_java ... ok
test protocol::cgheartbeat::tests::consumer_group_heartbeat_request_build_matches_java ... ok
test protocol::cgheartbeat::tests::consumer_group_heartbeat_request_rebalance_timeout_ms_matches_java ... ok
test protocol::cgheartbeat::tests::consumer_group_heartbeat_request_server_assignor_matches_java ... ok
test protocol::cgheartbeat::tests::consumer_group_heartbeat_response_throttle_time_ms_matches_java ... ok
test protocol::cgheartbeat::tests::consumer_group_heartbeat_response_error_counts_matches_java ... ok
test protocol::cgheartbeat::tests::consumer_group_heartbeat_static_leave_has_epoch_minus_two ... ok
test protocol::cgheartbeat::tests::consumer_group_heartbeat_v0_roundtrip_join ... ok
test protocol::cgheartbeat::tests::consumer_group_heartbeat_v1_compact_layout_matches_independent_encode ... ok
test protocol::cgheartbeat::tests::decode_rejects_error_response_without_trailing_tagged_fields ... ok
test protocol::cgheartbeat::tests::consumer_group_heartbeat_v1_roundtrip_is_leftover_empty ... ok
test protocol::cgheartbeat::tests::join_encodes_empty_topic_partitions_array_not_null ... ok
test protocol::epoch::tests::epoch_end_offset_undefined_sentinels_match_java ... ok
test protocol::epoch::tests::offset_for_leader_epoch_replica_id_sentinels_match_java ... ok
test protocol::epoch::tests::offset_for_leader_epoch_request_replica_id_matches_java ... ok
test protocol::epoch::tests::offset_for_leader_epoch_response_throttle_time_ms_matches_java ... ok
test protocol::epoch::tests::offset_for_leader_epoch_topics_of_n_v4_compact ... ok
test protocol::epoch::tests::offset_for_leader_epoch_v0_has_no_replica_or_current_epoch ... ok
test protocol::epoch::tests::offset_for_leader_epoch_v1_response_has_epoch_not_throttle ... ok
test protocol::epoch::tests::offset_for_leader_epoch_v2_roundtrip ... ok
test protocol::epoch::tests::offset_for_leader_epoch_v4_compact_layout_matches_independent_encode ... ok
test protocol::epoch::tests::offsets_for_leader_epoch_request_for_consumer_matches_java ... ok
test protocol::epoch::tests::offset_for_leader_epoch_v4_roundtrip_is_leftover_empty ... ok
test protocol::epoch::tests::offsets_for_leader_epoch_response_error_counts_matches_java ... ok
test protocol::epoch::tests::offsets_for_leader_epoch_request_for_follower_matches_java ... ok
test protocol::fetch::tests::decode_fetch_response_from_bytes_shares_record_value ... ok
test protocol::fetch::tests::decode_fetch_response_keeps_log_start_on_offset_out_of_range ... ok
test protocol::fetch::tests::fetch_error_code_session_id_matches_java ... ok
test protocol::fetch::tests::decode_fetch_response_uses_record_batch_decoder_on_partition_bytes ... ok
test protocol::fetch::tests::fetch_metadata_matches_java ... ok
test protocol::fetch::tests::fetch_json_version_gates_match_java ... ok
test protocol::fetch::tests::fetch_partition_data_matches_java ... ok
test protocol::fetch::tests::fetch_request_builder_matches_java ... ok
test protocol::fetch::tests::fetch_request_encode_error_response_matches_java ... ok
test protocol::fetch::tests::fetch_request_cluster_id_matches_java ... ok
test protocol::fetch::tests::fetch_request_error_response_matches_java ... ok
test protocol::fetch::tests::fetch_request_fetch_data_matches_java ... ok
test protocol::fetch::tests::fetch_request_for_consumer_matches_java ... ok
test protocol::fetch::tests::fetch_request_for_replica_matches_java ... ok
test protocol::fetch::tests::fetch_request_forgotten_from_removed_matches_java ... ok
test protocol::fetch::tests::fetch_request_forgotten_matches_java ... ok
test protocol::fetch::tests::fetch_request_log_start_offset_matches_java ... ok
test protocol::fetch::tests::fetch_request_forgotten_topics_matches_java ... ok
test protocol::fetch::tests::fetch_request_max_wait_ms_matches_java ... ok
test protocol::fetch::tests::fetch_request_min_bytes_matches_java ... ok
test protocol::fetch::tests::fetch_request_rack_id_is_empty_string_not_null ... ok
test protocol::fetch::tests::fetch_request_replica_directory_id_matches_java ... ok
test protocol::fetch::tests::fetch_request_replica_for_build_matches_java ... ok
test protocol::fetch::tests::fetch_request_replica_id_sentinels_match_java ... ok
test protocol::fetch::tests::fetch_request_replica_id_matches_java ... ok
test protocol::fetch::tests::fetch_request_sends_current_leader_epoch ... ok
test protocol::fetch::tests::fetch_request_sends_rack_id ... ok
test protocol::fetch::tests::fetch_request_replica_state_matches_java ... ok
test protocol::fetch::tests::fetch_request_session_matches_java ... ok
test protocol::fetch::tests::fetch_request_simple_builder_build_matches_java ... ok
test protocol::fetch::tests::fetch_request_topics_from_fetch_data_matches_java ... ok
test protocol::fetch::tests::fetch_response_error_counts_matches_java ... ok
test protocol::fetch::tests::fetch_response_preserves_aborted_transactions ... ok
test protocol::fetch::tests::fetch_response_of_matches_java ... ok
test protocol::fetch::tests::fetch_response_records_size_matches_java ... ok
test protocol::fetch::tests::fetch_response_of_with_endpoints_matches_java ... ok
test protocol::fetch::tests::fetch_response_response_data_matches_java ... ok
test protocol::fetch::tests::fetch_response_size_of_matches_java ... ok
test protocol::fetch::tests::fetch_response_throttle_time_ms_matches_java ... ok
test protocol::fetch::tests::fetch_response_snapshot_id_matches_java ... ok
test protocol::fetch::tests::fetch_response_to_message_matches_java ... ok
test protocol::fetch::tests::fetch_v11_roundtrip ... ok
test protocol::fetch::tests::fetch_v12_request_matches_compact_layout ... ok
test protocol::fetch::tests::fetch_response_topic_ids_matches_java ... ok
test protocol::fetch::tests::fetch_v14_forgotten_topic_id_is_leftover_empty ... ok
test protocol::fetch::tests::fetch_v12_roundtrip_is_leftover_empty ... ok
test protocol::fetch::tests::fetch_v14_request_matches_topic_id_layout ... ok
test protocol::fetch::tests::fetch_v14_roundtrip_is_leftover_empty ... ok
test protocol::fetch::tests::fetch_v15_request_omits_untagged_replica_id ... ok
test protocol::fetch::tests::fetch_v16_current_leader_tagged_is_leftover_empty ... ok
test protocol::fetch::tests::fetch_v15_roundtrip_is_leftover_empty ... ok
test protocol::fetch::tests::fetch_v16_diverging_epoch_tagged_is_leftover_empty ... ok
test protocol::fetch::tests::fetch_v16_node_endpoints_tagged_is_leftover_empty ... ok
test protocol::fetch::tests::fetch_v16_roundtrip_is_leftover_empty ... ok
test protocol::fetch::tests::fetched_partition_invalid_sentinels_match_java ... ok
test protocol::fetch::tests::fetch_v17_roundtrip_matches_v16 ... ok
test protocol::group::tests::consumer_protocol_assignment_matches_java_serialize ... ok
test protocol::group::tests::consumer_protocol_type_matches_java ... ok
test protocol::group::tests::coordinator_type_matches_java ... ok
test protocol::group::tests::consumer_protocol_subscription_v3_matches_java_serialize ... ok
test protocol::group::tests::fetched_offset_partition_data_matches_java ... ok
test protocol::group::tests::find_coordinator_builder_matches_java ... ok
test protocol::group::tests::find_coordinator_response_coordinator_by_key_matches_java ... ok
test protocol::group::tests::find_coordinator_request_build_matches_java ... ok
test protocol::group::tests::find_coordinator_response_coordinators_matches_java ... ok
test protocol::group::tests::find_coordinator_response_node_matches_java ... ok
test protocol::group::tests::find_coordinator_response_has_error_matches_java ... ok
test protocol::group::tests::find_coordinator_response_error_counts_matches_java ... ok
test protocol::group::tests::find_coordinator_response_prepare_response_matches_java ... ok
test protocol::group::tests::find_coordinator_response_throttle_time_ms_matches_java ... ok
test protocol::group::tests::find_coordinator_v2_sends_key_type_and_is_leftover_empty ... ok
test protocol::group::tests::find_coordinator_v3_request_matches_compact_layout ... ok
test protocol::group::tests::find_coordinator_v3_response_matches_compact_layout ... ok
test protocol::group::tests::find_coordinator_v3_roundtrip_is_leftover_empty ... ok
test protocol::group::tests::find_coordinator_v4_request_matches_compact_layout ... ok
test protocol::group::tests::find_coordinator_v4_response_matches_compact_layout ... ok
test protocol::group::tests::find_coordinator_v4_roundtrip_is_leftover_empty ... ok
test protocol::group::tests::find_coordinator_v4_coordinator_keys_array_of_two ... ok
test protocol::group::tests::find_coordinator_v4_vs_v3_request_layout_differs ... ok
test protocol::group::tests::heartbeat_group_instance_id_matches_java ... ok
test protocol::group::tests::heartbeat_request_build_matches_java ... ok
test protocol::group::tests::heartbeat_throttle_time_ms_matches_java ... ok
test protocol::group::tests::heartbeat_response_error_counts_matches_java ... ok
test protocol::group::tests::heartbeat_v0_v2_match_and_v1_adds_throttle ... ok
test protocol::group::tests::heartbeat_v3_roundtrip_is_leftover_empty ... ok
test protocol::group::tests::heartbeat_v4_response_matches_compact_layout ... ok
test protocol::group::tests::heartbeat_v4_roundtrip_is_leftover_empty ... ok
test protocol::group::tests::heartbeat_v4_request_matches_compact_layout ... ok
test protocol::group::tests::join_group_error_response_matches_java ... ok
test protocol::group::tests::join_group_protocols_of_n_v6_compact ... ok
test protocol::group::tests::join_group_request_build_matches_java ... ok
test protocol::group::tests::join_group_request_error_response_matches_java ... ok
test protocol::group::tests::join_group_request_matches_java ... ok
test protocol::group::tests::join_group_request_protocol_type_matches_java ... ok
test protocol::group::tests::join_group_request_rebalance_timeout_ms_matches_java ... ok
test protocol::group::tests::join_group_response_error_counts_matches_java ... ok
test protocol::group::tests::join_group_response_protocol_name_matches_java ... ok
test protocol::group::tests::join_group_response_member_group_instance_id_matches_java ... ok
test protocol::group::tests::join_group_request_session_timeout_ms_matches_java ... ok
test protocol::group::tests::join_group_response_skip_assignment_matches_java ... ok
test protocol::group::tests::join_group_response_protocol_type_matches_java ... ok
test protocol::group::tests::join_group_response_throttle_time_ms_matches_java ... ok
test protocol::group::tests::join_group_v5_sends_instance_id ... ok
test protocol::group::tests::join_group_v2_v4_match_and_omit_instance ... ok
test protocol::group::tests::join_group_v6_request_matches_compact_layout ... ok
test protocol::group::tests::join_group_v6_response_matches_compact_layout ... ok
test protocol::group::tests::join_group_v7_empty_protocol_name_is_null ... ok
test protocol::group::tests::join_group_v6_roundtrip_is_leftover_empty ... ok
test protocol::group::tests::join_group_v8_request_matches_compact_layout ... ok
test protocol::group::tests::join_group_v7_response_matches_compact_layout ... ok
test protocol::group::tests::join_group_v8_roundtrip_is_leftover_empty ... ok
test protocol::group::tests::join_group_v9_response_matches_compact_layout ... ok
test protocol::group::tests::join_group_v9_roundtrip_is_leftover_empty ... ok
test protocol::group::tests::leave_group_builder_matches_java ... ok
test protocol::group::tests::leave_group_error_response_matches_java ... ok
test protocol::group::tests::leave_group_request_build_matches_java ... ok
test protocol::group::tests::leave_group_request_members_matches_java ... ok
test protocol::group::tests::leave_group_response_error_matches_java ... ok
test protocol::group::tests::leave_group_response_encode_from_members_matches_java ... ok
test protocol::group::tests::leave_group_response_error_counts_matches_java ... ok
test protocol::group::tests::leave_group_response_from_members_matches_java ... ok
test protocol::group::tests::leave_group_throttle_time_ms_matches_java ... ok
test protocol::group::tests::leave_group_response_for_version_matches_java ... ok
test protocol::group::tests::leave_group_v0_v1_v2_match_and_do_not_speak_v6 ... ok
test protocol::group::tests::leave_group_v3_roundtrip_is_leftover_empty ... ok
test protocol::group::tests::leave_group_v5_abort_matches_compact_layout ... ok
test protocol::group::tests::leave_group_v4_roundtrip_is_leftover_empty ... ok
test protocol::group::tests::leave_group_v5_reason_roundtrip_is_leftover_empty ... ok
test protocol::group::tests::offset_commit_defaults_match_java ... ok
test protocol::group::tests::offset_commit_get_error_response_copies_names_and_partitions ... ok
test protocol::group::tests::offset_commit_group_instance_id_matches_java ... ok
test protocol::group::tests::offset_commit_generation_id_or_member_epoch_matches_java ... ok
test protocol::group::tests::offset_commit_offsets_matches_java ... ok
test protocol::group::tests::offset_commit_request_build_matches_java ... ok
test protocol::group::tests::offset_commit_response_add_partitions_matches_java ... ok
test protocol::group::tests::offset_commit_response_add_partition_matches_java ... ok
test protocol::group::tests::offset_commit_response_error_counts_matches_java ... ok
test protocol::group::tests::offset_commit_response_encode_from_errors_matches_java ... ok
test protocol::group::tests::offset_commit_response_from_errors_matches_java ... ok
test protocol::group::tests::offset_commit_response_merge_matches_java ... ok
test protocol::group::tests::offset_commit_response_returns_first_partition_error ... ok
test protocol::group::tests::offset_commit_retention_time_matches_java ... ok
test protocol::group::tests::offset_commit_v2_v4_match_and_v5_drops_retention ... ok
test protocol::group::tests::offset_commit_v7_batches_partitions_and_consumes_epoch_metadata ... ok
test protocol::group::tests::offset_commit_throttle_time_ms_matches_java ... ok
test protocol::group::tests::offset_commit_v8_request_matches_compact_layout ... ok
test protocol::group::tests::offset_commit_v8_response_matches_compact_layout ... ok
test protocol::group::tests::offset_commit_v8_roundtrip_is_leftover_empty ... ok
test protocol::group::tests::offset_delete_error_response_matches_java ... ok
test protocol::group::tests::offset_commit_v9_matches_v8_layout ... ok
test protocol::group::tests::offset_delete_not_coordinator_is_not_at_byte_four ... ok
test protocol::group::tests::offset_delete_request_error_response_matches_java ... ok
test protocol::group::tests::offset_delete_response_error_counts_matches_java ... ok
test protocol::group::tests::offset_delete_response_throttle_time_ms_matches_java ... ok
test protocol::group::tests::offset_delete_response_merge_matches_java ... ok
test protocol::group::tests::offset_delete_v0_roundtrip_is_leftover_empty ... ok
test protocol::group::tests::offset_fetch_builder_matches_java ... ok
test protocol::group::tests::offset_fetch_from_partitions_matches_java ... ok
test protocol::group::tests::offset_fetch_group_error_result_leftover_empty ... ok
test protocol::group::tests::offset_fetch_group_ids_matches_java ... ok
test protocol::group::tests::offset_fetch_group_ids_to_partitions_matches_java ... ok
test protocol::group::tests::offset_fetch_null_topics_is_all_partitions ... ok
test protocol::group::tests::offset_fetch_partitions_matches_java ... ok
test protocol::group::tests::offset_fetch_group_ids_to_topics_matches_java ... ok
test protocol::group::tests::offset_fetch_request_build_matches_java ... ok
test protocol::group::tests::offset_fetch_request_for_group_matches_java ... ok
test protocol::group::tests::offset_fetch_request_error_response_matches_java ... ok
test protocol::group::tests::offset_fetch_request_for_groups_matches_java ... ok
test protocol::group::tests::offset_fetch_request_is_all_partitions_for_group_matches_java ... ok
test protocol::group::tests::offset_fetch_request_groups_matches_java ... ok
test protocol::group::tests::offset_fetch_response_encode_from_groups_partition_data_matches_java ... ok
test protocol::group::tests::offset_fetch_response_error_counts_matches_java ... ok
test protocol::group::tests::offset_fetch_response_encode_from_partition_data_matches_java ... ok
test protocol::group::tests::offset_fetch_response_error_matches_java ... ok
test protocol::group::tests::offset_fetch_response_from_groups_matches_java ... ok
test protocol::group::tests::offset_fetch_response_from_groups_partition_data_matches_java ... ok
test protocol::group::tests::offset_fetch_response_from_partition_data_matches_java ... ok
test protocol::group::tests::offset_fetch_response_group_has_error_matches_java ... ok
test protocol::group::tests::offset_fetch_response_partition_data_constructor_matches_java ... ok
test protocol::group::tests::offset_fetch_response_partition_data_map_matches_java ... ok
test protocol::group::tests::offset_fetch_throttle_time_ms_matches_java ... ok
test protocol::group::tests::offset_fetch_v5_batches_partitions_and_consumes_tail ... ok
test protocol::group::tests::offset_fetch_v1_v5_match_and_v5_adds_epoch ... ok
test protocol::group::tests::offset_fetch_v6_request_matches_compact_layout ... ok
test protocol::group::tests::offset_fetch_v6_roundtrip_is_leftover_empty ... ok
test protocol::group::tests::offset_fetch_v7_sends_require_stable ... ok
test protocol::group::tests::offset_fetch_v8_groups_array_of_two ... ok
test protocol::group::tests::offset_fetch_v8_groups_null_topics_array_of_two ... ok
test protocol::group::tests::offset_fetch_v8_groups_roundtrip_is_leftover_empty ... ok
test protocol::group::tests::offset_fetch_v9_sends_member_id_and_epoch ... ok
test protocol::group::tests::subscription_assignment_roundtrip ... ok
test protocol::group::tests::sync_group_error_response_matches_java ... ok
test protocol::group::tests::sync_group_are_mandatory_protocol_type_and_name_present_matches_java ... ok
test protocol::group::tests::sync_group_generation_id_matches_java ... ok
test protocol::group::tests::sync_group_group_instance_id_matches_java ... ok
test protocol::group::tests::sync_group_protocol_type_name_matches_java ... ok
test protocol::group::tests::sync_group_request_group_assignments_matches_java ... ok
test protocol::group::tests::sync_group_response_error_counts_matches_java ... ok
test protocol::group::tests::sync_group_request_build_matches_java ... ok
test protocol::group::tests::sync_group_response_protocol_type_name_matches_java ... ok
test protocol::group::tests::sync_group_throttle_time_ms_matches_java ... ok
test protocol::group::tests::sync_group_v3_roundtrip_is_leftover_empty ... ok
test protocol::group::tests::sync_group_v0_v2_match_and_v1_adds_throttle ... ok
test protocol::group::tests::sync_group_v4_request_matches_compact_layout ... ok
test protocol::group::tests::sync_group_v4_response_matches_compact_layout ... ok
test protocol::group::tests::sync_group_v4_roundtrip_is_leftover_empty ... ok
test protocol::group::tests::sync_group_v5_request_matches_compact_layout ... ok
test protocol::group::tests::sync_group_v5_roundtrip_is_leftover_empty ... ok
test protocol::header::tests::acl_apis_v2_are_flexible_v1_is_not ... ok
test protocol::header::tests::add_offsets_to_txn_v3_is_flexible_v2_is_not ... ok
test protocol::header::tests::add_partitions_to_txn_v3_is_flexible_v2_is_not ... ok
test protocol::group::tests::sync_group_v5_response_matches_compact_layout ... ok
test protocol::header::tests::add_raft_voter_headers_are_always_flexible ... ok
test protocol::header::tests::allocate_producer_ids_v0_is_flexible ... ok
test protocol::header::tests::alter_client_quotas_v1_is_flexible_v0_is_not ... ok
test protocol::header::tests::alter_configs_v2_is_flexible_v1_is_not ... ok
test protocol::header::tests::alter_partition_reassignments_v0_is_flexible ... ok
test protocol::header::tests::alter_replica_log_dirs_v2_is_flexible_v1_is_not ... ok
test protocol::header::tests::alter_share_group_offsets_v0_is_flexible ... ok
test protocol::header::tests::alter_user_scram_credentials_v0_is_flexible ... ok
test protocol::header::tests::api_versions_response_header_never_flexible ... ok
test protocol::header::tests::assign_replicas_to_dirs_v0_is_flexible ... ok
test protocol::header::tests::check_correlation_matches_java ... ok
test protocol::header::tests::consumer_group_heartbeat_v0_to_v1_are_flexible ... ok
test protocol::header::tests::consumer_group_describe_v1_is_flexible ... ok
test protocol::header::tests::create_delegation_token_v3_is_flexible ... ok
test protocol::header::tests::create_partitions_v2_is_flexible_v1_is_not ... ok
test protocol::header::tests::create_topics_v5_is_flexible_v4_is_not ... ok
test protocol::header::tests::delete_groups_v2_is_flexible_v1_is_not ... ok
test protocol::header::tests::delete_records_v2_is_flexible_v1_is_not ... ok
test protocol::header::tests::delete_share_group_offsets_v0_is_flexible ... ok
test protocol::header::tests::describe_client_quotas_v1_is_flexible_v0_is_not ... ok
test protocol::header::tests::delete_topics_v4_is_flexible_v3_is_not ... ok
test protocol::header::tests::describe_configs_v4_is_flexible_v3_is_not ... ok
test protocol::header::tests::describe_delegation_token_v3_is_flexible ... ok
test protocol::header::tests::describe_groups_v6_is_flexible_v4_is_not ... ok
test protocol::header::tests::describe_cluster_v0_to_v2_are_flexible ... ok
test protocol::header::tests::describe_log_dirs_v4_is_flexible ... ok
test protocol::header::tests::describe_producers_v0_is_flexible ... ok
test protocol::header::tests::describe_quorum_headers_are_always_flexible ... ok
test protocol::header::tests::describe_share_group_offsets_v0_is_flexible ... ok
test protocol::header::tests::describe_topic_partitions_v0_is_flexible ... ok
test protocol::header::tests::describe_transactions_v0_is_flexible ... ok
test protocol::header::tests::describe_user_scram_credentials_v0_is_flexible ... ok
test protocol::header::tests::elect_leaders_headers_match_apache_flexible_boundary ... ok
test protocol::header::tests::end_txn_v3_is_flexible_v2_is_not ... ok
test protocol::header::tests::expire_delegation_token_v2_is_flexible ... ok
test protocol::header::tests::fetch_v12_is_flexible_v11_is_not ... ok
test protocol::header::tests::find_coordinator_v3_is_flexible_v2_is_not ... ok
test protocol::header::tests::heartbeat_v4_is_flexible_v3_is_not ... ok
test protocol::header::tests::incremental_alter_configs_v1_is_flexible_v0_is_not ... ok
test protocol::header::tests::get_telemetry_subscriptions_v0_is_flexible ... ok
test protocol::header::tests::init_producer_id_v2_is_flexible_v1_is_not ... ok
test protocol::header::tests::join_group_v6_is_flexible_v5_is_not ... ok
test protocol::header::tests::leave_group_v4_is_flexible_v3_is_not ... ok
test protocol::header::tests::list_config_resources_v1_is_flexible ... ok
test protocol::header::tests::list_groups_v5_is_flexible_v2_is_not ... ok
test protocol::header::tests::list_offsets_v6_is_flexible_v5_is_not ... ok
test protocol::header::tests::list_partition_reassignments_v0_is_flexible ... ok
test protocol::header::tests::list_transactions_is_flexible ... ok
test protocol::header::tests::offset_commit_v8_is_flexible_v7_is_not ... ok
test protocol::header::tests::offset_fetch_v6_is_flexible_v5_is_not ... ok
test protocol::header::tests::offset_for_leader_epoch_v4_is_flexible_v3_is_not ... ok
test protocol::header::tests::produce_v9_is_flexible_v8_is_not ... ok
test protocol::header::tests::push_telemetry_v0_is_flexible ... ok
test protocol::header::tests::renew_delegation_token_v2_is_flexible ... ok
test protocol::header::tests::request_header_client_id_is_classic_even_when_flexible ... ok
test protocol::header::tests::remove_raft_voter_headers_are_always_flexible ... ok
test protocol::header::tests::request_header_display_matches_java ... ok
test protocol::header::tests::request_header_size_matches_java ... ok
test protocol::header::tests::sasl_authenticate_v2_is_flexible_v1_is_not ... ok
test protocol::header::tests::sasl_handshake_v0_and_v1_are_classic ... ok
test protocol::header::tests::share_acknowledge_v0_and_v1_are_flexible ... ok
test protocol::header::tests::share_fetch_v0_and_v1_are_flexible ... ok
test protocol::header::tests::share_group_describe_v0_and_v1_are_flexible ... ok
test protocol::header::tests::share_group_heartbeat_v0_and_v1_are_flexible ... ok
test protocol::header::tests::sync_group_v4_is_flexible_v3_is_not ... ok
test protocol::header::tests::txn_offset_commit_v3_is_flexible_v2_is_not ... ok
test protocol::header::tests::update_features_v0_to_v2_are_flexible ... ok
test protocol::header::tests::unregister_broker_v0_is_flexible ... ok
test protocol::header::tests::write_txn_markers_v1_is_flexible_v0_is_not ... ok
test protocol::idem::tests::init_producer_id_builder_matches_java ... ok
test protocol::idem::tests::init_producer_id_error_is_visible ... ok
test protocol::idem::tests::init_producer_id_error_response_matches_java ... ok
test protocol::idem::tests::init_producer_id_request_build_matches_java ... ok
test protocol::idem::tests::init_producer_id_response_error_counts_matches_java ... ok
test protocol::idem::tests::init_producer_id_v1_roundtrip ... ok
test protocol::idem::tests::init_producer_id_response_throttle_time_ms_matches_java ... ok
test protocol::idem::tests::init_producer_id_v2_request_matches_compact_layout ... ok
test protocol::idem::tests::init_producer_id_v2_response_matches_compact_layout ... ok
test protocol::idem::tests::init_producer_id_v3_first_init_sends_no_producer_id ... ok
test protocol::idem::tests::init_producer_id_v2_roundtrip_is_leftover_empty ... ok
test protocol::idem::tests::init_producer_id_v5_roundtrip_is_leftover_empty ... ok
test protocol::oauth::tests::librdkafka_unsecured_jwt_vector ... ok
test protocol::oauth::tests::rfc7628_initial_roundtrip ... ok
test protocol::offsets::tests::list_offsets_duplicate_partitions_matches_java ... ok
test protocol::offsets::tests::list_offsets_partition_matches_java_list_offsets_result_info ... ok
test protocol::offsets::tests::list_offsets_replica_id_sentinels_match_java ... ok
test protocol::offsets::tests::list_offsets_request_builder_matches_java ... ok
test protocol::offsets::tests::list_offsets_request_for_consumer_matches_java ... ok
test protocol::offsets::tests::list_offsets_request_for_replica_matches_java ... ok
test protocol::offsets::tests::list_offsets_request_replica_id_matches_java ... ok
test net::tests::deadline_run_io_enforces_budget ... ok
test protocol::idem::tests::init_producer_id_v3_request_matches_compact_layout ... ok
test protocol::offsets::tests::list_offsets_response_error_counts_matches_java ... ok
test protocol::offsets::tests::list_offsets_throttle_time_ms_matches_java ... ok
test protocol::offsets::tests::list_offsets_v2_roundtrip ... ok
test protocol::offsets::tests::list_offsets_to_list_offsets_topics_matches_java ... ok
test protocol::offsets::tests::list_offsets_v4_two_partitions_roundtrip_is_leftover_empty ... ok
test protocol::offsets::tests::list_offsets_v5_matches_v4_layout ... ok
test protocol::offsets::tests::list_offsets_v6_latest_matches_compact_layout ... ok
test protocol::offsets::tests::list_offsets_v6_roundtrip_is_leftover_empty ... ok
test protocol::offsets::tests::offset_spec_matches_list_offsets_timestamp_constants ... ok
test protocol::oidc::tests::access_token_json_space_after_colon ... ok
test protocol::oidc::tests::compute_buffer_and_refresh_point ... ok
test protocol::oidc::tests::compute_retry_delay_exponential_and_clamping ... ok
test protocol::oidc::tests::compute_jitter_and_scheduled_refresh ... ok
test protocol::offsets::tests::list_offsets_v4_sends_current_leader_epoch_and_consumes_response_epoch ... ok
test protocol::oidc::tests::compute_skew_rules ... ok
test protocol::oidc::tests::fetch_token_does_not_retry_http_401 ... ok
test protocol::oidc::tests::fetch_token_from_http_listener ... ok
test protocol::oidc::tests::fetch_token_rejects_http_401 ... ok
test protocol::oidc::tests::fetch_token_response_chunked_end_to_end ... ok
test protocol::oidc::tests::fixed_and_zero_jitter_behavior ... ok
test protocol::oidc::tests::mock_clock_advance_wakes_waiters ... ok
test protocol::oidc::tests::parse_ipv4_and_ipv6_urls ... ok
test protocol::oidc::tests::parse_token_response_bearer_case_insensitive ... ok
test protocol::oidc::tests::parse_token_response_duplicate_keys ... ok
test protocol::oidc::tests::parse_token_response_empty_fields_fail ... ok
test protocol::oidc::tests::parse_token_response_escaped_json ... ok
test protocol::oidc::tests::parse_token_response_ignores_extra_fields ... ok
test protocol::oidc::tests::parse_token_response_malformed_and_truncated ... ok
test protocol::oidc::tests::parse_token_response_missing_expires_in ... ok
test protocol::oidc::tests::parse_token_response_missing_required_fields ... ok
test protocol::oidc::tests::parse_token_response_size_limits ... ok
test protocol::oidc::tests::parse_token_response_success_all_fields ... ok
test protocol::oidc::tests::parse_token_response_wrong_type_fields ... ok
test protocol::oidc::tests::read_http_response_chunked_decoding ... ok
test protocol::oidc::tests::read_http_response_chunked_malformed_fails ... ok
test protocol::oidc::tests::read_http_response_chunked_truncated_fails ... ok
test protocol::oidc::tests::read_http_response_chunked_with_extensions_and_trailers ... ok
test protocol::oidc::tests::read_http_response_oversized_content_length ... ok
test protocol::oidc::tests::read_http_response_truncated_content_length ... ok
test protocol::oidc::tests::read_http_response_truncated_headers ... ok
test protocol::oidc::tests::token_data_debug_redacts_token ... ok
test protocol::oidc::tests::token_manager_debug_redacts_tokens ... ok
test protocol::records::tests::compress_scratch_reuse_is_byte_identical_and_bounded ... ok
test protocol::records::tests::control_record_type_and_end_txn_marker_match_java ... ok
test protocol::records::tests::decode_record_batch_count_checks_match_java ... ok
test protocol::records::tests::decode_record_batch_ensure_valid_match_java ... ok
test protocol::records::tests::decode_record_batch_from_bytes_shares_value ... ok
test protocol::records::tests::decode_record_batch_honors_base_offset_plus_delta ... ok
test protocol::records::tests::decode_record_batches_stops_at_truncated_tail ... ok
test protocol::records::tests::decode_record_invalid_headers_match_java ... ok
test protocol::records::tests::decode_record_uses_wire_offset_delta ... ok
test protocol::records::tests::encoded_count_or_null_matches_java_default_record_batch ... ok
test protocol::records::tests::encoded_delete_horizon_ms_matches_java_default_record_batch ... ok
test protocol::records::tests::encoded_has_producer_id_matches_java_abstract_record_batch ... ok
test protocol::records::tests::encoded_is_transactional_matches_java_default_record_batch ... ok
test protocol::records::tests::encoded_last_offset_matches_java_default_record_batch ... ok
test protocol::records::tests::encoded_last_sequence_matches_java_default_record_batch ... ok
test protocol::records::tests::encoded_size_in_bytes_matches_java_default_record_batch ... ok
test protocol::records::tests::ensure_valid_matches_java_default_record_batch ... ok
test protocol::records::tests::estimate_size_in_bytes_matches_java ... ok
test protocol::records::tests::first_batch_size_matches_java_memory_records ... ok
test protocol::records::tests::gzip_bounded_decompression_and_bomb ... ok
test protocol::records::tests::gzip_record_batch_roundtrip ... ok
test protocol::records::tests::has_matching_magic_matches_java_abstract_records ... ok
test protocol::records::tests::header_getters_match_java ... ok
test protocol::records::tests::idempotent_batch_preserves_pid_and_seq ... ok
test protocol::records::tests::is_valid_matches_java_default_record_batch ... ok
test protocol::oidc::tests::fetch_token_retries_transient_503_then_succeeds ... ok
test protocol::records::tests::lz4_frame_roundtrip_shipped_codec ... ok
test protocol::records::tests::lz4_record_batch_roundtrip ... ok
test protocol::records::tests::null_key_is_not_empty_key ... ok
test protocol::records::tests::record_and_batch_getters_match_java ... ok
test protocol::records::tests::lz4_bounded_decompression_and_bomb ... ok
test protocol::records::tests::record_and_batch_size_in_bytes_match_java ... ok
test protocol::records::tests::record_batch_roundtrip ... ok
test protocol::records::tests::record_batch_decode_with_limit_and_crc ... ok
test protocol::records::tests::record_size_upper_bound_matches_java ... ok
test protocol::records::tests::set_last_offset_matches_java_default_record_batch ... ok
test protocol::records::tests::snappy_decompress_raw_block_from_librdkafka ... ok
test protocol::records::tests::snappy_record_batch_roundtrip ... ok
test protocol::records::tests::snappy_raw_and_framed_bounded_decompression_and_bomb ... ok
test protocol::records::tests::timestamp_type_matches_java ... ok
test protocol::records::tests::valid_bytes_matches_java_memory_records ... ok
test protocol::sasl::tests::handshake_roundtrip ... ok
test protocol::sasl::tests::plain_bytes_roundtrip ... ok
test protocol::sasl::tests::sasl_authenticate_error_response_matches_java ... ok
test protocol::sasl::tests::sasl_authenticate_response_error_counts_matches_java ... ok
test protocol::sasl::tests::sasl_authenticate_session_lifetime_matches_java ... ok
test protocol::sasl::tests::sasl_authenticate_v0_v1_v2_and_does_not_speak_v3 ... ok
test protocol::sasl::tests::sasl_handshake_error_response_matches_java ... ok
test protocol::sasl::tests::sasl_handshake_v0_matches_v1_and_does_not_speak_v2 ... ok
test protocol::sasl::tests::sasl_handshake_response_error_counts_matches_java ... ok
test protocol::oidc::tests::fetch_token_rejects_http_503_fail_closed ... ok
test protocol::oidc::tests::fetch_token_hang_times_out_fail_closed ... ok
test protocol::scram::tests::mock_server_roundtrip_sha256 ... ok
test protocol::scram::tests::rfc7677_scram_sha256 ... ok
test protocol::scram::tests::scram_mechanism_internals_match_java ... ok
test protocol::share::tests::share_acknowledge_close_session_has_no_topics ... ok
test protocol::share::tests::share_acknowledge_encodes_several_partitions ... ok
test protocol::share::tests::share_acknowledge_partition_response_leftover_empty ... ok
test protocol::share::tests::share_acknowledge_request_error_response_matches_java ... ok
test protocol::share::tests::share_acknowledge_request_for_consumer_matches_java ... ok
test protocol::share::tests::share_acknowledge_response_current_leader_matches_java ... ok
test protocol::share::tests::share_acknowledge_response_error_counts_matches_java ... ok
test protocol::share::tests::share_acknowledge_response_error_message_matches_java ... ok
test protocol::share::tests::share_acknowledge_response_node_endpoints_matches_java ... ok
test protocol::share::tests::share_acknowledge_response_of_matches_java ... ok
test protocol::share::tests::share_acknowledge_response_throttle_time_ms_matches_java ... ok
test protocol::share::tests::share_acknowledge_response_to_message_matches_java ... ok
test protocol::share::tests::share_acknowledge_response_top_level_error_message_matches_java ... ok
test protocol::share::tests::share_acknowledge_v0_matches_v1_and_does_not_speak_v2 ... ok
test protocol::share::tests::share_acknowledge_versions_pin_v0_v1_and_reject_v2_explicitly ... ok
test protocol::share::tests::share_fetch_and_acknowledge_roundtrip ... ok
test protocol::share::tests::share_fetch_error_roundtrip ... ok
test protocol::share::tests::share_fetch_error_throttle_time_ms_matches_java ... ok
test protocol::share::tests::share_fetch_partition_response_leftover_empty ... ok
test protocol::share::tests::share_fetch_request_batch_size_matches_java ... ok
test protocol::share::tests::share_fetch_request_error_response_matches_java ... ok
test protocol::share::tests::share_fetch_request_for_consumer_matches_java ... ok
test protocol::share::tests::share_fetch_request_forgotten_matches_java ... ok
test protocol::share::tests::share_fetch_request_forgotten_topics_matches_java ... ok
test protocol::share::tests::share_fetch_request_max_bytes_matches_java ... ok
test protocol::share::tests::share_fetch_request_max_wait_ms_matches_java ... ok
test protocol::share::tests::share_fetch_request_min_bytes_matches_java ... ok
test protocol::share::tests::share_fetch_request_share_fetch_data_matches_java ... ok
test protocol::share::tests::share_fetch_request_update_forgotten_data_matches_java ... ok
test protocol::share::tests::share_fetch_response_acknowledge_error_code_matches_java ... ok
test protocol::share::tests::share_fetch_response_acknowledge_error_message_matches_java ... ok
test protocol::share::tests::share_fetch_response_acquisition_lock_timeout_ms_matches_java ... ok
test protocol::share::tests::share_fetch_response_current_leader_matches_java ... ok
test protocol::share::tests::share_fetch_response_error_code_matches_java ... ok
test protocol::share::tests::share_fetch_response_error_counts_matches_java ... ok
test protocol::share::tests::share_fetch_response_error_message_matches_java ... ok
test protocol::share::tests::share_fetch_response_node_endpoints_matches_java ... ok
test protocol::share::tests::share_fetch_response_of_matches_java ... ok
test protocol::share::tests::share_fetch_response_records_nullable_versions_matches_java ... ok
test protocol::share::tests::share_fetch_response_records_size_matches_java ... ok
test protocol::share::tests::share_fetch_response_response_data_matches_java ... ok
test protocol::share::tests::share_fetch_response_size_of_matches_java ... ok
test protocol::share::tests::share_fetch_response_throttle_time_ms_matches_java ... ok
test protocol::share::tests::share_fetch_response_to_message_matches_java ... ok
test protocol::share::tests::share_fetch_response_top_level_error_message_matches_java ... ok
test protocol::share::tests::share_fetch_v0_omits_v1_fields_and_does_not_speak_v2 ... ok
test protocol::share::tests::share_fetch_versions_pin_v0_v1_and_reject_v2_explicitly ... ok
test protocol::share::tests::share_group_heartbeat_join_leave_roundtrip ... ok
test protocol::share::tests::share_group_heartbeat_request_error_response_matches_java ... ok
test protocol::share::tests::share_group_heartbeat_request_rack_id_matches_java ... ok
test protocol::share::tests::share_group_heartbeat_response_error_counts_matches_java ... ok
test protocol::share::tests::share_group_heartbeat_response_throttle_time_ms_matches_java ... ok
test protocol::share::tests::share_group_heartbeat_v0_matches_v1_and_does_not_speak_v2 ... ok
test protocol::txn::tests::add_offsets_to_txn_request_error_response_matches_java ... ok
test protocol::txn::tests::add_offsets_to_txn_request_producer_epoch_matches_java ... ok
test protocol::txn::tests::add_offsets_to_txn_request_producer_id_matches_java ... ok
test protocol::txn::tests::add_offsets_to_txn_response_error_counts_matches_java ... ok
test protocol::txn::tests::add_offsets_to_txn_response_throttle_time_ms_matches_java ... ok
test protocol::txn::tests::add_offsets_to_txn_v3_request_matches_compact_layout ... ok
test protocol::txn::tests::add_offsets_to_txn_v3_response_matches_compact_layout ... ok
test protocol::txn::tests::add_offsets_to_txn_v3_roundtrip_is_leftover_empty ... ok
test protocol::txn::tests::add_partitions_to_txn_batches_partitions ... ok
test protocol::txn::tests::add_partitions_to_txn_from_partitions_matches_java ... ok
test protocol::txn::tests::add_partitions_to_txn_get_error_response_copies_names_and_partitions ... ok
test protocol::txn::tests::add_partitions_to_txn_partitions_matches_java ... ok
test protocol::txn::tests::add_partitions_to_txn_request_error_response_matches_java ... ok
test protocol::txn::tests::add_partitions_to_txn_request_for_client_matches_java ... ok
test protocol::txn::tests::add_partitions_to_txn_response_error_counts_matches_java ... ok
test protocol::txn::tests::add_partitions_to_txn_response_errors_matches_java ... ok
test protocol::txn::tests::add_partitions_to_txn_response_from_errors_matches_java ... ok
test protocol::txn::tests::add_partitions_to_txn_response_throttle_time_ms_matches_java ... ok
test protocol::txn::tests::add_partitions_to_txn_v3_request_matches_compact_layout ... ok
test protocol::txn::tests::add_partitions_to_txn_v3_response_matches_compact_layout ... ok
test protocol::txn::tests::add_partitions_to_txn_v3_roundtrip_is_leftover_empty ... ok
test protocol::txn::tests::end_txn_error_response_matches_java ... ok
test protocol::txn::tests::end_txn_request_build_matches_java ... ok
test protocol::txn::tests::end_txn_request_error_response_matches_java ... ok
test protocol::txn::tests::end_txn_response_error_counts_matches_java ... ok
test protocol::txn::tests::end_txn_response_throttle_time_ms_matches_java ... ok
test protocol::txn::tests::end_txn_roundtrip ... ok
test protocol::txn::tests::end_txn_v3_request_matches_compact_layout ... ok
test protocol::txn::tests::end_txn_v3_response_matches_compact_layout ... ok
test protocol::txn::tests::end_txn_v3_roundtrip_is_leftover_empty ... ok
test protocol::txn::tests::end_txn_v5_response_matches_compact_layout ... ok
test protocol::txn::tests::transaction_result_matches_java ... ok
test protocol::txn::tests::transaction_v2_version_caps_match_java ... ok
test protocol::txn::tests::txn_error_matrix_matches_pinned_java_handlers ... ok
test protocol::txn::tests::txn_offset_commit_from_offsets_matches_java ... ok
test protocol::txn::tests::txn_offset_commit_get_error_response_copies_names_and_partitions ... ok
test protocol::txn::tests::txn_offset_commit_member_matches_java ... ok
test protocol::txn::tests::txn_offset_commit_offsets_matches_java ... ok
test protocol::txn::tests::txn_offset_commit_request_build_matches_java ... ok
test protocol::txn::tests::txn_offset_commit_request_producer_epoch_matches_java ... ok
test protocol::txn::tests::txn_offset_commit_request_producer_id_matches_java ... ok
test protocol::txn::tests::txn_offset_commit_response_add_partition_matches_java ... ok
test protocol::txn::tests::txn_offset_commit_response_add_partitions_matches_java ... ok
test protocol::txn::tests::txn_offset_commit_response_encode_from_errors_matches_java ... ok
test protocol::txn::tests::txn_offset_commit_response_error_counts_matches_java ... ok
test protocol::txn::tests::txn_offset_commit_response_errors_matches_java ... ok
test protocol::txn::tests::txn_offset_commit_response_from_errors_matches_java ... ok
test protocol::txn::tests::txn_offset_commit_response_merge_matches_java ... ok
test protocol::txn::tests::txn_offset_commit_response_throttle_time_ms_matches_java ... ok
test protocol::txn::tests::txn_offset_commit_v0_has_no_leader_epoch ... ok
test protocol::txn::tests::txn_offset_commit_v2_batches_and_sends_leader_epoch ... ok
test protocol::txn::tests::txn_offset_commit_v3_request_matches_compact_layout ... ok
test protocol::txn::tests::txn_offset_commit_v3_response_matches_compact_layout ... ok
test protocol::txn::tests::txn_offset_commit_v3_roundtrip_is_leftover_empty ... ok
test protocol::txn::tests::txn_offset_partition_matches_java_committed_offset ... ok
test protocol::txn::tests::writable_txn_marker_from_partitions_matches_java ... ok
test protocol::txn::tests::writable_txn_marker_partitions_matches_java ... ok
test protocol::txn::tests::write_txn_markers_errors_by_producer_id_matches_java ... ok
test protocol::txn::tests::write_txn_markers_from_errors_matches_java ... ok
test protocol::txn::tests::write_txn_markers_get_error_response_matches_java ... ok
test protocol::txn::tests::write_txn_markers_request_builder_matches_java ... ok
test protocol::txn::tests::write_txn_markers_response_error_counts_matches_java ... ok
test protocol::txn::tests::write_txn_markers_v0_abort_matches_classic_layout ... ok
test protocol::txn::tests::write_txn_markers_v0_roundtrip_is_leftover_empty ... ok
test protocol::txn::tests::write_txn_markers_v1_abort_matches_compact_layout ... ok
test protocol::txn::tests::write_txn_markers_v1_roundtrip_is_leftover_empty ... ok
test share::tests::acknowledge_type_matches_java ... ok
test share::tests::acknowledgement_batches_collapses_contiguous_offsets ... ok
test share::tests::acknowledgement_batches_splits_on_gap ... ok
test share::tests::share_leader_retriable_is_not_leader_or_missing ... ok
test share::tests::share_records_partitions_and_filters ... ok
test share::tests::share_request_metadata_matches_java ... ok
test protocol::scram::tests::scram_formatter_matches_java ... ok
test protocol::scram::tests::rfc7677_transcript_scram_sha512 ... ok
test protocol::scram::tests::mock_server_roundtrip_sha512 ... ok

failures:

---- protocol::api::tests::produce_request_builder_matches_java stdout ----

thread 'protocol::api::tests::produce_request_builder_matches_java' (211071) panicked at src/protocol/api.rs:3627:71:
called `Result::unwrap()` on an `Err` value: Unsupported("Produce v13 requires explicit topic IDs")
note: run with `RUST_BACKTRACE=1` environment variable to display a backtrace


failures:
    protocol::api::tests::produce_request_builder_matches_java

test result: FAILED. 1099 passed; 1 failed; 0 ignored; 0 measured; 0 filtered out; finished in 0.41s

error: test failed, to rerun pass `--lib`
