{"event":"control-batch","scenario":"add-new-majority","operation":"bootstrap","file":"add-new-majority-0-bootstrap.control.bin","bytes":247,"records":[{"native_offset":0,"native_epoch":5,"key_file":"add-new-majority-0-bootstrap.control.bin.offset-0.key.bin","value_file":"add-new-majority-0-bootstrap.control.bin.offset-0.value.bin"},{"native_offset":1,"native_epoch":5,"key_file":"add-new-majority-0-bootstrap.control.bin.offset-1.key.bin","value_file":"add-new-majority-0-bootstrap.control.bin.offset-1.value.bin"}]}
{"event":"state","scenario":"add-new-majority","operation":"initial","now_ms":100,"voters":[{"id":0,"directory_id":"00000000000000010000000000000001"},{"id":1,"directory_id":"00000000000000010000000000000002"},{"id":2,"directory_id":"00000000000000010000000000000003"}],"latest_voters_offset":1,"hw":-1,"leo":2,"pending":false,"leader_resign":false}
{"event":"input","scenario":"add-new-majority","operation":"replica-progress","now_ms":105,"inputs":{"replica":{"id":1,"directory_id":"00000000000000010000000000000002"},"end":2}}
{"event":"state","scenario":"add-new-majority","operation":"progress-1-2","now_ms":105,"voters":[{"id":0,"directory_id":"00000000000000010000000000000001"},{"id":1,"directory_id":"00000000000000010000000000000002"},{"id":2,"directory_id":"00000000000000010000000000000003"}],"latest_voters_offset":1,"hw":2,"leo":2,"pending":false,"leader_resign":false}
{"event":"assertion","case":"add-new-majority.prior-config-committed","actual":"2","expected":"2","passed":true}
{"event":"input","scenario":"add-new-majority","operation":"replica-progress","now_ms":106,"inputs":{"replica":{"id":3,"directory_id":"00000000000000010000000000000004"},"end":2}}
{"event":"state","scenario":"add-new-majority","operation":"progress-3-2","now_ms":106,"voters":[{"id":0,"directory_id":"00000000000000010000000000000001"},{"id":1,"directory_id":"00000000000000010000000000000002"},{"id":2,"directory_id":"00000000000000010000000000000003"}],"latest_voters_offset":1,"hw":2,"leo":2,"pending":false,"leader_resign":false}
{"event":"assertion","case":"add.observer-caught-up","actual":"true","expected":"true","passed":true}
{"event":"input","scenario":"add-new-majority","operation":"add-request","now_ms":106,"inputs":{"replica":{"id":3,"directory_id":"00000000000000010000000000000004"},"ack_when_committed":true}}
{"event":"assertion","case":"discovery.request-is-api18","actual":"18","expected":"18","passed":true}
{"event":"assertion","case":"discovery.synthetic-loopback-endpoint","actual":"true","expected":"true","passed":true}
{"event":"assertion","case":"discovery.synthetic-port","actual":"19203","expected":"19203","passed":true}
{"event":"assertion","case":"add.pending-discovery","actual":"false","expected":"false","passed":true}
{"event":"input","scenario":"add-new-majority","operation":"remove-request","now_ms":106,"inputs":{"replica":{"id":2,"directory_id":"00000000000000010000000000000003"}}}
{"event":"assertion","case":"add.remove-during-pending-add","actual":"7","expected":"7","passed":true}
{"event":"input","scenario":"add-new-majority","operation":"feature-reply","now_ms":106,"inputs":{"source_id":9,"feature_present":true,"min":0,"max":1}}
{"event":"assertion","case":"add.wrong-source-ignored","actual":"false","expected":"false","passed":true}
{"event":"input","scenario":"add-new-majority","operation":"feature-reply","now_ms":106,"inputs":{"source_id":3,"feature_present":true,"min":0,"max":1}}
{"event":"control-batch","scenario":"add-new-majority","operation":"appended","file":"add-new-majority-1-appended.control.bin","bytes":282,"records":[{"native_offset":2,"native_epoch":5,"key_file":"add-new-majority-1-appended.control.bin.offset-2.key.bin","value_file":"add-new-majority-1-appended.control.bin.offset-2.value.bin"}]}
{"event":"state","scenario":"add-new-majority","operation":"local-appended","now_ms":106,"voters":[{"id":0,"directory_id":"00000000000000010000000000000001"},{"id":1,"directory_id":"00000000000000010000000000000002"},{"id":2,"directory_id":"00000000000000010000000000000003"},{"id":3,"directory_id":"00000000000000010000000000000004"}],"latest_voters_offset":2,"hw":2,"leo":3,"pending":true,"leader_resign":false}
{"event":"assertion","case":"add.new-set-active-before-commit","actual":"4","expected":"4","passed":true}
{"event":"assertion","case":"history.prior-voter-config-at-offset1","actual":"VoterSet(voters={0=VoterNode(voterKey=ReplicaKey(id=0, directoryId=AAAAAAAAAAEAAAAAAAAAAQ), listeners=Endpoints(endpoints={ListenerName(CONTROLLER)=127.0.0.1/<unresolved>:19200}), supportedKRaftVersion=SupportedVersionRange[min_version:0, max_version:1]), 1=VoterNode(voterKey=ReplicaKey(id=1, directoryId=AAAAAAAAAAEAAAAAAAAAAg), listeners=Endpoints(endpoints={ListenerName(CONTROLLER)=127.0.0.1/<unresolved>:19201}), supportedKRaftVersion=SupportedVersionRange[min_version:0, max_version:1]), 2=VoterNode(voterKey=ReplicaKey(id=2, directoryId=AAAAAAAAAAEAAAAAAAAAAw), listeners=Endpoints(endpoints={ListenerName(CONTROLLER)=127.0.0.1/<unresolved>:19202}), supportedKRaftVersion=SupportedVersionRange[min_version:0, max_version:1])})","expected":"VoterSet(voters={0=VoterNode(voterKey=ReplicaKey(id=0, directoryId=AAAAAAAAAAEAAAAAAAAAAQ), listeners=Endpoints(endpoints={ListenerName(CONTROLLER)=127.0.0.1/<unresolved>:19200}), supportedKRaftVersion=SupportedVersionRange[min_version:0, max_version:1]), 1=VoterNode(voterKey=ReplicaKey(id=1, directoryId=AAAAAAAAAAEAAAAAAAAAAg), listeners=Endpoints(endpoints={ListenerName(CONTROLLER)=127.0.0.1/<unresolved>:19201}), supportedKRaftVersion=SupportedVersionRange[min_version:0, max_version:1]), 2=VoterNode(voterKey=ReplicaKey(id=2, directoryId=AAAAAAAAAAEAAAAAAAAAAw), listeners=Endpoints(endpoints={ListenerName(CONTROLLER)=127.0.0.1/<unresolved>:19202}), supportedKRaftVersion=SupportedVersionRange[min_version:0, max_version:1])})","passed":true}
{"event":"assertion","case":"history.new-voter-config-at-offset2","actual":"4","expected":"4","passed":true}
{"event":"assertion","case":"history.KRaft-feature-at-offset2","actual":"KRAFT_VERSION_1","expected":"KRAFT_VERSION_1","passed":true}
{"event":"assertion","case":"add.new-config-awaits-replication","actual":"false","expected":"false","passed":true}
{"event":"input","scenario":"add-new-majority","operation":"replica-progress","now_ms":107,"inputs":{"replica":{"id":1,"directory_id":"00000000000000010000000000000002"},"end":3}}
{"event":"state","scenario":"add-new-majority","operation":"progress-1-3","now_ms":107,"voters":[{"id":0,"directory_id":"00000000000000010000000000000001"},{"id":1,"directory_id":"00000000000000010000000000000002"},{"id":2,"directory_id":"00000000000000010000000000000003"},{"id":3,"directory_id":"00000000000000010000000000000004"}],"latest_voters_offset":2,"hw":2,"leo":3,"pending":true,"leader_resign":false}
{"event":"assertion","case":"add.two-of-four-insufficient","actual":"false","expected":"false","passed":true}
{"event":"input","scenario":"add-new-majority","operation":"replica-progress","now_ms":108,"inputs":{"replica":{"id":3,"directory_id":"00000000000000010000000000000004"},"end":3}}
{"event":"state","scenario":"add-new-majority","operation":"progress-3-3","now_ms":108,"voters":[{"id":0,"directory_id":"00000000000000010000000000000001"},{"id":1,"directory_id":"00000000000000010000000000000002"},{"id":2,"directory_id":"00000000000000010000000000000003"},{"id":3,"directory_id":"00000000000000010000000000000004"}],"latest_voters_offset":2,"hw":3,"leo":3,"pending":false,"leader_resign":false}
{"event":"assertion","case":"add.new-majority-commits","actual":"0","expected":"0","passed":true}
{"event":"assertion","case":"add.committed-end","actual":"3","expected":"3","passed":true}
{"event":"assertion","case":"add.pending-cleared","actual":"false","expected":"false","passed":true}
{"event":"assertion","case":"add-new-majority.replay-voter-set","actual":"VoterSet(voters={0=VoterNode(voterKey=ReplicaKey(id=0, directoryId=AAAAAAAAAAEAAAAAAAAAAQ), listeners=Endpoints(endpoints={ListenerName(CONTROLLER)=127.0.0.1/<unresolved>:19200}), supportedKRaftVersion=SupportedVersionRange[min_version:0, max_version:1]), 1=VoterNode(voterKey=ReplicaKey(id=1, directoryId=AAAAAAAAAAEAAAAAAAAAAg), listeners=Endpoints(endpoints={ListenerName(CONTROLLER)=127.0.0.1/<unresolved>:19201}), supportedKRaftVersion=SupportedVersionRange[min_version:0, max_version:1]), 2=VoterNode(voterKey=ReplicaKey(id=2, directoryId=AAAAAAAAAAEAAAAAAAAAAw), listeners=Endpoints(endpoints={ListenerName(CONTROLLER)=127.0.0.1/<unresolved>:19202}), supportedKRaftVersion=SupportedVersionRange[min_version:0, max_version:1]), 3=VoterNode(voterKey=ReplicaKey(id=3, directoryId=AAAAAAAAAAEAAAAAAAAABA), listeners=Endpoints(endpoints={ListenerName(CONTROLLER)=127.0.0.1/<unresolved>:19203}), supportedKRaftVersion=SupportedVersionRange[min_version:0, max_version:1])})","expected":"VoterSet(voters={0=VoterNode(voterKey=ReplicaKey(id=0, directoryId=AAAAAAAAAAEAAAAAAAAAAQ), listeners=Endpoints(endpoints={ListenerName(CONTROLLER)=127.0.0.1/<unresolved>:19200}), supportedKRaftVersion=SupportedVersionRange[min_version:0, max_version:1]), 1=VoterNode(voterKey=ReplicaKey(id=1, directoryId=AAAAAAAAAAEAAAAAAAAAAg), listeners=Endpoints(endpoints={ListenerName(CONTROLLER)=127.0.0.1/<unresolved>:19201}), supportedKRaftVersion=SupportedVersionRange[min_version:0, max_version:1]), 2=VoterNode(voterKey=ReplicaKey(id=2, directoryId=AAAAAAAAAAEAAAAAAAAAAw), listeners=Endpoints(endpoints={ListenerName(CONTROLLER)=127.0.0.1/<unresolved>:19202}), supportedKRaftVersion=SupportedVersionRange[min_version:0, max_version:1]), 3=VoterNode(voterKey=ReplicaKey(id=3, directoryId=AAAAAAAAAAEAAAAAAAAABA), listeners=Endpoints(endpoints={ListenerName(CONTROLLER)=127.0.0.1/<unresolved>:19203}), supportedKRaftVersion=SupportedVersionRange[min_version:0, max_version:1])})","passed":true}
{"event":"assertion","case":"add-new-majority.replay-config-offset","actual":"OptionalLong[2]","expected":"OptionalLong[2]","passed":true}
{"event":"assertion","case":"add-new-majority.reopen-end","actual":"3","expected":"3","passed":true}
{"event":"assertion","case":"add-new-majority.storage-HW-not-quorum-proof","actual":"0","expected":"0","passed":true}
{"event":"control-batch","scenario":"add-prerequisites","operation":"bootstrap","file":"add-prerequisites-2-bootstrap.control.bin","bytes":247,"records":[{"native_offset":0,"native_epoch":5,"key_file":"add-prerequisites-2-bootstrap.control.bin.offset-0.key.bin","value_file":"add-prerequisites-2-bootstrap.control.bin.offset-0.value.bin"},{"native_offset":1,"native_epoch":5,"key_file":"add-prerequisites-2-bootstrap.control.bin.offset-1.key.bin","value_file":"add-prerequisites-2-bootstrap.control.bin.offset-1.value.bin"}]}
{"event":"state","scenario":"add-prerequisites","operation":"initial","now_ms":100,"voters":[{"id":0,"directory_id":"00000000000000010000000000000001"},{"id":1,"directory_id":"00000000000000010000000000000002"},{"id":2,"directory_id":"00000000000000010000000000000003"}],"latest_voters_offset":1,"hw":-1,"leo":2,"pending":false,"leader_resign":false}
{"event":"input","scenario":"add-prerequisites","operation":"add-request","now_ms":100,"inputs":{"replica":{"id":3,"directory_id":"00000000000000010000000000000004"},"ack_when_committed":true}}
{"event":"assertion","case":"add.no-current-epoch-HW","actual":"7","expected":"7","passed":true}
{"event":"input","scenario":"add-prerequisites","operation":"replica-progress","now_ms":105,"inputs":{"replica":{"id":1,"directory_id":"00000000000000010000000000000002"},"end":2}}
{"event":"state","scenario":"add-prerequisites","operation":"progress-1-2","now_ms":105,"voters":[{"id":0,"directory_id":"00000000000000010000000000000001"},{"id":1,"directory_id":"00000000000000010000000000000002"},{"id":2,"directory_id":"00000000000000010000000000000003"}],"latest_voters_offset":1,"hw":2,"leo":2,"pending":false,"leader_resign":false}
{"event":"assertion","case":"add-prerequisites.prior-config-committed","actual":"2","expected":"2","passed":true}
{"event":"input","scenario":"add-prerequisites","operation":"add-request","now_ms":105,"inputs":{"replica":{"id":1,"directory_id":"00000000000000010000000000000002"},"ack_when_committed":true}}
{"event":"assertion","case":"add.duplicate-id","actual":"126","expected":"126","passed":true}
{"event":"assertion","case":"component.missing-listener-throws","actual":"IllegalArgumentException","expected":"IllegalArgumentException","passed":true}
{"event":"input","scenario":"add-prerequisites","operation":"add-request","now_ms":105,"inputs":{"replica":{"id":3,"directory_id":"00000000000000010000000000000004"},"ack_when_committed":true}}
{"event":"assertion","case":"discovery.request-is-api18","actual":"18","expected":"18","passed":true}
{"event":"assertion","case":"discovery.synthetic-loopback-endpoint","actual":"true","expected":"true","passed":true}
{"event":"assertion","case":"discovery.synthetic-port","actual":"19203","expected":"19203","passed":true}
{"event":"assertion","case":"add.discovery-unavailable","actual":"7","expected":"7","passed":true}
{"event":"control-batch","scenario":"add-no-feature","operation":"bootstrap","file":"add-no-feature-3-bootstrap.control.bin","bytes":247,"records":[{"native_offset":0,"native_epoch":5,"key_file":"add-no-feature-3-bootstrap.control.bin.offset-0.key.bin","value_file":"add-no-feature-3-bootstrap.control.bin.offset-0.value.bin"},{"native_offset":1,"native_epoch":5,"key_file":"add-no-feature-3-bootstrap.control.bin.offset-1.key.bin","value_file":"add-no-feature-3-bootstrap.control.bin.offset-1.value.bin"}]}
{"event":"state","scenario":"add-no-feature","operation":"initial","now_ms":100,"voters":[{"id":0,"directory_id":"00000000000000010000000000000001"},{"id":1,"directory_id":"00000000000000010000000000000002"},{"id":2,"directory_id":"00000000000000010000000000000003"}],"latest_voters_offset":1,"hw":-1,"leo":2,"pending":false,"leader_resign":false}
{"event":"input","scenario":"add-no-feature","operation":"replica-progress","now_ms":105,"inputs":{"replica":{"id":1,"directory_id":"00000000000000010000000000000002"},"end":2}}
{"event":"state","scenario":"add-no-feature","operation":"progress-1-2","now_ms":105,"voters":[{"id":0,"directory_id":"00000000000000010000000000000001"},{"id":1,"directory_id":"00000000000000010000000000000002"},{"id":2,"directory_id":"00000000000000010000000000000003"}],"latest_voters_offset":1,"hw":2,"leo":2,"pending":false,"leader_resign":false}
{"event":"assertion","case":"add-no-feature.prior-config-committed","actual":"2","expected":"2","passed":true}
{"event":"input","scenario":"add-no-feature","operation":"add-request","now_ms":105,"inputs":{"replica":{"id":3,"directory_id":"00000000000000010000000000000004"},"ack_when_committed":true}}
{"event":"assertion","case":"add.cluster-feature-zero","actual":"35","expected":"35","passed":true}
{"event":"control-batch","scenario":"add-no-config","operation":"bootstrap","file":"add-no-config-4-bootstrap.control.bin","bytes":77,"records":[{"native_offset":0,"native_epoch":5,"key_file":"add-no-config-4-bootstrap.control.bin.offset-0.key.bin","value_file":"add-no-config-4-bootstrap.control.bin.offset-0.value.bin"}]}
{"event":"state","scenario":"add-no-config","operation":"initial","now_ms":100,"voters":[{"id":0,"directory_id":"00000000000000010000000000000001"},{"id":1,"directory_id":"00000000000000010000000000000002"},{"id":2,"directory_id":"00000000000000010000000000000003"}],"latest_voters_offset":-2,"hw":-1,"leo":1,"pending":false,"leader_resign":false}
{"event":"input","scenario":"add-no-config","operation":"replica-progress","now_ms":105,"inputs":{"replica":{"id":1,"directory_id":"00000000000000010000000000000002"},"end":1}}
{"event":"state","scenario":"add-no-config","operation":"progress-1-1","now_ms":105,"voters":[{"id":0,"directory_id":"00000000000000010000000000000001"},{"id":1,"directory_id":"00000000000000010000000000000002"},{"id":2,"directory_id":"00000000000000010000000000000003"}],"latest_voters_offset":-2,"hw":1,"leo":1,"pending":false,"leader_resign":false}
{"event":"assertion","case":"add-no-config.prior-config-committed","actual":"1","expected":"1","passed":true}
{"event":"input","scenario":"add-no-config","operation":"add-request","now_ms":105,"inputs":{"replica":{"id":3,"directory_id":"00000000000000010000000000000004"},"ack_when_committed":true}}
{"event":"assertion","case":"add.no-prior-config-entry","actual":"7","expected":"7","passed":true}
{"event":"control-batch","scenario":"add-feature-true","operation":"bootstrap","file":"add-feature-true-5-bootstrap.control.bin","bytes":247,"records":[{"native_offset":0,"native_epoch":5,"key_file":"add-feature-true-5-bootstrap.control.bin.offset-0.key.bin","value_file":"add-feature-true-5-bootstrap.control.bin.offset-0.value.bin"},{"native_offset":1,"native_epoch":5,"key_file":"add-feature-true-5-bootstrap.control.bin.offset-1.key.bin","value_file":"add-feature-true-5-bootstrap.control.bin.offset-1.value.bin"}]}
{"event":"state","scenario":"add-feature-true","operation":"initial","now_ms":100,"voters":[{"id":0,"directory_id":"00000000000000010000000000000001"},{"id":1,"directory_id":"00000000000000010000000000000002"},{"id":2,"directory_id":"00000000000000010000000000000003"}],"latest_voters_offset":1,"hw":-1,"leo":2,"pending":false,"leader_resign":false}
{"event":"input","scenario":"add-feature-true","operation":"replica-progress","now_ms":105,"inputs":{"replica":{"id":1,"directory_id":"00000000000000010000000000000002"},"end":2}}
{"event":"state","scenario":"add-feature-true","operation":"progress-1-2","now_ms":105,"voters":[{"id":0,"directory_id":"00000000000000010000000000000001"},{"id":1,"directory_id":"00000000000000010000000000000002"},{"id":2,"directory_id":"00000000000000010000000000000003"}],"latest_voters_offset":1,"hw":2,"leo":2,"pending":false,"leader_resign":false}
{"event":"assertion","case":"add-feature-true.prior-config-committed","actual":"2","expected":"2","passed":true}
{"event":"input","scenario":"add-feature-true","operation":"replica-progress","now_ms":106,"inputs":{"replica":{"id":3,"directory_id":"00000000000000010000000000000004"},"end":2}}
{"event":"state","scenario":"add-feature-true","operation":"progress-3-2","now_ms":106,"voters":[{"id":0,"directory_id":"00000000000000010000000000000001"},{"id":1,"directory_id":"00000000000000010000000000000002"},{"id":2,"directory_id":"00000000000000010000000000000003"}],"latest_voters_offset":1,"hw":2,"leo":2,"pending":false,"leader_resign":false}
{"event":"input","scenario":"add-feature-true","operation":"add-request","now_ms":106,"inputs":{"replica":{"id":3,"directory_id":"00000000000000010000000000000004"},"ack_when_committed":true}}
{"event":"assertion","case":"discovery.request-is-api18","actual":"18","expected":"18","passed":true}
{"event":"assertion","case":"discovery.synthetic-loopback-endpoint","actual":"true","expected":"true","passed":true}
{"event":"assertion","case":"discovery.synthetic-port","actual":"19203","expected":"19203","passed":true}
{"event":"input","scenario":"add-feature-true","operation":"feature-reply","now_ms":106,"inputs":{"source_id":3,"feature_present":false,"min":-1,"max":-1}}
{"event":"assertion","case":"add.missing-or-incompatible-feature-true","actual":"42","expected":"42","passed":true}
{"event":"control-batch","scenario":"add-feature-false","operation":"bootstrap","file":"add-feature-false-6-bootstrap.control.bin","bytes":247,"records":[{"native_offset":0,"native_epoch":5,"key_file":"add-feature-false-6-bootstrap.control.bin.offset-0.key.bin","value_file":"add-feature-false-6-bootstrap.control.bin.offset-0.value.bin"},{"native_offset":1,"native_epoch":5,"key_file":"add-feature-false-6-bootstrap.control.bin.offset-1.key.bin","value_file":"add-feature-false-6-bootstrap.control.bin.offset-1.value.bin"}]}
{"event":"state","scenario":"add-feature-false","operation":"initial","now_ms":100,"voters":[{"id":0,"directory_id":"00000000000000010000000000000001"},{"id":1,"directory_id":"00000000000000010000000000000002"},{"id":2,"directory_id":"00000000000000010000000000000003"}],"latest_voters_offset":1,"hw":-1,"leo":2,"pending":false,"leader_resign":false}
{"event":"input","scenario":"add-feature-false","operation":"replica-progress","now_ms":105,"inputs":{"replica":{"id":1,"directory_id":"00000000000000010000000000000002"},"end":2}}
{"event":"state","scenario":"add-feature-false","operation":"progress-1-2","now_ms":105,"voters":[{"id":0,"directory_id":"00000000000000010000000000000001"},{"id":1,"directory_id":"00000000000000010000000000000002"},{"id":2,"directory_id":"00000000000000010000000000000003"}],"latest_voters_offset":1,"hw":2,"leo":2,"pending":false,"leader_resign":false}
{"event":"assertion","case":"add-feature-false.prior-config-committed","actual":"2","expected":"2","passed":true}
{"event":"input","scenario":"add-feature-false","operation":"replica-progress","now_ms":106,"inputs":{"replica":{"id":3,"directory_id":"00000000000000010000000000000004"},"end":2}}
{"event":"state","scenario":"add-feature-false","operation":"progress-3-2","now_ms":106,"voters":[{"id":0,"directory_id":"00000000000000010000000000000001"},{"id":1,"directory_id":"00000000000000010000000000000002"},{"id":2,"directory_id":"00000000000000010000000000000003"}],"latest_voters_offset":1,"hw":2,"leo":2,"pending":false,"leader_resign":false}
{"event":"input","scenario":"add-feature-false","operation":"add-request","now_ms":106,"inputs":{"replica":{"id":3,"directory_id":"00000000000000010000000000000004"},"ack_when_committed":true}}
{"event":"assertion","case":"discovery.request-is-api18","actual":"18","expected":"18","passed":true}
{"event":"assertion","case":"discovery.synthetic-loopback-endpoint","actual":"true","expected":"true","passed":true}
{"event":"assertion","case":"discovery.synthetic-port","actual":"19203","expected":"19203","passed":true}
{"event":"input","scenario":"add-feature-false","operation":"feature-reply","now_ms":106,"inputs":{"source_id":3,"feature_present":true,"min":2,"max":3}}
{"event":"assertion","case":"add.missing-or-incompatible-feature-false","actual":"42","expected":"42","passed":true}
{"event":"control-batch","scenario":"add-lagging","operation":"bootstrap","file":"add-lagging-7-bootstrap.control.bin","bytes":247,"records":[{"native_offset":0,"native_epoch":5,"key_file":"add-lagging-7-bootstrap.control.bin.offset-0.key.bin","value_file":"add-lagging-7-bootstrap.control.bin.offset-0.value.bin"},{"native_offset":1,"native_epoch":5,"key_file":"add-lagging-7-bootstrap.control.bin.offset-1.key.bin","value_file":"add-lagging-7-bootstrap.control.bin.offset-1.value.bin"}]}
{"event":"state","scenario":"add-lagging","operation":"initial","now_ms":100,"voters":[{"id":0,"directory_id":"00000000000000010000000000000001"},{"id":1,"directory_id":"00000000000000010000000000000002"},{"id":2,"directory_id":"00000000000000010000000000000003"}],"latest_voters_offset":1,"hw":-1,"leo":2,"pending":false,"leader_resign":false}
{"event":"input","scenario":"add-lagging","operation":"replica-progress","now_ms":105,"inputs":{"replica":{"id":1,"directory_id":"00000000000000010000000000000002"},"end":2}}
{"event":"state","scenario":"add-lagging","operation":"progress-1-2","now_ms":105,"voters":[{"id":0,"directory_id":"00000000000000010000000000000001"},{"id":1,"directory_id":"00000000000000010000000000000002"},{"id":2,"directory_id":"00000000000000010000000000000003"}],"latest_voters_offset":1,"hw":2,"leo":2,"pending":false,"leader_resign":false}
{"event":"assertion","case":"add-lagging.prior-config-committed","actual":"2","expected":"2","passed":true}
{"event":"input","scenario":"add-lagging","operation":"add-request","now_ms":105,"inputs":{"replica":{"id":3,"directory_id":"00000000000000010000000000000004"},"ack_when_committed":true}}
{"event":"assertion","case":"discovery.request-is-api18","actual":"18","expected":"18","passed":true}
{"event":"assertion","case":"discovery.synthetic-loopback-endpoint","actual":"true","expected":"true","passed":true}
{"event":"assertion","case":"discovery.synthetic-port","actual":"19203","expected":"19203","passed":true}
{"event":"input","scenario":"add-lagging","operation":"feature-reply","now_ms":105,"inputs":{"source_id":3,"feature_present":true,"min":0,"max":1}}
{"event":"assertion","case":"add.no-catch-up-history","actual":"7","expected":"7","passed":true}
{"event":"control-batch","scenario":"add-timeout-uncommitted","operation":"bootstrap","file":"add-timeout-uncommitted-8-bootstrap.control.bin","bytes":247,"records":[{"native_offset":0,"native_epoch":5,"key_file":"add-timeout-uncommitted-8-bootstrap.control.bin.offset-0.key.bin","value_file":"add-timeout-uncommitted-8-bootstrap.control.bin.offset-0.value.bin"},{"native_offset":1,"native_epoch":5,"key_file":"add-timeout-uncommitted-8-bootstrap.control.bin.offset-1.key.bin","value_file":"add-timeout-uncommitted-8-bootstrap.control.bin.offset-1.value.bin"}]}
{"event":"state","scenario":"add-timeout-uncommitted","operation":"initial","now_ms":100,"voters":[{"id":0,"directory_id":"00000000000000010000000000000001"},{"id":1,"directory_id":"00000000000000010000000000000002"},{"id":2,"directory_id":"00000000000000010000000000000003"}],"latest_voters_offset":1,"hw":-1,"leo":2,"pending":false,"leader_resign":false}
{"event":"input","scenario":"add-timeout-uncommitted","operation":"replica-progress","now_ms":105,"inputs":{"replica":{"id":1,"directory_id":"00000000000000010000000000000002"},"end":2}}
{"event":"state","scenario":"add-timeout-uncommitted","operation":"progress-1-2","now_ms":105,"voters":[{"id":0,"directory_id":"00000000000000010000000000000001"},{"id":1,"directory_id":"00000000000000010000000000000002"},{"id":2,"directory_id":"00000000000000010000000000000003"}],"latest_voters_offset":1,"hw":2,"leo":2,"pending":false,"leader_resign":false}
{"event":"assertion","case":"add-timeout-uncommitted.prior-config-committed","actual":"2","expected":"2","passed":true}
{"event":"input","scenario":"add-timeout-uncommitted","operation":"replica-progress","now_ms":106,"inputs":{"replica":{"id":3,"directory_id":"00000000000000010000000000000004"},"end":2}}
{"event":"state","scenario":"add-timeout-uncommitted","operation":"progress-3-2","now_ms":106,"voters":[{"id":0,"directory_id":"00000000000000010000000000000001"},{"id":1,"directory_id":"00000000000000010000000000000002"},{"id":2,"directory_id":"00000000000000010000000000000003"}],"latest_voters_offset":1,"hw":2,"leo":2,"pending":false,"leader_resign":false}
{"event":"input","scenario":"add-timeout-uncommitted","operation":"add-request","now_ms":106,"inputs":{"replica":{"id":3,"directory_id":"00000000000000010000000000000004"},"ack_when_committed":true}}
{"event":"assertion","case":"discovery.request-is-api18","actual":"18","expected":"18","passed":true}
{"event":"assertion","case":"discovery.synthetic-loopback-endpoint","actual":"true","expected":"true","passed":true}
{"event":"assertion","case":"discovery.synthetic-port","actual":"19203","expected":"19203","passed":true}
{"event":"input","scenario":"add-timeout-uncommitted","operation":"add-request","now_ms":106,"inputs":{"replica":{"id":4,"directory_id":"00000000000000010000000000000005"},"ack_when_committed":true}}
{"event":"assertion","case":"add.concurrent-request","actual":"7","expected":"7","passed":true}
{"event":"input","scenario":"add-timeout-uncommitted","operation":"feature-reply","now_ms":106,"inputs":{"source_id":3,"feature_present":true,"min":0,"max":1}}
{"event":"control-batch","scenario":"add-timeout-uncommitted","operation":"appended","file":"add-timeout-uncommitted-9-appended.control.bin","bytes":282,"records":[{"native_offset":2,"native_epoch":5,"key_file":"add-timeout-uncommitted-9-appended.control.bin.offset-2.key.bin","value_file":"add-timeout-uncommitted-9-appended.control.bin.offset-2.value.bin"}]}
{"event":"state","scenario":"add-timeout-uncommitted","operation":"local-appended","now_ms":106,"voters":[{"id":0,"directory_id":"00000000000000010000000000000001"},{"id":1,"directory_id":"00000000000000010000000000000002"},{"id":2,"directory_id":"00000000000000010000000000000003"},{"id":3,"directory_id":"00000000000000010000000000000004"}],"latest_voters_offset":2,"hw":2,"leo":3,"pending":true,"leader_resign":false}
{"event":"assertion","case":"add.timeout-after-config-append","actual":"7","expected":"7","passed":true}
{"event":"assertion","case":"add.timed-out-config-stays-active","actual":"4","expected":"4","passed":true}
{"event":"input","scenario":"add-timeout-uncommitted","operation":"add-request","now_ms":1106,"inputs":{"replica":{"id":4,"directory_id":"00000000000000010000000000000005"},"ack_when_committed":true}}
{"event":"assertion","case":"add.uncommitted-prior-config-blocks-retry","actual":"7","expected":"7","passed":true}
{"event":"input","scenario":"add-timeout-uncommitted","operation":"remove-request","now_ms":1106,"inputs":{"replica":{"id":2,"directory_id":"00000000000000010000000000000003"}}}
{"event":"assertion","case":"remove.uncommitted-prior-config-blocks-retry","actual":"7","expected":"7","passed":true}
{"event":"assertion","case":"add-timeout-uncommitted.replay-voter-set","actual":"VoterSet(voters={0=VoterNode(voterKey=ReplicaKey(id=0, directoryId=AAAAAAAAAAEAAAAAAAAAAQ), listeners=Endpoints(endpoints={ListenerName(CONTROLLER)=127.0.0.1/<unresolved>:19200}), supportedKRaftVersion=SupportedVersionRange[min_version:0, max_version:1]), 1=VoterNode(voterKey=ReplicaKey(id=1, directoryId=AAAAAAAAAAEAAAAAAAAAAg), listeners=Endpoints(endpoints={ListenerName(CONTROLLER)=127.0.0.1/<unresolved>:19201}), supportedKRaftVersion=SupportedVersionRange[min_version:0, max_version:1]), 2=VoterNode(voterKey=ReplicaKey(id=2, directoryId=AAAAAAAAAAEAAAAAAAAAAw), listeners=Endpoints(endpoints={ListenerName(CONTROLLER)=127.0.0.1/<unresolved>:19202}), supportedKRaftVersion=SupportedVersionRange[min_version:0, max_version:1]), 3=VoterNode(voterKey=ReplicaKey(id=3, directoryId=AAAAAAAAAAEAAAAAAAAABA), listeners=Endpoints(endpoints={ListenerName(CONTROLLER)=127.0.0.1/<unresolved>:19203}), supportedKRaftVersion=SupportedVersionRange[min_version:0, max_version:1])})","expected":"VoterSet(voters={0=VoterNode(voterKey=ReplicaKey(id=0, directoryId=AAAAAAAAAAEAAAAAAAAAAQ), listeners=Endpoints(endpoints={ListenerName(CONTROLLER)=127.0.0.1/<unresolved>:19200}), supportedKRaftVersion=SupportedVersionRange[min_version:0, max_version:1]), 1=VoterNode(voterKey=ReplicaKey(id=1, directoryId=AAAAAAAAAAEAAAAAAAAAAg), listeners=Endpoints(endpoints={ListenerName(CONTROLLER)=127.0.0.1/<unresolved>:19201}), supportedKRaftVersion=SupportedVersionRange[min_version:0, max_version:1]), 2=VoterNode(voterKey=ReplicaKey(id=2, directoryId=AAAAAAAAAAEAAAAAAAAAAw), listeners=Endpoints(endpoints={ListenerName(CONTROLLER)=127.0.0.1/<unresolved>:19202}), supportedKRaftVersion=SupportedVersionRange[min_version:0, max_version:1]), 3=VoterNode(voterKey=ReplicaKey(id=3, directoryId=AAAAAAAAAAEAAAAAAAAABA), listeners=Endpoints(endpoints={ListenerName(CONTROLLER)=127.0.0.1/<unresolved>:19203}), supportedKRaftVersion=SupportedVersionRange[min_version:0, max_version:1])})","passed":true}
{"event":"assertion","case":"add-timeout-uncommitted.replay-config-offset","actual":"OptionalLong[2]","expected":"OptionalLong[2]","passed":true}
{"event":"assertion","case":"add-timeout-uncommitted.reopen-end","actual":"3","expected":"3","passed":true}
{"event":"assertion","case":"add-timeout-uncommitted.storage-HW-not-quorum-proof","actual":"0","expected":"0","passed":true}
{"event":"control-batch","scenario":"add-expired-probe","operation":"bootstrap","file":"add-expired-probe-10-bootstrap.control.bin","bytes":247,"records":[{"native_offset":0,"native_epoch":5,"key_file":"add-expired-probe-10-bootstrap.control.bin.offset-0.key.bin","value_file":"add-expired-probe-10-bootstrap.control.bin.offset-0.value.bin"},{"native_offset":1,"native_epoch":5,"key_file":"add-expired-probe-10-bootstrap.control.bin.offset-1.key.bin","value_file":"add-expired-probe-10-bootstrap.control.bin.offset-1.value.bin"}]}
{"event":"state","scenario":"add-expired-probe","operation":"initial","now_ms":100,"voters":[{"id":0,"directory_id":"00000000000000010000000000000001"},{"id":1,"directory_id":"00000000000000010000000000000002"},{"id":2,"directory_id":"00000000000000010000000000000003"}],"latest_voters_offset":1,"hw":-1,"leo":2,"pending":false,"leader_resign":false}
{"event":"input","scenario":"add-expired-probe","operation":"replica-progress","now_ms":105,"inputs":{"replica":{"id":1,"directory_id":"00000000000000010000000000000002"},"end":2}}
{"event":"state","scenario":"add-expired-probe","operation":"progress-1-2","now_ms":105,"voters":[{"id":0,"directory_id":"00000000000000010000000000000001"},{"id":1,"directory_id":"00000000000000010000000000000002"},{"id":2,"directory_id":"00000000000000010000000000000003"}],"latest_voters_offset":1,"hw":2,"leo":2,"pending":false,"leader_resign":false}
{"event":"assertion","case":"add-expired-probe.prior-config-committed","actual":"2","expected":"2","passed":true}
{"event":"input","scenario":"add-expired-probe","operation":"replica-progress","now_ms":106,"inputs":{"replica":{"id":3,"directory_id":"00000000000000010000000000000004"},"end":2}}
{"event":"state","scenario":"add-expired-probe","operation":"progress-3-2","now_ms":106,"voters":[{"id":0,"directory_id":"00000000000000010000000000000001"},{"id":1,"directory_id":"00000000000000010000000000000002"},{"id":2,"directory_id":"00000000000000010000000000000003"}],"latest_voters_offset":1,"hw":2,"leo":2,"pending":false,"leader_resign":false}
{"event":"input","scenario":"add-expired-probe","operation":"add-request","now_ms":106,"inputs":{"replica":{"id":3,"directory_id":"00000000000000010000000000000004"},"ack_when_committed":true}}
{"event":"assertion","case":"discovery.request-is-api18","actual":"18","expected":"18","passed":true}
{"event":"assertion","case":"discovery.synthetic-loopback-endpoint","actual":"true","expected":"true","passed":true}
{"event":"assertion","case":"discovery.synthetic-port","actual":"19203","expected":"19203","passed":true}
{"event":"assertion","case":"add.expired-discovery-probe","actual":"7","expected":"7","passed":true}
{"event":"input","scenario":"add-expired-probe","operation":"feature-reply","now_ms":1106,"inputs":{"source_id":3,"feature_present":true,"min":0,"max":1}}
{"event":"state","scenario":"add-expired-probe","operation":"local-appended","now_ms":1106,"voters":[{"id":0,"directory_id":"00000000000000010000000000000001"},{"id":1,"directory_id":"00000000000000010000000000000002"},{"id":2,"directory_id":"00000000000000010000000000000003"}],"latest_voters_offset":1,"hw":2,"leo":2,"pending":false,"leader_resign":false}
{"event":"assertion","case":"add.expired-reply-does-not-append","actual":"2","expected":"2","passed":true}
{"event":"assertion","case":"add.expired-reply-keeps-prior-config","actual":"3","expected":"3","passed":true}
{"event":"control-batch","scenario":"catch-up-component-boundary","operation":"bootstrap","file":"catch-up-component-boundary-11-bootstrap.control.bin","bytes":247,"records":[{"native_offset":0,"native_epoch":5,"key_file":"catch-up-component-boundary-11-bootstrap.control.bin.offset-0.key.bin","value_file":"catch-up-component-boundary-11-bootstrap.control.bin.offset-0.value.bin"},{"native_offset":1,"native_epoch":5,"key_file":"catch-up-component-boundary-11-bootstrap.control.bin.offset-1.key.bin","value_file":"catch-up-component-boundary-11-bootstrap.control.bin.offset-1.value.bin"}]}
{"event":"state","scenario":"catch-up-component-boundary","operation":"initial","now_ms":100,"voters":[{"id":0,"directory_id":"00000000000000010000000000000001"},{"id":1,"directory_id":"00000000000000010000000000000002"},{"id":2,"directory_id":"00000000000000010000000000000003"}],"latest_voters_offset":1,"hw":-1,"leo":2,"pending":false,"leader_resign":false}
{"event":"input","scenario":"catch-up-component-boundary","operation":"replica-progress","now_ms":105,"inputs":{"replica":{"id":1,"directory_id":"00000000000000010000000000000002"},"end":2}}
{"event":"state","scenario":"catch-up-component-boundary","operation":"progress-1-2","now_ms":105,"voters":[{"id":0,"directory_id":"00000000000000010000000000000001"},{"id":1,"directory_id":"00000000000000010000000000000002"},{"id":2,"directory_id":"00000000000000010000000000000003"}],"latest_voters_offset":1,"hw":2,"leo":2,"pending":false,"leader_resign":false}
{"event":"assertion","case":"catch-up-component-boundary.prior-config-committed","actual":"2","expected":"2","passed":true}
{"event":"input","scenario":"catch-up-component-boundary","operation":"replica-progress","now_ms":106,"inputs":{"replica":{"id":3,"directory_id":"00000000000000010000000000000004"},"end":2}}
{"event":"state","scenario":"catch-up-component-boundary","operation":"progress-3-2","now_ms":106,"voters":[{"id":0,"directory_id":"00000000000000010000000000000001"},{"id":1,"directory_id":"00000000000000010000000000000002"},{"id":2,"directory_id":"00000000000000010000000000000003"}],"latest_voters_offset":1,"hw":2,"leo":2,"pending":false,"leader_resign":false}
{"event":"input","scenario":"catch-up-component-boundary","operation":"replica-progress","now_ms":107,"inputs":{"replica":{"id":3,"directory_id":"00000000000000010000000000000004"},"end":1}}
{"event":"state","scenario":"catch-up-component-boundary","operation":"progress-3-1","now_ms":107,"voters":[{"id":0,"directory_id":"00000000000000010000000000000001"},{"id":1,"directory_id":"00000000000000010000000000000002"},{"id":2,"directory_id":"00000000000000010000000000000003"}],"latest_voters_offset":1,"hw":2,"leo":2,"pending":false,"leader_resign":false}
{"event":"assertion","case":"component.regressed-offset-retains-catch-up","actual":"true","expected":"true","passed":true}
{"event":"assertion","case":"component.before-one-hour","actual":"true","expected":"true","passed":true}
{"event":"assertion","case":"component.exact-one-hour-expires","actual":"false","expected":"false","passed":true}
{"event":"assertion","case":"component.wrong-directory-not-caught-up","actual":"false","expected":"false","passed":true}
{"event":"control-batch","scenario":"remove-leader","operation":"bootstrap","file":"remove-leader-12-bootstrap.control.bin","bytes":247,"records":[{"native_offset":0,"native_epoch":5,"key_file":"remove-leader-12-bootstrap.control.bin.offset-0.key.bin","value_file":"remove-leader-12-bootstrap.control.bin.offset-0.value.bin"},{"native_offset":1,"native_epoch":5,"key_file":"remove-leader-12-bootstrap.control.bin.offset-1.key.bin","value_file":"remove-leader-12-bootstrap.control.bin.offset-1.value.bin"}]}
{"event":"state","scenario":"remove-leader","operation":"initial","now_ms":100,"voters":[{"id":0,"directory_id":"00000000000000010000000000000001"},{"id":1,"directory_id":"00000000000000010000000000000002"},{"id":2,"directory_id":"00000000000000010000000000000003"}],"latest_voters_offset":1,"hw":-1,"leo":2,"pending":false,"leader_resign":false}
{"event":"input","scenario":"remove-leader","operation":"replica-progress","now_ms":105,"inputs":{"replica":{"id":1,"directory_id":"00000000000000010000000000000002"},"end":2}}
{"event":"state","scenario":"remove-leader","operation":"progress-1-2","now_ms":105,"voters":[{"id":0,"directory_id":"00000000000000010000000000000001"},{"id":1,"directory_id":"00000000000000010000000000000002"},{"id":2,"directory_id":"00000000000000010000000000000003"}],"latest_voters_offset":1,"hw":2,"leo":2,"pending":false,"leader_resign":false}
{"event":"assertion","case":"remove-leader.prior-config-committed","actual":"2","expected":"2","passed":true}
{"event":"input","scenario":"remove-leader","operation":"replica-progress","now_ms":106,"inputs":{"replica":{"id":2,"directory_id":"00000000000000010000000000000003"},"end":2}}
{"event":"state","scenario":"remove-leader","operation":"progress-2-2","now_ms":106,"voters":[{"id":0,"directory_id":"00000000000000010000000000000001"},{"id":1,"directory_id":"00000000000000010000000000000002"},{"id":2,"directory_id":"00000000000000010000000000000003"}],"latest_voters_offset":1,"hw":2,"leo":2,"pending":false,"leader_resign":false}
{"event":"input","scenario":"remove-leader","operation":"remove-request","now_ms":106,"inputs":{"replica":{"id":0,"directory_id":"00000000000000010000000000000001"}}}
{"event":"control-batch","scenario":"remove-leader","operation":"appended","file":"remove-leader-13-appended.control.bin","bytes":180,"records":[{"native_offset":2,"native_epoch":5,"key_file":"remove-leader-13-appended.control.bin.offset-2.key.bin","value_file":"remove-leader-13-appended.control.bin.offset-2.value.bin"}]}
{"event":"state","scenario":"remove-leader","operation":"local-appended","now_ms":106,"voters":[{"id":1,"directory_id":"00000000000000010000000000000002"},{"id":2,"directory_id":"00000000000000010000000000000003"}],"latest_voters_offset":2,"hw":2,"leo":3,"pending":true,"leader_resign":false}
{"event":"assertion","case":"remove.leader-removed-before-commit","actual":"false","expected":"false","passed":true}
{"event":"assertion","case":"remove.no-early-resign","actual":"false","expected":"true","passed":false}
