{"event":"control-batch","scenario":"add-new-majority","operation":"bootstrap","file":"add-new-majority-0-bootstrap.control.bin","bytes":247,"records":[{"native_offset":0,"native_epoch":5,"key_file":"add-new-majority-0-bootstrap.control.bin.offset-0.key.bin","value_file":"add-new-majority-0-bootstrap.control.bin.offset-0.value.bin"},{"native_offset":1,"native_epoch":5,"key_file":"add-new-majority-0-bootstrap.control.bin.offset-1.key.bin","value_file":"add-new-majority-0-bootstrap.control.bin.offset-1.value.bin"}]}
{"event":"state","scenario":"add-new-majority","operation":"initial","now_ms":100,"voters":[{"id":0,"directory_id":"00000000000000010000000000000001"},{"id":1,"directory_id":"00000000000000010000000000000002"},{"id":2,"directory_id":"00000000000000010000000000000003"}],"latest_voters_offset":1,"hw":-1,"leo":2,"pending":false,"leader_resign":false}
{"event":"input","scenario":"add-new-majority","operation":"replica-progress","now_ms":105,"inputs":{"replica":{"id":1,"directory_id":"00000000000000010000000000000002"},"end":2}}
{"event":"state","scenario":"add-new-majority","operation":"progress-1-2","now_ms":105,"voters":[{"id":0,"directory_id":"00000000000000010000000000000001"},{"id":1,"directory_id":"00000000000000010000000000000002"},{"id":2,"directory_id":"00000000000000010000000000000003"}],"latest_voters_offset":1,"hw":2,"leo":2,"pending":false,"leader_resign":false}
{"event":"assertion","case":"add-new-majority.prior-config-committed","actual":"2","expected":"2","passed":true}
{"event":"input","scenario":"add-new-majority","operation":"replica-progress","now_ms":106,"inputs":{"replica":{"id":3,"directory_id":"00000000000000010000000000000004"},"end":2}}
{"event":"state","scenario":"add-new-majority","operation":"progress-3-2","now_ms":106,"voters":[{"id":0,"directory_id":"00000000000000010000000000000001"},{"id":1,"directory_id":"00000000000000010000000000000002"},{"id":2,"directory_id":"00000000000000010000000000000003"}],"latest_voters_offset":1,"hw":2,"leo":2,"pending":false,"leader_resign":false}
{"event":"assertion","case":"add.observer-caught-up","actual":"true","expected":"true","passed":true}
{"event":"input","scenario":"add-new-majority","operation":"add-request","now_ms":106,"inputs":{"replica":{"id":3,"directory_id":"00000000000000010000000000000004"},"ack_when_committed":true}}
{"event":"assertion","case":"discovery.request-is-api18","actual":"18","expected":"18","passed":true}
{"event":"assertion","case":"discovery.synthetic-loopback-endpoint","actual":"true","expected":"true","passed":true}
{"event":"assertion","case":"discovery.synthetic-port","actual":"19203","expected":"19203","passed":true}
{"event":"assertion","case":"add.pending-discovery","actual":"false","expected":"false","passed":true}
{"event":"input","scenario":"add-new-majority","operation":"remove-request","now_ms":106,"inputs":{"replica":{"id":2,"directory_id":"00000000000000010000000000000003"}}}
{"event":"assertion","case":"add.remove-during-pending-add","actual":"7","expected":"7","passed":true}
{"event":"input","scenario":"add-new-majority","operation":"feature-reply","now_ms":106,"inputs":{"source_id":9,"feature_present":true,"min":0,"max":1}}
{"event":"assertion","case":"add.wrong-source-ignored","actual":"false","expected":"false","passed":true}
{"event":"input","scenario":"add-new-majority","operation":"feature-reply","now_ms":106,"inputs":{"source_id":3,"feature_present":true,"min":0,"max":1}}
{"event":"control-batch","scenario":"add-new-majority","operation":"appended","file":"add-new-majority-1-appended.control.bin","bytes":282,"records":[{"native_offset":2,"native_epoch":5,"key_file":"add-new-majority-1-appended.control.bin.offset-2.key.bin","value_file":"add-new-majority-1-appended.control.bin.offset-2.value.bin"}]}
{"event":"state","scenario":"add-new-majority","operation":"local-appended","now_ms":106,"voters":[{"id":0,"directory_id":"00000000000000010000000000000001"},{"id":1,"directory_id":"00000000000000010000000000000002"},{"id":2,"directory_id":"00000000000000010000000000000003"},{"id":3,"directory_id":"00000000000000010000000000000004"}],"latest_voters_offset":2,"hw":2,"leo":3,"pending":true,"leader_resign":false}
{"event":"assertion","case":"add.new-set-active-before-commit","actual":"4","expected":"4","passed":true}
{"event":"assertion","case":"history.prior-voter-config-at-offset1","actual":"VoterSet(voters={0=VoterNode(voterKey=ReplicaKey(id=0, directoryId=AAAAAAAAAAEAAAAAAAAAAQ), listeners=Endpoints(endpoints={ListenerName(CONTROLLER)=127.0.0.1/<unresolved>:19200}), supportedKRaftVersion=SupportedVersionRange[min_version:0, max_version:1]), 1=VoterNode(voterKey=ReplicaKey(id=1, directoryId=AAAAAAAAAAEAAAAAAAAAAg), listeners=Endpoints(endpoints={ListenerName(CONTROLLER)=127.0.0.1/<unresolved>:19201}), supportedKRaftVersion=SupportedVersionRange[min_version:0, max_version:1]), 2=VoterNode(voterKey=ReplicaKey(id=2, directoryId=AAAAAAAAAAEAAAAAAAAAAw), listeners=Endpoints(endpoints={ListenerName(CONTROLLER)=127.0.0.1/<unresolved>:19202}), supportedKRaftVersion=SupportedVersionRange[min_version:0, max_version:1])})","expected":"VoterSet(voters={0=VoterNode(voterKey=ReplicaKey(id=0, directoryId=AAAAAAAAAAEAAAAAAAAAAQ), listeners=Endpoints(endpoints={ListenerName(CONTROLLER)=127.0.0.1/<unresolved>:19200}), supportedKRaftVersion=SupportedVersionRange[min_version:0, max_version:1]), 1=VoterNode(voterKey=ReplicaKey(id=1, directoryId=AAAAAAAAAAEAAAAAAAAAAg), listeners=Endpoints(endpoints={ListenerName(CONTROLLER)=127.0.0.1/<unresolved>:19201}), supportedKRaftVersion=SupportedVersionRange[min_version:0, max_version:1]), 2=VoterNode(voterKey=ReplicaKey(id=2, directoryId=AAAAAAAAAAEAAAAAAAAAAw), listeners=Endpoints(endpoints={ListenerName(CONTROLLER)=127.0.0.1/<unresolved>:19202}), supportedKRaftVersion=SupportedVersionRange[min_version:0, max_version:1])})","passed":true}
{"event":"assertion","case":"history.new-voter-config-at-offset2","actual":"4","expected":"4","passed":true}
{"event":"assertion","case":"history.KRaft-feature-at-offset2","actual":"KRAFT_VERSION_1","expected":"KRAFT_VERSION_1","passed":true}
{"event":"assertion","case":"add.new-config-awaits-replication","actual":"false","expected":"false","passed":true}
{"event":"input","scenario":"add-new-majority","operation":"replica-progress","now_ms":107,"inputs":{"replica":{"id":1,"directory_id":"00000000000000010000000000000002"},"end":3}}
{"event":"state","scenario":"add-new-majority","operation":"progress-1-3","now_ms":107,"voters":[{"id":0,"directory_id":"00000000000000010000000000000001"},{"id":1,"directory_id":"00000000000000010000000000000002"},{"id":2,"directory_id":"00000000000000010000000000000003"},{"id":3,"directory_id":"00000000000000010000000000000004"}],"latest_voters_offset":2,"hw":2,"leo":3,"pending":true,"leader_resign":false}
{"event":"assertion","case":"add.two-of-four-insufficient","actual":"false","expected":"false","passed":true}
{"event":"input","scenario":"add-new-majority","operation":"replica-progress","now_ms":108,"inputs":{"replica":{"id":3,"directory_id":"00000000000000010000000000000004"},"end":3}}
{"event":"state","scenario":"add-new-majority","operation":"progress-3-3","now_ms":108,"voters":[{"id":0,"directory_id":"00000000000000010000000000000001"},{"id":1,"directory_id":"00000000000000010000000000000002"},{"id":2,"directory_id":"00000000000000010000000000000003"},{"id":3,"directory_id":"00000000000000010000000000000004"}],"latest_voters_offset":2,"hw":3,"leo":3,"pending":false,"leader_resign":false}
{"event":"assertion","case":"add.new-majority-commits","actual":"0","expected":"0","passed":true}
{"event":"assertion","case":"add.committed-end","actual":"3","expected":"3","passed":true}
{"event":"assertion","case":"add.pending-cleared","actual":"false","expected":"false","passed":true}
{"event":"assertion","case":"add-new-majority.replay-voter-set","actual":"VoterSet(voters={0=VoterNode(voterKey=ReplicaKey(id=0, directoryId=AAAAAAAAAAEAAAAAAAAAAQ), listeners=Endpoints(endpoints={ListenerName(CONTROLLER)=127.0.0.1/<unresolved>:19200}), supportedKRaftVersion=SupportedVersionRange[min_version:0, max_version:1]), 1=VoterNode(voterKey=ReplicaKey(id=1, directoryId=AAAAAAAAAAEAAAAAAAAAAg), listeners=Endpoints(endpoints={ListenerName(CONTROLLER)=127.0.0.1/<unresolved>:19201}), supportedKRaftVersion=SupportedVersionRange[min_version:0, max_version:1]), 2=VoterNode(voterKey=ReplicaKey(id=2, directoryId=AAAAAAAAAAEAAAAAAAAAAw), listeners=Endpoints(endpoints={ListenerName(CONTROLLER)=127.0.0.1/<unresolved>:19202}), supportedKRaftVersion=SupportedVersionRange[min_version:0, max_version:1]), 3=VoterNode(voterKey=ReplicaKey(id=3, directoryId=AAAAAAAAAAEAAAAAAAAABA), listeners=Endpoints(endpoints={ListenerName(CONTROLLER)=127.0.0.1/<unresolved>:19203}), supportedKRaftVersion=SupportedVersionRange[min_version:0, max_version:1])})","expected":"VoterSet(voters={0=VoterNode(voterKey=ReplicaKey(id=0, directoryId=AAAAAAAAAAEAAAAAAAAAAQ), listeners=Endpoints(endpoints={ListenerName(CONTROLLER)=127.0.0.1/<unresolved>:19200}), supportedKRaftVersion=SupportedVersionRange[min_version:0, max_version:1]), 1=VoterNode(voterKey=ReplicaKey(id=1, directoryId=AAAAAAAAAAEAAAAAAAAAAg), listeners=Endpoints(endpoints={ListenerName(CONTROLLER)=127.0.0.1/<unresolved>:19201}), supportedKRaftVersion=SupportedVersionRange[min_version:0, max_version:1]), 2=VoterNode(voterKey=ReplicaKey(id=2, directoryId=AAAAAAAAAAEAAAAAAAAAAw), listeners=Endpoints(endpoints={ListenerName(CONTROLLER)=127.0.0.1/<unresolved>:19202}), supportedKRaftVersion=SupportedVersionRange[min_version:0, max_version:1]), 3=VoterNode(voterKey=ReplicaKey(id=3, directoryId=AAAAAAAAAAEAAAAAAAAABA), listeners=Endpoints(endpoints={ListenerName(CONTROLLER)=127.0.0.1/<unresolved>:19203}), supportedKRaftVersion=SupportedVersionRange[min_version:0, max_version:1])})","passed":true}
{"event":"assertion","case":"add-new-majority.replay-config-offset","actual":"OptionalLong[2]","expected":"OptionalLong[2]","passed":true}
{"event":"assertion","case":"add-new-majority.reopen-end","actual":"3","expected":"3","passed":true}
{"event":"assertion","case":"add-new-majority.storage-HW-not-quorum-proof","actual":"0","expected":"0","passed":true}
{"event":"control-batch","scenario":"add-prerequisites","operation":"bootstrap","file":"add-prerequisites-2-bootstrap.control.bin","bytes":247,"records":[{"native_offset":0,"native_epoch":5,"key_file":"add-prerequisites-2-bootstrap.control.bin.offset-0.key.bin","value_file":"add-prerequisites-2-bootstrap.control.bin.offset-0.value.bin"},{"native_offset":1,"native_epoch":5,"key_file":"add-prerequisites-2-bootstrap.control.bin.offset-1.key.bin","value_file":"add-prerequisites-2-bootstrap.control.bin.offset-1.value.bin"}]}
{"event":"state","scenario":"add-prerequisites","operation":"initial","now_ms":100,"voters":[{"id":0,"directory_id":"00000000000000010000000000000001"},{"id":1,"directory_id":"00000000000000010000000000000002"},{"id":2,"directory_id":"00000000000000010000000000000003"}],"latest_voters_offset":1,"hw":-1,"leo":2,"pending":false,"leader_resign":false}
{"event":"input","scenario":"add-prerequisites","operation":"add-request","now_ms":100,"inputs":{"replica":{"id":3,"directory_id":"00000000000000010000000000000004"},"ack_when_committed":true}}
{"event":"assertion","case":"add.no-current-epoch-HW","actual":"7","expected":"7","passed":true}
{"event":"input","scenario":"add-prerequisites","operation":"replica-progress","now_ms":105,"inputs":{"replica":{"id":1,"directory_id":"00000000000000010000000000000002"},"end":2}}
{"event":"state","scenario":"add-prerequisites","operation":"progress-1-2","now_ms":105,"voters":[{"id":0,"directory_id":"00000000000000010000000000000001"},{"id":1,"directory_id":"00000000000000010000000000000002"},{"id":2,"directory_id":"00000000000000010000000000000003"}],"latest_voters_offset":1,"hw":2,"leo":2,"pending":false,"leader_resign":false}
{"event":"assertion","case":"add-prerequisites.prior-config-committed","actual":"2","expected":"2","passed":true}
{"event":"input","scenario":"add-prerequisites","operation":"add-request","now_ms":105,"inputs":{"replica":{"id":1,"directory_id":"00000000000000010000000000000002"},"ack_when_committed":true}}
{"event":"assertion","case":"add.duplicate-id","actual":"126","expected":"126","passed":true}
{"event":"assertion","case":"component.missing-listener-throws","actual":"IllegalArgumentException","expected":"IllegalArgumentException","passed":true}
{"event":"input","scenario":"add-prerequisites","operation":"add-request","now_ms":105,"inputs":{"replica":{"id":3,"directory_id":"00000000000000010000000000000004"},"ack_when_committed":true}}
{"event":"assertion","case":"discovery.request-is-api18","actual":"18","expected":"18","passed":true}
{"event":"assertion","case":"discovery.synthetic-loopback-endpoint","actual":"true","expected":"true","passed":true}
{"event":"assertion","case":"discovery.synthetic-port","actual":"19203","expected":"19203","passed":true}
{"event":"assertion","case":"add.discovery-unavailable","actual":"7","expected":"7","passed":true}
{"event":"control-batch","scenario":"add-no-feature","operation":"bootstrap","file":"add-no-feature-3-bootstrap.control.bin","bytes":247,"records":[{"native_offset":0,"native_epoch":5,"key_file":"add-no-feature-3-bootstrap.control.bin.offset-0.key.bin","value_file":"add-no-feature-3-bootstrap.control.bin.offset-0.value.bin"},{"native_offset":1,"native_epoch":5,"key_file":"add-no-feature-3-bootstrap.control.bin.offset-1.key.bin","value_file":"add-no-feature-3-bootstrap.control.bin.offset-1.value.bin"}]}
{"event":"state","scenario":"add-no-feature","operation":"initial","now_ms":100,"voters":[{"id":0,"directory_id":"00000000000000010000000000000001"},{"id":1,"directory_id":"00000000000000010000000000000002"},{"id":2,"directory_id":"00000000000000010000000000000003"}],"latest_voters_offset":1,"hw":-1,"leo":2,"pending":false,"leader_resign":false}
{"event":"input","scenario":"add-no-feature","operation":"replica-progress","now_ms":105,"inputs":{"replica":{"id":1,"directory_id":"00000000000000010000000000000002"},"end":2}}
{"event":"state","scenario":"add-no-feature","operation":"progress-1-2","now_ms":105,"voters":[{"id":0,"directory_id":"00000000000000010000000000000001"},{"id":1,"directory_id":"00000000000000010000000000000002"},{"id":2,"directory_id":"00000000000000010000000000000003"}],"latest_voters_offset":1,"hw":2,"leo":2,"pending":false,"leader_resign":false}
{"event":"assertion","case":"add-no-feature.prior-config-committed","actual":"2","expected":"2","passed":true}
{"event":"input","scenario":"add-no-feature","operation":"add-request","now_ms":105,"inputs":{"replica":{"id":3,"directory_id":"00000000000000010000000000000004"},"ack_when_committed":true}}
{"event":"assertion","case":"add.cluster-feature-zero","actual":"35","expected":"35","passed":true}
{"event":"control-batch","scenario":"add-no-config","operation":"bootstrap","file":"add-no-config-4-bootstrap.control.bin","bytes":77,"records":[{"native_offset":0,"native_epoch":5,"key_file":"add-no-config-4-bootstrap.control.bin.offset-0.key.bin","value_file":"add-no-config-4-bootstrap.control.bin.offset-0.value.bin"}]}
{"event":"state","scenario":"add-no-config","operation":"initial","now_ms":100,"voters":[{"id":0,"directory_id":"00000000000000010000000000000001"},{"id":1,"directory_id":"00000000000000010000000000000002"},{"id":2,"directory_id":"00000000000000010000000000000003"}],"latest_voters_offset":-2,"hw":-1,"leo":1,"pending":false,"leader_resign":false}
{"event":"input","scenario":"add-no-config","operation":"replica-progress","now_ms":105,"inputs":{"replica":{"id":1,"directory_id":"00000000000000010000000000000002"},"end":1}}
{"event":"state","scenario":"add-no-config","operation":"progress-1-1","now_ms":105,"voters":[{"id":0,"directory_id":"00000000000000010000000000000001"},{"id":1,"directory_id":"00000000000000010000000000000002"},{"id":2,"directory_id":"00000000000000010000000000000003"}],"latest_voters_offset":-2,"hw":1,"leo":1,"pending":false,"leader_resign":false}
{"event":"assertion","case":"add-no-config.prior-config-committed","actual":"1","expected":"1","passed":true}
{"event":"input","scenario":"add-no-config","operation":"add-request","now_ms":105,"inputs":{"replica":{"id":3,"directory_id":"00000000000000010000000000000004"},"ack_when_committed":true}}
{"event":"assertion","case":"add.no-prior-config-entry","actual":"7","expected":"7","passed":true}
{"event":"control-batch","scenario":"add-feature-true","operation":"bootstrap","file":"add-feature-true-5-bootstrap.control.bin","bytes":247,"records":[{"native_offset":0,"native_epoch":5,"key_file":"add-feature-true-5-bootstrap.control.bin.offset-0.key.bin","value_file":"add-feature-true-5-bootstrap.control.bin.offset-0.value.bin"},{"native_offset":1,"native_epoch":5,"key_file":"add-feature-true-5-bootstrap.control.bin.offset-1.key.bin","value_file":"add-feature-true-5-bootstrap.control.bin.offset-1.value.bin"}]}
{"event":"state","scenario":"add-feature-true","operation":"initial","now_ms":100,"voters":[{"id":0,"directory_id":"00000000000000010000000000000001"},{"id":1,"directory_id":"00000000000000010000000000000002"},{"id":2,"directory_id":"00000000000000010000000000000003"}],"latest_voters_offset":1,"hw":-1,"leo":2,"pending":false,"leader_resign":false}
{"event":"input","scenario":"add-feature-true","operation":"replica-progress","now_ms":105,"inputs":{"replica":{"id":1,"directory_id":"00000000000000010000000000000002"},"end":2}}
{"event":"state","scenario":"add-feature-true","operation":"progress-1-2","now_ms":105,"voters":[{"id":0,"directory_id":"00000000000000010000000000000001"},{"id":1,"directory_id":"00000000000000010000000000000002"},{"id":2,"directory_id":"00000000000000010000000000000003"}],"latest_voters_offset":1,"hw":2,"leo":2,"pending":false,"leader_resign":false}
{"event":"assertion","case":"add-feature-true.prior-config-committed","actual":"2","expected":"2","passed":true}
{"event":"input","scenario":"add-feature-true","operation":"replica-progress","now_ms":106,"inputs":{"replica":{"id":3,"directory_id":"00000000000000010000000000000004"},"end":2}}
{"event":"state","scenario":"add-feature-true","operation":"progress-3-2","now_ms":106,"voters":[{"id":0,"directory_id":"00000000000000010000000000000001"},{"id":1,"directory_id":"00000000000000010000000000000002"},{"id":2,"directory_id":"00000000000000010000000000000003"}],"latest_voters_offset":1,"hw":2,"leo":2,"pending":false,"leader_resign":false}
{"event":"input","scenario":"add-feature-true","operation":"add-request","now_ms":106,"inputs":{"replica":{"id":3,"directory_id":"00000000000000010000000000000004"},"ack_when_committed":true}}
{"event":"assertion","case":"discovery.request-is-api18","actual":"18","expected":"18","passed":true}
{"event":"assertion","case":"discovery.synthetic-loopback-endpoint","actual":"true","expected":"true","passed":true}
{"event":"assertion","case":"discovery.synthetic-port","actual":"19203","expected":"19203","passed":true}
{"event":"input","scenario":"add-feature-true","operation":"feature-reply","now_ms":106,"inputs":{"source_id":3,"feature_present":false,"min":-1,"max":-1}}
{"event":"assertion","case":"add.missing-or-incompatible-feature-true","actual":"42","expected":"42","passed":true}
{"event":"control-batch","scenario":"add-feature-false","operation":"bootstrap","file":"add-feature-false-6-bootstrap.control.bin","bytes":247,"records":[{"native_offset":0,"native_epoch":5,"key_file":"add-feature-false-6-bootstrap.control.bin.offset-0.key.bin","value_file":"add-feature-false-6-bootstrap.control.bin.offset-0.value.bin"},{"native_offset":1,"native_epoch":5,"key_file":"add-feature-false-6-bootstrap.control.bin.offset-1.key.bin","value_file":"add-feature-false-6-bootstrap.control.bin.offset-1.value.bin"}]}
{"event":"state","scenario":"add-feature-false","operation":"initial","now_ms":100,"voters":[{"id":0,"directory_id":"00000000000000010000000000000001"},{"id":1,"directory_id":"00000000000000010000000000000002"},{"id":2,"directory_id":"00000000000000010000000000000003"}],"latest_voters_offset":1,"hw":-1,"leo":2,"pending":false,"leader_resign":false}
{"event":"input","scenario":"add-feature-false","operation":"replica-progress","now_ms":105,"inputs":{"replica":{"id":1,"directory_id":"00000000000000010000000000000002"},"end":2}}
{"event":"state","scenario":"add-feature-false","operation":"progress-1-2","now_ms":105,"voters":[{"id":0,"directory_id":"00000000000000010000000000000001"},{"id":1,"directory_id":"00000000000000010000000000000002"},{"id":2,"directory_id":"00000000000000010000000000000003"}],"latest_voters_offset":1,"hw":2,"leo":2,"pending":false,"leader_resign":false}
{"event":"assertion","case":"add-feature-false.prior-config-committed","actual":"2","expected":"2","passed":true}
{"event":"input","scenario":"add-feature-false","operation":"replica-progress","now_ms":106,"inputs":{"replica":{"id":3,"directory_id":"00000000000000010000000000000004"},"end":2}}
{"event":"state","scenario":"add-feature-false","operation":"progress-3-2","now_ms":106,"voters":[{"id":0,"directory_id":"00000000000000010000000000000001"},{"id":1,"directory_id":"00000000000000010000000000000002"},{"id":2,"directory_id":"00000000000000010000000000000003"}],"latest_voters_offset":1,"hw":2,"leo":2,"pending":false,"leader_resign":false}
{"event":"input","scenario":"add-feature-false","operation":"add-request","now_ms":106,"inputs":{"replica":{"id":3,"directory_id":"00000000000000010000000000000004"},"ack_when_committed":true}}
{"event":"assertion","case":"discovery.request-is-api18","actual":"18","expected":"18","passed":true}
{"event":"assertion","case":"discovery.synthetic-loopback-endpoint","actual":"true","expected":"true","passed":true}
{"event":"assertion","case":"discovery.synthetic-port","actual":"19203","expected":"19203","passed":true}
{"event":"input","scenario":"add-feature-false","operation":"feature-reply","now_ms":106,"inputs":{"source_id":3,"feature_present":true,"min":2,"max":3}}
{"event":"assertion","case":"add.missing-or-incompatible-feature-false","actual":"42","expected":"42","passed":true}
{"event":"control-batch","scenario":"add-lagging","operation":"bootstrap","file":"add-lagging-7-bootstrap.control.bin","bytes":247,"records":[{"native_offset":0,"native_epoch":5,"key_file":"add-lagging-7-bootstrap.control.bin.offset-0.key.bin","value_file":"add-lagging-7-bootstrap.control.bin.offset-0.value.bin"},{"native_offset":1,"native_epoch":5,"key_file":"add-lagging-7-bootstrap.control.bin.offset-1.key.bin","value_file":"add-lagging-7-bootstrap.control.bin.offset-1.value.bin"}]}
{"event":"state","scenario":"add-lagging","operation":"initial","now_ms":100,"voters":[{"id":0,"directory_id":"00000000000000010000000000000001"},{"id":1,"directory_id":"00000000000000010000000000000002"},{"id":2,"directory_id":"00000000000000010000000000000003"}],"latest_voters_offset":1,"hw":-1,"leo":2,"pending":false,"leader_resign":false}
{"event":"input","scenario":"add-lagging","operation":"replica-progress","now_ms":105,"inputs":{"replica":{"id":1,"directory_id":"00000000000000010000000000000002"},"end":2}}
{"event":"state","scenario":"add-lagging","operation":"progress-1-2","now_ms":105,"voters":[{"id":0,"directory_id":"00000000000000010000000000000001"},{"id":1,"directory_id":"00000000000000010000000000000002"},{"id":2,"directory_id":"00000000000000010000000000000003"}],"latest_voters_offset":1,"hw":2,"leo":2,"pending":false,"leader_resign":false}
{"event":"assertion","case":"add-lagging.prior-config-committed","actual":"2","expected":"2","passed":true}
{"event":"input","scenario":"add-lagging","operation":"add-request","now_ms":105,"inputs":{"replica":{"id":3,"directory_id":"00000000000000010000000000000004"},"ack_when_committed":true}}
{"event":"assertion","case":"discovery.request-is-api18","actual":"18","expected":"18","passed":true}
{"event":"assertion","case":"discovery.synthetic-loopback-endpoint","actual":"true","expected":"true","passed":true}
{"event":"assertion","case":"discovery.synthetic-port","actual":"19203","expected":"19203","passed":true}
{"event":"input","scenario":"add-lagging","operation":"feature-reply","now_ms":105,"inputs":{"source_id":3,"feature_present":true,"min":0,"max":1}}
{"event":"assertion","case":"add.no-catch-up-history","actual":"7","expected":"7","passed":true}
{"event":"control-batch","scenario":"add-timeout-uncommitted","operation":"bootstrap","file":"add-timeout-uncommitted-8-bootstrap.control.bin","bytes":247,"records":[{"native_offset":0,"native_epoch":5,"key_file":"add-timeout-uncommitted-8-bootstrap.control.bin.offset-0.key.bin","value_file":"add-timeout-uncommitted-8-bootstrap.control.bin.offset-0.value.bin"},{"native_offset":1,"native_epoch":5,"key_file":"add-timeout-uncommitted-8-bootstrap.control.bin.offset-1.key.bin","value_file":"add-timeout-uncommitted-8-bootstrap.control.bin.offset-1.value.bin"}]}
{"event":"state","scenario":"add-timeout-uncommitted","operation":"initial","now_ms":100,"voters":[{"id":0,"directory_id":"00000000000000010000000000000001"},{"id":1,"directory_id":"00000000000000010000000000000002"},{"id":2,"directory_id":"00000000000000010000000000000003"}],"latest_voters_offset":1,"hw":-1,"leo":2,"pending":false,"leader_resign":false}
{"event":"input","scenario":"add-timeout-uncommitted","operation":"replica-progress","now_ms":105,"inputs":{"replica":{"id":1,"directory_id":"00000000000000010000000000000002"},"end":2}}
{"event":"state","scenario":"add-timeout-uncommitted","operation":"progress-1-2","now_ms":105,"voters":[{"id":0,"directory_id":"00000000000000010000000000000001"},{"id":1,"directory_id":"00000000000000010000000000000002"},{"id":2,"directory_id":"00000000000000010000000000000003"}],"latest_voters_offset":1,"hw":2,"leo":2,"pending":false,"leader_resign":false}
{"event":"assertion","case":"add-timeout-uncommitted.prior-config-committed","actual":"2","expected":"2","passed":true}
{"event":"input","scenario":"add-timeout-uncommitted","operation":"replica-progress","now_ms":106,"inputs":{"replica":{"id":3,"directory_id":"00000000000000010000000000000004"},"end":2}}
{"event":"state","scenario":"add-timeout-uncommitted","operation":"progress-3-2","now_ms":106,"voters":[{"id":0,"directory_id":"00000000000000010000000000000001"},{"id":1,"directory_id":"00000000000000010000000000000002"},{"id":2,"directory_id":"00000000000000010000000000000003"}],"latest_voters_offset":1,"hw":2,"leo":2,"pending":false,"leader_resign":false}
{"event":"input","scenario":"add-timeout-uncommitted","operation":"add-request","now_ms":106,"inputs":{"replica":{"id":3,"directory_id":"00000000000000010000000000000004"},"ack_when_committed":true}}
{"event":"assertion","case":"discovery.request-is-api18","actual":"18","expected":"18","passed":true}
{"event":"assertion","case":"discovery.synthetic-loopback-endpoint","actual":"true","expected":"true","passed":true}
{"event":"assertion","case":"discovery.synthetic-port","actual":"19203","expected":"19203","passed":true}
{"event":"input","scenario":"add-timeout-uncommitted","operation":"add-request","now_ms":106,"inputs":{"replica":{"id":4,"directory_id":"00000000000000010000000000000005"},"ack_when_committed":true}}
{"event":"assertion","case":"add.concurrent-request","actual":"7","expected":"7","passed":true}
{"event":"input","scenario":"add-timeout-uncommitted","operation":"feature-reply","now_ms":106,"inputs":{"source_id":3,"feature_present":true,"min":0,"max":1}}
{"event":"control-batch","scenario":"add-timeout-uncommitted","operation":"appended","file":"add-timeout-uncommitted-9-appended.control.bin","bytes":282,"records":[{"native_offset":2,"native_epoch":5,"key_file":"add-timeout-uncommitted-9-appended.control.bin.offset-2.key.bin","value_file":"add-timeout-uncommitted-9-appended.control.bin.offset-2.value.bin"}]}
{"event":"state","scenario":"add-timeout-uncommitted","operation":"local-appended","now_ms":106,"voters":[{"id":0,"directory_id":"00000000000000010000000000000001"},{"id":1,"directory_id":"00000000000000010000000000000002"},{"id":2,"directory_id":"00000000000000010000000000000003"},{"id":3,"directory_id":"00000000000000010000000000000004"}],"latest_voters_offset":2,"hw":2,"leo":3,"pending":true,"leader_resign":false}
{"event":"assertion","case":"add.timeout-after-config-append","actual":"7","expected":"7","passed":true}
{"event":"assertion","case":"add.timed-out-config-stays-active","actual":"4","expected":"4","passed":true}
{"event":"input","scenario":"add-timeout-uncommitted","operation":"add-request","now_ms":1106,"inputs":{"replica":{"id":4,"directory_id":"00000000000000010000000000000005"},"ack_when_committed":true}}
{"event":"assertion","case":"add.uncommitted-prior-config-blocks-retry","actual":"7","expected":"7","passed":true}
{"event":"input","scenario":"add-timeout-uncommitted","operation":"remove-request","now_ms":1106,"inputs":{"replica":{"id":2,"directory_id":"00000000000000010000000000000003"}}}
{"event":"assertion","case":"remove.uncommitted-prior-config-blocks-retry","actual":"7","expected":"7","passed":true}
{"event":"assertion","case":"add-timeout-uncommitted.replay-voter-set","actual":"VoterSet(voters={0=VoterNode(voterKey=ReplicaKey(id=0, directoryId=AAAAAAAAAAEAAAAAAAAAAQ), listeners=Endpoints(endpoints={ListenerName(CONTROLLER)=127.0.0.1/<unresolved>:19200}), supportedKRaftVersion=SupportedVersionRange[min_version:0, max_version:1]), 1=VoterNode(voterKey=ReplicaKey(id=1, directoryId=AAAAAAAAAAEAAAAAAAAAAg), listeners=Endpoints(endpoints={ListenerName(CONTROLLER)=127.0.0.1/<unresolved>:19201}), supportedKRaftVersion=SupportedVersionRange[min_version:0, max_version:1]), 2=VoterNode(voterKey=ReplicaKey(id=2, directoryId=AAAAAAAAAAEAAAAAAAAAAw), listeners=Endpoints(endpoints={ListenerName(CONTROLLER)=127.0.0.1/<unresolved>:19202}), supportedKRaftVersion=SupportedVersionRange[min_version:0, max_version:1]), 3=VoterNode(voterKey=ReplicaKey(id=3, directoryId=AAAAAAAAAAEAAAAAAAAABA), listeners=Endpoints(endpoints={ListenerName(CONTROLLER)=127.0.0.1/<unresolved>:19203}), supportedKRaftVersion=SupportedVersionRange[min_version:0, max_version:1])})","expected":"VoterSet(voters={0=VoterNode(voterKey=ReplicaKey(id=0, directoryId=AAAAAAAAAAEAAAAAAAAAAQ), listeners=Endpoints(endpoints={ListenerName(CONTROLLER)=127.0.0.1/<unresolved>:19200}), supportedKRaftVersion=SupportedVersionRange[min_version:0, max_version:1]), 1=VoterNode(voterKey=ReplicaKey(id=1, directoryId=AAAAAAAAAAEAAAAAAAAAAg), listeners=Endpoints(endpoints={ListenerName(CONTROLLER)=127.0.0.1/<unresolved>:19201}), supportedKRaftVersion=SupportedVersionRange[min_version:0, max_version:1]), 2=VoterNode(voterKey=ReplicaKey(id=2, directoryId=AAAAAAAAAAEAAAAAAAAAAw), listeners=Endpoints(endpoints={ListenerName(CONTROLLER)=127.0.0.1/<unresolved>:19202}), supportedKRaftVersion=SupportedVersionRange[min_version:0, max_version:1]), 3=VoterNode(voterKey=ReplicaKey(id=3, directoryId=AAAAAAAAAAEAAAAAAAAABA), listeners=Endpoints(endpoints={ListenerName(CONTROLLER)=127.0.0.1/<unresolved>:19203}), supportedKRaftVersion=SupportedVersionRange[min_version:0, max_version:1])})","passed":true}
{"event":"assertion","case":"add-timeout-uncommitted.replay-config-offset","actual":"OptionalLong[2]","expected":"OptionalLong[2]","passed":true}
{"event":"assertion","case":"add-timeout-uncommitted.reopen-end","actual":"3","expected":"3","passed":true}
{"event":"assertion","case":"add-timeout-uncommitted.storage-HW-not-quorum-proof","actual":"0","expected":"0","passed":true}
{"event":"control-batch","scenario":"add-expired-probe","operation":"bootstrap","file":"add-expired-probe-10-bootstrap.control.bin","bytes":247,"records":[{"native_offset":0,"native_epoch":5,"key_file":"add-expired-probe-10-bootstrap.control.bin.offset-0.key.bin","value_file":"add-expired-probe-10-bootstrap.control.bin.offset-0.value.bin"},{"native_offset":1,"native_epoch":5,"key_file":"add-expired-probe-10-bootstrap.control.bin.offset-1.key.bin","value_file":"add-expired-probe-10-bootstrap.control.bin.offset-1.value.bin"}]}
{"event":"state","scenario":"add-expired-probe","operation":"initial","now_ms":100,"voters":[{"id":0,"directory_id":"00000000000000010000000000000001"},{"id":1,"directory_id":"00000000000000010000000000000002"},{"id":2,"directory_id":"00000000000000010000000000000003"}],"latest_voters_offset":1,"hw":-1,"leo":2,"pending":false,"leader_resign":false}
{"event":"input","scenario":"add-expired-probe","operation":"replica-progress","now_ms":105,"inputs":{"replica":{"id":1,"directory_id":"00000000000000010000000000000002"},"end":2}}
{"event":"state","scenario":"add-expired-probe","operation":"progress-1-2","now_ms":105,"voters":[{"id":0,"directory_id":"00000000000000010000000000000001"},{"id":1,"directory_id":"00000000000000010000000000000002"},{"id":2,"directory_id":"00000000000000010000000000000003"}],"latest_voters_offset":1,"hw":2,"leo":2,"pending":false,"leader_resign":false}
{"event":"assertion","case":"add-expired-probe.prior-config-committed","actual":"2","expected":"2","passed":true}
{"event":"input","scenario":"add-expired-probe","operation":"replica-progress","now_ms":106,"inputs":{"replica":{"id":3,"directory_id":"00000000000000010000000000000004"},"end":2}}
{"event":"state","scenario":"add-expired-probe","operation":"progress-3-2","now_ms":106,"voters":[{"id":0,"directory_id":"00000000000000010000000000000001"},{"id":1,"directory_id":"00000000000000010000000000000002"},{"id":2,"directory_id":"00000000000000010000000000000003"}],"latest_voters_offset":1,"hw":2,"leo":2,"pending":false,"leader_resign":false}
{"event":"input","scenario":"add-expired-probe","operation":"add-request","now_ms":106,"inputs":{"replica":{"id":3,"directory_id":"00000000000000010000000000000004"},"ack_when_committed":true}}
{"event":"assertion","case":"discovery.request-is-api18","actual":"18","expected":"18","passed":true}
{"event":"assertion","case":"discovery.synthetic-loopback-endpoint","actual":"true","expected":"true","passed":true}
{"event":"assertion","case":"discovery.synthetic-port","actual":"19203","expected":"19203","passed":true}
{"event":"assertion","case":"add.expired-discovery-probe","actual":"7","expected":"7","passed":true}
{"event":"input","scenario":"add-expired-probe","operation":"feature-reply","now_ms":1106,"inputs":{"source_id":3,"feature_present":true,"min":0,"max":1}}
{"event":"state","scenario":"add-expired-probe","operation":"local-appended","now_ms":1106,"voters":[{"id":0,"directory_id":"00000000000000010000000000000001"},{"id":1,"directory_id":"00000000000000010000000000000002"},{"id":2,"directory_id":"00000000000000010000000000000003"}],"latest_voters_offset":1,"hw":2,"leo":2,"pending":false,"leader_resign":false}
{"event":"assertion","case":"add.expired-reply-does-not-append","actual":"2","expected":"2","passed":true}
{"event":"assertion","case":"add.expired-reply-keeps-prior-config","actual":"3","expected":"3","passed":true}
{"event":"control-batch","scenario":"catch-up-component-boundary","operation":"bootstrap","file":"catch-up-component-boundary-11-bootstrap.control.bin","bytes":247,"records":[{"native_offset":0,"native_epoch":5,"key_file":"catch-up-component-boundary-11-bootstrap.control.bin.offset-0.key.bin","value_file":"catch-up-component-boundary-11-bootstrap.control.bin.offset-0.value.bin"},{"native_offset":1,"native_epoch":5,"key_file":"catch-up-component-boundary-11-bootstrap.control.bin.offset-1.key.bin","value_file":"catch-up-component-boundary-11-bootstrap.control.bin.offset-1.value.bin"}]}
{"event":"state","scenario":"catch-up-component-boundary","operation":"initial","now_ms":100,"voters":[{"id":0,"directory_id":"00000000000000010000000000000001"},{"id":1,"directory_id":"00000000000000010000000000000002"},{"id":2,"directory_id":"00000000000000010000000000000003"}],"latest_voters_offset":1,"hw":-1,"leo":2,"pending":false,"leader_resign":false}
{"event":"input","scenario":"catch-up-component-boundary","operation":"replica-progress","now_ms":105,"inputs":{"replica":{"id":1,"directory_id":"00000000000000010000000000000002"},"end":2}}
{"event":"state","scenario":"catch-up-component-boundary","operation":"progress-1-2","now_ms":105,"voters":[{"id":0,"directory_id":"00000000000000010000000000000001"},{"id":1,"directory_id":"00000000000000010000000000000002"},{"id":2,"directory_id":"00000000000000010000000000000003"}],"latest_voters_offset":1,"hw":2,"leo":2,"pending":false,"leader_resign":false}
{"event":"assertion","case":"catch-up-component-boundary.prior-config-committed","actual":"2","expected":"2","passed":true}
{"event":"input","scenario":"catch-up-component-boundary","operation":"replica-progress","now_ms":106,"inputs":{"replica":{"id":3,"directory_id":"00000000000000010000000000000004"},"end":2}}
{"event":"state","scenario":"catch-up-component-boundary","operation":"progress-3-2","now_ms":106,"voters":[{"id":0,"directory_id":"00000000000000010000000000000001"},{"id":1,"directory_id":"00000000000000010000000000000002"},{"id":2,"directory_id":"00000000000000010000000000000003"}],"latest_voters_offset":1,"hw":2,"leo":2,"pending":false,"leader_resign":false}
{"event":"input","scenario":"catch-up-component-boundary","operation":"replica-progress","now_ms":107,"inputs":{"replica":{"id":3,"directory_id":"00000000000000010000000000000004"},"end":1}}
{"event":"state","scenario":"catch-up-component-boundary","operation":"progress-3-1","now_ms":107,"voters":[{"id":0,"directory_id":"00000000000000010000000000000001"},{"id":1,"directory_id":"00000000000000010000000000000002"},{"id":2,"directory_id":"00000000000000010000000000000003"}],"latest_voters_offset":1,"hw":2,"leo":2,"pending":false,"leader_resign":false}
{"event":"assertion","case":"component.regressed-offset-retains-catch-up","actual":"true","expected":"true","passed":true}
{"event":"assertion","case":"component.before-one-hour","actual":"true","expected":"true","passed":true}
{"event":"assertion","case":"component.exact-one-hour-expires","actual":"false","expected":"false","passed":true}
{"event":"assertion","case":"component.wrong-directory-not-caught-up","actual":"false","expected":"false","passed":true}
{"event":"control-batch","scenario":"remove-leader","operation":"bootstrap","file":"remove-leader-12-bootstrap.control.bin","bytes":247,"records":[{"native_offset":0,"native_epoch":5,"key_file":"remove-leader-12-bootstrap.control.bin.offset-0.key.bin","value_file":"remove-leader-12-bootstrap.control.bin.offset-0.value.bin"},{"native_offset":1,"native_epoch":5,"key_file":"remove-leader-12-bootstrap.control.bin.offset-1.key.bin","value_file":"remove-leader-12-bootstrap.control.bin.offset-1.value.bin"}]}
{"event":"state","scenario":"remove-leader","operation":"initial","now_ms":100,"voters":[{"id":0,"directory_id":"00000000000000010000000000000001"},{"id":1,"directory_id":"00000000000000010000000000000002"},{"id":2,"directory_id":"00000000000000010000000000000003"}],"latest_voters_offset":1,"hw":-1,"leo":2,"pending":false,"leader_resign":false}
{"event":"input","scenario":"remove-leader","operation":"replica-progress","now_ms":105,"inputs":{"replica":{"id":1,"directory_id":"00000000000000010000000000000002"},"end":2}}
{"event":"state","scenario":"remove-leader","operation":"progress-1-2","now_ms":105,"voters":[{"id":0,"directory_id":"00000000000000010000000000000001"},{"id":1,"directory_id":"00000000000000010000000000000002"},{"id":2,"directory_id":"00000000000000010000000000000003"}],"latest_voters_offset":1,"hw":2,"leo":2,"pending":false,"leader_resign":false}
{"event":"assertion","case":"remove-leader.prior-config-committed","actual":"2","expected":"2","passed":true}
{"event":"input","scenario":"remove-leader","operation":"replica-progress","now_ms":106,"inputs":{"replica":{"id":2,"directory_id":"00000000000000010000000000000003"},"end":2}}
{"event":"state","scenario":"remove-leader","operation":"progress-2-2","now_ms":106,"voters":[{"id":0,"directory_id":"00000000000000010000000000000001"},{"id":1,"directory_id":"00000000000000010000000000000002"},{"id":2,"directory_id":"00000000000000010000000000000003"}],"latest_voters_offset":1,"hw":2,"leo":2,"pending":false,"leader_resign":false}
{"event":"input","scenario":"remove-leader","operation":"remove-request","now_ms":106,"inputs":{"replica":{"id":0,"directory_id":"00000000000000010000000000000001"}}}
{"event":"control-batch","scenario":"remove-leader","operation":"appended","file":"remove-leader-13-appended.control.bin","bytes":180,"records":[{"native_offset":2,"native_epoch":5,"key_file":"remove-leader-13-appended.control.bin.offset-2.key.bin","value_file":"remove-leader-13-appended.control.bin.offset-2.value.bin"}]}
{"event":"state","scenario":"remove-leader","operation":"local-appended","now_ms":106,"voters":[{"id":1,"directory_id":"00000000000000010000000000000002"},{"id":2,"directory_id":"00000000000000010000000000000003"}],"latest_voters_offset":2,"hw":2,"leo":3,"pending":true,"leader_resign":false}
{"event":"assertion","case":"remove.leader-removed-before-commit","actual":"false","expected":"false","passed":true}
{"event":"assertion","case":"remove.no-early-resign","actual":"false","expected":"false","passed":true}
{"event":"input","scenario":"remove-leader","operation":"replica-progress","now_ms":107,"inputs":{"replica":{"id":1,"directory_id":"00000000000000010000000000000002"},"end":3}}
{"event":"state","scenario":"remove-leader","operation":"progress-1-3","now_ms":107,"voters":[{"id":1,"directory_id":"00000000000000010000000000000002"},{"id":2,"directory_id":"00000000000000010000000000000003"}],"latest_voters_offset":2,"hw":2,"leo":3,"pending":true,"leader_resign":false}
{"event":"assertion","case":"remove.one-of-two-insufficient-no-self-vote","actual":"false","expected":"false","passed":true}
{"event":"input","scenario":"remove-leader","operation":"replica-progress","now_ms":108,"inputs":{"replica":{"id":2,"directory_id":"00000000000000010000000000000003"},"end":3}}
{"event":"state","scenario":"remove-leader","operation":"progress-2-3","now_ms":108,"voters":[{"id":1,"directory_id":"00000000000000010000000000000002"},{"id":2,"directory_id":"00000000000000010000000000000003"}],"latest_voters_offset":2,"hw":3,"leo":3,"pending":false,"leader_resign":true}
{"event":"assertion","case":"remove.new-majority-commits","actual":"0","expected":"0","passed":true}
{"event":"assertion","case":"remove.resign-after-commit","actual":"true","expected":"true","passed":true}
{"event":"assertion","case":"remove.committed-end","actual":"3","expected":"3","passed":true}
{"event":"assertion","case":"remove-leader.replay-voter-set","actual":"VoterSet(voters={1=VoterNode(voterKey=ReplicaKey(id=1, directoryId=AAAAAAAAAAEAAAAAAAAAAg), listeners=Endpoints(endpoints={ListenerName(CONTROLLER)=127.0.0.1/<unresolved>:19201}), supportedKRaftVersion=SupportedVersionRange[min_version:0, max_version:1]), 2=VoterNode(voterKey=ReplicaKey(id=2, directoryId=AAAAAAAAAAEAAAAAAAAAAw), listeners=Endpoints(endpoints={ListenerName(CONTROLLER)=127.0.0.1/<unresolved>:19202}), supportedKRaftVersion=SupportedVersionRange[min_version:0, max_version:1])})","expected":"VoterSet(voters={1=VoterNode(voterKey=ReplicaKey(id=1, directoryId=AAAAAAAAAAEAAAAAAAAAAg), listeners=Endpoints(endpoints={ListenerName(CONTROLLER)=127.0.0.1/<unresolved>:19201}), supportedKRaftVersion=SupportedVersionRange[min_version:0, max_version:1]), 2=VoterNode(voterKey=ReplicaKey(id=2, directoryId=AAAAAAAAAAEAAAAAAAAAAw), listeners=Endpoints(endpoints={ListenerName(CONTROLLER)=127.0.0.1/<unresolved>:19202}), supportedKRaftVersion=SupportedVersionRange[min_version:0, max_version:1])})","passed":true}
{"event":"assertion","case":"remove-leader.replay-config-offset","actual":"OptionalLong[2]","expected":"OptionalLong[2]","passed":true}
{"event":"assertion","case":"remove-leader.reopen-end","actual":"3","expected":"3","passed":true}
{"event":"assertion","case":"remove-leader.storage-HW-not-quorum-proof","actual":"0","expected":"0","passed":true}
{"event":"control-batch","scenario":"remove-leader-timeout-late-commit","operation":"bootstrap","file":"remove-leader-timeout-late-commit-14-bootstrap.control.bin","bytes":247,"records":[{"native_offset":0,"native_epoch":5,"key_file":"remove-leader-timeout-late-commit-14-bootstrap.control.bin.offset-0.key.bin","value_file":"remove-leader-timeout-late-commit-14-bootstrap.control.bin.offset-0.value.bin"},{"native_offset":1,"native_epoch":5,"key_file":"remove-leader-timeout-late-commit-14-bootstrap.control.bin.offset-1.key.bin","value_file":"remove-leader-timeout-late-commit-14-bootstrap.control.bin.offset-1.value.bin"}]}
{"event":"state","scenario":"remove-leader-timeout-late-commit","operation":"initial","now_ms":100,"voters":[{"id":0,"directory_id":"00000000000000010000000000000001"},{"id":1,"directory_id":"00000000000000010000000000000002"},{"id":2,"directory_id":"00000000000000010000000000000003"}],"latest_voters_offset":1,"hw":-1,"leo":2,"pending":false,"leader_resign":false}
{"event":"input","scenario":"remove-leader-timeout-late-commit","operation":"replica-progress","now_ms":105,"inputs":{"replica":{"id":1,"directory_id":"00000000000000010000000000000002"},"end":2}}
{"event":"state","scenario":"remove-leader-timeout-late-commit","operation":"progress-1-2","now_ms":105,"voters":[{"id":0,"directory_id":"00000000000000010000000000000001"},{"id":1,"directory_id":"00000000000000010000000000000002"},{"id":2,"directory_id":"00000000000000010000000000000003"}],"latest_voters_offset":1,"hw":2,"leo":2,"pending":false,"leader_resign":false}
{"event":"assertion","case":"remove-leader-timeout-late-commit.prior-config-committed","actual":"2","expected":"2","passed":true}
{"event":"input","scenario":"remove-leader-timeout-late-commit","operation":"replica-progress","now_ms":106,"inputs":{"replica":{"id":2,"directory_id":"00000000000000010000000000000003"},"end":2}}
{"event":"state","scenario":"remove-leader-timeout-late-commit","operation":"progress-2-2","now_ms":106,"voters":[{"id":0,"directory_id":"00000000000000010000000000000001"},{"id":1,"directory_id":"00000000000000010000000000000002"},{"id":2,"directory_id":"00000000000000010000000000000003"}],"latest_voters_offset":1,"hw":2,"leo":2,"pending":false,"leader_resign":false}
{"event":"input","scenario":"remove-leader-timeout-late-commit","operation":"remove-request","now_ms":106,"inputs":{"replica":{"id":0,"directory_id":"00000000000000010000000000000001"}}}
{"event":"control-batch","scenario":"remove-leader-timeout-late-commit","operation":"appended","file":"remove-leader-timeout-late-commit-15-appended.control.bin","bytes":180,"records":[{"native_offset":2,"native_epoch":5,"key_file":"remove-leader-timeout-late-commit-15-appended.control.bin.offset-2.key.bin","value_file":"remove-leader-timeout-late-commit-15-appended.control.bin.offset-2.value.bin"}]}
{"event":"state","scenario":"remove-leader-timeout-late-commit","operation":"local-appended","now_ms":106,"voters":[{"id":1,"directory_id":"00000000000000010000000000000002"},{"id":2,"directory_id":"00000000000000010000000000000003"}],"latest_voters_offset":2,"hw":2,"leo":3,"pending":true,"leader_resign":false}
{"event":"input","scenario":"remove-leader-timeout-late-commit","operation":"expire-pending-operation","now_ms":1106,"inputs":{}}
{"event":"assertion","case":"late-remove.request-times-out","actual":"7","expected":"7","passed":true}
{"event":"assertion","case":"late-remove.no-pending-handler-state","actual":"false","expected":"false","passed":true}
{"event":"input","scenario":"remove-leader-timeout-late-commit","operation":"replica-progress","now_ms":1107,"inputs":{"replica":{"id":1,"directory_id":"00000000000000010000000000000002"},"end":3}}
{"event":"state","scenario":"remove-leader-timeout-late-commit","operation":"progress-1-3","now_ms":1107,"voters":[{"id":1,"directory_id":"00000000000000010000000000000002"},{"id":2,"directory_id":"00000000000000010000000000000003"}],"latest_voters_offset":2,"hw":2,"leo":3,"pending":false,"leader_resign":false}
{"event":"input","scenario":"remove-leader-timeout-late-commit","operation":"replica-progress","now_ms":1108,"inputs":{"replica":{"id":2,"directory_id":"00000000000000010000000000000003"},"end":3}}
{"event":"state","scenario":"remove-leader-timeout-late-commit","operation":"progress-2-3","now_ms":1108,"voters":[{"id":1,"directory_id":"00000000000000010000000000000002"},{"id":2,"directory_id":"00000000000000010000000000000003"}],"latest_voters_offset":2,"hw":3,"leo":3,"pending":false,"leader_resign":false}
{"event":"assertion","case":"late-remove.new-config-eventually-commits","actual":"3","expected":"3","passed":true}
{"event":"assertion","case":"late-remove.expired-RPC-keeps-timeout","actual":"7","expected":"7","passed":true}
{"event":"assertion","case":"late-remove.component-does-not-request-resign","actual":"false","expected":"false","passed":true}
{"event":"assertion","case":"late-remove.contact-quorum-not-expired","actual":"true","expected":"true","passed":true}
{"event":"assertion","case":"late-remove.local-absent-from-committed-config","actual":"false","expected":"false","passed":true}
{"event":"assertion","case":"remove-leader-timeout-late-commit.replay-voter-set","actual":"VoterSet(voters={1=VoterNode(voterKey=ReplicaKey(id=1, directoryId=AAAAAAAAAAEAAAAAAAAAAg), listeners=Endpoints(endpoints={ListenerName(CONTROLLER)=127.0.0.1/<unresolved>:19201}), supportedKRaftVersion=SupportedVersionRange[min_version:0, max_version:1]), 2=VoterNode(voterKey=ReplicaKey(id=2, directoryId=AAAAAAAAAAEAAAAAAAAAAw), listeners=Endpoints(endpoints={ListenerName(CONTROLLER)=127.0.0.1/<unresolved>:19202}), supportedKRaftVersion=SupportedVersionRange[min_version:0, max_version:1])})","expected":"VoterSet(voters={1=VoterNode(voterKey=ReplicaKey(id=1, directoryId=AAAAAAAAAAEAAAAAAAAAAg), listeners=Endpoints(endpoints={ListenerName(CONTROLLER)=127.0.0.1/<unresolved>:19201}), supportedKRaftVersion=SupportedVersionRange[min_version:0, max_version:1]), 2=VoterNode(voterKey=ReplicaKey(id=2, directoryId=AAAAAAAAAAEAAAAAAAAAAw), listeners=Endpoints(endpoints={ListenerName(CONTROLLER)=127.0.0.1/<unresolved>:19202}), supportedKRaftVersion=SupportedVersionRange[min_version:0, max_version:1])})","passed":true}
{"event":"assertion","case":"remove-leader-timeout-late-commit.replay-config-offset","actual":"OptionalLong[2]","expected":"OptionalLong[2]","passed":true}
{"event":"assertion","case":"remove-leader-timeout-late-commit.reopen-end","actual":"3","expected":"3","passed":true}
{"event":"assertion","case":"remove-leader-timeout-late-commit.storage-HW-not-quorum-proof","actual":"0","expected":"0","passed":true}
{"event":"control-batch","scenario":"remove-follower","operation":"bootstrap","file":"remove-follower-16-bootstrap.control.bin","bytes":247,"records":[{"native_offset":0,"native_epoch":5,"key_file":"remove-follower-16-bootstrap.control.bin.offset-0.key.bin","value_file":"remove-follower-16-bootstrap.control.bin.offset-0.value.bin"},{"native_offset":1,"native_epoch":5,"key_file":"remove-follower-16-bootstrap.control.bin.offset-1.key.bin","value_file":"remove-follower-16-bootstrap.control.bin.offset-1.value.bin"}]}
{"event":"state","scenario":"remove-follower","operation":"initial","now_ms":100,"voters":[{"id":0,"directory_id":"00000000000000010000000000000001"},{"id":1,"directory_id":"00000000000000010000000000000002"},{"id":2,"directory_id":"00000000000000010000000000000003"}],"latest_voters_offset":1,"hw":-1,"leo":2,"pending":false,"leader_resign":false}
{"event":"input","scenario":"remove-follower","operation":"replica-progress","now_ms":105,"inputs":{"replica":{"id":1,"directory_id":"00000000000000010000000000000002"},"end":2}}
{"event":"state","scenario":"remove-follower","operation":"progress-1-2","now_ms":105,"voters":[{"id":0,"directory_id":"00000000000000010000000000000001"},{"id":1,"directory_id":"00000000000000010000000000000002"},{"id":2,"directory_id":"00000000000000010000000000000003"}],"latest_voters_offset":1,"hw":2,"leo":2,"pending":false,"leader_resign":false}
{"event":"assertion","case":"remove-follower.prior-config-committed","actual":"2","expected":"2","passed":true}
{"event":"input","scenario":"remove-follower","operation":"remove-request","now_ms":105,"inputs":{"replica":{"id":2,"directory_id":"00000000000000090000000000000009"}}}
{"event":"assertion","case":"remove.wrong-directory","actual":"127","expected":"127","passed":true}
{"event":"input","scenario":"remove-follower","operation":"remove-request","now_ms":105,"inputs":{"replica":{"id":9,"directory_id":"0000000000000001000000000000000a"}}}
{"event":"assertion","case":"remove.unknown-id","actual":"127","expected":"127","passed":true}
{"event":"input","scenario":"remove-follower","operation":"remove-request","now_ms":105,"inputs":{"replica":{"id":2,"directory_id":"00000000000000010000000000000003"}}}
{"event":"control-batch","scenario":"remove-follower","operation":"appended","file":"remove-follower-17-appended.control.bin","bytes":180,"records":[{"native_offset":2,"native_epoch":5,"key_file":"remove-follower-17-appended.control.bin.offset-2.key.bin","value_file":"remove-follower-17-appended.control.bin.offset-2.value.bin"}]}
{"event":"state","scenario":"remove-follower","operation":"local-appended","now_ms":105,"voters":[{"id":0,"directory_id":"00000000000000010000000000000001"},{"id":1,"directory_id":"00000000000000010000000000000002"}],"latest_voters_offset":2,"hw":2,"leo":3,"pending":true,"leader_resign":false}
{"event":"input","scenario":"remove-follower","operation":"replica-progress","now_ms":106,"inputs":{"replica":{"id":2,"directory_id":"00000000000000010000000000000003"},"end":3}}
{"event":"state","scenario":"remove-follower","operation":"progress-2-3","now_ms":106,"voters":[{"id":0,"directory_id":"00000000000000010000000000000001"},{"id":1,"directory_id":"00000000000000010000000000000002"}],"latest_voters_offset":2,"hw":2,"leo":3,"pending":true,"leader_resign":false}
{"event":"assertion","case":"remove.removed-voter-no-contribution","actual":"false","expected":"false","passed":true}
{"event":"input","scenario":"remove-follower","operation":"add-request","now_ms":106,"inputs":{"replica":{"id":3,"directory_id":"00000000000000010000000000000004"},"ack_when_committed":true}}
{"event":"assertion","case":"remove.add-during-pending-remove","actual":"7","expected":"7","passed":true}
{"event":"input","scenario":"remove-follower","operation":"replica-progress","now_ms":107,"inputs":{"replica":{"id":1,"directory_id":"00000000000000010000000000000002"},"end":3}}
{"event":"state","scenario":"remove-follower","operation":"progress-1-3","now_ms":107,"voters":[{"id":0,"directory_id":"00000000000000010000000000000001"},{"id":1,"directory_id":"00000000000000010000000000000002"}],"latest_voters_offset":2,"hw":3,"leo":3,"pending":false,"leader_resign":false}
{"event":"assertion","case":"remove.remaining-majority-commits","actual":"0","expected":"0","passed":true}
{"event":"assertion","case":"remove.retained-leader-does-not-resign","actual":"false","expected":"false","passed":true}
{"event":"control-batch","scenario":"remove-prerequisites","operation":"bootstrap","file":"remove-prerequisites-18-bootstrap.control.bin","bytes":247,"records":[{"native_offset":0,"native_epoch":5,"key_file":"remove-prerequisites-18-bootstrap.control.bin.offset-0.key.bin","value_file":"remove-prerequisites-18-bootstrap.control.bin.offset-0.value.bin"},{"native_offset":1,"native_epoch":5,"key_file":"remove-prerequisites-18-bootstrap.control.bin.offset-1.key.bin","value_file":"remove-prerequisites-18-bootstrap.control.bin.offset-1.value.bin"}]}
{"event":"state","scenario":"remove-prerequisites","operation":"initial","now_ms":100,"voters":[{"id":0,"directory_id":"00000000000000010000000000000001"},{"id":1,"directory_id":"00000000000000010000000000000002"},{"id":2,"directory_id":"00000000000000010000000000000003"}],"latest_voters_offset":1,"hw":-1,"leo":2,"pending":false,"leader_resign":false}
{"event":"input","scenario":"remove-prerequisites","operation":"remove-request","now_ms":100,"inputs":{"replica":{"id":2,"directory_id":"00000000000000010000000000000003"}}}
{"event":"assertion","case":"remove.no-current-epoch-HW","actual":"7","expected":"7","passed":true}
{"event":"input","scenario":"remove-prerequisites","operation":"replica-progress","now_ms":105,"inputs":{"replica":{"id":1,"directory_id":"00000000000000010000000000000002"},"end":2}}
{"event":"state","scenario":"remove-prerequisites","operation":"progress-1-2","now_ms":105,"voters":[{"id":0,"directory_id":"00000000000000010000000000000001"},{"id":1,"directory_id":"00000000000000010000000000000002"},{"id":2,"directory_id":"00000000000000010000000000000003"}],"latest_voters_offset":1,"hw":2,"leo":2,"pending":false,"leader_resign":false}
{"event":"assertion","case":"remove-prerequisites.prior-config-committed","actual":"2","expected":"2","passed":true}
{"event":"input","scenario":"remove-prerequisites","operation":"remove-request","now_ms":105,"inputs":{"replica":{"id":2,"directory_id":"00000000000000010000000000000003"}}}
{"event":"control-batch","scenario":"remove-prerequisites","operation":"appended","file":"remove-prerequisites-19-appended.control.bin","bytes":180,"records":[{"native_offset":2,"native_epoch":5,"key_file":"remove-prerequisites-19-appended.control.bin.offset-2.key.bin","value_file":"remove-prerequisites-19-appended.control.bin.offset-2.value.bin"}]}
{"event":"state","scenario":"remove-prerequisites","operation":"local-appended","now_ms":105,"voters":[{"id":0,"directory_id":"00000000000000010000000000000001"},{"id":1,"directory_id":"00000000000000010000000000000002"}],"latest_voters_offset":2,"hw":2,"leo":3,"pending":true,"leader_resign":false}
{"event":"input","scenario":"remove-prerequisites","operation":"remove-request","now_ms":105,"inputs":{"replica":{"id":1,"directory_id":"00000000000000010000000000000002"}}}
{"event":"assertion","case":"remove.concurrent-request","actual":"7","expected":"7","passed":true}
{"event":"assertion","case":"remove.timeout-uncommitted","actual":"7","expected":"7","passed":true}
{"event":"assertion","case":"remove.timed-out-config-stays-active","actual":"2","expected":"2","passed":true}
{"event":"assertion","case":"remove-prerequisites.replay-voter-set","actual":"VoterSet(voters={0=VoterNode(voterKey=ReplicaKey(id=0, directoryId=AAAAAAAAAAEAAAAAAAAAAQ), listeners=Endpoints(endpoints={ListenerName(CONTROLLER)=127.0.0.1/<unresolved>:19200}), supportedKRaftVersion=SupportedVersionRange[min_version:0, max_version:1]), 1=VoterNode(voterKey=ReplicaKey(id=1, directoryId=AAAAAAAAAAEAAAAAAAAAAg), listeners=Endpoints(endpoints={ListenerName(CONTROLLER)=127.0.0.1/<unresolved>:19201}), supportedKRaftVersion=SupportedVersionRange[min_version:0, max_version:1])})","expected":"VoterSet(voters={0=VoterNode(voterKey=ReplicaKey(id=0, directoryId=AAAAAAAAAAEAAAAAAAAAAQ), listeners=Endpoints(endpoints={ListenerName(CONTROLLER)=127.0.0.1/<unresolved>:19200}), supportedKRaftVersion=SupportedVersionRange[min_version:0, max_version:1]), 1=VoterNode(voterKey=ReplicaKey(id=1, directoryId=AAAAAAAAAAEAAAAAAAAAAg), listeners=Endpoints(endpoints={ListenerName(CONTROLLER)=127.0.0.1/<unresolved>:19201}), supportedKRaftVersion=SupportedVersionRange[min_version:0, max_version:1])})","passed":true}
{"event":"assertion","case":"remove-prerequisites.replay-config-offset","actual":"OptionalLong[2]","expected":"OptionalLong[2]","passed":true}
{"event":"assertion","case":"remove-prerequisites.reopen-end","actual":"3","expected":"3","passed":true}
{"event":"assertion","case":"remove-prerequisites.storage-HW-not-quorum-proof","actual":"0","expected":"0","passed":true}
{"event":"control-batch","scenario":"remove-no-feature","operation":"bootstrap","file":"remove-no-feature-20-bootstrap.control.bin","bytes":247,"records":[{"native_offset":0,"native_epoch":5,"key_file":"remove-no-feature-20-bootstrap.control.bin.offset-0.key.bin","value_file":"remove-no-feature-20-bootstrap.control.bin.offset-0.value.bin"},{"native_offset":1,"native_epoch":5,"key_file":"remove-no-feature-20-bootstrap.control.bin.offset-1.key.bin","value_file":"remove-no-feature-20-bootstrap.control.bin.offset-1.value.bin"}]}
{"event":"state","scenario":"remove-no-feature","operation":"initial","now_ms":100,"voters":[{"id":0,"directory_id":"00000000000000010000000000000001"},{"id":1,"directory_id":"00000000000000010000000000000002"},{"id":2,"directory_id":"00000000000000010000000000000003"}],"latest_voters_offset":1,"hw":-1,"leo":2,"pending":false,"leader_resign":false}
{"event":"input","scenario":"remove-no-feature","operation":"replica-progress","now_ms":105,"inputs":{"replica":{"id":1,"directory_id":"00000000000000010000000000000002"},"end":2}}
{"event":"state","scenario":"remove-no-feature","operation":"progress-1-2","now_ms":105,"voters":[{"id":0,"directory_id":"00000000000000010000000000000001"},{"id":1,"directory_id":"00000000000000010000000000000002"},{"id":2,"directory_id":"00000000000000010000000000000003"}],"latest_voters_offset":1,"hw":2,"leo":2,"pending":false,"leader_resign":false}
{"event":"assertion","case":"remove-no-feature.prior-config-committed","actual":"2","expected":"2","passed":true}
{"event":"input","scenario":"remove-no-feature","operation":"remove-request","now_ms":105,"inputs":{"replica":{"id":2,"directory_id":"00000000000000010000000000000003"}}}
{"event":"assertion","case":"remove.cluster-feature-zero","actual":"35","expected":"35","passed":true}
{"event":"control-batch","scenario":"remove-no-config","operation":"bootstrap","file":"remove-no-config-21-bootstrap.control.bin","bytes":77,"records":[{"native_offset":0,"native_epoch":5,"key_file":"remove-no-config-21-bootstrap.control.bin.offset-0.key.bin","value_file":"remove-no-config-21-bootstrap.control.bin.offset-0.value.bin"}]}
{"event":"state","scenario":"remove-no-config","operation":"initial","now_ms":100,"voters":[{"id":0,"directory_id":"00000000000000010000000000000001"},{"id":1,"directory_id":"00000000000000010000000000000002"},{"id":2,"directory_id":"00000000000000010000000000000003"}],"latest_voters_offset":-2,"hw":-1,"leo":1,"pending":false,"leader_resign":false}
{"event":"input","scenario":"remove-no-config","operation":"replica-progress","now_ms":105,"inputs":{"replica":{"id":1,"directory_id":"00000000000000010000000000000002"},"end":1}}
{"event":"state","scenario":"remove-no-config","operation":"progress-1-1","now_ms":105,"voters":[{"id":0,"directory_id":"00000000000000010000000000000001"},{"id":1,"directory_id":"00000000000000010000000000000002"},{"id":2,"directory_id":"00000000000000010000000000000003"}],"latest_voters_offset":-2,"hw":1,"leo":1,"pending":false,"leader_resign":false}
{"event":"assertion","case":"remove-no-config.prior-config-committed","actual":"1","expected":"1","passed":true}
{"event":"input","scenario":"remove-no-config","operation":"remove-request","now_ms":105,"inputs":{"replica":{"id":2,"directory_id":"00000000000000010000000000000003"}}}
{"event":"assertion","case":"remove.no-prior-config-entry","actual":"7","expected":"7","passed":true}
{"event":"control-batch","scenario":"remove-only-voter","operation":"bootstrap","file":"remove-only-voter-22-bootstrap.control.bin","bytes":144,"records":[{"native_offset":0,"native_epoch":5,"key_file":"remove-only-voter-22-bootstrap.control.bin.offset-0.key.bin","value_file":"remove-only-voter-22-bootstrap.control.bin.offset-0.value.bin"},{"native_offset":1,"native_epoch":5,"key_file":"remove-only-voter-22-bootstrap.control.bin.offset-1.key.bin","value_file":"remove-only-voter-22-bootstrap.control.bin.offset-1.value.bin"}]}
{"event":"state","scenario":"remove-only-voter","operation":"initial","now_ms":100,"voters":[{"id":0,"directory_id":"00000000000000010000000000000001"}],"latest_voters_offset":1,"hw":2,"leo":2,"pending":false,"leader_resign":false}
{"event":"assertion","case":"remove-only-voter.prior-config-committed","actual":"2","expected":"2","passed":true}
{"event":"input","scenario":"remove-only-voter","operation":"remove-request","now_ms":100,"inputs":{"replica":{"id":0,"directory_id":"00000000000000010000000000000001"}}}
{"event":"assertion","case":"remove.cannot-empty-voter-set","actual":"127","expected":"127","passed":true}
{"event":"control-batch","scenario":"history-permissive-disjoint","operation":"bootstrap","file":"history-permissive-disjoint-23-bootstrap.control.bin","bytes":247,"records":[{"native_offset":0,"native_epoch":5,"key_file":"history-permissive-disjoint-23-bootstrap.control.bin.offset-0.key.bin","value_file":"history-permissive-disjoint-23-bootstrap.control.bin.offset-0.value.bin"},{"native_offset":1,"native_epoch":5,"key_file":"history-permissive-disjoint-23-bootstrap.control.bin.offset-1.key.bin","value_file":"history-permissive-disjoint-23-bootstrap.control.bin.offset-1.value.bin"}]}
{"event":"state","scenario":"history-permissive-disjoint","operation":"initial","now_ms":100,"voters":[{"id":0,"directory_id":"00000000000000010000000000000001"},{"id":1,"directory_id":"00000000000000010000000000000002"},{"id":2,"directory_id":"00000000000000010000000000000003"}],"latest_voters_offset":1,"hw":-1,"leo":2,"pending":false,"leader_resign":false}
{"event":"input","scenario":"history-permissive-disjoint","operation":"replica-progress","now_ms":105,"inputs":{"replica":{"id":1,"directory_id":"00000000000000010000000000000002"},"end":2}}
{"event":"state","scenario":"history-permissive-disjoint","operation":"progress-1-2","now_ms":105,"voters":[{"id":0,"directory_id":"00000000000000010000000000000001"},{"id":1,"directory_id":"00000000000000010000000000000002"},{"id":2,"directory_id":"00000000000000010000000000000003"}],"latest_voters_offset":1,"hw":2,"leo":2,"pending":false,"leader_resign":false}
{"event":"assertion","case":"history-permissive-disjoint.prior-config-committed","actual":"2","expected":"2","passed":true}
{"event":"assertion","case":"history.disjoint-majorities","actual":"false","expected":"false","passed":true}
{"event":"input","scenario":"history-permissive-disjoint","operation":"raw-helper-configuration","now_ms":105,"inputs":{"voters":[{"id":10,"directory_id":"0000000000000001000000000000000b"},{"id":11,"directory_id":"0000000000000001000000000000000c"},{"id":12,"directory_id":"0000000000000001000000000000000d"}]}}
{"event":"control-batch","scenario":"history-permissive-disjoint","operation":"raw-helper-configuration","file":"history-permissive-disjoint-24-raw-helper-configuration.control.bin","bytes":231,"records":[{"native_offset":2,"native_epoch":5,"key_file":"history-permissive-disjoint-24-raw-helper-configuration.control.bin.offset-2.key.bin","value_file":"history-permissive-disjoint-24-raw-helper-configuration.control.bin.offset-2.value.bin"}]}
{"event":"state","scenario":"history-permissive-disjoint","operation":"raw-helper-applied","now_ms":105,"voters":[{"id":10,"directory_id":"0000000000000001000000000000000b"},{"id":11,"directory_id":"0000000000000001000000000000000c"},{"id":12,"directory_id":"0000000000000001000000000000000d"}],"latest_voters_offset":2,"hw":2,"leo":3,"pending":false,"leader_resign":false}
{"event":"assertion","case":"history.bare-helper-accepts-disjoint","actual":"VoterSet(voters={12=VoterNode(voterKey=ReplicaKey(id=12, directoryId=AAAAAAAAAAEAAAAAAAAADQ), listeners=Endpoints(endpoints={ListenerName(CONTROLLER)=127.0.0.1/<unresolved>:19212}), supportedKRaftVersion=SupportedVersionRange[min_version:0, max_version:1]), 10=VoterNode(voterKey=ReplicaKey(id=10, directoryId=AAAAAAAAAAEAAAAAAAAACw), listeners=Endpoints(endpoints={ListenerName(CONTROLLER)=127.0.0.1/<unresolved>:19210}), supportedKRaftVersion=SupportedVersionRange[min_version:0, max_version:1]), 11=VoterNode(voterKey=ReplicaKey(id=11, directoryId=AAAAAAAAAAEAAAAAAAAADA), listeners=Endpoints(endpoints={ListenerName(CONTROLLER)=127.0.0.1/<unresolved>:19211}), supportedKRaftVersion=SupportedVersionRange[min_version:0, max_version:1])})","expected":"VoterSet(voters={12=VoterNode(voterKey=ReplicaKey(id=12, directoryId=AAAAAAAAAAEAAAAAAAAADQ), listeners=Endpoints(endpoints={ListenerName(CONTROLLER)=127.0.0.1/<unresolved>:19212}), supportedKRaftVersion=SupportedVersionRange[min_version:0, max_version:1]), 10=VoterNode(voterKey=ReplicaKey(id=10, directoryId=AAAAAAAAAAEAAAAAAAAACw), listeners=Endpoints(endpoints={ListenerName(CONTROLLER)=127.0.0.1/<unresolved>:19210}), supportedKRaftVersion=SupportedVersionRange[min_version:0, max_version:1]), 11=VoterNode(voterKey=ReplicaKey(id=11, directoryId=AAAAAAAAAAEAAAAAAAAADA), listeners=Endpoints(endpoints={ListenerName(CONTROLLER)=127.0.0.1/<unresolved>:19211}), supportedKRaftVersion=SupportedVersionRange[min_version:0, max_version:1])})","passed":true}
{"event":"assertion","case":"history.bare-helper-uncommitted-active","actual":"2","expected":"2","passed":true}
{"event":"assertion","case":"history-permissive-disjoint.replay-voter-set","actual":"VoterSet(voters={12=VoterNode(voterKey=ReplicaKey(id=12, directoryId=AAAAAAAAAAEAAAAAAAAADQ), listeners=Endpoints(endpoints={ListenerName(CONTROLLER)=127.0.0.1/<unresolved>:19212}), supportedKRaftVersion=SupportedVersionRange[min_version:0, max_version:1]), 10=VoterNode(voterKey=ReplicaKey(id=10, directoryId=AAAAAAAAAAEAAAAAAAAACw), listeners=Endpoints(endpoints={ListenerName(CONTROLLER)=127.0.0.1/<unresolved>:19210}), supportedKRaftVersion=SupportedVersionRange[min_version:0, max_version:1]), 11=VoterNode(voterKey=ReplicaKey(id=11, directoryId=AAAAAAAAAAEAAAAAAAAADA), listeners=Endpoints(endpoints={ListenerName(CONTROLLER)=127.0.0.1/<unresolved>:19211}), supportedKRaftVersion=SupportedVersionRange[min_version:0, max_version:1])})","expected":"VoterSet(voters={12=VoterNode(voterKey=ReplicaKey(id=12, directoryId=AAAAAAAAAAEAAAAAAAAADQ), listeners=Endpoints(endpoints={ListenerName(CONTROLLER)=127.0.0.1/<unresolved>:19212}), supportedKRaftVersion=SupportedVersionRange[min_version:0, max_version:1]), 10=VoterNode(voterKey=ReplicaKey(id=10, directoryId=AAAAAAAAAAEAAAAAAAAACw), listeners=Endpoints(endpoints={ListenerName(CONTROLLER)=127.0.0.1/<unresolved>:19210}), supportedKRaftVersion=SupportedVersionRange[min_version:0, max_version:1]), 11=VoterNode(voterKey=ReplicaKey(id=11, directoryId=AAAAAAAAAAEAAAAAAAAADA), listeners=Endpoints(endpoints={ListenerName(CONTROLLER)=127.0.0.1/<unresolved>:19211}), supportedKRaftVersion=SupportedVersionRange[min_version:0, max_version:1])})","passed":true}
{"event":"assertion","case":"history-permissive-disjoint.replay-config-offset","actual":"OptionalLong[2]","expected":"OptionalLong[2]","passed":true}
{"event":"assertion","case":"history-permissive-disjoint.reopen-end","actual":"3","expected":"3","passed":true}
{"event":"assertion","case":"history-permissive-disjoint.storage-HW-not-quorum-proof","actual":"0","expected":"0","passed":true}
{"event":"control-batch","scenario":"history-truncate-uncommitted","operation":"bootstrap","file":"history-truncate-uncommitted-25-bootstrap.control.bin","bytes":247,"records":[{"native_offset":0,"native_epoch":5,"key_file":"history-truncate-uncommitted-25-bootstrap.control.bin.offset-0.key.bin","value_file":"history-truncate-uncommitted-25-bootstrap.control.bin.offset-0.value.bin"},{"native_offset":1,"native_epoch":5,"key_file":"history-truncate-uncommitted-25-bootstrap.control.bin.offset-1.key.bin","value_file":"history-truncate-uncommitted-25-bootstrap.control.bin.offset-1.value.bin"}]}
{"event":"state","scenario":"history-truncate-uncommitted","operation":"initial","now_ms":100,"voters":[{"id":0,"directory_id":"00000000000000010000000000000001"},{"id":1,"directory_id":"00000000000000010000000000000002"},{"id":2,"directory_id":"00000000000000010000000000000003"}],"latest_voters_offset":1,"hw":-1,"leo":2,"pending":false,"leader_resign":false}
{"event":"input","scenario":"history-truncate-uncommitted","operation":"replica-progress","now_ms":105,"inputs":{"replica":{"id":1,"directory_id":"00000000000000010000000000000002"},"end":2}}
{"event":"state","scenario":"history-truncate-uncommitted","operation":"progress-1-2","now_ms":105,"voters":[{"id":0,"directory_id":"00000000000000010000000000000001"},{"id":1,"directory_id":"00000000000000010000000000000002"},{"id":2,"directory_id":"00000000000000010000000000000003"}],"latest_voters_offset":1,"hw":2,"leo":2,"pending":false,"leader_resign":false}
{"event":"assertion","case":"history-truncate-uncommitted.prior-config-committed","actual":"2","expected":"2","passed":true}
{"event":"input","scenario":"history-truncate-uncommitted","operation":"replica-progress","now_ms":106,"inputs":{"replica":{"id":3,"directory_id":"00000000000000010000000000000004"},"end":2}}
{"event":"state","scenario":"history-truncate-uncommitted","operation":"progress-3-2","now_ms":106,"voters":[{"id":0,"directory_id":"00000000000000010000000000000001"},{"id":1,"directory_id":"00000000000000010000000000000002"},{"id":2,"directory_id":"00000000000000010000000000000003"}],"latest_voters_offset":1,"hw":2,"leo":2,"pending":false,"leader_resign":false}
{"event":"input","scenario":"history-truncate-uncommitted","operation":"add-request","now_ms":106,"inputs":{"replica":{"id":3,"directory_id":"00000000000000010000000000000004"},"ack_when_committed":true}}
{"event":"assertion","case":"discovery.request-is-api18","actual":"18","expected":"18","passed":true}
{"event":"assertion","case":"discovery.synthetic-loopback-endpoint","actual":"true","expected":"true","passed":true}
{"event":"assertion","case":"discovery.synthetic-port","actual":"19203","expected":"19203","passed":true}
{"event":"input","scenario":"history-truncate-uncommitted","operation":"feature-reply","now_ms":106,"inputs":{"source_id":3,"feature_present":true,"min":0,"max":1}}
{"event":"control-batch","scenario":"history-truncate-uncommitted","operation":"appended","file":"history-truncate-uncommitted-26-appended.control.bin","bytes":282,"records":[{"native_offset":2,"native_epoch":5,"key_file":"history-truncate-uncommitted-26-appended.control.bin.offset-2.key.bin","value_file":"history-truncate-uncommitted-26-appended.control.bin.offset-2.value.bin"}]}
{"event":"state","scenario":"history-truncate-uncommitted","operation":"local-appended","now_ms":106,"voters":[{"id":0,"directory_id":"00000000000000010000000000000001"},{"id":1,"directory_id":"00000000000000010000000000000002"},{"id":2,"directory_id":"00000000000000010000000000000003"},{"id":3,"directory_id":"00000000000000010000000000000004"}],"latest_voters_offset":2,"hw":2,"leo":3,"pending":true,"leader_resign":false}
{"event":"assertion","case":"history.pending-before-truncation","actual":"false","expected":"false","passed":true}
{"event":"input","scenario":"history-truncate-uncommitted","operation":"truncate-uncommitted","now_ms":106,"inputs":{"end":2}}
{"event":"state","scenario":"history-truncate-uncommitted","operation":"truncated","now_ms":106,"voters":[{"id":0,"directory_id":"00000000000000010000000000000001"},{"id":1,"directory_id":"00000000000000010000000000000002"},{"id":2,"directory_id":"00000000000000010000000000000003"}],"latest_voters_offset":1,"hw":2,"leo":2,"pending":true,"leader_resign":false}
{"event":"assertion","case":"history.truncate-restores-prior-voters","actual":"VoterSet(voters={0=VoterNode(voterKey=ReplicaKey(id=0, directoryId=AAAAAAAAAAEAAAAAAAAAAQ), listeners=Endpoints(endpoints={ListenerName(CONTROLLER)=127.0.0.1/<unresolved>:19200}), supportedKRaftVersion=SupportedVersionRange[min_version:0, max_version:1]), 1=VoterNode(voterKey=ReplicaKey(id=1, directoryId=AAAAAAAAAAEAAAAAAAAAAg), listeners=Endpoints(endpoints={ListenerName(CONTROLLER)=127.0.0.1/<unresolved>:19201}), supportedKRaftVersion=SupportedVersionRange[min_version:0, max_version:1]), 2=VoterNode(voterKey=ReplicaKey(id=2, directoryId=AAAAAAAAAAEAAAAAAAAAAw), listeners=Endpoints(endpoints={ListenerName(CONTROLLER)=127.0.0.1/<unresolved>:19202}), supportedKRaftVersion=SupportedVersionRange[min_version:0, max_version:1])})","expected":"VoterSet(voters={0=VoterNode(voterKey=ReplicaKey(id=0, directoryId=AAAAAAAAAAEAAAAAAAAAAQ), listeners=Endpoints(endpoints={ListenerName(CONTROLLER)=127.0.0.1/<unresolved>:19200}), supportedKRaftVersion=SupportedVersionRange[min_version:0, max_version:1]), 1=VoterNode(voterKey=ReplicaKey(id=1, directoryId=AAAAAAAAAAEAAAAAAAAAAg), listeners=Endpoints(endpoints={ListenerName(CONTROLLER)=127.0.0.1/<unresolved>:19201}), supportedKRaftVersion=SupportedVersionRange[min_version:0, max_version:1]), 2=VoterNode(voterKey=ReplicaKey(id=2, directoryId=AAAAAAAAAAEAAAAAAAAAAw), listeners=Endpoints(endpoints={ListenerName(CONTROLLER)=127.0.0.1/<unresolved>:19202}), supportedKRaftVersion=SupportedVersionRange[min_version:0, max_version:1])})","passed":true}
{"event":"assertion","case":"history.truncate-restores-prior-config-offset","actual":"1","expected":"1","passed":true}
{"event":"assertion","case":"history-truncate-uncommitted.replay-voter-set","actual":"VoterSet(voters={0=VoterNode(voterKey=ReplicaKey(id=0, directoryId=AAAAAAAAAAEAAAAAAAAAAQ), listeners=Endpoints(endpoints={ListenerName(CONTROLLER)=127.0.0.1/<unresolved>:19200}), supportedKRaftVersion=SupportedVersionRange[min_version:0, max_version:1]), 1=VoterNode(voterKey=ReplicaKey(id=1, directoryId=AAAAAAAAAAEAAAAAAAAAAg), listeners=Endpoints(endpoints={ListenerName(CONTROLLER)=127.0.0.1/<unresolved>:19201}), supportedKRaftVersion=SupportedVersionRange[min_version:0, max_version:1]), 2=VoterNode(voterKey=ReplicaKey(id=2, directoryId=AAAAAAAAAAEAAAAAAAAAAw), listeners=Endpoints(endpoints={ListenerName(CONTROLLER)=127.0.0.1/<unresolved>:19202}), supportedKRaftVersion=SupportedVersionRange[min_version:0, max_version:1])})","expected":"VoterSet(voters={0=VoterNode(voterKey=ReplicaKey(id=0, directoryId=AAAAAAAAAAEAAAAAAAAAAQ), listeners=Endpoints(endpoints={ListenerName(CONTROLLER)=127.0.0.1/<unresolved>:19200}), supportedKRaftVersion=SupportedVersionRange[min_version:0, max_version:1]), 1=VoterNode(voterKey=ReplicaKey(id=1, directoryId=AAAAAAAAAAEAAAAAAAAAAg), listeners=Endpoints(endpoints={ListenerName(CONTROLLER)=127.0.0.1/<unresolved>:19201}), supportedKRaftVersion=SupportedVersionRange[min_version:0, max_version:1]), 2=VoterNode(voterKey=ReplicaKey(id=2, directoryId=AAAAAAAAAAEAAAAAAAAAAw), listeners=Endpoints(endpoints={ListenerName(CONTROLLER)=127.0.0.1/<unresolved>:19202}), supportedKRaftVersion=SupportedVersionRange[min_version:0, max_version:1])})","passed":true}
{"event":"assertion","case":"history-truncate-uncommitted.replay-config-offset","actual":"OptionalLong[1]","expected":"OptionalLong[1]","passed":true}
{"event":"assertion","case":"history-truncate-uncommitted.reopen-end","actual":"2","expected":"2","passed":true}
{"event":"assertion","case":"history-truncate-uncommitted.storage-HW-not-quorum-proof","actual":"0","expected":"0","passed":true}
{"event":"summary","passed":true,"assertions":137}
