SLF4J: Failed to load class "org.slf4j.impl.StaticLoggerBinder".
SLF4J: Defaulting to no-operation (NOP) logger implementation
SLF4J: See http://www.slf4j.org/codes.html#StaticLoggerBinder for further details.
SDK 4.3.1 26b251a451ce941d
RANGE ShareFetchRequestData 1 2
RANGE ShareFetchResponseData 1 2
RANGE ShareAcknowledgeRequestData 1 2
RANGE ShareAcknowledgeResponseData 1 2
SUPPORTED fetch_v1_defaults_request v1 0667726f75701741414543417751464267634943516f4c4441304f4477000000070000006300000001000010000000000200000001010100
SUPPORTED ack_v1_defaults_request v1 0667726f75701741414543417751464267634943516f4c4441304f4477000000080100
SUPPORTED fetch_v1_acquired_subset_response v1 00000000000000000004b002000102030405060708090a0b0c0d0e0f02000000030000000000000000000000000000006a00000000000000000000005dffffffff0210997e8100000000000300000000000001f400000000000001f7ffffffffffffffffffffffffffff0000000414000000046b300476300014000202046b310476310014000404046b320476320014000606046b3304763300020000000000000001000000000000000200030000000100
SUPPORTED ack_v1_partial_response v1 0000000900000002000102030405060708090a0b0c0d0e0f0300000003000000000000000000000000000000000400790865787069726564000000050000000800000002000000050a6c6f63616c686f737400002384000000
SUPPORTED fetch_v2_defaults_request v2 0667726f75701741414543417751464267634943516f4c4441304f44770000000700000063000000010000100000000002000000010000010100
SUPPORTED ack_v2_defaults_request v2 0667726f75701741414543417751464267634943516f4c4441304f447700000008000100
SUPPORTED fetch_v2_acquired_subset_response v2 00000000000000000004b002000102030405060708090a0b0c0d0e0f02000000030000000000000000000000000000006a00000000000000000000005dffffffff0210997e8100000000000300000000000001f400000000000001f7ffffffffffffffffffffffffffff0000000414000000046b300476300014000202046b310476310014000404046b320476320014000606046b3304763300020000000000000001000000000000000200030000000100
SUPPORTED ack_v2_partial_response v2 00000009000000000004b002000102030405060708090a0b0c0d0e0f0300000003000000000000000000000000000000000400790865787069726564000000050000000800000002000000050a6c6f63616c686f737400002384000000
SUPPORTED fetch_v2_record_limit_request v2 0667726f75701741414543417751464267634943516f4c4441304f44770000000700000063000000010000100000000002000000010100010100
SUPPORTED fetch_v2_renew_request v2 0667726f75701741414543417751464267634943516f4c4441304f4477000000070000006300000001000010000000000200000001000102000102030405060708090a0b0c0d0e0f020000000302000000000000000a000000000000000b02040000000100
SUPPORTED ack_v2_renew_request v2 0667726f75701741414543417751464267634943516f4c4441304f4477000000080102000102030405060708090a0b0c0d0e0f020000000302000000000000000a000000000000000b020400000000
SUPPORTED fetch_v2_session_error_response v2 0000000d007a0d73657373696f6e206c6f737400000000010100
SUPPORTED ack_v2_session_error_response v2 0000000b007a0000000000010100
SUPPORTED fetch_v1_ignorable_record_limit_request v1 0667726f75701741414543417751464267634943516f4c4441304f4477000000070000006300000001000010000000000200000001010100
UNSUPPORTED_VERSION fetch_v1_renew_rejection Attempted to write a non-default isRenewAck at version 1
UNSUPPORTED_VERSION ack_v1_renew_rejection Attempted to write a non-default isRenewAck at version 1
