    Checking libc v0.2.189
    Checking cfg-if v1.0.4
    Checking typenum v1.20.1
    Checking hybrid-array v0.4.14
    Checking cmov v0.5.4
    Checking zeroize v1.9.0
    Checking rustls-pki-types v1.15.1
    Checking ctutils v0.4.2
    Checking crypto-common v0.2.2
    Checking block-buffer v0.12.1
    Checking getrandom v0.2.17
    Checking const-oid v0.10.2
    Checking untrusted v0.9.0
    Checking once_cell v1.21.4
    Checking ring v0.17.14
    Checking digest v0.11.3
    Checking errno v0.3.14
    Checking pin-project-lite v0.2.17
    Checking signal-hook-registry v1.4.8
    Checking rustls-webpki v0.103.15
   Compiling syn v2.0.119
    Checking mio v1.2.2
    Checking socket2 v0.6.5
    Checking adler2 v2.0.1
    Checking bytes v1.12.1
    Checking subtle v2.6.1
    Checking smallvec v1.15.2
    Checking simd-adler32 v0.3.10
    Checking scopeguard v1.2.0
    Checking lock_api v0.4.14
    Checking miniz_oxide v0.9.1
    Checking parking_lot_core v0.9.12
    Checking rustls v0.23.45
    Checking tokio v1.53.1
   Compiling tracing-attributes v0.1.31
    Checking crc32fast v1.5.1
    Checking hmac v0.13.0
    Checking tracing-core v0.1.36
    Checking cpufeatures v0.3.1
    Checking twox-hash v2.1.2
    Checking zlib-rs v0.6.8
    Checking flate2 v1.1.10
    Checking lz4_flex v0.14.0
    Checking sha2 v0.11.0
    Checking tracing v0.1.44
    Checking pbkdf2 v0.13.0
    Checking crc32c v0.6.8
    Checking tokio-rustls v0.26.5
    Checking parking_lot v0.12.5
    Checking getrandom v0.4.3
    Checking snap v1.1.2
    Checking webpki-roots v1.0.9
    Checking base64 v0.23.1
    Checking partitionline v0.1.0 (/workspace/work/full-goal/client-integration-39bd19a)
error: `if` chain can be rewritten with `match`
   --> src/metrics.rs:374:23
    |
374 |           let counter = if millis < 0 {
    |  _______________________^
375 | |             &self.invalid_responses
376 | |         } else if millis > 0 {
377 | |             let millis = u64::try_from(millis).unwrap_or(0);
...   |
382 | |             return;
383 | |         };
    | |_________^ help: consider rewriting the `if` chain with `match`: `match millis.cmp(&0) {...}`
    |
    = help: for further information visit https://rust-lang.github.io/rust-clippy/master/index.html#comparison_chain
    = note: `-D clippy::comparison-chain` implied by `-D warnings`
    = help: to override `-D warnings` add `#[allow(clippy::comparison_chain)]`

error: the following explicit lifetimes could be elided: 'a
    --> src/producer.rs:3149:10
     |
3149 |     impl<'a> Drop for RxDrain<'a> {
     |          ^^                   ^^
     |
     = help: for further information visit https://rust-lang.github.io/rust-clippy/master/index.html#needless_lifetimes
     = note: `-D clippy::needless-lifetimes` implied by `-D warnings`
     = help: to override `-D warnings` add `#[allow(clippy::needless_lifetimes)]`
help: elide the lifetimes
     |
3149 -     impl<'a> Drop for RxDrain<'a> {
3149 +     impl Drop for RxDrain<'_> {
     |

error: the following explicit lifetimes could be elided: 'a
    --> src/producer.rs:3184:6
     |
3184 | impl<'a> Drop for RetryGuard<'a> {
     |      ^^                      ^^
     |
     = help: for further information visit https://rust-lang.github.io/rust-clippy/master/index.html#needless_lifetimes
help: elide the lifetimes
     |
3184 - impl<'a> Drop for RetryGuard<'a> {
3184 + impl Drop for RetryGuard<'_> {
     |

error: could not compile `partitionline` (lib) due to 3 previous errors
