0	PRODUCE	3	13	13	false	false	false	broker	3:1:0,4:1:0,5:1:0,6:1:0,7:1:0,8:1:0,9:2:1,10:2:1,11:2:1,12:2:1,13:2:1
1	FETCH	4	18	18	false	false	false	broker,controller	4:1:0,5:1:0,6:1:0,7:1:0,8:1:0,9:1:0,10:1:0,11:1:0,12:2:1,13:2:1,14:2:1,15:2:1,16:2:1,17:2:1,18:2:1
2	LIST_OFFSETS	1	10	10	false	false	false	broker	1:1:0,2:1:0,3:1:0,4:1:0,5:1:0,6:2:1,7:2:1,8:2:1,9:2:1,10:2:1
3	METADATA	0	13	13	false	false	false	broker	0:1:0,1:1:0,2:1:0,3:1:0,4:1:0,5:1:0,6:1:0,7:1:0,8:1:0,9:2:1,10:2:1,11:2:1,12:2:1,13:2:1
4	LEADER_AND_ISR	0	-1	-1	true	false	false		
5	STOP_REPLICA	0	-1	-1	true	false	false		
6	UPDATE_METADATA	0	-1	-1	true	false	false		
7	CONTROLLED_SHUTDOWN	0	-1	-1	true	false	false		
8	OFFSET_COMMIT	2	10	9	false	false	true	broker	2:1:0,3:1:0,4:1:0,5:1:0,6:1:0,7:1:0,8:2:1,9:2:1,10:2:1
9	OFFSET_FETCH	1	10	9	false	false	true	broker	1:1:0,2:1:0,3:1:0,4:1:0,5:1:0,6:2:1,7:2:1,8:2:1,9:2:1,10:2:1
10	FIND_COORDINATOR	0	6	6	false	false	false	broker	0:1:0,1:1:0,2:1:0,3:2:1,4:2:1,5:2:1,6:2:1
11	JOIN_GROUP	0	9	9	false	false	false	broker	0:1:0,1:1:0,2:1:0,3:1:0,4:1:0,5:1:0,6:2:1,7:2:1,8:2:1,9:2:1
12	HEARTBEAT	0	4	4	false	false	false	broker	0:1:0,1:1:0,2:1:0,3:1:0,4:2:1
13	LEAVE_GROUP	0	5	5	false	false	false	broker	0:1:0,1:1:0,2:1:0,3:1:0,4:2:1,5:2:1
14	SYNC_GROUP	0	5	5	false	false	false	broker	0:1:0,1:1:0,2:1:0,3:1:0,4:2:1,5:2:1
15	DESCRIBE_GROUPS	0	6	6	false	false	false	broker	0:1:0,1:1:0,2:1:0,3:1:0,4:1:0,5:2:1,6:2:1
16	LIST_GROUPS	0	5	5	false	false	false	broker	0:1:0,1:1:0,2:1:0,3:2:1,4:2:1,5:2:1
17	SASL_HANDSHAKE	0	1	1	false	false	false	broker,controller	0:1:0,1:1:0
Exception in thread "main" java.lang.AssertionError: API key 18 mismatch
expected=18	API_VERSIONS	0	4	4	false	false	false	broker,controller	0:1:0,1:1:0,2:1:0,3:2:0,4:2:1
actual=18	API_VERSIONS	0	4	4	false	false	false	broker,controller	0:1:0,1:1:0,2:1:0,3:2:0,4:2:0
	at MatrixRuntimeOracle.main(MatrixRuntimeOracle.java:51)
