    Checking libc v0.2.189
    Checking zeroize v1.9.0
    Checking cfg-if v1.0.5
    Checking bytes v1.12.1
    Checking typenum v1.20.1
    Checking hybrid-array v0.4.15
    Checking itoa v1.0.18
    Checking cmov v0.5.4
    Checking pin-project-lite v0.2.17
    Checking ctutils v0.4.2
    Checking http v1.5.0
    Checking block-buffer v0.12.1
    Checking crypto-common v0.2.2
    Checking getrandom v0.2.17
    Checking mio v1.2.3
    Checking socket2 v0.6.5
    Checking const-oid v0.10.2
    Checking untrusted v0.9.0
    Checking futures-core v0.3.34
    Checking ring v0.17.14
    Checking digest v0.11.3
    Checking tokio v1.53.1
    Checking http-body v1.1.0
    Checking rustls-pki-types v1.15.1
    Checking try-lock v0.2.5
    Checking want v0.3.1
    Checking rustls-webpki v0.103.15
    Checking serde_core v1.0.229
    Checking httparse v1.10.1
    Checking futures-channel v0.3.34
    Checking once_cell v1.21.4
    Checking atomic-waker v1.1.2
    Checking subtle v2.6.1
    Checking smallvec v1.16.2
    Checking hyper v1.11.1
    Checking rustls v0.23.45
    Checking zmij v1.0.23
    Checking hmac v0.13.0
    Checking memchr v2.8.3
    Checking cpufeatures v0.3.1
    Checking sha2 v0.11.0
    Checking serde_json v1.0.151
    Checking pbkdf2 v0.13.0
    Checking crc32c v0.6.8
    Checking serde v1.0.229
    Checking getrandom v0.4.3
    Checking tokio-rustls v0.26.6
    Checking hyper-util v0.1.21
    Checking http-body-util v0.1.5
    Checking base64 v0.23.1
    Checking partitionline-broker v0.1.0 (/workspace/work/broker-oidc/foundation-overlay-01/partitionline-broker)
error: used `unwrap()` on a `Result` value
  --> tests/oidc_validation.rs:31:9
   |
31 | /         signature::EcdsaKeyPair::generate_pkcs8(&signature::ECDSA_P256_SHA256_FIXED_SIGNING, &rng)
32 | |             .unwrap();
   | |_____________________^
   |
   = note: if this value is an `Err`, it will panic
   = help: for further information visit https://rust-lang.github.io/rust-clippy/master/index.html#unwrap_used
   = note: requested on the command line with `-D clippy::unwrap-used`

error: used `unwrap()` on a `Result` value
  --> tests/oidc_validation.rs:33:15
   |
33 |       let key = signature::EcdsaKeyPair::from_pkcs8(
   |  _______________^
34 | |         &signature::ECDSA_P256_SHA256_FIXED_SIGNING,
35 | |         der.as_ref(),
36 | |         &rng,
37 | |     )
38 | |     .unwrap();
   | |_____________^
   |
   = note: if this value is an `Err`, it will panic
   = help: for further information visit https://rust-lang.github.io/rust-clippy/master/index.html#unwrap_used

error: used `unwrap()` on a `Result` value
  --> tests/oidc_validation.rs:40:5
   |
40 |     serde_json::to_vec(&json!({"keys":[{"kid":"test-key","kty":"EC","crv":"P-256","x":URL_SAFE_NO_PAD.encode(&public[1..33]),"y":URL_SAFE_NO_PAD.encode(&public[33..])}]})).unwrap()
   |     ^^^^^^^^^^^^^^^^^^^^^^^^^^^^^^^^^^^^^^^^^^^^^^^^^^^^^^^^^^^^^^^^^^^^^^^^^^^^^^^^^^^^^^^^^^^^^^^^^^^^^^^^^^^^^^^^^^^^^^^^^^^^^^^^^^^^^^^^^^^^^^^^^^^^^^^^^^^^^^^^^^^^^^^^^^^^^^^^
   |
   = note: if this value is an `Err`, it will panic
   = help: for further information visit https://rust-lang.github.io/rust-clippy/master/index.html#unwrap_used

error: could not compile `partitionline-broker` (test "oidc_validation") due to 3 previous errors
