   Compiling partitionline-broker v0.1.0 (/workspace/work/broker-oidc/foundation-overlay-01/partitionline-broker)
    Finished `test` profile [unoptimized] target(s) in 4.64s
     Running unittests src/lib.rs (/workspace/work/broker-oidc/target/debug/deps/partitionline_broker-7bbeca4ee706eb01)

running 13 tests
test security::oidc::jwt::tests::bounds_are_checked_before_unbounded_structures ... ok
test security::oidc::jwt::tests::authentic_signature_is_required_before_identity ... ok
test security::oidc::jwt::tests::es256_fixed_signature_and_typed_principal ... ok
test security::oidc::jwt::tests::duplicate_json_and_whole_input_are_enforced ... ok
test security::oidc::jwt::tests::expiration_has_no_skew_or_clock_rollback_authority_extension ... ok
test security::oidc::jwt::tests::jwks_duplicates_private_forms_and_weak_rsa_fail ... ok
test security::oidc::jwt::tests::provider_access_discriminator_is_explicit ... ok
OIDC fixture valid-rsa2048: actual_accept=true expected_accept=true independent_signature_valid=true
OIDC fixture valid-rsa4096: actual_accept=true expected_accept=true independent_signature_valid=true
OIDC fixture valid-p256: actual_accept=true expected_accept=true independent_signature_valid=true
OIDC fixture valid-audience-array: actual_accept=true expected_accept=true independent_signature_valid=true
OIDC fixture valid-unicode-subject: actual_accept=true expected_accept=true independent_signature_valid=true
OIDC fixture valid-no-jti: actual_accept=true expected_accept=true independent_signature_valid=true
test security::oidc::jwt::tests::signed_wrong_claims_fail ... ok
OIDC fixture valid-no-scope: actual_accept=true expected_accept=true independent_signature_valid=true
OIDC fixture valid-iat-skew-boundary: actual_accept=true expected_accept=true independent_signature_valid=true
test security::oidc::jwt::tests::token_authorities_critical_fields_and_segments_are_rejected ... ok
OIDC fixture valid-nbf-skew-boundary: actual_accept=true expected_accept=true independent_signature_valid=true
OIDC fixture valid-lifetime-boundary: actual_accept=true expected_accept=true independent_signature_valid=true
OIDC fixture valid-before-expiry: actual_accept=true expected_accept=true independent_signature_valid=true
OIDC fixture wrong-issuer: actual_accept=false expected_accept=false independent_signature_valid=true
test security::oidc::tests::cancellation_retains_actual_worker_and_shutdown_joins_it ... ok
OIDC fixture wrong-audience: actual_accept=false expected_accept=false independent_signature_valid=true
OIDC fixture audience-empty-array: actual_accept=false expected_accept=false independent_signature_valid=true
test security::oidc::tests::cancelling_shutdown_leaves_actual_work_joinable ... ok
test security::oidc::tests::configuration_defaults_and_authorities_are_bounded ... ok
OIDC fixture audience-non-string: actual_accept=false expected_accept=false independent_signature_valid=true
OIDC fixture audience-too-many: actual_accept=false expected_accept=false independent_signature_valid=true
OIDC fixture subject-empty: actual_accept=false expected_accept=false independent_signature_valid=true
OIDC fixture subject-control: actual_accept=false expected_accept=false independent_signature_valid=true
OIDC fixture subject-numeric: actual_accept=false expected_accept=false independent_signature_valid=true
OIDC fixture subject-oversized: actual_accept=false expected_accept=false independent_signature_valid=true
OIDC fixture jti-empty: actual_accept=false expected_accept=false independent_signature_valid=true
OIDC fixture jti-numeric: actual_accept=false expected_accept=false independent_signature_valid=true
OIDC fixture expired: actual_accept=false expected_accept=false independent_signature_valid=true
OIDC fixture iat-future: actual_accept=false expected_accept=false independent_signature_valid=true
OIDC fixture nbf-future: actual_accept=false expected_accept=false independent_signature_valid=true
OIDC fixture nbf-equals-exp: actual_accept=false expected_accept=false independent_signature_valid=true
OIDC fixture iat-equals-exp: actual_accept=false expected_accept=false independent_signature_valid=true
OIDC fixture lifetime-too-long: actual_accept=false expected_accept=false independent_signature_valid=true
OIDC fixture exp-string: actual_accept=false expected_accept=false independent_signature_valid=true
OIDC fixture exp-fractional: actual_accept=false expected_accept=false independent_signature_valid=true
OIDC fixture iat-negative: actual_accept=false expected_accept=false independent_signature_valid=true
OIDC fixture nbf-string: actual_accept=false expected_accept=false independent_signature_valid=true
OIDC fixture at-expiry: actual_accept=false expected_accept=false independent_signature_valid=true
OIDC fixture missing-iss: actual_accept=false expected_accept=false independent_signature_valid=true
OIDC fixture missing-aud: actual_accept=false expected_accept=false independent_signature_valid=true
OIDC fixture missing-sub: actual_accept=false expected_accept=false independent_signature_valid=true
OIDC fixture missing-iat: actual_accept=false expected_accept=false independent_signature_valid=true
OIDC fixture missing-exp: actual_accept=false expected_accept=false independent_signature_valid=true
OIDC fixture wrong-type-JWT: actual_accept=false expected_accept=false independent_signature_valid=true
OIDC fixture wrong-type-id+jwt: actual_accept=false expected_accept=false independent_signature_valid=true
OIDC fixture wrong-type-empty: actual_accept=false expected_accept=false independent_signature_valid=true
OIDC fixture wrong-type-7: actual_accept=false expected_accept=false independent_signature_valid=true
OIDC fixture missing-type: actual_accept=false expected_accept=false independent_signature_valid=true
OIDC fixture alternative-valid-access: actual_accept=true expected_accept=true independent_signature_valid=true
OIDC fixture alternative-id-token: actual_accept=false expected_accept=false independent_signature_valid=true
OIDC fixture alternative-missing-discriminator: actual_accept=false expected_accept=false independent_signature_valid=true
OIDC fixture unknown-key: actual_accept=false expected_accept=false independent_signature_valid=true
OIDC fixture algorithm-key-confusion: actual_accept=false expected_accept=false independent_signature_valid=true
OIDC fixture unsupported-algorithm: actual_accept=false expected_accept=false independent_signature_valid=true
OIDC fixture none-algorithm: actual_accept=false expected_accept=false independent_signature_valid=true
OIDC fixture forbidden-header-crit: actual_accept=false expected_accept=false independent_signature_valid=true
OIDC fixture forbidden-header-jku: actual_accept=false expected_accept=false independent_signature_valid=true
OIDC fixture forbidden-header-jwk: actual_accept=false expected_accept=false independent_signature_valid=true
OIDC fixture forbidden-header-x5u: actual_accept=false expected_accept=false independent_signature_valid=true
OIDC fixture forbidden-header-b64: actual_accept=false expected_accept=false independent_signature_valid=true
OIDC fixture duplicate-header: actual_accept=false expected_accept=false independent_signature_valid=true
OIDC fixture duplicate-claim: actual_accept=false expected_accept=false independent_signature_valid=true
OIDC fixture escaped-duplicate-claim: actual_accept=false expected_accept=false independent_signature_valid=true
OIDC fixture malformed-header: actual_accept=false expected_accept=false independent_signature_valid=true
OIDC fixture malformed-payload: actual_accept=false expected_accept=false independent_signature_valid=true
OIDC fixture array-payload: actual_accept=false expected_accept=false independent_signature_valid=true
OIDC fixture nested-payload: actual_accept=false expected_accept=false independent_signature_valid=true
OIDC fixture oversized-header: actual_accept=false expected_accept=false independent_signature_valid=true
OIDC fixture oversized-token: actual_accept=false expected_accept=false independent_signature_valid=true
OIDC fixture tampered-signature-rsa: actual_accept=false expected_accept=false independent_signature_valid=false
OIDC fixture tampered-signature-ec: actual_accept=false expected_accept=false independent_signature_valid=false
OIDC fixture ec-der-signature: actual_accept=false expected_accept=false independent_signature_valid=false
OIDC fixture padded-header: actual_accept=false expected_accept=false independent_signature_valid=false
OIDC fixture padded-proof: actual_accept=false expected_accept=false independent_signature_valid=true
OIDC fixture trailing-segment: actual_accept=false expected_accept=false independent_signature_valid=false
OIDC independent matrix:70 cases;12 accepted;58 rejected;65 independently valid signatures;all exact histories/hashes verified
test security::oidc::jwt::tests::independent_openssl_controlled_epoch_matrix ... ok

test result: ok. 13 passed; 0 failed; 0 ignored; 0 measured; 47 filtered out; finished in 0.01s

