    Checking partitionline-broker v0.1.0 (/workspace/work/broker-oidc/foundation-overlay-01/partitionline-broker)
error[E0277]: `?` couldn't convert the error: `ring::error::Unspecified: std::error::Error` is not satisfied
  --> tests/oidc_validation.rs:31:99
   |
28 | fn jwks() -> Result<Vec<u8>, Box<dyn std::error::Error>> {
   |              ------------------------------------------- required `ring::error::Unspecified: std::error::Error` because of this
...
31 |         signature::EcdsaKeyPair::generate_pkcs8(&signature::ECDSA_P256_SHA256_FIXED_SIGNING, &rng)?;
   |         ------------------------------------------------------------------------------------------^ the trait `std::error::Error` is not implemented for `ring::error::Unspecified`
   |         |
   |         this has type `Result<_, ring::error::Unspecified>`
   |
   = note: the question mark operation (`?`) implicitly performs a conversion on the error value using the `From` trait
   = note: required for `std::boxed::Box<dyn std::error::Error>` to implement `std::convert::From<ring::error::Unspecified>`

error[E0277]: `?` couldn't convert the error: `ring::error::KeyRejected: std::error::Error` is not satisfied
  --> tests/oidc_validation.rs:36:6
   |
28 |   fn jwks() -> Result<Vec<u8>, Box<dyn std::error::Error>> {
   |                ------------------------------------------- required `ring::error::KeyRejected: std::error::Error` because of this
...
32 |       let key = signature::EcdsaKeyPair::from_pkcs8(
   |  _______________-
33 | |         &signature::ECDSA_P256_SHA256_FIXED_SIGNING,
34 | |         der.as_ref(),
35 | |         &rng,
36 | |     )?;
   | |     -^ the trait `std::error::Error` is not implemented for `ring::error::KeyRejected`
   | |_____|
   |       this has type `Result<_, ring::error::KeyRejected>`
   |
   = note: the question mark operation (`?`) implicitly performs a conversion on the error value using the `From` trait
   = note: required for `std::boxed::Box<dyn std::error::Error>` to implement `std::convert::From<ring::error::KeyRejected>`

For more information about this error, try `rustc --explain E0277`.
error: could not compile `partitionline-broker` (test "oidc_validation") due to 2 previous errors
