[1m[92m    Updating[0m crates.io index
[1m[92m Downloading[0m crates ...
[1m[92m  Downloaded[0m const-oid v0.10.2
[1m[92m  Downloaded[0m rustls-webpki v0.103.15
[1m[92m  Downloaded[0m zeroize v1.9.0
[1m[92m  Downloaded[0m miniz_oxide v0.9.1
[1m[92m  Downloaded[0m rustc_version v0.4.1
[1m[92m  Downloaded[0m ctutils v0.4.2
[1m[92m  Downloaded[0m sha2 v0.11.0
[1m[92m  Downloaded[0m crc32fast v1.5.1
[1m[92m  Downloaded[0m adler2 v2.0.1
[1m[92m  Downloaded[0m hybrid-array v0.4.14
[1m[92m  Downloaded[0m typenum v1.20.1
[1m[92m  Downloaded[0m getrandom v0.2.17
[1m[92m  Downloaded[0m quote v1.0.47
[1m[92m  Downloaded[0m pbkdf2 v0.13.0
[1m[92m  Downloaded[0m smallvec v1.15.2
[1m[92m  Downloaded[0m crypto-common v0.2.2
[1m[92m  Downloaded[0m tokio-macros v2.7.2
[1m[92m  Downloaded[0m untrusted v0.9.0
[1m[92m  Downloaded[0m scopeguard v1.2.0
[1m[92m  Downloaded[0m block-buffer v0.12.1
[1m[92m  Downloaded[0m lock_api v0.4.14
[1m[92m  Downloaded[0m pin-project-lite v0.2.17
[1m[92m  Downloaded[0m semver v1.0.28
[1m[92m  Downloaded[0m cpufeatures v0.3.1
[1m[92m  Downloaded[0m parking_lot v0.12.5
[1m[92m  Downloaded[0m snap v1.1.2
[1m[92m  Downloaded[0m twox-hash v2.1.2
[1m[92m  Downloaded[0m shlex v2.0.1
[1m[92m  Downloaded[0m proc-macro2 v1.0.107
[1m[92m  Downloaded[0m base64 v0.23.1
[1m[92m  Downloaded[0m getrandom v0.4.3
[1m[92m  Downloaded[0m hmac v0.13.0
[1m[92m  Downloaded[0m mio v1.2.2
[1m[92m  Downloaded[0m digest v0.11.3
[1m[92m  Downloaded[0m find-msvc-tools v0.1.11
[1m[92m  Downloaded[0m cfg-if v1.0.4
[1m[92m  Downloaded[0m rustls v0.23.45
[1m[92m  Downloaded[0m crc32c v0.6.8
[1m[92m  Downloaded[0m tokio-rustls v0.26.5
[1m[92m  Downloaded[0m bytes v1.12.1
[1m[92m  Downloaded[0m parking_lot_core v0.9.12
[1m[92m  Downloaded[0m socket2 v0.6.5
[1m[92m  Downloaded[0m webpki-roots v1.0.9
[1m[92m  Downloaded[0m syn v3.0.4
[1m[92m  Downloaded[0m tokio v1.53.1
[1m[92m  Downloaded[0m ring v0.17.14
[1m[92m  Downloaded[0m cmov v0.5.4
[1m[92m  Downloaded[0m libc v0.2.189
[1m[92m  Downloaded[0m flate2 v1.1.10
[1m[92m  Downloaded[0m zlib-rs v0.6.8
[1m[92m  Downloaded[0m subtle v2.6.1
[1m[92m  Downloaded[0m unicode-ident v1.0.24
[1m[92m  Downloaded[0m signal-hook-registry v1.4.8
[1m[92m  Downloaded[0m cc v1.4.4
[1m[92m  Downloaded[0m rustls-pki-types v1.15.1
[1m[92m  Downloaded[0m errno v0.3.14
[1m[92m  Downloaded[0m lz4_flex v0.14.0
[1m[92m  Downloaded[0m simd-adler32 v0.3.10
[1m[92m  Downloaded[0m once_cell v1.21.4
[1m[92m   Compiling[0m libc v0.2.189
[1m[92m   Compiling[0m cfg-if v1.0.4
[1m[92m   Compiling[0m shlex v2.0.1
[1m[92m   Compiling[0m find-msvc-tools v0.1.11
[1m[92m   Compiling[0m cc v1.4.4
[1m[92m   Compiling[0m proc-macro2 v1.0.107
[1m[92m   Compiling[0m typenum v1.20.1
[1m[92m   Compiling[0m ring v0.17.14
[1m[92m   Compiling[0m quote v1.0.47
[1m[92m   Compiling[0m unicode-ident v1.0.24
[1m[92m   Compiling[0m hybrid-array v0.4.14
[1m[92m   Compiling[0m zeroize v1.9.0
[1m[92m   Compiling[0m cmov v0.5.4
[1m[92m   Compiling[0m ctutils v0.4.2
[1m[92m   Compiling[0m rustls-pki-types v1.15.1
[1m[92m   Compiling[0m crypto-common v0.2.2
[1m[92m   Compiling[0m block-buffer v0.12.1
[1m[92m   Compiling[0m getrandom v0.2.17
[1m[92m   Compiling[0m semver v1.0.28
[1m[92m   Compiling[0m const-oid v0.10.2
[1m[92m   Compiling[0m untrusted v0.9.0
[1m[92m   Compiling[0m digest v0.11.3
[1m[92m   Compiling[0m rustc_version v0.4.1
[1m[92m   Compiling[0m syn v3.0.4
[1m[92m   Compiling[0m errno v0.3.14
[1m[92m   Compiling[0m parking_lot_core v0.9.12
[1m[92m   Compiling[0m crc32fast v1.5.1
[1m[92m   Compiling[0m rustls v0.23.45
[1m[92m   Compiling[0m signal-hook-registry v1.4.8
[1m[92m   Compiling[0m tokio-macros v2.7.2
[1m[92m   Compiling[0m rustls-webpki v0.103.15
[1m[92m   Compiling[0m crc32c v0.6.8
[1m[92m   Compiling[0m mio v1.2.2
[1m[92m   Compiling[0m socket2 v0.6.5
[1m[92m   Compiling[0m smallvec v1.15.2
[1m[92m   Compiling[0m snap v1.1.2
[1m[92m   Compiling[0m scopeguard v1.2.0
[1m[92m   Compiling[0m bytes v1.12.1
[1m[92m   Compiling[0m subtle v2.6.1
[1m[92m   Compiling[0m once_cell v1.21.4
[1m[92m   Compiling[0m simd-adler32 v0.3.10
[1m[92m   Compiling[0m adler2 v2.0.1
[1m[92m   Compiling[0m getrandom v0.4.3
[1m[92m   Compiling[0m pin-project-lite v0.2.17
[1m[92m   Compiling[0m tokio v1.53.1
[1m[92m   Compiling[0m miniz_oxide v0.9.1
[1m[92m   Compiling[0m lock_api v0.4.14
[1m[92m   Compiling[0m hmac v0.13.0
[1m[92m   Compiling[0m cpufeatures v0.3.1
[1m[92m   Compiling[0m zlib-rs v0.6.8
[1m[92m   Compiling[0m twox-hash v2.1.2
[1m[92m   Compiling[0m lz4_flex v0.14.0
[1m[92m   Compiling[0m pbkdf2 v0.13.0
[1m[92m   Compiling[0m sha2 v0.11.0
[1m[92m   Compiling[0m parking_lot v0.12.5
[1m[92m   Compiling[0m tokio-rustls v0.26.5
[1m[92m   Compiling[0m webpki-roots v1.0.9
[1m[92m   Compiling[0m base64 v0.23.1
[1m[92m   Compiling[0m flate2 v1.1.10
[1m[92m   Compiling[0m partitionline v0.1.0 (/home/runner/work/partitionline/partitionline)
[1m[92m    Finished[0m `test` profile [unoptimized] target(s) in 21.93s
[1m[92m  Executable[0m tests/broker_compatibility.rs (target/debug/deps/broker_compatibility-504f1bc62ad9b1df)
