    Checking cfg-if v1.0.5
    Checking typenum v1.20.1
    Checking libc v0.2.189
    Checking cmov v0.5.4
    Checking zeroize v1.9.0
    Checking rustls-pki-types v1.15.1
    Checking ctutils v0.4.2
    Checking untrusted v0.9.0
    Checking const-oid v0.10.2
    Checking once_cell v1.21.4
    Checking pin-project-lite v0.2.17
    Checking simd-adler32 v0.3.10
    Checking smallvec v1.16.2
    Checking subtle v2.6.1
    Checking bytes v1.12.1
    Checking adler2 v2.0.1
    Checking scopeguard v1.2.0
    Checking lock_api v0.4.14
    Checking miniz_oxide v0.9.1
    Checking getrandom v0.2.17
    Checking hybrid-array v0.4.15
    Checking ring v0.17.14
    Checking generic-array v0.14.7
    Checking errno v0.3.14
    Checking signal-hook-registry v1.4.8
    Checking mio v1.2.3
    Checking block-buffer v0.12.1
    Checking crypto-common v0.2.2
    Checking socket2 v0.6.5
    Checking block-buffer v0.10.4
    Checking crypto-common v0.1.7
    Checking parking_lot_core v0.9.12
    Checking tokio v1.53.1
    Checking crc32fast v1.5.2
    Checking zlib-rs v0.6.8
    Checking digest v0.11.3
    Checking hmac v0.13.0
    Checking cpufeatures v0.3.1
    Checking twox-hash v2.1.4
    Checking lz4_flex v0.14.0
    Checking rustls-webpki v0.103.15
    Checking sha2 v0.11.0
    Checking rustls v0.23.45
    Checking pbkdf2 v0.13.0
    Checking crc32c v0.6.8
    Checking flate2 v1.1.10
    Checking getrandom v0.4.3
    Checking zmij v1.0.23
    Checking serde_core v1.0.229
    Checking snap v1.1.2
    Checking parking_lot v0.12.5
    Checking digest v0.10.7
    Checking webpki-roots v1.0.9
    Checking base64 v0.23.1
    Checking cpufeatures v0.2.17
    Checking itoa v1.0.18
    Checking memchr v2.8.3
    Checking sha2 v0.10.9
    Checking time-core v0.1.9
    Checking powerfmt v0.2.0
    Checking num-conv v0.2.2
    Checking serde_json v1.0.151
    Checking deranged v0.5.8
    Checking nullbroker v0.1.0 (/workspace/work/open-cards-20261006/null-result-source-39bb8f/benchmarks/nullbroker)
    Checking tokio-rustls v0.26.5
    Checking partitionline v0.1.0 (/workspace/work/open-cards-20261006/null-result-source-39bb8f)
    Checking time v0.3.55
    Checking codec v0.1.0 (/workspace/work/open-cards-20261006/null-result-source-39bb8f/benchmarks/codec)
    Checking runtime v0.1.0 (/workspace/work/open-cards-20261006/null-result-source-39bb8f/benchmarks/runtime)
    Finished `dev` profile [unoptimized] target(s) in 11.60s
