[2026-10-07T23:42:30.200+0000][gc,init] CardTable entry size: 512
[2026-10-07T23:42:30.200+0000][gc     ] Using G1
[2026-10-07T23:42:30.202+0000][gc,init] Version: 21.0.12.1+1-1-deb13u1-Debian (release)
[2026-10-07T23:42:30.202+0000][gc,init] CPUs: 5 total, 4 available
[2026-10-07T23:42:30.202+0000][gc,init] Memory: 16384M
[2026-10-07T23:42:30.202+0000][gc,init] Large Page Support: Disabled
[2026-10-07T23:42:30.202+0000][gc,init] NUMA Support: Disabled
[2026-10-07T23:42:30.202+0000][gc,init] Compressed Oops: Enabled (32-bit)
[2026-10-07T23:42:30.202+0000][gc,init] Heap Region Size: 1M
[2026-10-07T23:42:30.202+0000][gc,init] Heap Min Capacity: 128M
[2026-10-07T23:42:30.202+0000][gc,init] Heap Initial Capacity: 128M
[2026-10-07T23:42:30.202+0000][gc,init] Heap Max Capacity: 256M
[2026-10-07T23:42:30.202+0000][gc,init] Pre-touch: Disabled
[2026-10-07T23:42:30.202+0000][gc,init] Parallel Workers: 4
[2026-10-07T23:42:30.202+0000][gc,init] Concurrent Workers: 1
[2026-10-07T23:42:30.202+0000][gc,init] Concurrent Refinement Workers: 4
[2026-10-07T23:42:30.202+0000][gc,init] Periodic GC: Disabled
[2026-10-07T23:42:30.208+0000][gc,metaspace] CDS archive(s) mapped at: [0x00007fda3b000000-0x00007fda3bc9c000-0x00007fda3bc9c000), size 13221888, SharedBaseAddress: 0x00007fda3b000000, ArchiveRelocationMode: 1.
[2026-10-07T23:42:30.208+0000][gc,metaspace] Compressed class space mapped at: 0x00007fda3c000000-0x00007fda7c000000, reserved size: 1073741824
[2026-10-07T23:42:30.208+0000][gc,metaspace] Narrow klass base: 0x00007fda3b000000, Narrow klass shift: 0, Narrow klass range: 0x100000000
[2026-10-07T23:42:30.276+0000][gc,start    ] GC(0) Pause Young (Normal) (G1 Evacuation Pause)
[2026-10-07T23:42:30.277+0000][gc,task     ] GC(0) Using 3 workers of 4 for evacuation
[2026-10-07T23:42:30.283+0000][gc,phases   ] GC(0)   Pre Evacuate Collection Set: 0.08ms
[2026-10-07T23:42:30.283+0000][gc,phases   ] GC(0)   Merge Heap Roots: 0.03ms
[2026-10-07T23:42:30.283+0000][gc,phases   ] GC(0)   Evacuate Collection Set: 6.28ms
[2026-10-07T23:42:30.283+0000][gc,phases   ] GC(0)   Post Evacuate Collection Set: 0.34ms
[2026-10-07T23:42:30.283+0000][gc,phases   ] GC(0)   Other: 0.27ms
[2026-10-07T23:42:30.283+0000][gc,heap     ] GC(0) Eden regions: 6->0(5)
[2026-10-07T23:42:30.283+0000][gc,heap     ] GC(0) Survivor regions: 0->1(1)
[2026-10-07T23:42:30.283+0000][gc,heap     ] GC(0) Old regions: 2->5
[2026-10-07T23:42:30.283+0000][gc,heap     ] GC(0) Humongous regions: 0->0
[2026-10-07T23:42:30.283+0000][gc,metaspace] GC(0) Metaspace: 427K(640K)->427K(640K) NonClass: 412K(512K)->412K(512K) Class: 14K(128K)->14K(128K)
[2026-10-07T23:42:30.283+0000][gc          ] GC(0) Pause Young (Normal) (G1 Evacuation Pause) 7M->4M(130M) 7.152ms
[2026-10-07T23:42:30.283+0000][gc,cpu      ] GC(0) User=0.02s Sys=0.00s Real=0.00s
[2026-10-07T23:42:30.387+0000][gc,start    ] GC(1) Pause Young (Normal) (G1 Evacuation Pause)
[2026-10-07T23:42:30.387+0000][gc,task     ] GC(1) Using 3 workers of 4 for evacuation
[2026-10-07T23:42:30.389+0000][gc,phases   ] GC(1)   Pre Evacuate Collection Set: 0.08ms
[2026-10-07T23:42:30.389+0000][gc,phases   ] GC(1)   Merge Heap Roots: 0.03ms
[2026-10-07T23:42:30.389+0000][gc,phases   ] GC(1)   Evacuate Collection Set: 1.20ms
[2026-10-07T23:42:30.389+0000][gc,phases   ] GC(1)   Post Evacuate Collection Set: 0.18ms
[2026-10-07T23:42:30.389+0000][gc,phases   ] GC(1)   Other: 0.04ms
[2026-10-07T23:42:30.389+0000][gc,heap     ] GC(1) Eden regions: 5->0(5)
[2026-10-07T23:42:30.389+0000][gc,heap     ] GC(1) Survivor regions: 1->1(1)
[2026-10-07T23:42:30.389+0000][gc,heap     ] GC(1) Old regions: 5->6
[2026-10-07T23:42:30.389+0000][gc,heap     ] GC(1) Humongous regions: 0->0
[2026-10-07T23:42:30.389+0000][gc,metaspace] GC(1) Metaspace: 3629K(3840K)->3629K(3840K) NonClass: 3271K(3392K)->3271K(3392K) Class: 358K(448K)->358K(448K)
[2026-10-07T23:42:30.389+0000][gc          ] GC(1) Pause Young (Normal) (G1 Evacuation Pause) 9M->5M(130M) 1.612ms
[2026-10-07T23:42:30.389+0000][gc,cpu      ] GC(1) User=0.00s Sys=0.00s Real=0.00s
[2026-10-07T23:42:30.469+0000][gc,start    ] GC(2) Pause Young (Normal) (G1 Evacuation Pause)
[2026-10-07T23:42:30.469+0000][gc,task     ] GC(2) Using 3 workers of 4 for evacuation
[2026-10-07T23:42:30.471+0000][gc,phases   ] GC(2)   Pre Evacuate Collection Set: 0.09ms
[2026-10-07T23:42:30.471+0000][gc,phases   ] GC(2)   Merge Heap Roots: 0.03ms
[2026-10-07T23:42:30.471+0000][gc,phases   ] GC(2)   Evacuate Collection Set: 1.60ms
[2026-10-07T23:42:30.471+0000][gc,phases   ] GC(2)   Post Evacuate Collection Set: 0.18ms
[2026-10-07T23:42:30.471+0000][gc,phases   ] GC(2)   Other: 0.04ms
[2026-10-07T23:42:30.471+0000][gc,heap     ] GC(2) Eden regions: 5->0(5)
[2026-10-07T23:42:30.471+0000][gc,heap     ] GC(2) Survivor regions: 1->1(1)
[2026-10-07T23:42:30.471+0000][gc,heap     ] GC(2) Old regions: 6->7
[2026-10-07T23:42:30.471+0000][gc,heap     ] GC(2) Humongous regions: 0->0
[2026-10-07T23:42:30.471+0000][gc,metaspace] GC(2) Metaspace: 6571K(6784K)->6571K(6784K) NonClass: 5918K(6016K)->5918K(6016K) Class: 653K(768K)->653K(768K)
[2026-10-07T23:42:30.471+0000][gc          ] GC(2) Pause Young (Normal) (G1 Evacuation Pause) 10M->7M(130M) 2.037ms
[2026-10-07T23:42:30.471+0000][gc,cpu      ] GC(2) User=0.01s Sys=0.01s Real=0.00s
[2026-10-07T23:42:30.527+0000][gc,start    ] GC(3) Pause Young (Normal) (G1 Evacuation Pause)
[2026-10-07T23:42:30.527+0000][gc,task     ] GC(3) Using 3 workers of 4 for evacuation
[2026-10-07T23:42:30.530+0000][gc,phases   ] GC(3)   Pre Evacuate Collection Set: 0.09ms
[2026-10-07T23:42:30.530+0000][gc,phases   ] GC(3)   Merge Heap Roots: 0.06ms
[2026-10-07T23:42:30.530+0000][gc,phases   ] GC(3)   Evacuate Collection Set: 2.31ms
[2026-10-07T23:42:30.530+0000][gc,phases   ] GC(3)   Post Evacuate Collection Set: 0.33ms
[2026-10-07T23:42:30.530+0000][gc,phases   ] GC(3)   Other: 0.05ms
[2026-10-07T23:42:30.530+0000][gc,heap     ] GC(3) Eden regions: 5->0(5)
[2026-10-07T23:42:30.530+0000][gc,heap     ] GC(3) Survivor regions: 1->1(1)
[2026-10-07T23:42:30.530+0000][gc,heap     ] GC(3) Old regions: 7->9
[2026-10-07T23:42:30.530+0000][gc,heap     ] GC(3) Humongous regions: 0->0
[2026-10-07T23:42:30.530+0000][gc,metaspace] GC(3) Metaspace: 7899K(8128K)->7899K(8128K) NonClass: 7074K(7168K)->7074K(7168K) Class: 824K(960K)->824K(960K)
[2026-10-07T23:42:30.530+0000][gc          ] GC(3) Pause Young (Normal) (G1 Evacuation Pause) 12M->7M(130M) 2.944ms
[2026-10-07T23:42:30.530+0000][gc,cpu      ] GC(3) User=0.01s Sys=0.01s Real=0.00s
[2026-10-07T23:42:30.559+0000][gc,start    ] GC(4) Pause Young (Normal) (G1 Evacuation Pause)
[2026-10-07T23:42:30.559+0000][gc,task     ] GC(4) Using 3 workers of 4 for evacuation
[2026-10-07T23:42:30.560+0000][gc,phases   ] GC(4)   Pre Evacuate Collection Set: 0.13ms
[2026-10-07T23:42:30.560+0000][gc,phases   ] GC(4)   Merge Heap Roots: 0.03ms
[2026-10-07T23:42:30.560+0000][gc,phases   ] GC(4)   Evacuate Collection Set: 0.35ms
[2026-10-07T23:42:30.560+0000][gc,phases   ] GC(4)   Post Evacuate Collection Set: 0.18ms
[2026-10-07T23:42:30.560+0000][gc,phases   ] GC(4)   Other: 0.06ms
[2026-10-07T23:42:30.560+0000][gc,heap     ] GC(4) Eden regions: 5->0(5)
[2026-10-07T23:42:30.560+0000][gc,heap     ] GC(4) Survivor regions: 1->1(1)
[2026-10-07T23:42:30.560+0000][gc,heap     ] GC(4) Old regions: 9->9
[2026-10-07T23:42:30.560+0000][gc,heap     ] GC(4) Humongous regions: 0->0
[2026-10-07T23:42:30.560+0000][gc,metaspace] GC(4) Metaspace: 8971K(9216K)->8971K(9216K) NonClass: 7994K(8128K)->7994K(8128K) Class: 976K(1088K)->976K(1088K)
[2026-10-07T23:42:30.560+0000][gc          ] GC(4) Pause Young (Normal) (G1 Evacuation Pause) 12M->7M(130M) 0.848ms
[2026-10-07T23:42:30.560+0000][gc,cpu      ] GC(4) User=0.01s Sys=0.00s Real=0.00s
[2026-10-07T23:42:30.603+0000][gc,start    ] GC(5) Pause Young (Normal) (G1 Evacuation Pause)
[2026-10-07T23:42:30.603+0000][gc,task     ] GC(5) Using 3 workers of 4 for evacuation
[2026-10-07T23:42:30.604+0000][gc,phases   ] GC(5)   Pre Evacuate Collection Set: 0.08ms
[2026-10-07T23:42:30.604+0000][gc,phases   ] GC(5)   Merge Heap Roots: 0.02ms
[2026-10-07T23:42:30.604+0000][gc,phases   ] GC(5)   Evacuate Collection Set: 0.79ms
[2026-10-07T23:42:30.604+0000][gc,phases   ] GC(5)   Post Evacuate Collection Set: 0.23ms
[2026-10-07T23:42:30.604+0000][gc,phases   ] GC(5)   Other: 0.05ms
[2026-10-07T23:42:30.604+0000][gc,heap     ] GC(5) Eden regions: 5->0(5)
[2026-10-07T23:42:30.604+0000][gc,heap     ] GC(5) Survivor regions: 1->1(1)
[2026-10-07T23:42:30.604+0000][gc,heap     ] GC(5) Old regions: 9->9
[2026-10-07T23:42:30.604+0000][gc,heap     ] GC(5) Humongous regions: 0->0
[2026-10-07T23:42:30.604+0000][gc,metaspace] GC(5) Metaspace: 10483K(10688K)->10483K(10688K) NonClass: 9363K(9472K)->9363K(9472K) Class: 1119K(1216K)->1119K(1216K)
[2026-10-07T23:42:30.604+0000][gc          ] GC(5) Pause Young (Normal) (G1 Evacuation Pause) 12M->7M(130M) 1.331ms
[2026-10-07T23:42:30.604+0000][gc,cpu      ] GC(5) User=0.00s Sys=0.00s Real=0.00s
[2026-10-07T23:42:30.683+0000][gc,start    ] GC(6) Pause Young (Normal) (G1 Evacuation Pause)
[2026-10-07T23:42:30.683+0000][gc,task     ] GC(6) Using 3 workers of 4 for evacuation
[2026-10-07T23:42:30.687+0000][gc,phases   ] GC(6)   Pre Evacuate Collection Set: 0.07ms
[2026-10-07T23:42:30.687+0000][gc,phases   ] GC(6)   Merge Heap Roots: 0.02ms
[2026-10-07T23:42:30.687+0000][gc,phases   ] GC(6)   Evacuate Collection Set: 3.49ms
[2026-10-07T23:42:30.687+0000][gc,phases   ] GC(6)   Post Evacuate Collection Set: 0.24ms
[2026-10-07T23:42:30.687+0000][gc,phases   ] GC(6)   Other: 0.05ms
[2026-10-07T23:42:30.687+0000][gc,heap     ] GC(6) Eden regions: 9->0(7)
[2026-10-07T23:42:30.687+0000][gc,heap     ] GC(6) Survivor regions: 1->2(2)
[2026-10-07T23:42:30.687+0000][gc,heap     ] GC(6) Old regions: 9->9
[2026-10-07T23:42:30.687+0000][gc,heap     ] GC(6) Humongous regions: 0->0
[2026-10-07T23:42:30.687+0000][gc,metaspace] GC(6) Metaspace: 13040K(13248K)->13040K(13248K) NonClass: 11631K(11776K)->11631K(11776K) Class: 1408K(1472K)->1408K(1472K)
[2026-10-07T23:42:30.687+0000][gc          ] GC(6) Pause Young (Normal) (G1 Evacuation Pause) 16M->8M(130M) 3.948ms
[2026-10-07T23:42:30.687+0000][gc,cpu      ] GC(6) User=0.00s Sys=0.00s Real=0.00s
[2026-10-07T23:42:30.793+0000][gc,start    ] GC(7) Pause Young (Normal) (G1 Evacuation Pause)
[2026-10-07T23:42:30.793+0000][gc,task     ] GC(7) Using 3 workers of 4 for evacuation
[2026-10-07T23:42:30.797+0000][gc,phases   ] GC(7)   Pre Evacuate Collection Set: 0.06ms
[2026-10-07T23:42:30.797+0000][gc,phases   ] GC(7)   Merge Heap Roots: 0.02ms
[2026-10-07T23:42:30.797+0000][gc,phases   ] GC(7)   Evacuate Collection Set: 3.83ms
[2026-10-07T23:42:30.797+0000][gc,phases   ] GC(7)   Post Evacuate Collection Set: 0.26ms
[2026-10-07T23:42:30.797+0000][gc,phases   ] GC(7)   Other: 0.04ms
[2026-10-07T23:42:30.797+0000][gc,heap     ] GC(7) Eden regions: 8->0(7)
[2026-10-07T23:42:30.797+0000][gc,heap     ] GC(7) Survivor regions: 2->2(2)
[2026-10-07T23:42:30.797+0000][gc,heap     ] GC(7) Old regions: 9->9
[2026-10-07T23:42:30.797+0000][gc,heap     ] GC(7) Humongous regions: 0->0
[2026-10-07T23:42:30.797+0000][gc,metaspace] GC(7) Metaspace: 14970K(15232K)->14970K(15232K) NonClass: 13308K(13440K)->13308K(13440K) Class: 1661K(1792K)->1661K(1792K)
[2026-10-07T23:42:30.797+0000][gc          ] GC(7) Pause Young (Normal) (G1 Evacuation Pause) 16M->9M(130M) 4.310ms
[2026-10-07T23:42:30.797+0000][gc,cpu      ] GC(7) User=0.01s Sys=0.01s Real=0.01s
[2026-10-07T23:42:30.837+0000][gc,start    ] GC(8) Pause Young (Normal) (G1 Evacuation Pause)
[2026-10-07T23:42:30.837+0000][gc,task     ] GC(8) Using 3 workers of 4 for evacuation
[2026-10-07T23:42:30.840+0000][gc,phases   ] GC(8)   Pre Evacuate Collection Set: 0.09ms
[2026-10-07T23:42:30.840+0000][gc,phases   ] GC(8)   Merge Heap Roots: 0.66ms
[2026-10-07T23:42:30.840+0000][gc,phases   ] GC(8)   Evacuate Collection Set: 2.01ms
[2026-10-07T23:42:30.840+0000][gc,phases   ] GC(8)   Post Evacuate Collection Set: 0.28ms
[2026-10-07T23:42:30.840+0000][gc,phases   ] GC(8)   Other: 0.24ms
[2026-10-07T23:42:30.840+0000][gc,heap     ] GC(8) Eden regions: 4->0(17)
[2026-10-07T23:42:30.840+0000][gc,heap     ] GC(8) Survivor regions: 2->1(1)
[2026-10-07T23:42:30.840+0000][gc,heap     ] GC(8) Old regions: 9->11
[2026-10-07T23:42:30.840+0000][gc,heap     ] GC(8) Humongous regions: 0->0
[2026-10-07T23:42:30.840+0000][gc,metaspace] GC(8) Metaspace: 16319K(16576K)->16319K(16576K) NonClass: 14512K(14656K)->14512K(14656K) Class: 1806K(1920K)->1806K(1920K)
[2026-10-07T23:42:30.840+0000][gc          ] GC(8) Pause Young (Normal) (G1 Evacuation Pause) 13M->10M(130M) 3.428ms
[2026-10-07T23:42:30.840+0000][gc,cpu      ] GC(8) User=0.00s Sys=0.00s Real=0.00s
[2026-10-07T23:42:30.991+0000][gc,start    ] GC(9) Pause Young (Concurrent Start) (Metadata GC Threshold)
[2026-10-07T23:42:30.991+0000][gc,task     ] GC(9) Using 3 workers of 4 for evacuation
[2026-10-07T23:42:30.994+0000][gc,phases   ] GC(9)   Pre Evacuate Collection Set: 0.15ms
[2026-10-07T23:42:30.994+0000][gc,phases   ] GC(9)   Merge Heap Roots: 0.03ms
[2026-10-07T23:42:30.994+0000][gc,phases   ] GC(9)   Evacuate Collection Set: 1.96ms
[2026-10-07T23:42:30.994+0000][gc,phases   ] GC(9)   Post Evacuate Collection Set: 0.27ms
[2026-10-07T23:42:30.994+0000][gc,phases   ] GC(9)   Other: 0.18ms
[2026-10-07T23:42:30.994+0000][gc,heap     ] GC(9) Eden regions: 15->0(55)
[2026-10-07T23:42:30.994+0000][gc,heap     ] GC(9) Survivor regions: 1->1(3)
[2026-10-07T23:42:30.994+0000][gc,heap     ] GC(9) Old regions: 11->11
[2026-10-07T23:42:30.994+0000][gc,heap     ] GC(9) Humongous regions: 0->0
[2026-10-07T23:42:30.994+0000][gc,metaspace] GC(9) Metaspace: 21227K(21504K)->21227K(21504K) NonClass: 18667K(18816K)->18667K(18816K) Class: 2559K(2688K)->2559K(2688K)
[2026-10-07T23:42:30.994+0000][gc          ] GC(9) Pause Young (Concurrent Start) (Metadata GC Threshold) 24M->10M(130M) 2.689ms
[2026-10-07T23:42:30.994+0000][gc,cpu      ] GC(9) User=0.01s Sys=0.00s Real=0.00s
[2026-10-07T23:42:30.994+0000][gc          ] GC(10) Concurrent Mark Cycle
[2026-10-07T23:42:30.994+0000][gc,marking  ] GC(10) Concurrent Scan Root Regions
[2026-10-07T23:42:30.996+0000][gc,marking  ] GC(10) Concurrent Scan Root Regions 1.459ms
[2026-10-07T23:42:30.996+0000][gc,marking  ] GC(10) Concurrent Mark
[2026-10-07T23:42:30.996+0000][gc,marking  ] GC(10) Concurrent Mark From Roots
[2026-10-07T23:42:30.996+0000][gc,task     ] GC(10) Using 1 workers of 1 for marking
[2026-10-07T23:42:31.005+0000][gc,marking  ] GC(10) Concurrent Mark From Roots 9.297ms
[2026-10-07T23:42:31.005+0000][gc,marking  ] GC(10) Concurrent Preclean
[2026-10-07T23:42:31.005+0000][gc,marking  ] GC(10) Concurrent Preclean 0.031ms
[2026-10-07T23:42:31.005+0000][gc,start    ] GC(10) Pause Remark
[2026-10-07T23:42:31.007+0000][gc          ] GC(10) Pause Remark 12M->12M(128M) 2.466ms
[2026-10-07T23:42:31.008+0000][gc,cpu      ] GC(10) User=0.01s Sys=0.00s Real=0.01s
[2026-10-07T23:42:31.008+0000][gc,marking  ] GC(10) Concurrent Mark 12.258ms
[2026-10-07T23:42:31.008+0000][gc,marking  ] GC(10) Concurrent Rebuild Remembered Sets and Scrub Regions
[2026-10-07T23:42:31.012+0000][gc,marking  ] GC(10) Concurrent Rebuild Remembered Sets and Scrub Regions 4.228ms
[2026-10-07T23:42:31.012+0000][gc,start    ] GC(10) Pause Cleanup
[2026-10-07T23:42:31.012+0000][gc          ] GC(10) Pause Cleanup 12M->12M(128M) 0.069ms
[2026-10-07T23:42:31.012+0000][gc,cpu      ] GC(10) User=0.00s Sys=0.00s Real=0.00s
[2026-10-07T23:42:31.012+0000][gc,marking  ] GC(10) Concurrent Clear Claimed Marks
[2026-10-07T23:42:31.012+0000][gc,marking  ] GC(10) Concurrent Clear Claimed Marks 0.026ms
[2026-10-07T23:42:31.012+0000][gc,marking  ] GC(10) Concurrent Cleanup for Next Mark
[2026-10-07T23:42:31.016+0000][gc,marking  ] GC(10) Concurrent Cleanup for Next Mark 3.301ms
[2026-10-07T23:42:31.016+0000][gc          ] GC(10) Concurrent Mark Cycle 21.515ms
[2026-10-07T23:42:31.331+0000][gc,start    ] GC(11) Pause Young (Prepare Mixed) (G1 Evacuation Pause)
[2026-10-07T23:42:31.331+0000][gc,task     ] GC(11) Using 3 workers of 4 for evacuation
[2026-10-07T23:42:31.335+0000][gc,phases   ] GC(11)   Pre Evacuate Collection Set: 0.11ms
[2026-10-07T23:42:31.335+0000][gc,phases   ] GC(11)   Merge Heap Roots: 0.05ms
[2026-10-07T23:42:31.335+0000][gc,phases   ] GC(11)   Evacuate Collection Set: 2.85ms
[2026-10-07T23:42:31.335+0000][gc,phases   ] GC(11)   Post Evacuate Collection Set: 0.42ms
[2026-10-07T23:42:31.335+0000][gc,phases   ] GC(11)   Other: 0.05ms
[2026-10-07T23:42:31.335+0000][gc,heap     ] GC(11) Eden regions: 34->0(12)
[2026-10-07T23:42:31.335+0000][gc,heap     ] GC(11) Survivor regions: 1->4(5)
[2026-10-07T23:42:31.335+0000][gc,heap     ] GC(11) Old regions: 11->11
[2026-10-07T23:42:31.335+0000][gc,heap     ] GC(11) Humongous regions: 0->0
[2026-10-07T23:42:31.335+0000][gc,metaspace] GC(11) Metaspace: 30540K(30912K)->30540K(30912K) NonClass: 27079K(27264K)->27079K(27264K) Class: 3460K(3648K)->3460K(3648K)
[2026-10-07T23:42:31.335+0000][gc          ] GC(11) Pause Young (Prepare Mixed) (G1 Evacuation Pause) 44M->13M(128M) 3.640ms
[2026-10-07T23:42:31.335+0000][gc,cpu      ] GC(11) User=0.01s Sys=0.00s Real=0.01s
[2026-10-07T23:42:31.347+0000][gc,start    ] GC(12) Pause Young (Mixed) (G1 Evacuation Pause)
[2026-10-07T23:42:31.347+0000][gc,task     ] GC(12) Using 3 workers of 4 for evacuation
[2026-10-07T23:42:31.351+0000][gc,phases   ] GC(12)   Pre Evacuate Collection Set: 0.14ms
[2026-10-07T23:42:31.351+0000][gc,phases   ] GC(12)   Merge Heap Roots: 0.05ms
[2026-10-07T23:42:31.351+0000][gc,phases   ] GC(12)   Evacuate Collection Set: 3.97ms
[2026-10-07T23:42:31.351+0000][gc,phases   ] GC(12)   Post Evacuate Collection Set: 0.26ms
[2026-10-07T23:42:31.351+0000][gc,phases   ] GC(12)   Other: 0.07ms
[2026-10-07T23:42:31.351+0000][gc,heap     ] GC(12) Eden regions: 2->0(23)
[2026-10-07T23:42:31.351+0000][gc,heap     ] GC(12) Survivor regions: 4->1(1)
[2026-10-07T23:42:31.351+0000][gc,heap     ] GC(12) Old regions: 11->14
[2026-10-07T23:42:31.351+0000][gc,heap     ] GC(12) Humongous regions: 0->0
[2026-10-07T23:42:31.351+0000][gc,metaspace] GC(12) Metaspace: 30597K(30976K)->30597K(30976K) NonClass: 27136K(27328K)->27136K(27328K) Class: 3460K(3648K)->3460K(3648K)
[2026-10-07T23:42:31.351+0000][gc          ] GC(12) Pause Young (Mixed) (G1 Evacuation Pause) 15M->14M(128M) 4.645ms
[2026-10-07T23:42:31.351+0000][gc,cpu      ] GC(12) User=0.01s Sys=0.00s Real=0.01s
[2026-10-07T23:42:31.454+0000][gc,start    ] GC(13) Pause Young (Normal) (G1 Evacuation Pause)
[2026-10-07T23:42:31.454+0000][gc,task     ] GC(13) Using 3 workers of 4 for evacuation
[2026-10-07T23:42:31.456+0000][gc,phases   ] GC(13)   Pre Evacuate Collection Set: 0.20ms
[2026-10-07T23:42:31.456+0000][gc,phases   ] GC(13)   Merge Heap Roots: 0.04ms
[2026-10-07T23:42:31.456+0000][gc,phases   ] GC(13)   Evacuate Collection Set: 1.21ms
[2026-10-07T23:42:31.456+0000][gc,phases   ] GC(13)   Post Evacuate Collection Set: 0.26ms
[2026-10-07T23:42:31.456+0000][gc,phases   ] GC(13)   Other: 0.06ms
[2026-10-07T23:42:31.456+0000][gc,heap     ] GC(13) Eden regions: 8->0(16)
[2026-10-07T23:42:31.456+0000][gc,heap     ] GC(13) Survivor regions: 1->2(2)
[2026-10-07T23:42:31.456+0000][gc,heap     ] GC(13) Old regions: 14->14
[2026-10-07T23:42:31.456+0000][gc,heap     ] GC(13) Humongous regions: 0->0
[2026-10-07T23:42:31.456+0000][gc,metaspace] GC(13) Metaspace: 32636K(33024K)->32636K(33024K) NonClass: 28909K(29120K)->28909K(29120K) Class: 3727K(3904K)->3727K(3904K)
[2026-10-07T23:42:31.456+0000][gc          ] GC(13) Pause Young (Normal) (G1 Evacuation Pause) 22M->14M(128M) 1.871ms
[2026-10-07T23:42:31.456+0000][gc,cpu      ] GC(13) User=0.01s Sys=0.00s Real=0.01s
[2026-10-07T23:42:31.565+0000][gc,start    ] GC(14) Pause Young (Normal) (G1 Evacuation Pause)
[2026-10-07T23:42:31.565+0000][gc,task     ] GC(14) Using 4 workers of 4 for evacuation
[2026-10-07T23:42:31.567+0000][gc,phases   ] GC(14)   Pre Evacuate Collection Set: 0.15ms
[2026-10-07T23:42:31.567+0000][gc,phases   ] GC(14)   Merge Heap Roots: 0.06ms
[2026-10-07T23:42:31.567+0000][gc,phases   ] GC(14)   Evacuate Collection Set: 1.70ms
[2026-10-07T23:42:31.567+0000][gc,phases   ] GC(14)   Post Evacuate Collection Set: 0.35ms
[2026-10-07T23:42:31.567+0000][gc,phases   ] GC(14)   Other: 0.06ms
[2026-10-07T23:42:31.567+0000][gc,heap     ] GC(14) Eden regions: 7->0(17)
[2026-10-07T23:42:31.567+0000][gc,heap     ] GC(14) Survivor regions: 2->2(2)
[2026-10-07T23:42:31.567+0000][gc,heap     ] GC(14) Old regions: 14->15
[2026-10-07T23:42:31.567+0000][gc,heap     ] GC(14) Humongous regions: 0->0
[2026-10-07T23:42:31.567+0000][gc,metaspace] GC(14) Metaspace: 34660K(35072K)->34660K(35072K) NonClass: 30685K(30912K)->30685K(30912K) Class: 3975K(4160K)->3975K(4160K)
[2026-10-07T23:42:31.567+0000][gc          ] GC(14) Pause Young (Normal) (G1 Evacuation Pause) 21M->15M(128M) 2.434ms
[2026-10-07T23:42:31.567+0000][gc,cpu      ] GC(14) User=0.01s Sys=0.00s Real=0.01s
[2026-10-07T23:42:31.622+0000][gc,start    ] GC(15) Pause Young (Concurrent Start) (Metadata GC Threshold)
[2026-10-07T23:42:31.623+0000][gc,task     ] GC(15) Using 4 workers of 4 for evacuation
[2026-10-07T23:42:31.625+0000][gc,phases   ] GC(15)   Pre Evacuate Collection Set: 0.15ms
[2026-10-07T23:42:31.625+0000][gc,phases   ] GC(15)   Merge Heap Roots: 0.04ms
[2026-10-07T23:42:31.625+0000][gc,phases   ] GC(15)   Evacuate Collection Set: 1.77ms
[2026-10-07T23:42:31.625+0000][gc,phases   ] GC(15)   Post Evacuate Collection Set: 0.33ms
[2026-10-07T23:42:31.625+0000][gc,phases   ] GC(15)   Other: 0.09ms
[2026-10-07T23:42:31.625+0000][gc,heap     ] GC(15) Eden regions: 6->0(22)
[2026-10-07T23:42:31.625+0000][gc,heap     ] GC(15) Survivor regions: 2->1(2)
[2026-10-07T23:42:31.625+0000][gc,heap     ] GC(15) Old regions: 15->16
[2026-10-07T23:42:31.625+0000][gc,heap     ] GC(15) Humongous regions: 9->9
[2026-10-07T23:42:31.625+0000][gc,metaspace] GC(15) Metaspace: 35985K(36480K)->35985K(36480K) NonClass: 31816K(32128K)->31816K(32128K) Class: 4169K(4352K)->4169K(4352K)
[2026-10-07T23:42:31.625+0000][gc          ] GC(15) Pause Young (Concurrent Start) (Metadata GC Threshold) 30M->24M(128M) 2.479ms
[2026-10-07T23:42:31.625+0000][gc,cpu      ] GC(15) User=0.00s Sys=0.01s Real=0.00s
[2026-10-07T23:42:31.625+0000][gc          ] GC(16) Concurrent Mark Cycle
[2026-10-07T23:42:31.625+0000][gc,marking  ] GC(16) Concurrent Scan Root Regions
[2026-10-07T23:42:31.627+0000][gc,marking  ] GC(16) Concurrent Scan Root Regions 2.028ms
[2026-10-07T23:42:31.627+0000][gc,marking  ] GC(16) Concurrent Mark
[2026-10-07T23:42:31.627+0000][gc,marking  ] GC(16) Concurrent Mark From Roots
[2026-10-07T23:42:31.627+0000][gc,task     ] GC(16) Using 1 workers of 1 for marking
[2026-10-07T23:42:31.646+0000][gc,marking  ] GC(16) Concurrent Mark From Roots 18.596ms
[2026-10-07T23:42:31.646+0000][gc,marking  ] GC(16) Concurrent Preclean
[2026-10-07T23:42:31.646+0000][gc,marking  ] GC(16) Concurrent Preclean 0.054ms
[2026-10-07T23:42:31.648+0000][gc,start    ] GC(16) Pause Remark
[2026-10-07T23:42:31.650+0000][gc          ] GC(16) Pause Remark 26M->26M(128M) 2.574ms
[2026-10-07T23:42:31.650+0000][gc,cpu      ] GC(16) User=0.00s Sys=0.00s Real=0.00s
[2026-10-07T23:42:31.650+0000][gc,marking  ] GC(16) Concurrent Mark 23.417ms
[2026-10-07T23:42:31.650+0000][gc,marking  ] GC(16) Concurrent Rebuild Remembered Sets and Scrub Regions
[2026-10-07T23:42:31.655+0000][gc,marking  ] GC(16) Concurrent Rebuild Remembered Sets and Scrub Regions 4.856ms
[2026-10-07T23:42:31.656+0000][gc,start    ] GC(16) Pause Cleanup
[2026-10-07T23:42:31.656+0000][gc          ] GC(16) Pause Cleanup 26M->26M(128M) 0.064ms
[2026-10-07T23:42:31.656+0000][gc,cpu      ] GC(16) User=0.00s Sys=0.00s Real=0.00s
[2026-10-07T23:42:31.656+0000][gc,marking  ] GC(16) Concurrent Clear Claimed Marks
[2026-10-07T23:42:31.656+0000][gc,marking  ] GC(16) Concurrent Clear Claimed Marks 0.038ms
[2026-10-07T23:42:31.656+0000][gc,marking  ] GC(16) Concurrent Cleanup for Next Mark
[2026-10-07T23:42:31.656+0000][gc,marking  ] GC(16) Concurrent Cleanup for Next Mark 0.121ms
[2026-10-07T23:42:31.656+0000][gc          ] GC(16) Concurrent Mark Cycle 30.777ms
[2026-10-07T23:42:31.684+0000][gc,start    ] GC(17) Pause Young (Prepare Mixed) (G1 Evacuation Pause)
[2026-10-07T23:42:31.684+0000][gc,task     ] GC(17) Using 4 workers of 4 for evacuation
[2026-10-07T23:42:31.686+0000][gc,phases   ] GC(17)   Pre Evacuate Collection Set: 0.14ms
[2026-10-07T23:42:31.686+0000][gc,phases   ] GC(17)   Merge Heap Roots: 0.05ms
[2026-10-07T23:42:31.686+0000][gc,phases   ] GC(17)   Evacuate Collection Set: 1.44ms
[2026-10-07T23:42:31.686+0000][gc,phases   ] GC(17)   Post Evacuate Collection Set: 0.47ms
[2026-10-07T23:42:31.686+0000][gc,phases   ] GC(17)   Other: 0.06ms
[2026-10-07T23:42:31.686+0000][gc,heap     ] GC(17) Eden regions: 5->0(44)
[2026-10-07T23:42:31.686+0000][gc,heap     ] GC(17) Survivor regions: 1->1(1)
[2026-10-07T23:42:31.686+0000][gc,heap     ] GC(17) Old regions: 16->16
[2026-10-07T23:42:31.686+0000][gc,heap     ] GC(17) Humongous regions: 9->9
[2026-10-07T23:42:31.686+0000][gc,metaspace] GC(17) Metaspace: 37234K(37824K)->37234K(37824K) NonClass: 32917K(33216K)->32917K(33216K) Class: 4317K(4608K)->4317K(4608K)
[2026-10-07T23:42:31.686+0000][gc          ] GC(17) Pause Young (Prepare Mixed) (G1 Evacuation Pause) 29M->25M(128M) 2.246ms
[2026-10-07T23:42:31.686+0000][gc,cpu      ] GC(17) User=0.00s Sys=0.00s Real=0.00s
[2026-10-07T23:42:31.751+0000][gc,start    ] GC(18) Pause Young (Mixed) (G1 Evacuation Pause)
[2026-10-07T23:42:31.751+0000][gc,task     ] GC(18) Using 4 workers of 4 for evacuation
[2026-10-07T23:42:31.755+0000][gc,phases   ] GC(18)   Pre Evacuate Collection Set: 0.08ms
[2026-10-07T23:42:31.755+0000][gc,phases   ] GC(18)   Merge Heap Roots: 0.05ms
[2026-10-07T23:42:31.755+0000][gc,phases   ] GC(18)   Evacuate Collection Set: 3.54ms
[2026-10-07T23:42:31.755+0000][gc,phases   ] GC(18)   Post Evacuate Collection Set: 0.57ms
[2026-10-07T23:42:31.755+0000][gc,phases   ] GC(18)   Other: 0.05ms
[2026-10-07T23:42:31.755+0000][gc,heap     ] GC(18) Eden regions: 15->0(38)
[2026-10-07T23:42:31.755+0000][gc,heap     ] GC(18) Survivor regions: 1->2(2)
[2026-10-07T23:42:31.755+0000][gc,heap     ] GC(18) Old regions: 16->18
[2026-10-07T23:42:31.755+0000][gc,heap     ] GC(18) Humongous regions: 9->9
[2026-10-07T23:42:31.755+0000][gc,metaspace] GC(18) Metaspace: 39334K(40000K)->39334K(40000K) NonClass: 34695K(35072K)->34695K(35072K) Class: 4639K(4928K)->4639K(4928K)
[2026-10-07T23:42:31.755+0000][gc          ] GC(18) Pause Young (Mixed) (G1 Evacuation Pause) 40M->28M(128M) 4.382ms
[2026-10-07T23:42:31.755+0000][gc,cpu      ] GC(18) User=0.01s Sys=0.01s Real=0.01s
[2026-10-07T23:42:31.788+0000][gc,start    ] GC(19) Pause Young (Normal) (G1 Evacuation Pause)
[2026-10-07T23:42:31.788+0000][gc,task     ] GC(19) Using 4 workers of 4 for evacuation
[2026-10-07T23:42:31.792+0000][gc,phases   ] GC(19)   Pre Evacuate Collection Set: 0.15ms
[2026-10-07T23:42:31.792+0000][gc,phases   ] GC(19)   Merge Heap Roots: 0.06ms
[2026-10-07T23:42:31.792+0000][gc,phases   ] GC(19)   Evacuate Collection Set: 2.36ms
[2026-10-07T23:42:31.792+0000][gc,phases   ] GC(19)   Post Evacuate Collection Set: 0.44ms
[2026-10-07T23:42:31.792+0000][gc,phases   ] GC(19)   Other: 0.10ms
[2026-10-07T23:42:31.792+0000][gc,heap     ] GC(19) Eden regions: 4->0(33)
[2026-10-07T23:42:31.792+0000][gc,heap     ] GC(19) Survivor regions: 2->1(1)
[2026-10-07T23:42:31.792+0000][gc,heap     ] GC(19) Old regions: 18->20
[2026-10-07T23:42:31.792+0000][gc,heap     ] GC(19) Humongous regions: 9->9
[2026-10-07T23:42:31.792+0000][gc,metaspace] GC(19) Metaspace: 39953K(40768K)->39953K(40768K) NonClass: 35245K(35712K)->35245K(35712K) Class: 4708K(5056K)->4708K(5056K)
[2026-10-07T23:42:31.792+0000][gc          ] GC(19) Pause Young (Normal) (G1 Evacuation Pause) 32M->29M(128M) 3.206ms
[2026-10-07T23:42:31.792+0000][gc,cpu      ] GC(19) User=0.02s Sys=0.00s Real=0.00s
[2026-10-07T23:42:31.935+0000][gc,start    ] GC(20) Pause Young (Concurrent Start) (G1 Humongous Allocation)
[2026-10-07T23:42:31.935+0000][gc,task     ] GC(20) Using 4 workers of 4 for evacuation
[2026-10-07T23:42:31.938+0000][gc,phases   ] GC(20)   Pre Evacuate Collection Set: 0.19ms
[2026-10-07T23:42:31.938+0000][gc,phases   ] GC(20)   Merge Heap Roots: 0.05ms
[2026-10-07T23:42:31.938+0000][gc,phases   ] GC(20)   Evacuate Collection Set: 2.23ms
[2026-10-07T23:42:31.938+0000][gc,phases   ] GC(20)   Post Evacuate Collection Set: 0.56ms
[2026-10-07T23:42:31.938+0000][gc,phases   ] GC(20)   Other: 0.07ms
[2026-10-07T23:42:31.938+0000][gc,heap     ] GC(20) Eden regions: 17->0(37)
[2026-10-07T23:42:31.938+0000][gc,heap     ] GC(20) Survivor regions: 1->4(6)
[2026-10-07T23:42:31.938+0000][gc,heap     ] GC(20) Old regions: 20->20
[2026-10-07T23:42:31.938+0000][gc,heap     ] GC(20) Humongous regions: 9->9
[2026-10-07T23:42:31.938+0000][gc,metaspace] GC(20) Metaspace: 43303K(44160K)->43303K(44160K) NonClass: 38232K(38720K)->38232K(38720K) Class: 5070K(5440K)->5070K(5440K)
[2026-10-07T23:42:31.938+0000][gc          ] GC(20) Pause Young (Concurrent Start) (G1 Humongous Allocation) 46M->32M(128M) 3.228ms
[2026-10-07T23:42:31.938+0000][gc,cpu      ] GC(20) User=0.01s Sys=0.00s Real=0.00s
[2026-10-07T23:42:31.938+0000][gc          ] GC(21) Concurrent Undo Cycle
[2026-10-07T23:42:31.938+0000][gc,marking  ] GC(21) Concurrent Clear Claimed Marks
[2026-10-07T23:42:31.938+0000][gc,start    ] GC(22) Pause Young (Normal) (G1 Humongous Allocation)
[2026-10-07T23:42:31.938+0000][gc,task     ] GC(22) Using 4 workers of 4 for evacuation
[2026-10-07T23:42:31.938+0000][gc,marking  ] GC(21) Concurrent Clear Claimed Marks 0.080ms
[2026-10-07T23:42:31.938+0000][gc,marking  ] GC(21) Concurrent Cleanup for Next Mark
[2026-10-07T23:42:31.941+0000][gc,phases   ] GC(22)   Pre Evacuate Collection Set: 0.12ms
[2026-10-07T23:42:31.941+0000][gc,phases   ] GC(22)   Merge Heap Roots: 0.04ms
[2026-10-07T23:42:31.941+0000][gc,phases   ] GC(22)   Evacuate Collection Set: 2.56ms
[2026-10-07T23:42:31.941+0000][gc,phases   ] GC(22)   Post Evacuate Collection Set: 0.28ms
[2026-10-07T23:42:31.941+0000][gc,phases   ] GC(22)   Other: 0.02ms
[2026-10-07T23:42:31.941+0000][gc,heap     ] GC(22) Eden regions: 0->0(54)
[2026-10-07T23:42:31.941+0000][gc,heap     ] GC(22) Survivor regions: 4->3(6)
[2026-10-07T23:42:31.941+0000][gc,heap     ] GC(22) Old regions: 20->21
[2026-10-07T23:42:31.941+0000][gc,heap     ] GC(22) Humongous regions: 9->9
[2026-10-07T23:42:31.941+0000][gc,metaspace] GC(22) Metaspace: 43303K(44160K)->43303K(44160K) NonClass: 38232K(38720K)->38232K(38720K) Class: 5070K(5440K)->5070K(5440K)
[2026-10-07T23:42:31.941+0000][gc          ] GC(22) Pause Young (Normal) (G1 Humongous Allocation) 32M->32M(128M) 3.081ms
[2026-10-07T23:42:31.941+0000][gc,cpu      ] GC(22) User=0.01s Sys=0.00s Real=0.00s
[2026-10-07T23:42:31.942+0000][gc,ergo     ] Attempting full compaction
[2026-10-07T23:42:31.942+0000][gc,start    ] GC(23) Pause Full (G1 Compaction Pause)
[2026-10-07T23:42:31.942+0000][gc,task     ] GC(23) Using 4 workers of 4 for full compaction
[2026-10-07T23:42:31.943+0000][gc,phases,start] GC(23) Phase 1: Mark live objects
[2026-10-07T23:42:31.953+0000][gc,phases      ] GC(23) Phase 1: Mark live objects 10.078ms
[2026-10-07T23:42:31.953+0000][gc,phases,start] GC(23) Phase 2: Prepare compaction
[2026-10-07T23:42:31.954+0000][gc,phases      ] GC(23) Phase 2: Prepare compaction 1.661ms
[2026-10-07T23:42:31.954+0000][gc,phases,start] GC(23) Phase 3: Adjust pointers
[2026-10-07T23:42:31.958+0000][gc,phases      ] GC(23) Phase 3: Adjust pointers 3.201ms
[2026-10-07T23:42:31.958+0000][gc,phases,start] GC(23) Phase 4: Compact heap
[2026-10-07T23:42:31.959+0000][gc,phases      ] GC(23) Phase 4: Compact heap 1.346ms
[2026-10-07T23:42:31.959+0000][gc,phases,start] GC(23) Phase 5: Reset Metadata
[2026-10-07T23:42:31.959+0000][gc,phases      ] GC(23) Phase 5: Reset Metadata 0.508ms
[2026-10-07T23:42:31.961+0000][gc,heap        ] GC(23) Eden regions: 0->0(55)
[2026-10-07T23:42:31.961+0000][gc,heap        ] GC(23) Survivor regions: 3->0(6)
[2026-10-07T23:42:31.961+0000][gc,heap        ] GC(23) Old regions: 21->23
[2026-10-07T23:42:31.961+0000][gc,heap        ] GC(23) Humongous regions: 9->9
[2026-10-07T23:42:31.961+0000][gc,metaspace   ] GC(23) Metaspace: 43303K(44160K)->43303K(44160K) NonClass: 38232K(38720K)->38232K(38720K) Class: 5070K(5440K)->5070K(5440K)
[2026-10-07T23:42:31.961+0000][gc             ] GC(23) Pause Full (G1 Compaction Pause) 32M->30M(128M) 19.639ms
[2026-10-07T23:42:31.961+0000][gc,cpu         ] GC(23) User=0.03s Sys=0.01s Real=0.02s
[2026-10-07T23:42:31.962+0000][gc,ergo        ] Attempting maximal full compaction clearing soft references
[2026-10-07T23:42:31.962+0000][gc,start       ] GC(24) Pause Full (G1 Compaction Pause)
[2026-10-07T23:42:31.962+0000][gc,task        ] GC(24) Using 4 workers of 4 for full compaction
[2026-10-07T23:42:31.962+0000][gc,phases,start] GC(24) Phase 1: Mark live objects
[2026-10-07T23:42:31.971+0000][gc,phases      ] GC(24) Phase 1: Mark live objects 8.811ms
[2026-10-07T23:42:31.971+0000][gc,phases,start] GC(24) Phase 2: Prepare compaction
[2026-10-07T23:42:31.972+0000][gc,phases      ] GC(24) Phase 2: Prepare compaction 1.517ms
[2026-10-07T23:42:31.972+0000][gc,phases,start] GC(24) Phase 3: Adjust pointers
[2026-10-07T23:42:31.975+0000][gc,phases      ] GC(24) Phase 3: Adjust pointers 2.802ms
[2026-10-07T23:42:31.975+0000][gc,phases,start] GC(24) Phase 4: Compact heap
[2026-10-07T23:42:31.977+0000][gc,phases      ] GC(24) Phase 4: Compact heap 2.095ms
[2026-10-07T23:42:31.977+0000][gc,phases,start] GC(24) Phase 5: Reset Metadata
[2026-10-07T23:42:31.977+0000][gc,phases      ] GC(24) Phase 5: Reset Metadata 0.160ms
[2026-10-07T23:42:31.979+0000][gc,heap        ] GC(24) Eden regions: 0->0(56)
[2026-10-07T23:42:31.979+0000][gc,heap        ] GC(24) Survivor regions: 0->0(6)
[2026-10-07T23:42:31.979+0000][gc,heap        ] GC(24) Old regions: 23->21
[2026-10-07T23:42:31.979+0000][gc,heap        ] GC(24) Humongous regions: 9->9
[2026-10-07T23:42:31.979+0000][gc,metaspace   ] GC(24) Metaspace: 43303K(44160K)->42876K(44160K) NonClass: 38232K(38720K)->37923K(38720K) Class: 5070K(5440K)->4953K(5440K)
[2026-10-07T23:42:31.980+0000][gc             ] GC(24) Pause Full (G1 Compaction Pause) 30M->29M(128M) 17.895ms
[2026-10-07T23:42:31.980+0000][gc,cpu         ] GC(24) User=0.06s Sys=0.00s Real=0.02s
[2026-10-07T23:42:31.983+0000][gc,marking     ] GC(21) Concurrent Cleanup for Next Mark 44.602ms
[2026-10-07T23:42:31.983+0000][gc,marking     ] GC(21) Concurrent Mark Abort
[2026-10-07T23:42:31.983+0000][gc             ] GC(21) Concurrent Undo Cycle 44.738ms
[2026-10-07T23:42:33.942+0000][gc,heap,exit   ] Heap
[2026-10-07T23:42:33.942+0000][gc,heap,exit   ]  garbage-first heap   total 262144K, used 187849K [0x00000000f0000000, 0x0000000100000000)
[2026-10-07T23:42:33.942+0000][gc,heap,exit   ]   region size 1024K, 26 young (26624K), 0 survivors (0K)
[2026-10-07T23:42:33.942+0000][gc,heap,exit   ]  Metaspace       used 45190K, committed 45824K, reserved 1114112K
[2026-10-07T23:42:33.942+0000][gc,heap,exit   ]   class space    used 5380K, committed 5632K, reserved 1048576K
