    Checking libc v0.2.189
    Checking cfg-if v1.0.4
    Checking typenum v1.20.1
    Checking cmov v0.5.4
    Checking zeroize v1.9.0
    Checking rustls-pki-types v1.15.1
    Checking ctutils v0.4.2
    Checking once_cell v1.21.4
    Checking untrusted v0.9.0
    Checking const-oid v0.10.2
    Checking pin-project-lite v0.2.17
    Checking simd-adler32 v0.3.10
    Checking adler2 v2.0.1
    Checking bytes v1.12.1
    Checking smallvec v1.15.2
    Checking subtle v2.6.1
    Checking scopeguard v1.2.0
    Checking lock_api v0.4.14
    Checking getrandom v0.2.17
    Checking hybrid-array v0.4.14
    Checking ring v0.17.14
    Checking errno v0.3.14
    Checking mio v1.2.2
    Checking signal-hook-registry v1.4.8
    Checking socket2 v0.6.5
    Checking parking_lot_core v0.9.12
    Checking crypto-common v0.2.2
    Checking block-buffer v0.12.1
    Checking tokio v1.53.1
    Checking miniz_oxide v0.9.1
    Checking crc32fast v1.5.1
    Checking tracing-core v0.1.36
    Checking digest v0.11.3
    Checking rustls-webpki v0.103.15
    Checking hmac v0.13.0
    Checking cpufeatures v0.3.1
    Checking zlib-rs v0.6.8
    Checking twox-hash v2.1.2
    Checking lz4_flex v0.14.0
    Checking rustls v0.23.45
    Checking pbkdf2 v0.13.0
    Checking sha2 v0.11.0
    Checking tracing v0.1.44
    Checking crc32c v0.6.8
    Checking snap v1.1.2
    Checking flate2 v1.1.10
    Checking getrandom v0.4.3
    Checking parking_lot v0.12.5
    Checking webpki-roots v1.0.9
    Checking base64 v0.23.1
    Checking zstd-rs v0.1.0
    Checking tokio-rustls v0.26.5
    Checking partitionline v0.1.0 (/workspace/work/open-cards-20261006/assign-dirs-source-14f90f)
error: used `unwrap()` on a `Result` value
  --> tests/assign_replicas_to_dirs_raw_conformance.rs:96:16
   |
96 |     let text = std::env::var(name).unwrap();
   |                ^^^^^^^^^^^^^^^^^^^^^^^^^^^^
   |
   = note: if this value is an `Err`, it will panic
   = help: for further information visit https://rust-lang.github.io/rust-clippy/rust-1.99.0/index.html#unwrap_used
   = note: requested on the command line with `-D clippy::unwrap-used`

error: used `unwrap()` on a `Result` value
  --> tests/assign_replicas_to_dirs_raw_conformance.rs:98:29
   |
98 |     std::array::from_fn(|i| u8::from_str_radix(&text[2 * i..2 * i + 2], 16).unwrap())
   |                             ^^^^^^^^^^^^^^^^^^^^^^^^^^^^^^^^^^^^^^^^^^^^^^^^^^^^^^^^
   |
   = note: if this value is an `Err`, it will panic
   = help: for further information visit https://rust-lang.github.io/rust-clippy/rust-1.99.0/index.html#unwrap_used

error: could not compile `partitionline` (test "assign_replicas_to_dirs_raw_conformance") due to 2 previous errors
