    Checking partitionline-broker v0.1.0 (/workspace/partitionline/partitionline-broker)
error[E0061]: this function takes 7 arguments but 8 arguments were supplied
    --> src/metadata.rs:372:13
     |
 372 |             delete(
     |             ^^^^^^
 373 |                 catalog, config, header, parsed, flexible, admitted, reply, stopping,
     |                                                  -------- unexpected argument #5 of type `bool`
     |
note: function defined here
    --> src/metadata.rs:1186:4
     |
1186 | fn delete(
     |    ^^^^^^
help: remove the extra argument
     |
 373 -                 catalog, config, header, parsed, flexible, admitted, reply, stopping,
 373 +                 catalog, config, header, parsed, admitted, reply, stopping,
     |

For more information about this error, try `rustc --explain E0061`.
error: could not compile `partitionline-broker` (lib) due to 1 previous error
