   Compiling partitionline-broker v0.1.0 (/workspace/work/broker-sasl/session-source/partitionline-broker)
    Finished `test` profile [unoptimized] target(s) in 9.58s
     Running unittests src/lib.rs (/workspace/work/broker-sasl/target/debug/deps/partitionline_broker-92a2b3eca838ec9a)

running 38 tests
test catalog::tests::complete_unconfirmed_tombstone_keeps_previous_state_until_recovery ... ok
test catalog::tests::complete_unconfirmed_create_is_invisible_until_synced_replay ... ok
test journal::tests::bounded_index_capacity_and_rejections_never_write ... ok
test journal::tests::complete_recovery_sync_failure_never_reports_durable_state ... ok
test journal::tests::corrupted_file_header_and_recovery_offset_overflow_fail_closed ... ok
test journal::tests::header_length_bomb_fails_before_tail_allocation_or_repair ... ok
test journal::tests::early_zero_read_does_not_become_a_successful_tail_repair ... ok
test journal::tests::partial_header_and_payload_writes_poison_without_advancing ... ok
test journal::tests::success_synchronizes_complete_bytes_before_return ... ok
test journal::tests::tail_repair_truncate_and_sync_errors_never_report_success ... ok
test journal::tests::valid_later_header_prevents_repair_after_interior_byte_loss ... ok
test journal::tests::zero_write_and_sync_failure_poison_with_ambiguous_recovery ... ok
test journal::tests::recovery_loops_through_partial_reads_and_interrupted_calls ... ok
test metadata::tests::committed_data_with_lost_receipt_replays_without_deduplication ... ok
test metadata::tests::committed_operation_with_lost_receipt_replays ... ok
test metadata::tests::failed_actor_join_remains_failed_on_retry ... ok
test metadata::tests::queued_cancel_and_full_admission_never_mutate ... ok
test metadata::tests::queued_data_cancel_and_full_admission_never_append ... ok
test metadata::tests::unconsumed_data_receipt_keeps_admission_bounded ... ok
test raft::election::tests::failed_higher_term_persistence_disables_old_leader_before_any_reply ... ok
test raft::election::tests::higher_term_revokes_old_leadership_even_if_timer_cannot_be_armed ... ok
test raft::election::tests::strict_state_encoding_rejects_reserved_bits_unknown_votes_and_empty_mismatch ... ok
test raft::election::tests::synchronization_precedes_grant_and_ambiguous_failure_requires_recovery ... ok
test metadata::tests::canceled_shutdown_retains_join_and_pending_work_is_rejected ... ok
test security::credentials::tests::corrupt_payload_and_duplicate_changes_cannot_become_a_generation ... ok
test security::credentials::tests::failed_storage_before_append_has_no_ack_or_published_generation ... ok
test security::credentials::tests::ambiguous_failure_after_complete_append_poison_disables_auth_until_recovery ... ok
test security::sasl::tests::apache_first_message_parser_scope_and_stricter_policy ... ok
test security::credentials::tests::stalled_started_commit_survives_cancellation_queued_cancel_skips_and_auth_is_busy ... ok
test security::sasl::tests::authentic_apache_plain_decisions ... ok
test security::sasl::tests::cancellation_releases_admission_and_running_worker_remains_bounded ... ok
test security::sasl::tests::cancelled_queued_work_does_not_execute_after_pool_unblocks ... ok
test security::sasl::tests::constant_time_api_rejects_first_middle_last_and_wrong_length ... ok
test security::sasl::tests::contended_credential_access_is_bounded_and_releases_admission ... ok
test security::session::tests::admin_runtime_encoders_match_apache_success_and_all_truncated_mutations_are_uncommitted ... ok
test security::session::tests::all_authentic_apache_wire_fields_headers_lengths_and_response_goldens ... ok
test security::session::tests::malformed_varint_tag_order_count_and_null_sentinels_fail_boundedly ... ok
test security::sasl::tests::authentic_apache_and_literal_rfc_scram_proofs ... ok

test result: ok. 38 passed; 0 failed; 0 ignored; 0 measured; 0 filtered out; finished in 3.48s

     Running tests/sasl_credentials.rs (/workspace/work/broker-sasl/target/debug/deps/sasl_credentials-3f66c57f829ea314)

running 9 tests
test file_permissions_and_symlinks_are_enforced_without_diagnostics_leaks ... ok
test incomplete_tail_repair_is_reported_but_complete_corruption_fails_closed ... ok
test invalid_and_missing_changes_never_partially_commit ... ok
test negotiated_plain_keeps_its_generation_while_new_sessions_observe_rotation ... ok
test persisted_bytes_contain_only_verifier_form ... ok
test raw_utf8_plain_identity_and_password_survive_restart ... ok
test shutdown_disables_new_authentication_and_admin ... ok
test retained_operation_budget_preserves_last_confirmed_generation ... ok
test two_algorithms_restart_rotation_delete_and_metadata_only_description ... ok

test result: ok. 9 passed; 0 failed; 0 ignored; 0 measured; 0 filtered out; finished in 0.57s

     Running tests/sasl_sessions.rs (/workspace/work/broker-sasl/target/debug/deps/sasl_sessions-31bccacf4e67f910)

running 5 tests
test admin_authority_is_explicit_and_unauthorized_alter_never_reaches_storage ... ok
test preauth_deadline_rounds_bytes_and_shutdown_are_bound_to_each_socket ... ok
test tls_plain_all_versions_legacy_unicode_and_poison_shutdown_dispatch_gate ... ok
test actual_socket_scram_all_versions_legacy_and_typed_identity_gate ... ok
test unsupported_plain_early_application_wrong_proof_and_repeated_handshake_are_terminal ... ok

test result: ok. 5 passed; 0 failed; 0 ignored; 0 measured; 0 filtered out; finished in 2.58s

     Running tests/tls.rs (/workspace/work/broker-sasl/target/debug/deps/tls-44780823ee869ed0)

running 15 tests
test admitted_pending_handshake_retains_pre_rotation_generation ... ok
test handshakes_and_established_sessions_share_cap_and_joined_shutdown ... ok
test idle_and_fragmented_tls_progress_share_absolute_handshake_deadline ... ok
test oversized_tls_record_and_handshake_lengths_fail_closed ... ok
test pending_handshake_shutdown_can_be_cancelled_retried_and_drop_cleaned ... ok
test independent_openssl_peer_verifies_tls_versions_and_mtls_rejections ... ok
test rejects_invalid_limits_der_keys_trust_and_totals_eagerly ... ok
test plaintext_never_falls_back_on_tls_listener ... ok
test required_mtls_rejects_missing_untrusted_expired_and_wrong_purpose_clients ... ok
test required_mtls_verifies_intermediate_chain_and_preserves_peer_metadata ... ok
test server_only_tls_has_no_authenticated_client_identity ... ok
test verified_peer_chain_cap_closes_before_handler_dispatch ... ok
test verified_tls12_and_tls13_frame_roundtrip ... ok
test verifying_clients_reject_wrong_server_name_expiry_and_trust ... ok
test rotation_updates_new_server_identity_and_client_trust_preserving_old_session ... ok

test result: ok. 15 passed; 0 failed; 0 ignored; 0 measured; 0 filtered out; finished in 0.81s

     Running tests/transport.rs (/workspace/work/broker-sasl/target/debug/deps/transport-29c20172c18bec83)

running 16 tests
test cancelled_shutdown_await_can_be_retried_and_still_joins ... ok
test connection_overload_rejects_without_spawning_handler ... ok
test adversarial_lengths_close_before_payload_or_handler_and_isolate_peers ... ok
test dropping_transport_requests_socket_and_handler_cleanup ... ok
test fragmented_prefix_body_empty_and_exact_limit_roundtrip ... ok
test handler_error_and_oversized_response_close_only_their_connections ... ok
test handler_work_is_bounded_and_shutdown_joins_active_and_queued_requests ... ok
test hanging_handler_times_out_and_its_future_is_dropped ... ok
test idle_connection_has_an_absolute_read_deadline ... ok
test pipelined_no_reply_sends_no_frame_and_keeps_connection_usable ... ok
test pipelined_requests_keep_wire_and_handler_order ... ok
test rejects_zero_and_out_of_range_configuration_without_io ... ok
test handler_deadline_includes_waiting_for_concurrency_permit ... ok
test truncated_prefix_and_body_never_invoke_handler ... ok
test slowloris_progress_does_not_reset_prefix_plus_body_deadline ... ok
test unread_large_response_hits_absolute_write_deadline_and_joins ... ok

test result: ok. 16 passed; 0 failed; 0 ignored; 0 measured; 0 filtered out; finished in 0.51s

