    Checking typenum v1.20.1
   Compiling libc v0.2.189
   Compiling proc-macro2 v1.0.107
    Checking cmov v0.5.4
   Compiling unicode-ident v1.0.26
    Checking zeroize v1.9.0
   Compiling quote v1.0.47
    Checking hybrid-array v0.4.15
    Checking block-buffer v0.12.1
    Checking crypto-common v0.2.2
    Checking ctutils v0.4.2
    Checking const-oid v0.10.2
   Compiling semver v1.0.28
   Compiling rustc_version v0.4.1
    Checking digest v0.11.3
   Compiling crc32c v0.6.8
   Compiling syn v3.0.6
   Compiling getrandom v0.4.3
    Checking cfg-if v1.0.5
    Checking mio v1.2.3
    Checking socket2 v0.6.5
    Checking hmac v0.13.0
    Checking cpufeatures v0.3.1
    Checking bytes v1.12.1
    Checking pin-project-lite v0.2.17
    Checking sha2 v0.11.0
    Checking pbkdf2 v0.13.0
    Checking base64 v0.23.1
   Compiling tokio-macros v2.7.2
    Checking tokio v1.53.1
    Checking partitionline-broker v0.1.0 (/workspace/work/broker-sasl/session-source/partitionline-broker)
error: large size difference between variants
  --> src/transport.rs:76:1
   |
76 | / enum Session {
77 | |     Plaintext,
   | |     --------- the second-largest variant carries no data at all
78 | |     #[cfg(feature = "sasl")]
79 | |     SaslPlaintext(crate::security::session::Session),
   | |     ------------------------------------------------ the largest variant contains at least 224 bytes
...  |
90 | |     },
91 | | }
   | |_^ the entire enum is at least 224 bytes
   |
   = help: for further information visit https://rust-lang.github.io/rust-clippy/rust-1.99.0/index.html#large_enum_variant
   = note: `-D clippy::large-enum-variant` implied by `-D warnings`
   = help: to override `-D warnings` add `#[allow(clippy::large_enum_variant)]`
help: consider boxing the large fields or introducing indirection in some other way to reduce the total size of the enum
   |
79 -     SaslPlaintext(crate::security::session::Session),
79 +     SaslPlaintext(Box<crate::security::session::Session>),
   |

error: could not compile `partitionline-broker` (lib) due to 1 previous error
warning: build failed, waiting for other jobs to finish...
error: could not compile `partitionline-broker` (lib test) due to 1 previous error
