2026-10-03T21:07:55.9203157Z Current runner version: '2.337.0'
2026-10-03T21:07:55.9230577Z ##[group]Runner Image Provisioner
2026-10-03T21:07:55.9231471Z Hosted Compute Agent
2026-10-03T21:07:55.9232020Z Version: 20260901.588
2026-10-03T21:07:55.9232670Z Commit: f88ec8081b781fac6c440065ac7ff9e710ce3d0b
2026-10-03T21:07:55.9233351Z Build Date: 2026-09-01T19:56:44Z
2026-10-03T21:07:55.9233976Z Worker ID: {587035c9-078d-4d8b-82ed-ab296b86e2f7}
2026-10-03T21:07:55.9234643Z Azure Region: westus
2026-10-03T21:07:55.9235153Z ##[endgroup]
2026-10-03T21:07:55.9236587Z ##[group]Operating System
2026-10-03T21:07:55.9237204Z Microsoft Windows Server 2025
2026-10-03T21:07:55.9237772Z 10.0.26100
2026-10-03T21:07:55.9238266Z Datacenter
2026-10-03T21:07:55.9238753Z ##[endgroup]
2026-10-03T21:07:55.9239284Z ##[group]Runner Image
2026-10-03T21:07:55.9239839Z Image: windows-2025-vs2026
2026-10-03T21:07:55.9240390Z Version: 20260925.250.1
2026-10-03T21:07:55.9241863Z Included Software: https://github.com/actions/runner-images/blob/win25-vs2026/20260925.250/images/windows/Windows2025-VS2026-Readme.md
2026-10-03T21:07:55.9243978Z Image Release: https://github.com/actions/runner-images/releases/tag/win25-vs2026%2F20260925.250
2026-10-03T21:07:55.9244933Z ##[endgroup]
2026-10-03T21:07:55.9248014Z ##[group]GITHUB_TOKEN Permissions
2026-10-03T21:07:55.9250386Z Actions: write
2026-10-03T21:07:55.9250952Z ArtifactMetadata: write
2026-10-03T21:07:55.9251593Z Attestations: write
2026-10-03T21:07:55.9252113Z Checks: write
2026-10-03T21:07:55.9252617Z CodeQuality: write
2026-10-03T21:07:55.9253131Z Contents: write
2026-10-03T21:07:55.9253633Z CopilotRequests: write
2026-10-03T21:07:55.9254195Z Deployments: write
2026-10-03T21:07:55.9254707Z Discussions: write
2026-10-03T21:07:55.9255250Z Drives: write
2026-10-03T21:07:55.9255784Z Issues: write
2026-10-03T21:07:55.9256274Z Metadata: read
2026-10-03T21:07:55.9256909Z Models: read
2026-10-03T21:07:55.9257394Z Packages: write
2026-10-03T21:07:55.9257909Z Pages: write
2026-10-03T21:07:55.9258428Z PullRequests: write
2026-10-03T21:07:55.9258958Z RepositoryProjects: write
2026-10-03T21:07:55.9259535Z SecurityEvents: write
2026-10-03T21:07:55.9260066Z Statuses: write
2026-10-03T21:07:55.9260566Z VulnerabilityAlerts: read
2026-10-03T21:07:55.9261135Z ##[endgroup]
2026-10-03T21:07:55.9264494Z Secret source: Actions
2026-10-03T21:07:55.9265493Z Cache mode: write
2026-10-03T21:07:55.9266393Z Prepare workflow directory
2026-10-03T21:07:55.9885988Z Prepare all required actions
2026-10-03T21:07:55.9966675Z Getting action download info
2026-10-03T21:07:56.3468629Z Download action repository 'actions/checkout@v7' (SHA:3d3c42e5aac5ba805825da76410c181273ba90b1)
2026-10-03T21:07:56.4831776Z Download action repository 'dtolnay/rust-toolchain@master' (SHA:7e38f4b43b4db5c8dd498af069a4f6196df1d067)
2026-10-03T21:07:56.6971166Z Download action repository 'actions/setup-python@v6' (SHA:ece7cb06caefa5fff74198d8649806c4678c61a1)
2026-10-03T21:07:56.8517510Z Download action repository 'actions/upload-artifact@v4' (SHA:ea165f8d65b6e75b540449e92b4886f43607fa02)
2026-10-03T21:07:57.2645730Z Complete job name: windows (stable)
2026-10-03T21:07:57.4190718Z ##[group]Run actions/checkout@v7
2026-10-03T21:07:57.4191842Z with:
2026-10-03T21:07:57.4192282Z   repository: mingley/partitionline
2026-10-03T21:07:57.4196656Z   token: ***
2026-10-03T21:07:57.4197079Z   ssh-strict: true
2026-10-03T21:07:57.4197749Z   ssh-user: git
2026-10-03T21:07:57.4198310Z   persist-credentials: true
2026-10-03T21:07:57.4199204Z   clean: true
2026-10-03T21:07:57.4199653Z   sparse-checkout-cone-mode: true
2026-10-03T21:07:57.4200150Z   fetch-depth: 1
2026-10-03T21:07:57.4200540Z   fetch-tags: false
2026-10-03T21:07:57.4201124Z   show-progress: true
2026-10-03T21:07:57.4201827Z   lfs: false
2026-10-03T21:07:57.4202290Z   submodules: false
2026-10-03T21:07:57.4202709Z   set-safe-directory: true
2026-10-03T21:07:57.4203187Z   allow-unsafe-pr-checkout: false
2026-10-03T21:07:57.4204002Z env:
2026-10-03T21:07:57.4204682Z   PL_WINDOWS_TOOLCHAIN: stable
2026-10-03T21:07:57.4207870Z   PYTHONUTF8: 1
2026-10-03T21:07:57.4208372Z   RUSTUP_TOOLCHAIN: stable
2026-10-03T21:07:57.4208980Z   CARGO_BUILD_JOBS: 2
2026-10-03T21:07:57.4209483Z   CARGO_PROFILE_DEV_DEBUG: 0
2026-10-03T21:07:57.4209961Z   CARGO_PROFILE_TEST_DEBUG: 0
2026-10-03T21:07:57.4210416Z   CARGO_INCREMENTAL: 0
2026-10-03T21:07:57.4210840Z   CARGO_TERM_COLOR: never
2026-10-03T21:07:57.4211269Z ##[endgroup]
2026-10-03T21:07:57.5775856Z Syncing repository: mingley/partitionline
2026-10-03T21:07:57.5778723Z ##[group]Getting Git version info
2026-10-03T21:07:57.5779619Z Working directory is 'D:\a\partitionline\partitionline'
2026-10-03T21:07:57.6902877Z [command]"C:\Program Files\Git\bin\git.exe" version
2026-10-03T21:07:58.0709224Z git version 2.55.0.windows.5
2026-10-03T21:07:58.0765749Z ##[endgroup]
2026-10-03T21:07:58.0783843Z Temporarily overriding HOME='D:\a\_temp\41d3d8e4-dba7-4c25-bc48-cf431cc9faf2' before making global git config changes
2026-10-03T21:07:58.0785411Z Adding repository directory to the temporary git global config as a safe directory
2026-10-03T21:07:58.0795199Z [command]"C:\Program Files\Git\bin\git.exe" config --global --add safe.directory D:\a\partitionline\partitionline
2026-10-03T21:07:58.1475077Z Deleting the contents of 'D:\a\partitionline\partitionline'
2026-10-03T21:07:58.1480510Z ##[group]Determining repository object format
2026-10-03T21:07:58.1482620Z ##[endgroup]
2026-10-03T21:07:58.1483868Z ##[group]Initializing the repository
2026-10-03T21:07:58.1492428Z [command]"C:\Program Files\Git\bin\git.exe" init D:\a\partitionline\partitionline
2026-10-03T21:07:58.2477681Z Initialized empty Git repository in D:/a/partitionline/partitionline/.git/
2026-10-03T21:07:58.2537113Z [command]"C:\Program Files\Git\bin\git.exe" remote add origin https://github.com/mingley/partitionline
2026-10-03T21:07:58.3219289Z ##[endgroup]
2026-10-03T21:07:58.3220176Z ##[group]Disabling automatic garbage collection
2026-10-03T21:07:58.3228534Z [command]"C:\Program Files\Git\bin\git.exe" config --local gc.auto 0
2026-10-03T21:07:58.3568053Z ##[endgroup]
2026-10-03T21:07:58.3569610Z ##[group]Setting up auth
2026-10-03T21:07:58.3570655Z Removing SSH command configuration
2026-10-03T21:07:58.3580382Z [command]"C:\Program Files\Git\bin\git.exe" config --local --name-only --get-regexp core\.sshCommand
2026-10-03T21:07:58.3935765Z [command]"C:\Program Files\Git\bin\git.exe" submodule foreach --recursive "sh -c \"git config --local --name-only --get-regexp 'core\.sshCommand' && git config --local --unset-all 'core.sshCommand' || :\""
2026-10-03T21:07:59.9301633Z Removing HTTP extra header
2026-10-03T21:07:59.9317504Z [command]"C:\Program Files\Git\bin\git.exe" config --local --name-only --get-regexp http\.https\:\/\/github\.com\/\.extraheader
2026-10-03T21:07:59.9660518Z [command]"C:\Program Files\Git\bin\git.exe" submodule foreach --recursive "sh -c \"git config --local --name-only --get-regexp 'http\.https\:\/\/github\.com\/\.extraheader' && git config --local --unset-all 'http.https://github.com/.extraheader' || :\""
2026-10-03T21:08:00.5950150Z Removing includeIf entries pointing to credentials config files
2026-10-03T21:08:00.5959034Z [command]"C:\Program Files\Git\bin\git.exe" config --local --name-only --get-regexp ^includeIf\.gitdir:
2026-10-03T21:08:00.6290662Z [command]"C:\Program Files\Git\bin\git.exe" submodule foreach --recursive "git config --local --show-origin --name-only --get-regexp remote.origin.url"
2026-10-03T21:08:01.2164610Z [command]"C:\Program Files\Git\bin\git.exe" config --file D:\a\_temp\git-credentials-53e0a543-c06a-49ca-aa9d-7e476f1e22b8.config http.https://github.com/.extraheader "AUTHORIZATION: basic ***"
2026-10-03T21:08:01.2528264Z [command]"C:\Program Files\Git\bin\git.exe" config --local includeIf.gitdir:D:/a/partitionline/partitionline/.git.path D:\a\_temp\git-credentials-53e0a543-c06a-49ca-aa9d-7e476f1e22b8.config
2026-10-03T21:08:01.2883412Z [command]"C:\Program Files\Git\bin\git.exe" config --local includeIf.gitdir:D:/a/partitionline/partitionline/.git/worktrees/*.path D:\a\_temp\git-credentials-53e0a543-c06a-49ca-aa9d-7e476f1e22b8.config
2026-10-03T21:08:01.3277255Z [command]"C:\Program Files\Git\bin\git.exe" config --local includeIf.gitdir:/github/workspace/.git.path /github/runner_temp/git-credentials-53e0a543-c06a-49ca-aa9d-7e476f1e22b8.config
2026-10-03T21:08:01.3616127Z [command]"C:\Program Files\Git\bin\git.exe" config --local includeIf.gitdir:/github/workspace/.git/worktrees/*.path /github/runner_temp/git-credentials-53e0a543-c06a-49ca-aa9d-7e476f1e22b8.config
2026-10-03T21:08:01.3947339Z ##[endgroup]
2026-10-03T21:08:01.3947873Z ##[group]Fetching the repository
2026-10-03T21:08:01.3960270Z [command]"C:\Program Files\Git\bin\git.exe" -c protocol.version=2 fetch --no-tags --prune --no-recurse-submodules --depth=1 origin +b8148087f08b205d7d19fd0be10994ebcd1fcc3a:refs/remotes/origin/main
2026-10-03T21:08:11.7459415Z From https://github.com/mingley/partitionline
2026-10-03T21:08:11.7461127Z  * [new ref]           b8148087f08b205d7d19fd0be10994ebcd1fcc3a -> origin/main
2026-10-03T21:08:11.7525580Z [command]"C:\Program Files\Git\bin\git.exe" branch --list --remote origin/main
2026-10-03T21:08:11.8025344Z   origin/main
2026-10-03T21:08:11.8079731Z [command]"C:\Program Files\Git\bin\git.exe" rev-parse refs/remotes/origin/main
2026-10-03T21:08:11.8481055Z b8148087f08b205d7d19fd0be10994ebcd1fcc3a
2026-10-03T21:08:11.8525503Z ##[endgroup]
2026-10-03T21:08:11.8526183Z ##[group]Determining the checkout info
2026-10-03T21:08:11.8526940Z ##[endgroup]
2026-10-03T21:08:11.8538766Z [command]"C:\Program Files\Git\bin\git.exe" sparse-checkout disable
2026-10-03T21:08:11.9045409Z [command]"C:\Program Files\Git\bin\git.exe" config --local --unset-all extensions.worktreeConfig
2026-10-03T21:08:11.9388301Z ##[group]Checking out the ref
2026-10-03T21:08:11.9398224Z [command]"C:\Program Files\Git\bin\git.exe" checkout --progress --force -B main refs/remotes/origin/main
2026-10-03T21:08:13.1035272Z Updating files:   4% (3672/75693)
2026-10-03T21:08:13.2698434Z Updating files:   5% (3785/75693)
2026-10-03T21:08:13.4418924Z Updating files:   6% (4542/75693)
2026-10-03T21:08:13.6335442Z Updating files:   7% (5299/75693)
2026-10-03T21:08:13.8003643Z Updating files:   8% (6056/75693)
2026-10-03T21:08:13.9718383Z Updating files:   9% (6813/75693)
2026-10-03T21:08:14.0931382Z Updating files:  10% (7570/75693)
2026-10-03T21:08:14.1401305Z Updating files:  10% (8106/75693)
2026-10-03T21:08:14.4425949Z Updating files:  11% (8327/75693)
2026-10-03T21:08:14.6098060Z Updating files:  12% (9084/75693)
2026-10-03T21:08:14.8108819Z Updating files:  13% (9841/75693)
2026-10-03T21:08:15.0596254Z Updating files:  14% (10598/75693)
2026-10-03T21:08:15.0936095Z Updating files:  15% (11354/75693)
2026-10-03T21:08:15.2079354Z Updating files:  15% (11515/75693)
2026-10-03T21:08:15.3546463Z Updating files:  16% (12111/75693)
2026-10-03T21:08:15.5053691Z Updating files:  17% (12868/75693)
2026-10-03T21:08:15.7733796Z Updating files:  18% (13625/75693)
2026-10-03T21:08:15.9535061Z Updating files:  19% (14382/75693)
2026-10-03T21:08:16.1056039Z Updating files:  20% (15139/75693)
2026-10-03T21:08:16.1657515Z Updating files:  20% (15629/75693)
2026-10-03T21:08:16.3448235Z Updating files:  21% (15896/75693)
2026-10-03T21:08:16.5221034Z Updating files:  22% (16653/75693)
2026-10-03T21:08:16.6929960Z Updating files:  23% (17410/75693)
2026-10-03T21:08:16.8516752Z Updating files:  24% (18167/75693)
2026-10-03T21:08:17.0858729Z Updating files:  25% (18924/75693)
2026-10-03T21:08:17.1070662Z Updating files:  26% (19681/75693)
2026-10-03T21:08:17.2416836Z Updating files:  26% (19790/75693)
2026-10-03T21:08:17.4302258Z Updating files:  27% (20438/75693)
2026-10-03T21:08:17.6116520Z Updating files:  28% (21195/75693)
2026-10-03T21:08:17.7802846Z Updating files:  29% (21951/75693)
2026-10-03T21:08:17.9764144Z Updating files:  30% (22708/75693)
2026-10-03T21:08:18.1082639Z Updating files:  31% (23465/75693)
2026-10-03T21:08:18.1285158Z Updating files:  31% (24124/75693)
2026-10-03T21:08:18.4133781Z Updating files:  32% (24222/75693)
2026-10-03T21:08:18.6214452Z Updating files:  33% (24979/75693)
2026-10-03T21:08:18.7739988Z Updating files:  34% (25736/75693)
2026-10-03T21:08:18.9981362Z Updating files:  35% (26493/75693)
2026-10-03T21:08:19.1160024Z Updating files:  36% (27250/75693)
2026-10-03T21:08:19.2336557Z Updating files:  36% (27621/75693)
2026-10-03T21:08:19.4448386Z Updating files:  37% (28007/75693)
2026-10-03T21:08:19.6895172Z Updating files:  38% (28764/75693)
2026-10-03T21:08:19.9407568Z Updating files:  39% (29521/75693)
2026-10-03T21:08:20.1127347Z Updating files:  40% (30278/75693)
2026-10-03T21:08:20.1172115Z Updating files:  41% (31035/75693)
2026-10-03T21:08:20.2779977Z Updating files:  41% (31051/75693)
2026-10-03T21:08:20.4432185Z Updating files:  42% (31792/75693)
2026-10-03T21:08:20.6181279Z Updating files:  43% (32548/75693)
2026-10-03T21:08:20.8039866Z Updating files:  44% (33305/75693)
2026-10-03T21:08:21.0699793Z Updating files:  45% (34062/75693)
2026-10-03T21:08:21.1179565Z Updating files:  46% (34819/75693)
2026-10-03T21:08:21.4462263Z Updating files:  46% (34997/75693)
2026-10-03T21:08:21.6146204Z Updating files:  47% (35576/75693)
2026-10-03T21:08:22.0554131Z Updating files:  48% (36333/75693)
2026-10-03T21:08:22.1181093Z Updating files:  49% (37090/75693)
2026-10-03T21:08:22.5928196Z Updating files:  49% (37222/75693)
2026-10-03T21:08:22.8236718Z Updating files:  50% (37847/75693)
2026-10-03T21:08:22.9904054Z Updating files:  51% (38604/75693)
2026-10-03T21:08:23.1195094Z Updating files:  52% (39361/75693)
2026-10-03T21:08:23.2408386Z Updating files:  52% (39727/75693)
2026-10-03T21:08:23.4251878Z Updating files:  53% (40118/75693)
2026-10-03T21:08:23.5836317Z Updating files:  54% (40875/75693)
2026-10-03T21:08:23.7288854Z Updating files:  55% (41632/75693)
2026-10-03T21:08:23.8772175Z Updating files:  56% (42389/75693)
2026-10-03T21:08:24.0463085Z Updating files:  57% (43146/75693)
2026-10-03T21:08:24.1330567Z Updating files:  58% (43902/75693)
2026-10-03T21:08:24.1977445Z Updating files:  58% (44364/75693)
2026-10-03T21:08:24.3451253Z Updating files:  59% (44659/75693)
2026-10-03T21:08:24.5350796Z Updating files:  60% (45416/75693)
2026-10-03T21:08:24.8374868Z Updating files:  61% (46173/75693)
2026-10-03T21:08:25.0034484Z Updating files:  62% (46930/75693)
2026-10-03T21:08:25.1351902Z Updating files:  63% (47687/75693)
2026-10-03T21:08:25.2090952Z Updating files:  63% (48177/75693)
2026-10-03T21:08:25.3888684Z Updating files:  64% (48444/75693)
2026-10-03T21:08:25.5553947Z Updating files:  65% (49201/75693)
2026-10-03T21:08:25.7125162Z Updating files:  66% (49958/75693)
2026-10-03T21:08:25.9010928Z Updating files:  67% (50715/75693)
2026-10-03T21:08:26.0649954Z Updating files:  68% (51472/75693)
2026-10-03T21:08:26.1454679Z Updating files:  69% (52229/75693)
2026-10-03T21:08:26.2276362Z Updating files:  69% (52615/75693)
2026-10-03T21:08:26.4025295Z Updating files:  70% (52986/75693)
2026-10-03T21:08:26.5633183Z Updating files:  71% (53743/75693)
2026-10-03T21:08:26.7191834Z Updating files:  72% (54499/75693)
2026-10-03T21:08:26.8701011Z Updating files:  73% (55256/75693)
2026-10-03T21:08:27.0956881Z Updating files:  74% (56013/75693)
2026-10-03T21:08:27.1457803Z Updating files:  75% (56770/75693)
2026-10-03T21:08:27.2991322Z Updating files:  75% (56989/75693)
2026-10-03T21:08:27.5099854Z Updating files:  76% (57527/75693)
2026-10-03T21:08:27.6669603Z Updating files:  77% (58284/75693)
2026-10-03T21:08:27.9253055Z Updating files:  78% (59041/75693)
2026-10-03T21:08:28.1574285Z Updating files:  79% (59798/75693)
2026-10-03T21:08:28.1595371Z Updating files:  79% (60546/75693)
2026-10-03T21:08:28.3675417Z Updating files:  80% (60555/75693)
2026-10-03T21:08:28.5539358Z Updating files:  81% (61312/75693)
2026-10-03T21:08:28.8955891Z Updating files:  82% (62069/75693)
2026-10-03T21:08:29.1576799Z Updating files:  83% (62826/75693)
2026-10-03T21:08:29.1614678Z Updating files:  83% (63567/75693)
2026-10-03T21:08:29.3630112Z Updating files:  84% (63583/75693)
2026-10-03T21:08:29.5742569Z Updating files:  85% (64340/75693)
2026-10-03T21:08:29.8071927Z Updating files:  86% (65096/75693)
2026-10-03T21:08:30.1158460Z Updating files:  87% (65853/75693)
2026-10-03T21:08:30.1688040Z Updating files:  88% (66610/75693)
2026-10-03T21:08:30.3602670Z Updating files:  88% (66789/75693)
2026-10-03T21:08:30.5505014Z Updating files:  89% (67367/75693)
2026-10-03T21:08:30.7563660Z Updating files:  90% (68124/75693)
2026-10-03T21:08:30.9110939Z Updating files:  91% (68881/75693)
2026-10-03T21:08:31.0555019Z Updating files:  92% (69638/75693)
2026-10-03T21:08:31.1706045Z Updating files:  93% (70395/75693)
2026-10-03T21:08:31.2243155Z Updating files:  93% (70998/75693)
2026-10-03T21:08:31.3678869Z Updating files:  94% (71152/75693)
2026-10-03T21:08:31.5181184Z Updating files:  95% (71909/75693)
2026-10-03T21:08:31.6660594Z Updating files:  96% (72666/75693)
2026-10-03T21:08:31.8120959Z Updating files:  97% (73423/75693)
2026-10-03T21:08:31.9696970Z Updating files:  98% (74180/75693)
2026-10-03T21:08:32.1818216Z Updating files:  99% (74937/75693)
2026-10-03T21:08:32.1846348Z Updating files:  99% (75687/75693)
2026-10-03T21:08:32.1847162Z Updating files: 100% (75693/75693)
2026-10-03T21:08:32.1847536Z Updating files: 100% (75693/75693), done.
2026-10-03T21:08:32.3174808Z Switched to a new branch 'main'
2026-10-03T21:08:32.3192972Z branch 'main' set up to track 'origin/main'.
2026-10-03T21:08:32.3401825Z ##[endgroup]
2026-10-03T21:08:32.3782355Z [command]"C:\Program Files\Git\bin\git.exe" log -1 --format=%H
2026-10-03T21:08:32.4093785Z b8148087f08b205d7d19fd0be10994ebcd1fcc3a
2026-10-03T21:08:32.4705333Z ##[group]Run dtolnay/rust-toolchain@master
2026-10-03T21:08:32.4705705Z with:
2026-10-03T21:08:32.4705892Z   toolchain: stable
2026-10-03T21:08:32.4706086Z   components: clippy
2026-10-03T21:08:32.4706277Z env:
2026-10-03T21:08:32.4706449Z   PL_WINDOWS_TOOLCHAIN: stable
2026-10-03T21:08:32.4706690Z   PYTHONUTF8: 1
2026-10-03T21:08:32.4706873Z   RUSTUP_TOOLCHAIN: stable
2026-10-03T21:08:32.4707098Z   CARGO_BUILD_JOBS: 2
2026-10-03T21:08:32.4707298Z   CARGO_PROFILE_DEV_DEBUG: 0
2026-10-03T21:08:32.4707515Z   CARGO_PROFILE_TEST_DEBUG: 0
2026-10-03T21:08:32.4707726Z   CARGO_INCREMENTAL: 0
2026-10-03T21:08:32.4707928Z   CARGO_TERM_COLOR: never
2026-10-03T21:08:32.4708122Z ##[endgroup]
2026-10-03T21:08:32.4779187Z ##[start-action display=Parse toolchain version;id=__dtolnay_rust-toolchain.parse]
2026-10-03T21:08:32.4966368Z ##[group]Run if [[ -z $toolchain ]]; then
2026-10-03T21:08:32.4966767Z [36;1mif [[ -z $toolchain ]]; then[0m
2026-10-03T21:08:32.4967366Z [36;1m  # GitHub does not enforce `required: true` inputs itself. https://github.com/actions/runner/issues/1070[0m
2026-10-03T21:08:32.4967916Z [36;1m  echo "'toolchain' is a required input" >&2[0m
2026-10-03T21:08:32.4968189Z [36;1m  exit 1[0m
2026-10-03T21:08:32.4968516Z [36;1melif [[ $toolchain =~ ^stable' '[0-9]+' '(year|month|week|day)s?' 'ago$ ]]; then[0m
2026-10-03T21:08:32.4968932Z [36;1m  if [[ Windows == macOS ]]; then[0m
2026-10-03T21:08:32.4969445Z [36;1m    echo "toolchain=1.$((($(date -v-$(sed 's/stable \([0-9]*\) \(.\).*/\1\2/' <<< $toolchain) +%s)/60/60/24-16569)/7/6))" >> $GITHUB_OUTPUT[0m
2026-10-03T21:08:32.4969937Z [36;1m  else[0m
2026-10-03T21:08:32.4970652Z [36;1m    echo "toolchain=1.$((($(date --date "${toolchain#stable }" +%s)/60/60/24-16569)/7/6))" >> $GITHUB_OUTPUT[0m
2026-10-03T21:08:32.4971113Z [36;1m  fi[0m
2026-10-03T21:08:32.4971640Z [36;1melif [[ $toolchain =~ ^stable' 'minus' '[0-9]+' 'releases?$ ]]; then[0m
2026-10-03T21:08:32.4972184Z [36;1m  echo "toolchain=1.$((($(date +%s)/60/60/24-16569)/7/6-${toolchain//[^0-9]/}))" >> $GITHUB_OUTPUT[0m
2026-10-03T21:08:32.4972643Z [36;1melif [[ $toolchain =~ ^1\.[0-9]+$ ]]; then[0m
2026-10-03T21:08:32.4973150Z [36;1m  echo "toolchain=1.$((i=${toolchain#1.}, c=($(date +%s)/60/60/24-16569)/7/6, i+9*i*(10*i<=c)+90*i*(100*i<=c)))" >> $GITHUB_OUTPUT[0m
2026-10-03T21:08:32.4974591Z [36;1melse[0m
2026-10-03T21:08:32.4974820Z [36;1m  echo "toolchain=$toolchain" >> $GITHUB_OUTPUT[0m
2026-10-03T21:08:32.4975104Z [36;1mfi[0m
2026-10-03T21:08:32.5001586Z shell: C:\Program Files\Git\bin\bash.EXE --noprofile --norc -e -o pipefail {0}
2026-10-03T21:08:32.5001983Z env:
2026-10-03T21:08:32.5002161Z   PL_WINDOWS_TOOLCHAIN: stable
2026-10-03T21:08:32.5002393Z   PYTHONUTF8: 1
2026-10-03T21:08:32.5002586Z   RUSTUP_TOOLCHAIN: stable
2026-10-03T21:08:32.5002793Z   CARGO_BUILD_JOBS: 2
2026-10-03T21:08:32.5002988Z   CARGO_PROFILE_DEV_DEBUG: 0
2026-10-03T21:08:32.5003204Z   CARGO_PROFILE_TEST_DEBUG: 0
2026-10-03T21:08:32.5003425Z   CARGO_INCREMENTAL: 0
2026-10-03T21:08:32.5003615Z   CARGO_TERM_COLOR: never
2026-10-03T21:08:32.5003809Z   toolchain: stable
2026-10-03T21:08:32.5003984Z ##[endgroup]
2026-10-03T21:08:32.6829652Z ##[end-action id=__dtolnay_rust-toolchain.parse;outcome=success;conclusion=success;duration_ms=204]
2026-10-03T21:08:32.6844331Z ##[start-action display=Construct rustup command line;id=__dtolnay_rust-toolchain.flags]
2026-10-03T21:08:32.7009713Z ##[group]Run echo "targets=$(for t in ${targets//,/ }; do echo -n ' --target' $t; done)" >> $GITHUB_OUTPUT
2026-10-03T21:08:32.7010459Z [36;1mecho "targets=$(for t in ${targets//,/ }; do echo -n ' --target' $t; done)" >> $GITHUB_OUTPUT[0m
2026-10-03T21:08:32.7011117Z [36;1mecho "components=$(for c in ${components//,/ }; do echo -n ' --component' $c; done)" >> $GITHUB_OUTPUT[0m
2026-10-03T21:08:32.7011628Z [36;1mecho "downgrade=" >> $GITHUB_OUTPUT[0m
2026-10-03T21:08:32.7032493Z shell: C:\Program Files\Git\bin\bash.EXE --noprofile --norc -e -o pipefail {0}
2026-10-03T21:08:32.7032952Z env:
2026-10-03T21:08:32.7033141Z   PL_WINDOWS_TOOLCHAIN: stable
2026-10-03T21:08:32.7033374Z   PYTHONUTF8: 1
2026-10-03T21:08:32.7033809Z   RUSTUP_TOOLCHAIN: stable
2026-10-03T21:08:32.7034022Z   CARGO_BUILD_JOBS: 2
2026-10-03T21:08:32.7034220Z   CARGO_PROFILE_DEV_DEBUG: 0
2026-10-03T21:08:32.7034453Z   CARGO_PROFILE_TEST_DEBUG: 0
2026-10-03T21:08:32.7034667Z   CARGO_INCREMENTAL: 0
2026-10-03T21:08:32.7034860Z   CARGO_TERM_COLOR: never
2026-10-03T21:08:32.7035048Z   targets: 
2026-10-03T21:08:32.7035213Z   components: clippy
2026-10-03T21:08:32.7035392Z ##[endgroup]
2026-10-03T21:08:32.7907289Z ##[end-action id=__dtolnay_rust-toolchain.flags;outcome=success;conclusion=success;duration_ms=106]
2026-10-03T21:08:32.7910758Z ##[start-action display=Set $CARGO_HOME;id=__dtolnay_rust-toolchain.__run]
2026-10-03T21:08:32.8086295Z ##[group]Run echo CARGO_HOME=${CARGO_HOME:-"$USERPROFILE\.cargo"} >> $GITHUB_ENV
2026-10-03T21:08:32.8086963Z [36;1mecho CARGO_HOME=${CARGO_HOME:-"$USERPROFILE\.cargo"} >> $GITHUB_ENV[0m
2026-10-03T21:08:32.8105437Z shell: C:\Program Files\Git\bin\bash.EXE --noprofile --norc -e -o pipefail {0}
2026-10-03T21:08:32.8105852Z env:
2026-10-03T21:08:32.8106052Z   PL_WINDOWS_TOOLCHAIN: stable
2026-10-03T21:08:32.8106312Z   PYTHONUTF8: 1
2026-10-03T21:08:32.8106530Z   RUSTUP_TOOLCHAIN: stable
2026-10-03T21:08:32.8106745Z   CARGO_BUILD_JOBS: 2
2026-10-03T21:08:32.8106954Z   CARGO_PROFILE_DEV_DEBUG: 0
2026-10-03T21:08:32.8107184Z   CARGO_PROFILE_TEST_DEBUG: 0
2026-10-03T21:08:32.8107409Z   CARGO_INCREMENTAL: 0
2026-10-03T21:08:32.8107617Z   CARGO_TERM_COLOR: never
2026-10-03T21:08:32.8107832Z ##[endgroup]
2026-10-03T21:08:32.8587605Z ##[end-action id=__dtolnay_rust-toolchain.__run;outcome=success;conclusion=success;duration_ms=67]
2026-10-03T21:08:32.8590747Z ##[start-action display=Install rustup if needed;id=__dtolnay_rust-toolchain.__run_2]
2026-10-03T21:08:32.8603383Z ##[end-action id=__dtolnay_rust-toolchain.__run_2;outcome=skipped;conclusion=skipped;duration_ms=0]
2026-10-03T21:08:32.8605986Z ##[start-action display=Install rustup if needed on windows;id=__dtolnay_rust-toolchain.__run_3]
2026-10-03T21:08:32.8768508Z ##[group]Run if ! command -v rustup &>/dev/null; then
2026-10-03T21:08:32.8768883Z [36;1mif ! command -v rustup &>/dev/null; then[0m
2026-10-03T21:08:32.8769881Z [36;1m  curl --proto '=https' --tlsv1.2 --retry 10 --retry-connrefused --location --silent --show-error --fail https://win.rustup.rs/x86_64 --output 'D:\a\_temp\rustup-init.exe'[0m
2026-10-03T21:08:32.8770766Z [36;1m  'D:\a\_temp\rustup-init.exe' --default-toolchain none --no-modify-path -y[0m
2026-10-03T21:08:32.8771188Z [36;1m  echo "$CARGO_HOME\bin" >> $GITHUB_PATH[0m
2026-10-03T21:08:32.8771452Z [36;1mfi[0m
2026-10-03T21:08:32.8788486Z shell: C:\Program Files\Git\bin\bash.EXE --noprofile --norc -e -o pipefail {0}
2026-10-03T21:08:32.8788879Z env:
2026-10-03T21:08:32.8789071Z   PL_WINDOWS_TOOLCHAIN: stable
2026-10-03T21:08:32.8789310Z   PYTHONUTF8: 1
2026-10-03T21:08:32.8789499Z   RUSTUP_TOOLCHAIN: stable
2026-10-03T21:08:32.8789711Z   CARGO_BUILD_JOBS: 2
2026-10-03T21:08:32.8789917Z   CARGO_PROFILE_DEV_DEBUG: 0
2026-10-03T21:08:32.8790135Z   CARGO_PROFILE_TEST_DEBUG: 0
2026-10-03T21:08:32.8790350Z   CARGO_INCREMENTAL: 0
2026-10-03T21:08:32.8790555Z   CARGO_TERM_COLOR: never
2026-10-03T21:08:32.8790776Z   CARGO_HOME: C:\Users\runneradmin\.cargo
2026-10-03T21:08:32.8791026Z ##[endgroup]
2026-10-03T21:08:32.9369297Z ##[end-action id=__dtolnay_rust-toolchain.__run_3;outcome=success;conclusion=success;duration_ms=76]
2026-10-03T21:08:32.9384067Z ##[start-action display=rustup toolchain install stable;id=__dtolnay_rust-toolchain.__run_4]
2026-10-03T21:08:32.9538145Z ##[group]Run log=$(mktemp)
2026-10-03T21:08:32.9538422Z [36;1mlog=$(mktemp)[0m
2026-10-03T21:08:32.9538643Z [36;1mtrap 'rm -f "$log"' EXIT[0m
2026-10-03T21:08:32.9538905Z [36;1mfor attempt in 1 2 3 4 5; do[0m
2026-10-03T21:08:32.9540292Z [36;1m  if rustup toolchain install stable --component clippy --profile minimal --no-self-update --force-non-host 2>&1 | tee "$log"; then[0m
2026-10-03T21:08:32.9540956Z [36;1m    break[0m
2026-10-03T21:08:32.9541148Z [36;1m  else[0m
2026-10-03T21:08:32.9541337Z [36;1m    status=$?[0m
2026-10-03T21:08:32.9541547Z [36;1m  fi[0m
2026-10-03T21:08:32.9541818Z [36;1m  if [[ $attempt == 5 ]] || ! grep -Fq 'checksum failed for ' "$log" \[0m
2026-10-03T21:08:32.9542384Z [36;1m      || ! grep -Fq 'this is likely due to an ongoing update of the official release server' "$log"; then[0m
2026-10-03T21:08:32.9542834Z [36;1m    exit "$status"[0m
2026-10-03T21:08:32.9543048Z [36;1m  fi[0m
2026-10-03T21:08:32.9543390Z [36;1m  echo "Retrying rustup toolchain install in 30 seconds (retry $attempt of 4)" >&2[0m
2026-10-03T21:08:32.9543800Z [36;1m  sleep 30[0m
2026-10-03T21:08:32.9543978Z [36;1mdone[0m
2026-10-03T21:08:32.9561654Z shell: C:\Program Files\Git\bin\bash.EXE --noprofile --norc -e -o pipefail {0}
2026-10-03T21:08:32.9562065Z env:
2026-10-03T21:08:32.9562253Z   PL_WINDOWS_TOOLCHAIN: stable
2026-10-03T21:08:32.9562485Z   PYTHONUTF8: 1
2026-10-03T21:08:32.9562683Z   RUSTUP_TOOLCHAIN: stable
2026-10-03T21:08:32.9562894Z   CARGO_BUILD_JOBS: 2
2026-10-03T21:08:32.9563096Z   CARGO_PROFILE_DEV_DEBUG: 0
2026-10-03T21:08:32.9563324Z   CARGO_PROFILE_TEST_DEBUG: 0
2026-10-03T21:08:32.9563546Z   CARGO_INCREMENTAL: 0
2026-10-03T21:08:32.9563754Z   CARGO_TERM_COLOR: never
2026-10-03T21:08:32.9563979Z   CARGO_HOME: C:\Users\runneradmin\.cargo
2026-10-03T21:08:32.9564243Z   RUSTUP_PERMIT_COPY_RENAME: 1
2026-10-03T21:08:32.9564454Z ##[endgroup]
2026-10-03T21:08:36.4907807Z info: syncing channel updates for stable-x86_64-pc-windows-msvc
2026-10-03T21:08:37.0611363Z info: latest update on 2026-10-01 for version 1.99.0 (b940084d7 2026-09-28)
2026-10-03T21:08:37.0928021Z info: removing previous version of component rustfmt
2026-10-03T21:08:37.1088052Z info: removing previous version of component clippy
2026-10-03T21:08:37.1404345Z info: removing previous version of component rust-std for target x86_64-pc-windows-gnu
2026-10-03T21:08:37.2673005Z info: removing previous version of component rust-std for target i686-pc-windows-msvc
2026-10-03T21:08:37.3464803Z info: removing previous version of component cargo
2026-10-03T21:08:37.4278104Z info: removing previous version of component rust-std
2026-10-03T21:08:37.5209074Z info: removing previous version of component rustc
2026-10-03T21:08:37.6637017Z info: downloading 7 components
2026-10-03T21:08:51.8141911Z 
2026-10-03T21:08:51.8462424Z   stable-x86_64-pc-windows-msvc updated - rustc 1.99.0 (b940084d7 2026-09-28) (from rustc 1.98.1 (48a229cea 2026-09-01))
2026-10-03T21:08:51.8463053Z 
2026-10-03T21:08:51.8977742Z ##[end-action id=__dtolnay_rust-toolchain.__run_4;outcome=success;conclusion=success;duration_ms=18959]
2026-10-03T21:08:51.8984957Z ##[start-action display=rustup default stable;id=__dtolnay_rust-toolchain.__run_5]
2026-10-03T21:08:51.9140757Z ##[group]Run rustup default stable --force-non-host
2026-10-03T21:08:51.9141140Z [36;1mrustup default stable --force-non-host[0m
2026-10-03T21:08:51.9157329Z shell: C:\Program Files\Git\bin\bash.EXE --noprofile --norc -e -o pipefail {0}
2026-10-03T21:08:51.9157733Z env:
2026-10-03T21:08:51.9157917Z   PL_WINDOWS_TOOLCHAIN: stable
2026-10-03T21:08:51.9158157Z   PYTHONUTF8: 1
2026-10-03T21:08:51.9158649Z   RUSTUP_TOOLCHAIN: stable
2026-10-03T21:08:51.9158871Z   CARGO_BUILD_JOBS: 2
2026-10-03T21:08:51.9159079Z   CARGO_PROFILE_DEV_DEBUG: 0
2026-10-03T21:08:51.9159301Z   CARGO_PROFILE_TEST_DEBUG: 0
2026-10-03T21:08:51.9159527Z   CARGO_INCREMENTAL: 0
2026-10-03T21:08:51.9159720Z   CARGO_TERM_COLOR: never
2026-10-03T21:08:51.9159951Z   CARGO_HOME: C:\Users\runneradmin\.cargo
2026-10-03T21:08:51.9160198Z ##[endgroup]
2026-10-03T21:08:51.9958117Z info: using existing install for stable-x86_64-pc-windows-msvc
2026-10-03T21:08:52.0006958Z info: default toolchain set to stable-x86_64-pc-windows-msvc
2026-10-03T21:08:52.0007770Z 
2026-10-03T21:08:52.0235867Z   stable-x86_64-pc-windows-msvc unchanged - rustc 1.99.0 (b940084d7 2026-09-28)
2026-10-03T21:08:52.0236681Z info: note that the toolchain 'stable-x86_64-pc-windows-msvc' is currently in use (overridden by environment variable RUSTUP_TOOLCHAIN)
2026-10-03T21:08:52.0237215Z 
2026-10-03T21:08:52.0333001Z ##[end-action id=__dtolnay_rust-toolchain.__run_5;outcome=success;conclusion=success;duration_ms=134]
2026-10-03T21:08:52.0335800Z ##[start-action display=Create cachekey;id=__dtolnay_rust-toolchain.rustc-version]
2026-10-03T21:08:52.0482077Z ##[group]Run DATE=$(rustc +stable --version --verbose | sed -ne 's/^commit-date: \(20[0-9][0-9]\)-\([01][0-9]\)-\([0-3][0-9]\)$/\1\2\3/p')
2026-10-03T21:08:52.0482912Z [36;1mDATE=$(rustc +stable --version --verbose | sed -ne 's/^commit-date: \(20[0-9][0-9]\)-\([01][0-9]\)-\([0-3][0-9]\)$/\1\2\3/p')[0m
2026-10-03T21:08:52.0483554Z [36;1mHASH=$(rustc +stable --version --verbose | sed -ne 's/^commit-hash: //p')[0m
2026-10-03T21:08:52.0484064Z [36;1mecho "cachekey=$(echo $DATE$HASH | head -c12)" >> $GITHUB_OUTPUT[0m
2026-10-03T21:08:52.0500608Z shell: C:\Program Files\Git\bin\bash.EXE --noprofile --norc -e -o pipefail {0}
2026-10-03T21:08:52.0501016Z env:
2026-10-03T21:08:52.0501204Z   PL_WINDOWS_TOOLCHAIN: stable
2026-10-03T21:08:52.0501446Z   PYTHONUTF8: 1
2026-10-03T21:08:52.0501647Z   RUSTUP_TOOLCHAIN: stable
2026-10-03T21:08:52.0501861Z   CARGO_BUILD_JOBS: 2
2026-10-03T21:08:52.0502068Z   CARGO_PROFILE_DEV_DEBUG: 0
2026-10-03T21:08:52.0502289Z   CARGO_PROFILE_TEST_DEBUG: 0
2026-10-03T21:08:52.0502504Z   CARGO_INCREMENTAL: 0
2026-10-03T21:08:52.0502703Z   CARGO_TERM_COLOR: never
2026-10-03T21:08:52.0502927Z   CARGO_HOME: C:\Users\runneradmin\.cargo
2026-10-03T21:08:52.0503178Z ##[endgroup]
2026-10-03T21:08:52.8685447Z ##[end-action id=__dtolnay_rust-toolchain.rustc-version;outcome=success;conclusion=success;duration_ms=834]
2026-10-03T21:08:52.8690892Z ##[start-action display=Disable incremental compilation;id=__dtolnay_rust-toolchain.__run_6]
2026-10-03T21:08:52.8862175Z ##[group]Run if [ -z "${CARGO_INCREMENTAL+set}" ]; then
2026-10-03T21:08:52.8862783Z [36;1mif [ -z "${CARGO_INCREMENTAL+set}" ]; then[0m
2026-10-03T21:08:52.8863289Z [36;1m  echo CARGO_INCREMENTAL=0 >> $GITHUB_ENV[0m
2026-10-03T21:08:52.8863963Z [36;1mfi[0m
2026-10-03T21:08:52.8885521Z shell: C:\Program Files\Git\bin\bash.EXE --noprofile --norc -e -o pipefail {0}
2026-10-03T21:08:52.8886170Z env:
2026-10-03T21:08:52.8886458Z   PL_WINDOWS_TOOLCHAIN: stable
2026-10-03T21:08:52.8886822Z   PYTHONUTF8: 1
2026-10-03T21:08:52.8887115Z   RUSTUP_TOOLCHAIN: stable
2026-10-03T21:08:52.8887444Z   CARGO_BUILD_JOBS: 2
2026-10-03T21:08:52.8887757Z   CARGO_PROFILE_DEV_DEBUG: 0
2026-10-03T21:08:52.8888113Z   CARGO_PROFILE_TEST_DEBUG: 0
2026-10-03T21:08:52.8888486Z   CARGO_INCREMENTAL: 0
2026-10-03T21:08:52.8888799Z   CARGO_TERM_COLOR: never
2026-10-03T21:08:52.8889153Z   CARGO_HOME: C:\Users\runneradmin\.cargo
2026-10-03T21:08:52.8889587Z ##[endgroup]
2026-10-03T21:08:52.9387241Z ##[end-action id=__dtolnay_rust-toolchain.__run_6;outcome=success;conclusion=success;duration_ms=69]
2026-10-03T21:08:52.9390433Z ##[start-action display=Enable colors in Cargo output;id=__dtolnay_rust-toolchain.__run_7]
2026-10-03T21:08:52.9543586Z ##[group]Run if [ -z "${CARGO_TERM_COLOR+set}" ]; then
2026-10-03T21:08:52.9543988Z [36;1mif [ -z "${CARGO_TERM_COLOR+set}" ]; then[0m
2026-10-03T21:08:52.9544325Z [36;1m  echo CARGO_TERM_COLOR=always >> $GITHUB_ENV[0m
2026-10-03T21:08:52.9544616Z [36;1mfi[0m
2026-10-03T21:08:52.9562198Z shell: C:\Program Files\Git\bin\bash.EXE --noprofile --norc -e -o pipefail {0}
2026-10-03T21:08:52.9562615Z env:
2026-10-03T21:08:52.9562806Z   PL_WINDOWS_TOOLCHAIN: stable
2026-10-03T21:08:52.9563040Z   PYTHONUTF8: 1
2026-10-03T21:08:52.9563239Z   RUSTUP_TOOLCHAIN: stable
2026-10-03T21:08:52.9563444Z   CARGO_BUILD_JOBS: 2
2026-10-03T21:08:52.9563647Z   CARGO_PROFILE_DEV_DEBUG: 0
2026-10-03T21:08:52.9564092Z   CARGO_PROFILE_TEST_DEBUG: 0
2026-10-03T21:08:52.9564318Z   CARGO_INCREMENTAL: 0
2026-10-03T21:08:52.9564520Z   CARGO_TERM_COLOR: never
2026-10-03T21:08:52.9564760Z   CARGO_HOME: C:\Users\runneradmin\.cargo
2026-10-03T21:08:52.9565025Z ##[endgroup]
2026-10-03T21:08:53.0048891Z ##[end-action id=__dtolnay_rust-toolchain.__run_7;outcome=success;conclusion=success;duration_ms=65]
2026-10-03T21:08:53.0051908Z ##[start-action display=Enable Cargo sparse registry;id=__dtolnay_rust-toolchain.__run_8]
2026-10-03T21:08:53.0214963Z ##[group]Run # implemented in 1.66, stabilized in 1.68, made default in 1.70
2026-10-03T21:08:53.0215494Z [36;1m# implemented in 1.66, stabilized in 1.68, made default in 1.70[0m
2026-10-03T21:08:53.0216178Z [36;1mif [ -z "${CARGO_REGISTRIES_CRATES_IO_PROTOCOL+set}" -o -f "D:\a\_temp"/.implicit_cargo_registries_crates_io_protocol ]; then[0m
2026-10-03T21:08:53.0216893Z [36;1m  if rustc +stable --version --verbose | grep -q '^release: 1\.6[89]\.'; then[0m
2026-10-03T21:08:53.0217423Z [36;1m    touch "D:\a\_temp"/.implicit_cargo_registries_crates_io_protocol || true[0m
2026-10-03T21:08:53.0217911Z [36;1m    echo CARGO_REGISTRIES_CRATES_IO_PROTOCOL=sparse >> $GITHUB_ENV[0m
2026-10-03T21:08:53.0218393Z [36;1m  elif rustc +stable --version --verbose | grep -q '^release: 1\.6[67]\.'; then[0m
2026-10-03T21:08:53.0218899Z [36;1m    touch "D:\a\_temp"/.implicit_cargo_registries_crates_io_protocol || true[0m
2026-10-03T21:08:53.0219357Z [36;1m    echo CARGO_REGISTRIES_CRATES_IO_PROTOCOL=git >> $GITHUB_ENV[0m
2026-10-03T21:08:53.0219676Z [36;1m  fi[0m
2026-10-03T21:08:53.0219840Z [36;1mfi[0m
2026-10-03T21:08:53.0237358Z shell: C:\Program Files\Git\bin\bash.EXE --noprofile --norc -e -o pipefail {0}
2026-10-03T21:08:53.0237768Z env:
2026-10-03T21:08:53.0237942Z   PL_WINDOWS_TOOLCHAIN: stable
2026-10-03T21:08:53.0238161Z   PYTHONUTF8: 1
2026-10-03T21:08:53.0238339Z   RUSTUP_TOOLCHAIN: stable
2026-10-03T21:08:53.0238549Z   CARGO_BUILD_JOBS: 2
2026-10-03T21:08:53.0238756Z   CARGO_PROFILE_DEV_DEBUG: 0
2026-10-03T21:08:53.0238982Z   CARGO_PROFILE_TEST_DEBUG: 0
2026-10-03T21:08:53.0239193Z   CARGO_INCREMENTAL: 0
2026-10-03T21:08:53.0239388Z   CARGO_TERM_COLOR: never
2026-10-03T21:08:53.0239609Z   CARGO_HOME: C:\Users\runneradmin\.cargo
2026-10-03T21:08:53.0240713Z ##[endgroup]
2026-10-03T21:08:53.2497993Z ##[end-action id=__dtolnay_rust-toolchain.__run_8;outcome=success;conclusion=success;duration_ms=244]
2026-10-03T21:08:53.2501024Z ##[start-action display=Work around spurious network errors in curl 8.0;id=__dtolnay_rust-toolchain.__run_9]
2026-10-03T21:08:53.2659337Z ##[group]Run # https://rust-lang.zulipchat.com/#narrow/stream/246057-t-cargo/topic/timeout.20investigation
2026-10-03T21:08:53.2660146Z [36;1m# https://rust-lang.zulipchat.com/#narrow/stream/246057-t-cargo/topic/timeout.20investigation[0m
2026-10-03T21:08:53.2660787Z [36;1mif rustc +stable --version --verbose | grep -q '^release: 1\.7[01]\.'; then[0m
2026-10-03T21:08:53.2661273Z [36;1m  echo CARGO_HTTP_MULTIPLEXING=false >> $GITHUB_ENV[0m
2026-10-03T21:08:53.2661582Z [36;1mfi[0m
2026-10-03T21:08:53.2678794Z shell: C:\Program Files\Git\bin\bash.EXE --noprofile --norc -e -o pipefail {0}
2026-10-03T21:08:53.2679192Z env:
2026-10-03T21:08:53.2679380Z   PL_WINDOWS_TOOLCHAIN: stable
2026-10-03T21:08:53.2679618Z   PYTHONUTF8: 1
2026-10-03T21:08:53.2679804Z   RUSTUP_TOOLCHAIN: stable
2026-10-03T21:08:53.2680011Z   CARGO_BUILD_JOBS: 2
2026-10-03T21:08:53.2680211Z   CARGO_PROFILE_DEV_DEBUG: 0
2026-10-03T21:08:53.2680424Z   CARGO_PROFILE_TEST_DEBUG: 0
2026-10-03T21:08:53.2680642Z   CARGO_INCREMENTAL: 0
2026-10-03T21:08:53.2680834Z   CARGO_TERM_COLOR: never
2026-10-03T21:08:53.2681054Z   CARGO_HOME: C:\Users\runneradmin\.cargo
2026-10-03T21:08:53.2681317Z ##[endgroup]
2026-10-03T21:08:53.3923453Z ##[end-action id=__dtolnay_rust-toolchain.__run_9;outcome=success;conclusion=success;duration_ms=142]
2026-10-03T21:08:53.3928992Z ##[start-action display=rustc +stable --version --verbose;id=__dtolnay_rust-toolchain.__run_10]
2026-10-03T21:08:53.4094304Z ##[group]Run rustc +stable --version --verbose
2026-10-03T21:08:53.4094751Z [36;1mrustc +stable --version --verbose[0m
2026-10-03T21:08:53.4111749Z shell: C:\Program Files\Git\bin\bash.EXE --noprofile --norc -e -o pipefail {0}
2026-10-03T21:08:53.4112241Z env:
2026-10-03T21:08:53.4112500Z   PL_WINDOWS_TOOLCHAIN: stable
2026-10-03T21:08:53.4112827Z   PYTHONUTF8: 1
2026-10-03T21:08:53.4113114Z   RUSTUP_TOOLCHAIN: stable
2026-10-03T21:08:53.4113444Z   CARGO_BUILD_JOBS: 2
2026-10-03T21:08:53.4113806Z   CARGO_PROFILE_DEV_DEBUG: 0
2026-10-03T21:08:53.4114085Z   CARGO_PROFILE_TEST_DEBUG: 0
2026-10-03T21:08:53.4114379Z   CARGO_INCREMENTAL: 0
2026-10-03T21:08:53.4114644Z   CARGO_TERM_COLOR: never
2026-10-03T21:08:53.4114945Z   CARGO_HOME: C:\Users\runneradmin\.cargo
2026-10-03T21:08:53.4115307Z ##[endgroup]
2026-10-03T21:08:53.5079474Z rustc 1.99.0 (b940084d7 2026-09-28)
2026-10-03T21:08:53.5080413Z binary: rustc
2026-10-03T21:08:53.5080952Z commit-hash: b940084d7eb6a299eb4bfeb8e34901bc051e7ac4
2026-10-03T21:08:53.5081500Z commit-date: 2026-09-28
2026-10-03T21:08:53.5081892Z host: x86_64-pc-windows-msvc
2026-10-03T21:08:53.5082263Z release: 1.99.0
2026-10-03T21:08:53.5083547Z LLVM version: 23.1.1
2026-10-03T21:08:53.5230722Z ##[end-action id=__dtolnay_rust-toolchain.__run_10;outcome=success;conclusion=success;duration_ms=130]
2026-10-03T21:08:53.5477121Z ##[group]Run actions/setup-python@v6
2026-10-03T21:08:53.5477460Z with:
2026-10-03T21:08:53.5477648Z   python-version: 3.13
2026-10-03T21:08:53.5477866Z   check-latest: false
2026-10-03T21:08:53.5480368Z   token: ***
2026-10-03T21:08:53.5480565Z   update-environment: true
2026-10-03T21:08:53.5480791Z   allow-prereleases: false
2026-10-03T21:08:53.5481002Z   freethreaded: false
2026-10-03T21:08:53.5481178Z env:
2026-10-03T21:08:53.5481340Z   PL_WINDOWS_TOOLCHAIN: stable
2026-10-03T21:08:53.5481550Z   PYTHONUTF8: 1
2026-10-03T21:08:53.5481726Z   RUSTUP_TOOLCHAIN: stable
2026-10-03T21:08:53.5481919Z   CARGO_BUILD_JOBS: 2
2026-10-03T21:08:53.5482103Z   CARGO_PROFILE_DEV_DEBUG: 0
2026-10-03T21:08:53.5482311Z   CARGO_PROFILE_TEST_DEBUG: 0
2026-10-03T21:08:53.5482515Z   CARGO_INCREMENTAL: 0
2026-10-03T21:08:53.5482705Z   CARGO_TERM_COLOR: never
2026-10-03T21:08:53.5482918Z   CARGO_HOME: C:\Users\runneradmin\.cargo
2026-10-03T21:08:53.5483406Z ##[endgroup]
2026-10-03T21:08:53.7269897Z ##[group]Installed versions
2026-10-03T21:08:53.7520241Z Successfully set up CPython (3.13.15)
2026-10-03T21:08:53.7521208Z ##[endgroup]
2026-10-03T21:08:53.7816099Z ##[group]Run $candidates = @(
2026-10-03T21:08:53.7816654Z [36;1m$candidates = @([0m
2026-10-03T21:08:53.7816934Z [36;1m  "$env:ProgramFiles\OpenSSL\bin\openssl.exe",[0m
2026-10-03T21:08:53.7817729Z [36;1m  "$env:ProgramFiles\OpenSSL-Win64\bin\openssl.exe",[0m
2026-10-03T21:08:53.7818102Z [36;1m  "$env:ProgramFiles\Git\usr\bin\openssl.exe"[0m
2026-10-03T21:08:53.7818383Z [36;1m)[0m
2026-10-03T21:08:53.7818584Z [36;1m$selected = $null[0m
2026-10-03T21:08:53.7818829Z [36;1mforeach ($candidate in $candidates) {[0m
2026-10-03T21:08:53.7819119Z [36;1m  if (Test-Path $candidate) {[0m
2026-10-03T21:08:53.7819435Z [36;1m    $version = (& $candidate version | Out-String).Trim()[0m
2026-10-03T21:08:53.7819870Z [36;1m    if ($LASTEXITCODE -eq 0 -and $version -match '^OpenSSL 3\.') {[0m
2026-10-03T21:08:53.7820265Z [36;1m      $selected = $candidate[0m
2026-10-03T21:08:53.7820503Z [36;1m      break[0m
2026-10-03T21:08:53.7820689Z [36;1m    }[0m
2026-10-03T21:08:53.7820895Z [36;1m  }[0m
2026-10-03T21:08:53.7821058Z [36;1m}[0m
2026-10-03T21:08:53.7821476Z [36;1mif (-not $selected) { throw 'OpenSSL 3 fixture prerequisite unavailable; Windows remains unqualified' }[0m
2026-10-03T21:08:53.7822177Z [36;1mSplit-Path $selected -Parent | Out-File -FilePath $env:GITHUB_PATH -Encoding utf8 -Append[0m
2026-10-03T21:08:53.7822624Z [36;1m& $selected version[0m
2026-10-03T21:08:53.8426476Z shell: C:\Program Files\PowerShell\7\pwsh.EXE -command ". '{0}'"
2026-10-03T21:08:53.8426997Z env:
2026-10-03T21:08:53.8427267Z   PL_WINDOWS_TOOLCHAIN: stable
2026-10-03T21:08:53.8427600Z   PYTHONUTF8: 1
2026-10-03T21:08:53.8427873Z   RUSTUP_TOOLCHAIN: stable
2026-10-03T21:08:53.8428182Z   CARGO_BUILD_JOBS: 2
2026-10-03T21:08:53.8444492Z   CARGO_PROFILE_DEV_DEBUG: 0
2026-10-03T21:08:53.8444928Z   CARGO_PROFILE_TEST_DEBUG: 0
2026-10-03T21:08:53.8445337Z   CARGO_INCREMENTAL: 0
2026-10-03T21:08:53.8445702Z   CARGO_TERM_COLOR: never
2026-10-03T21:08:53.8446381Z   CARGO_HOME: C:\Users\runneradmin\.cargo
2026-10-03T21:08:53.8447026Z   pythonLocation: C:\hostedtoolcache\windows\Python\3.13.15\x64
2026-10-03T21:08:53.8447664Z   PKG_CONFIG_PATH: C:\hostedtoolcache\windows\Python\3.13.15\x64/lib/pkgconfig
2026-10-03T21:08:53.8448274Z   Python_ROOT_DIR: C:\hostedtoolcache\windows\Python\3.13.15\x64
2026-10-03T21:08:53.8448818Z   Python2_ROOT_DIR: C:\hostedtoolcache\windows\Python\3.13.15\x64
2026-10-03T21:08:53.8449350Z   Python3_ROOT_DIR: C:\hostedtoolcache\windows\Python\3.13.15\x64
2026-10-03T21:08:53.8449763Z ##[endgroup]
2026-10-03T21:08:54.8782564Z OpenSSL 3.6.4 25 Aug 2026 (Library: OpenSSL 3.6.4 25 Aug 2026)
2026-10-03T21:08:54.9531056Z ##[group]Run bash scripts/ci-windows.sh capture
2026-10-03T21:08:54.9531630Z [36;1mbash scripts/ci-windows.sh capture[0m
2026-10-03T21:08:54.9565302Z shell: C:\Program Files\Git\bin\bash.EXE --noprofile --norc -e -o pipefail {0}
2026-10-03T21:08:54.9566006Z env:
2026-10-03T21:08:54.9566291Z   PL_WINDOWS_TOOLCHAIN: stable
2026-10-03T21:08:54.9566667Z   PYTHONUTF8: 1
2026-10-03T21:08:54.9566990Z   RUSTUP_TOOLCHAIN: stable
2026-10-03T21:08:54.9567349Z   CARGO_BUILD_JOBS: 2
2026-10-03T21:08:54.9567694Z   CARGO_PROFILE_DEV_DEBUG: 0
2026-10-03T21:08:54.9568089Z   CARGO_PROFILE_TEST_DEBUG: 0
2026-10-03T21:08:54.9568481Z   CARGO_INCREMENTAL: 0
2026-10-03T21:08:54.9568825Z   CARGO_TERM_COLOR: never
2026-10-03T21:08:54.9569218Z   CARGO_HOME: C:\Users\runneradmin\.cargo
2026-10-03T21:08:54.9569821Z   pythonLocation: C:\hostedtoolcache\windows\Python\3.13.15\x64
2026-10-03T21:08:54.9570645Z   PKG_CONFIG_PATH: C:\hostedtoolcache\windows\Python\3.13.15\x64/lib/pkgconfig
2026-10-03T21:08:54.9571980Z   Python_ROOT_DIR: C:\hostedtoolcache\windows\Python\3.13.15\x64
2026-10-03T21:08:54.9573030Z   Python2_ROOT_DIR: C:\hostedtoolcache\windows\Python\3.13.15\x64
2026-10-03T21:08:54.9573771Z   Python3_ROOT_DIR: C:\hostedtoolcache\windows\Python\3.13.15\x64
2026-10-03T21:08:54.9574334Z ##[endgroup]
2026-10-03T21:08:57.9055823Z {
2026-10-03T21:08:57.9056608Z   "system": "Windows",
2026-10-03T21:08:57.9056953Z   "machine": "AMD64",
2026-10-03T21:08:57.9057167Z   "pointer_bits": 64,
2026-10-03T21:08:57.9057383Z   "windows_release": "2025Server",
2026-10-03T21:08:57.9057624Z   "windows_version": "10.0.26100",
2026-10-03T21:08:57.9057858Z   "python_version": "3.13.15",
2026-10-03T21:08:57.9058078Z   "python_utf8_mode": 1,
2026-10-03T21:08:57.9058295Z   "bash_version": "5.3.15(2)-release",
2026-10-03T21:08:57.9058606Z   "bash_executable": "C:/Program Files/Git/usr/bin/bash.exe",
2026-10-03T21:08:57.9058942Z   "requested_toolchain": "stable",
2026-10-03T21:08:57.9059836Z   "rustc_verbose": "rustc 1.99.0 (b940084d7 2026-09-28)\nbinary: rustc\ncommit-hash: b940084d7eb6a299eb4bfeb8e34901bc051e7ac4\ncommit-date: 2026-09-28\nhost: x86_64-pc-windows-msvc\nrelease: 1.99.0\nLLVM version: 23.1.1",
2026-10-03T21:08:57.9060716Z   "rustc_release": "1.99.0",
2026-10-03T21:08:57.9060953Z   "rustc_host": "x86_64-pc-windows-msvc",
2026-10-03T21:08:57.9061251Z   "cargo_version": "cargo 1.99.0 (5f94df478 2026-08-27)",
2026-10-03T21:08:57.9061669Z   "openssl_version": "OpenSSL 3.5.7 9 Jun 2026 (Library: OpenSSL 3.5.7 9 Jun 2026)",
2026-10-03T21:08:57.9062171Z   "openssl_executable": "C:\\Program Files\\Git\\mingw64\\bin\\openssl.EXE",
2026-10-03T21:08:57.9062593Z   "source_sha": "b8148087f08b205d7d19fd0be10994ebcd1fcc3a",
2026-10-03T21:08:57.9063299Z   "artifact_name": "windows-stable-rust1.99.0-os10.0.26100-ssl3.5.7-py3.13.15-utf81-bash5.3.15-partial-b8148087f08b205d7d19fd0be10994ebcd1fcc3a"
2026-10-03T21:08:57.9063935Z }
2026-10-03T21:08:58.3022388Z .............
2026-10-03T21:08:58.3022965Z ----------------------------------------------------------------------
2026-10-03T21:08:58.3023344Z Ran 13 tests in 0.002s
2026-10-03T21:08:58.3023499Z 
2026-10-03T21:08:58.3023563Z OK
2026-10-03T21:08:58.3410239Z ##[group]Run bash scripts/ci-windows.sh default
2026-10-03T21:08:58.3410672Z [36;1mbash scripts/ci-windows.sh default[0m
2026-10-03T21:08:58.3428830Z shell: C:\Program Files\Git\bin\bash.EXE --noprofile --norc -e -o pipefail {0}
2026-10-03T21:08:58.3429228Z env:
2026-10-03T21:08:58.3429405Z   PL_WINDOWS_TOOLCHAIN: stable
2026-10-03T21:08:58.3429624Z   PYTHONUTF8: 1
2026-10-03T21:08:58.3429803Z   RUSTUP_TOOLCHAIN: stable
2026-10-03T21:08:58.3430004Z   CARGO_BUILD_JOBS: 2
2026-10-03T21:08:58.3430194Z   CARGO_PROFILE_DEV_DEBUG: 0
2026-10-03T21:08:58.3430402Z   CARGO_PROFILE_TEST_DEBUG: 0
2026-10-03T21:08:58.3430605Z   CARGO_INCREMENTAL: 0
2026-10-03T21:08:58.3430793Z   CARGO_TERM_COLOR: never
2026-10-03T21:08:58.3431007Z   CARGO_HOME: C:\Users\runneradmin\.cargo
2026-10-03T21:08:58.3431341Z   pythonLocation: C:\hostedtoolcache\windows\Python\3.13.15\x64
2026-10-03T21:08:58.3431783Z   PKG_CONFIG_PATH: C:\hostedtoolcache\windows\Python\3.13.15\x64/lib/pkgconfig
2026-10-03T21:08:58.3432297Z   Python_ROOT_DIR: C:\hostedtoolcache\windows\Python\3.13.15\x64
2026-10-03T21:08:58.3432702Z   Python2_ROOT_DIR: C:\hostedtoolcache\windows\Python\3.13.15\x64
2026-10-03T21:08:58.3433091Z   Python3_ROOT_DIR: C:\hostedtoolcache\windows\Python\3.13.15\x64
2026-10-03T21:08:58.3433395Z ##[endgroup]
2026-10-03T21:08:58.6668917Z     Updating crates.io index
2026-10-03T21:08:58.9527740Z  Downloading crates ...
2026-10-03T21:08:59.0490947Z   Downloaded block-buffer v0.12.1
2026-10-03T21:08:59.0643217Z   Downloaded const-oid v0.10.2
2026-10-03T21:08:59.1276523Z   Downloaded adler2 v2.0.1
2026-10-03T21:08:59.1276919Z   Downloaded cpufeatures v0.3.1
2026-10-03T21:08:59.1432690Z   Downloaded tokio-rustls v0.26.5
2026-10-03T21:08:59.1592677Z   Downloaded bytes v1.12.1
2026-10-03T21:08:59.1908565Z   Downloaded digest v0.11.3
2026-10-03T21:08:59.2066831Z   Downloaded semver v1.0.28
2026-10-03T21:08:59.2384656Z   Downloaded cmov v0.5.4
2026-10-03T21:08:59.2544175Z   Downloaded getrandom v0.2.17
2026-10-03T21:08:59.2860807Z   Downloaded typenum v1.20.1
2026-10-03T21:08:59.3176963Z   Downloaded base64 v0.23.1
2026-10-03T21:08:59.3493350Z   Downloaded cc v1.4.4
2026-10-03T21:08:59.3811353Z   Downloaded crc32fast v1.5.1
2026-10-03T21:08:59.3989726Z   Downloaded parking_lot v0.12.5
2026-10-03T21:08:59.4286259Z   Downloaded crypto-common v0.2.2
2026-10-03T21:08:59.4444296Z   Downloaded crc32c v0.6.8
2026-10-03T21:08:59.4603011Z   Downloaded untrusted v0.9.0
2026-10-03T21:08:59.4783001Z   Downloaded flate2 v1.1.10
2026-10-03T21:08:59.5396654Z   Downloaded webpki-roots v1.0.9
2026-10-03T21:08:59.5554601Z   Downloaded proc-macro2 v1.0.107
2026-10-03T21:08:59.5872100Z   Downloaded pbkdf2 v0.13.0
2026-10-03T21:08:59.6030580Z   Downloaded quote v1.0.47
2026-10-03T21:08:59.6348136Z   Downloaded zlib-rs v0.6.8
2026-10-03T21:08:59.6983247Z   Downloaded cfg-if v1.0.4
2026-10-03T21:08:59.7139603Z   Downloaded find-msvc-tools v0.1.11
2026-10-03T21:08:59.7299470Z   Downloaded tokio-macros v2.7.2
2026-10-03T21:08:59.7456761Z   Downloaded rustls-webpki v0.103.15
2026-10-03T21:08:59.7614128Z   Downloaded hmac v0.13.0
2026-10-03T21:08:59.7931812Z   Downloaded sha2 v0.11.0
2026-10-03T21:08:59.8406552Z   Downloaded twox-hash v2.1.2
2026-10-03T21:08:59.8566644Z   Downloaded lz4_flex v0.14.0
2026-10-03T21:08:59.8881445Z   Downloaded parking_lot_core v0.9.12
2026-10-03T21:08:59.9042895Z   Downloaded subtle v2.6.1
2026-10-03T21:08:59.9198403Z   Downloaded ctutils v0.4.2
2026-10-03T21:08:59.9357201Z   Downloaded smallvec v1.15.2
2026-10-03T21:08:59.9514946Z   Downloaded socket2 v0.6.5
2026-10-03T21:08:59.9674364Z   Downloaded getrandom v0.4.3
2026-10-03T21:09:00.0167439Z   Downloaded rustc_version v0.4.1
2026-10-03T21:09:00.0310808Z   Downloaded snap v1.1.2
2026-10-03T21:09:00.0626735Z   Downloaded simd-adler32 v0.3.10
2026-10-03T21:09:00.0784815Z   Downloaded hybrid-array v0.4.14
2026-10-03T21:09:00.1107716Z   Downloaded rustls v0.23.45
2026-10-03T21:09:00.2209339Z   Downloaded once_cell v1.21.4
2026-10-03T21:09:00.2521579Z   Downloaded zeroize v1.9.0
2026-10-03T21:09:00.2840253Z   Downloaded lock_api v0.4.14
2026-10-03T21:09:00.3001793Z   Downloaded shlex v2.0.1
2026-10-03T21:09:00.3157925Z   Downloaded tokio v1.53.1
2026-10-03T21:09:01.4473038Z   Downloaded unicode-ident v1.0.24
2026-10-03T21:09:01.4790086Z   Downloaded miniz_oxide v0.9.1
2026-10-03T21:09:01.4948595Z   Downloaded scopeguard v1.2.0
2026-10-03T21:09:01.5108726Z   Downloaded pin-project-lite v0.2.17
2026-10-03T21:09:01.5899193Z   Downloaded syn v3.0.4
2026-10-03T21:09:01.7009664Z   Downloaded mio v1.2.2
2026-10-03T21:09:01.7643006Z   Downloaded rustls-pki-types v1.15.1
2026-10-03T21:09:02.0813593Z   Downloaded windows-link v0.2.1
2026-10-03T21:09:02.0970852Z   Downloaded ring v0.17.14
2026-10-03T21:09:03.4909249Z   Downloaded windows-sys v0.61.2
2026-10-03T21:09:05.5182911Z    Compiling cfg-if v1.0.4
2026-10-03T21:09:05.5183750Z    Compiling shlex v2.0.1
2026-10-03T21:09:05.5820208Z    Compiling find-msvc-tools v0.1.11
2026-10-03T21:09:05.7095713Z    Compiling windows-link v0.2.1
2026-10-03T21:09:05.7574552Z    Compiling proc-macro2 v1.0.107
2026-10-03T21:09:06.4870359Z    Compiling cc v1.4.4
2026-10-03T21:09:07.8696632Z    Compiling typenum v1.20.1
2026-10-03T21:09:08.1551632Z    Compiling ring v0.17.14
2026-10-03T21:09:08.9496390Z    Compiling quote v1.0.47
2026-10-03T21:09:09.1086527Z    Compiling hybrid-array v0.4.14
2026-10-03T21:09:09.1876919Z    Compiling unicode-ident v1.0.24
2026-10-03T21:09:09.9832529Z    Compiling cmov v0.5.4
2026-10-03T21:09:10.1891387Z    Compiling zeroize v1.9.0
2026-10-03T21:09:10.3473764Z    Compiling rustls-pki-types v1.15.1
2026-10-03T21:09:10.8086237Z    Compiling ctutils v0.4.2
2026-10-03T21:09:11.2836824Z    Compiling block-buffer v0.12.1
2026-10-03T21:09:11.4091907Z    Compiling crypto-common v0.2.2
2026-10-03T21:09:12.6159695Z    Compiling windows-sys v0.61.2
2026-10-03T21:09:12.9811027Z    Compiling getrandom v0.2.17
2026-10-03T21:09:13.0765631Z    Compiling const-oid v0.10.2
2026-10-03T21:09:13.2679824Z    Compiling semver v1.0.28
2026-10-03T21:09:13.6171977Z    Compiling untrusted v0.9.0
2026-10-03T21:09:15.7648245Z    Compiling rustc_version v0.4.1
2026-10-03T21:09:15.9559610Z    Compiling digest v0.11.3
2026-10-03T21:09:16.0554475Z    Compiling syn v3.0.4
2026-10-03T21:09:16.1189628Z    Compiling parking_lot_core v0.9.12
2026-10-03T21:09:16.3377171Z    Compiling crc32fast v1.5.1
2026-10-03T21:09:16.5600182Z    Compiling rustls v0.23.45
2026-10-03T21:09:16.7820502Z    Compiling crc32c v0.6.8
2026-10-03T21:09:17.0362725Z    Compiling mio v1.2.2
2026-10-03T21:09:17.8162328Z    Compiling socket2 v0.6.5
2026-10-03T21:09:18.2615509Z    Compiling rustls-webpki v0.103.15
2026-10-03T21:09:19.3587192Z    Compiling adler2 v2.0.1
2026-10-03T21:09:19.4544577Z    Compiling simd-adler32 v0.3.10
2026-10-03T21:09:19.6426342Z    Compiling smallvec v1.15.2
2026-10-03T21:09:19.8495669Z    Compiling scopeguard v1.2.0
2026-10-03T21:09:19.9126213Z    Compiling pin-project-lite v0.2.17
2026-10-03T21:09:19.9760547Z    Compiling subtle v2.6.1
2026-10-03T21:09:20.0865754Z    Compiling snap v1.1.2
2026-10-03T21:09:20.3395588Z    Compiling once_cell v1.21.4
2026-10-03T21:09:20.5460471Z    Compiling bytes v1.12.1
2026-10-03T21:09:20.7202480Z    Compiling tokio-macros v2.7.2
2026-10-03T21:09:21.2603322Z    Compiling getrandom v0.4.3
2026-10-03T21:09:21.4637643Z    Compiling tokio v1.53.1
2026-10-03T21:09:27.6109213Z    Compiling lock_api v0.4.14
2026-10-03T21:09:27.8644942Z    Compiling miniz_oxide v0.9.1
2026-10-03T21:09:28.3589903Z    Compiling hmac v0.13.0
2026-10-03T21:09:28.4858484Z    Compiling zlib-rs v0.6.8
2026-10-03T21:09:28.5977609Z    Compiling cpufeatures v0.3.1
2026-10-03T21:09:28.6457804Z    Compiling twox-hash v2.1.2
2026-10-03T21:09:28.7565491Z    Compiling lz4_flex v0.14.0
2026-10-03T21:09:29.2012272Z    Compiling sha2 v0.11.0
2026-10-03T21:09:30.1377498Z    Compiling pbkdf2 v0.13.0
2026-10-03T21:09:30.3595661Z    Compiling parking_lot v0.12.5
2026-10-03T21:09:31.1221046Z    Compiling tokio-rustls v0.26.5
2026-10-03T21:09:31.4713722Z    Compiling webpki-roots v1.0.9
2026-10-03T21:09:31.5667552Z    Compiling base64 v0.23.1
2026-10-03T21:09:31.9962723Z    Compiling flate2 v1.1.10
2026-10-03T21:09:32.3611565Z    Compiling partitionline v0.1.0 (D:\a\partitionline\partitionline)
2026-10-03T21:09:51.5499849Z     Finished `dev` profile [unoptimized] target(s) in 52.93s
2026-10-03T21:09:51.7867673Z    Compiling partitionline v0.1.0 (D:\a\partitionline\partitionline)
2026-10-03T21:10:50.3367966Z error[E0382]: borrow of moved value: `producer`
2026-10-03T21:10:50.3370453Z     --> tests\sticky_partitioner.rs:238:17
2026-10-03T21:10:50.3370976Z      |
2026-10-03T21:10:50.3371324Z  206 |     let producer = Producer::new(
2026-10-03T21:10:50.3372159Z      |         -------- move occurs because `producer` has type `Producer`, which does not implement the `Copy` trait
2026-10-03T21:10:50.3373185Z ...
2026-10-03T21:10:50.3373521Z  237 |     producer.close().await.unwrap();
2026-10-03T21:10:50.3374757Z      |              ------- `producer` moved due to this method call
2026-10-03T21:10:50.3375409Z  238 |     let state = producer.__test_sticky_state().unwrap();
2026-10-03T21:10:50.3376006Z      |                 ^^^^^^^^ value borrowed here after move
2026-10-03T21:10:50.3376474Z      |
2026-10-03T21:10:50.3377152Z note: `partitionline::Producer::close` takes ownership of the receiver `self`, which moves `producer`
2026-10-03T21:10:50.3377903Z     --> src\producer.rs:2823:24
2026-10-03T21:10:50.3378230Z      |
2026-10-03T21:10:50.3378549Z 2823 |     pub async fn close(self) -> Result<()> {
2026-10-03T21:10:50.3378977Z      |                        ^^^^
2026-10-03T21:10:50.3379618Z help: you can `clone` the value and consume it, but this might not be your desired behavior
2026-10-03T21:10:50.3380249Z      |
2026-10-03T21:10:50.3380573Z  237 |     producer.clone().close().await.unwrap();
2026-10-03T21:10:50.3381480Z      |             ++++++++
2026-10-03T21:10:50.3381712Z 
2026-10-03T21:10:50.5586581Z For more information about this error, try `rustc --explain E0382`.
2026-10-03T21:10:50.5745357Z error: could not compile `partitionline` (test "sticky_partitioner") due to 1 previous error
2026-10-03T21:10:50.5746409Z warning: build failed, waiting for other jobs to finish...
2026-10-03T21:10:53.8893366Z ##[error]default-tests exited 101: error: could not compile `partitionline` (test "sticky_partitioner") due to 1 previous error
2026-10-03T21:10:53.9030843Z ##[error]Process completed with exit code 101.
2026-10-03T21:10:53.9296686Z ##[group]Run actions/upload-artifact@v4
2026-10-03T21:10:53.9297190Z with:
2026-10-03T21:10:53.9298111Z   name: windows-stable-rust1.99.0-os10.0.26100-ssl3.5.7-py3.13.15-utf81-bash5.3.15-partial-b8148087f08b205d7d19fd0be10994ebcd1fcc3a
2026-10-03T21:10:53.9299190Z   path: target/windows/stable/
2026-10-03T21:10:53.9299579Z   if-no-files-found: error
2026-10-03T21:10:53.9299949Z   retention-days: 30
2026-10-03T21:10:53.9300265Z   compression-level: 6
2026-10-03T21:10:53.9300582Z   overwrite: false
2026-10-03T21:10:53.9300897Z   include-hidden-files: false
2026-10-03T21:10:53.9301243Z env:
2026-10-03T21:10:53.9301512Z   PL_WINDOWS_TOOLCHAIN: stable
2026-10-03T21:10:53.9301864Z   PYTHONUTF8: 1
2026-10-03T21:10:53.9302166Z   RUSTUP_TOOLCHAIN: stable
2026-10-03T21:10:53.9302501Z   CARGO_BUILD_JOBS: 2
2026-10-03T21:10:53.9302820Z   CARGO_PROFILE_DEV_DEBUG: 0
2026-10-03T21:10:53.9303180Z   CARGO_PROFILE_TEST_DEBUG: 0
2026-10-03T21:10:53.9303534Z   CARGO_INCREMENTAL: 0
2026-10-03T21:10:53.9303897Z   CARGO_TERM_COLOR: never
2026-10-03T21:10:53.9304261Z   CARGO_HOME: C:\Users\runneradmin\.cargo
2026-10-03T21:10:53.9304829Z   pythonLocation: C:\hostedtoolcache\windows\Python\3.13.15\x64
2026-10-03T21:10:53.9305582Z   PKG_CONFIG_PATH: C:\hostedtoolcache\windows\Python\3.13.15\x64/lib/pkgconfig
2026-10-03T21:10:53.9306333Z   Python_ROOT_DIR: C:\hostedtoolcache\windows\Python\3.13.15\x64
2026-10-03T21:10:53.9307501Z   Python2_ROOT_DIR: C:\hostedtoolcache\windows\Python\3.13.15\x64
2026-10-03T21:10:53.9308189Z   Python3_ROOT_DIR: C:\hostedtoolcache\windows\Python\3.13.15\x64
2026-10-03T21:10:53.9308716Z ##[endgroup]
2026-10-03T21:10:54.1520872Z (node:2664) [DEP0040] DeprecationWarning: The `punycode` module is deprecated. Please use a userland alternative instead.
2026-10-03T21:10:54.1521605Z (Use `node --trace-deprecation ...` to show where the warning was created)
2026-10-03T21:10:54.1602112Z With the provided path, there will be 5 files uploaded
2026-10-03T21:10:54.1607806Z Artifact name is valid!
2026-10-03T21:10:54.1610226Z Root directory input is valid!
2026-10-03T21:10:54.5876042Z Beginning upload of artifact content to blob storage
2026-10-03T21:10:54.6220910Z (node:2664) [DEP0169] DeprecationWarning: `url.parse()` behavior is not standardized and prone to errors that have security implications. Use the WHATWG URL API instead. CVEs are not issued for `url.parse()` vulnerabilities.
2026-10-03T21:10:54.8987407Z Uploaded bytes 3276
2026-10-03T21:10:54.9772232Z Finished uploading artifact content to blob storage!
2026-10-03T21:10:54.9773270Z SHA256 digest of uploaded artifact zip is 0aa92fb9e71a5c995e1ba1a6ebb382fa99ef44d99f718e17c0e03bae4e493a97
2026-10-03T21:10:54.9775875Z Finalizing artifact upload
2026-10-03T21:10:55.2378538Z Artifact windows-stable-rust1.99.0-os10.0.26100-ssl3.5.7-py3.13.15-utf81-bash5.3.15-partial-b8148087f08b205d7d19fd0be10994ebcd1fcc3a.zip successfully finalized. Artifact ID 11284554848
2026-10-03T21:10:55.2381543Z Artifact windows-stable-rust1.99.0-os10.0.26100-ssl3.5.7-py3.13.15-utf81-bash5.3.15-partial-b8148087f08b205d7d19fd0be10994ebcd1fcc3a has been successfully uploaded! Final size is 3276 bytes. Artifact ID is 11284554848
2026-10-03T21:10:55.2392158Z Artifact download URL: https://github.com/mingley/partitionline/actions/runs/37153928344/artifacts/11284554848
2026-10-03T21:10:55.2758514Z Post job cleanup.
2026-10-03T21:10:55.4968481Z [command]"C:\Program Files\Git\bin\git.exe" version
2026-10-03T21:10:55.5287403Z git version 2.55.0.windows.5
2026-10-03T21:10:55.5357280Z Temporarily overriding HOME='D:\a\_temp\37b18111-28c6-431d-8ca1-cb9413646c20' before making global git config changes
2026-10-03T21:10:55.5359160Z Adding repository directory to the temporary git global config as a safe directory
2026-10-03T21:10:55.5370341Z [command]"C:\Program Files\Git\bin\git.exe" config --global --add safe.directory D:\a\partitionline\partitionline
2026-10-03T21:10:55.5702185Z Removing SSH command configuration
2026-10-03T21:10:55.5713270Z [command]"C:\Program Files\Git\bin\git.exe" config --local --name-only --get-regexp core\.sshCommand
2026-10-03T21:10:55.6058423Z [command]"C:\Program Files\Git\bin\git.exe" submodule foreach --recursive "sh -c \"git config --local --name-only --get-regexp 'core\.sshCommand' && git config --local --unset-all 'core.sshCommand' || :\""
2026-10-03T21:10:56.2232520Z Removing HTTP extra header
2026-10-03T21:10:56.2243977Z [command]"C:\Program Files\Git\bin\git.exe" config --local --name-only --get-regexp http\.https\:\/\/github\.com\/\.extraheader
2026-10-03T21:10:56.2623626Z [command]"C:\Program Files\Git\bin\git.exe" submodule foreach --recursive "sh -c \"git config --local --name-only --get-regexp 'http\.https\:\/\/github\.com\/\.extraheader' && git config --local --unset-all 'http.https://github.com/.extraheader' || :\""
2026-10-03T21:10:56.8783714Z Removing includeIf entries pointing to credentials config files
2026-10-03T21:10:56.8796711Z [command]"C:\Program Files\Git\bin\git.exe" config --local --name-only --get-regexp ^includeIf\.gitdir:
2026-10-03T21:10:56.9092561Z includeif.gitdir:D:/a/partitionline/partitionline/.git.path
2026-10-03T21:10:56.9093385Z includeif.gitdir:D:/a/partitionline/partitionline/.git/worktrees/*.path
2026-10-03T21:10:56.9094382Z includeif.gitdir:/github/workspace/.git.path
2026-10-03T21:10:56.9094975Z includeif.gitdir:/github/workspace/.git/worktrees/*.path
2026-10-03T21:10:56.9148240Z [command]"C:\Program Files\Git\bin\git.exe" config --local --get-all includeif.gitdir:D:/a/partitionline/partitionline/.git.path
2026-10-03T21:10:56.9446095Z D:\a\_temp\git-credentials-53e0a543-c06a-49ca-aa9d-7e476f1e22b8.config
2026-10-03T21:10:56.9497067Z [command]"C:\Program Files\Git\bin\git.exe" config --local --unset includeif.gitdir:D:/a/partitionline/partitionline/.git.path D\:\\a\\_temp\\git\-credentials\-53e0a543\-c06a\-49ca\-aa9d\-7e476f1e22b8\.config
2026-10-03T21:10:56.9904820Z [command]"C:\Program Files\Git\bin\git.exe" config --local --get-all includeif.gitdir:D:/a/partitionline/partitionline/.git/worktrees/*.path
2026-10-03T21:10:57.0195815Z D:\a\_temp\git-credentials-53e0a543-c06a-49ca-aa9d-7e476f1e22b8.config
2026-10-03T21:10:57.0245504Z [command]"C:\Program Files\Git\bin\git.exe" config --local --unset includeif.gitdir:D:/a/partitionline/partitionline/.git/worktrees/*.path D\:\\a\\_temp\\git\-credentials\-53e0a543\-c06a\-49ca\-aa9d\-7e476f1e22b8\.config
2026-10-03T21:10:57.0591198Z [command]"C:\Program Files\Git\bin\git.exe" config --local --get-all includeif.gitdir:/github/workspace/.git.path
2026-10-03T21:10:57.0883502Z /github/runner_temp/git-credentials-53e0a543-c06a-49ca-aa9d-7e476f1e22b8.config
2026-10-03T21:10:57.0929718Z [command]"C:\Program Files\Git\bin\git.exe" config --local --unset includeif.gitdir:/github/workspace/.git.path \/github\/runner_temp\/git\-credentials\-53e0a543\-c06a\-49ca\-aa9d\-7e476f1e22b8\.config
2026-10-03T21:10:57.1269673Z [command]"C:\Program Files\Git\bin\git.exe" config --local --get-all includeif.gitdir:/github/workspace/.git/worktrees/*.path
2026-10-03T21:10:57.1551161Z /github/runner_temp/git-credentials-53e0a543-c06a-49ca-aa9d-7e476f1e22b8.config
2026-10-03T21:10:57.1601054Z [command]"C:\Program Files\Git\bin\git.exe" config --local --unset includeif.gitdir:/github/workspace/.git/worktrees/*.path \/github\/runner_temp\/git\-credentials\-53e0a543\-c06a\-49ca\-aa9d\-7e476f1e22b8\.config
2026-10-03T21:10:57.1937964Z [command]"C:\Program Files\Git\bin\git.exe" submodule foreach --recursive "git config --local --show-origin --name-only --get-regexp remote.origin.url"
2026-10-03T21:10:57.7985977Z Removing credentials config 'D:\a\_temp\git-credentials-53e0a543-c06a-49ca-aa9d-7e476f1e22b8.config'
2026-10-03T21:10:57.8208182Z Cleaning up orphan processes
2026-10-03T21:10:57.8493142Z Terminate orphan process: pid (3332) (vctip)
2026-10-03T21:10:57.8574080Z ##[warning]Node.js 20 is deprecated. The following actions target Node.js 20 but are being forced to run on Node.js 24: actions/upload-artifact@v4. For more information see: https://github.blog/changelog/2025-09-19-deprecation-of-node-20-on-github-actions-runners/
