2026-10-03T21:07:09.4232350Z Current runner version: '2.337.0'
2026-10-03T21:07:09.4246620Z ##[group]Runner Image Provisioner
2026-10-03T21:07:09.4247140Z Hosted Compute Agent
2026-10-03T21:07:09.4247510Z Version: 20260828.587
2026-10-03T21:07:09.4247910Z Commit: abac92662cab4cc7352de4f9f9d2e2419aad9c29
2026-10-03T21:07:09.4248350Z Build Date: 2026-08-28T16:44:25Z
2026-10-03T21:07:09.4248760Z Worker ID: {88c42483-b739-4f0b-b7d1-e8c7695fd808}
2026-10-03T21:07:09.4249180Z Azure Region: westus
2026-10-03T21:07:09.4249520Z ##[endgroup]
2026-10-03T21:07:09.4250300Z ##[group]Operating System
2026-10-03T21:07:09.4250660Z macOS
2026-10-03T21:07:09.4250960Z 15.7.9
2026-10-03T21:07:09.4251320Z 24G830
2026-10-03T21:07:09.4251670Z ##[endgroup]
2026-10-03T21:07:09.4252030Z ##[group]Runner Image
2026-10-03T21:07:09.4252400Z Image: macos-15-arm64
2026-10-03T21:07:09.4252770Z Version: 20260907.0337.1
2026-10-03T21:07:09.4253580Z Included Software: https://github.com/actions/runner-images/blob/macos-15-arm64/20260907.0337/images/macos/macos-15-arm64-Readme.md
2026-10-03T21:07:09.4254580Z Image Release: https://github.com/actions/runner-images/releases/tag/macos-15-arm64%2F20260907.0337
2026-10-03T21:07:09.4255210Z ##[endgroup]
2026-10-03T21:07:09.4257300Z ##[group]GITHUB_TOKEN Permissions
2026-10-03T21:07:09.4258380Z Actions: write
2026-10-03T21:07:09.4258730Z ArtifactMetadata: write
2026-10-03T21:07:09.4259160Z Attestations: write
2026-10-03T21:07:09.4259510Z Checks: write
2026-10-03T21:07:09.4259850Z CodeQuality: write
2026-10-03T21:07:09.4260210Z Contents: write
2026-10-03T21:07:09.4260590Z CopilotRequests: write
2026-10-03T21:07:09.4260980Z Deployments: write
2026-10-03T21:07:09.4261340Z Discussions: write
2026-10-03T21:07:09.4261680Z Drives: write
2026-10-03T21:07:09.4262070Z Issues: write
2026-10-03T21:07:09.4262410Z Metadata: read
2026-10-03T21:07:09.4262790Z Models: read
2026-10-03T21:07:09.4263130Z Packages: write
2026-10-03T21:07:09.4263480Z Pages: write
2026-10-03T21:07:09.4263820Z PullRequests: write
2026-10-03T21:07:09.4264200Z RepositoryProjects: write
2026-10-03T21:07:09.4264630Z SecurityEvents: write
2026-10-03T21:07:09.4265010Z Statuses: write
2026-10-03T21:07:09.4265360Z VulnerabilityAlerts: read
2026-10-03T21:07:09.4265790Z ##[endgroup]
2026-10-03T21:07:09.4267170Z Secret source: Actions
2026-10-03T21:07:09.4267710Z Cache mode: write
2026-10-03T21:07:09.4268180Z Prepare workflow directory
2026-10-03T21:07:09.4596070Z Prepare all required actions
2026-10-03T21:07:09.4629140Z Getting action download info
2026-10-03T21:07:09.7407560Z Download action repository 'actions/checkout@v7' (SHA:3d3c42e5aac5ba805825da76410c181273ba90b1)
2026-10-03T21:07:09.8960530Z Download action repository 'dtolnay/rust-toolchain@master' (SHA:7e38f4b43b4db5c8dd498af069a4f6196df1d067)
2026-10-03T21:07:10.4169610Z Download action repository 'actions/setup-python@v6' (SHA:ece7cb06caefa5fff74198d8649806c4678c61a1)
2026-10-03T21:07:10.6143720Z Download action repository 'actions/upload-artifact@v4' (SHA:ea165f8d65b6e75b540449e92b4886f43607fa02)
2026-10-03T21:07:10.8002000Z Complete job name: macos-arm64 (1.85.0)
2026-10-03T21:07:10.8403710Z ##[group]Run actions/checkout@v7
2026-10-03T21:07:10.8404260Z with:
2026-10-03T21:07:10.8404590Z   repository: mingley/partitionline
2026-10-03T21:07:10.8407340Z   token: ***
2026-10-03T21:07:10.8407660Z   ssh-strict: true
2026-10-03T21:07:10.8407980Z   ssh-user: git
2026-10-03T21:07:10.8408300Z   persist-credentials: true
2026-10-03T21:07:10.8408650Z   clean: true
2026-10-03T21:07:10.8408980Z   sparse-checkout-cone-mode: true
2026-10-03T21:07:10.8409360Z   fetch-depth: 1
2026-10-03T21:07:10.8409670Z   fetch-tags: false
2026-10-03T21:07:10.8410000Z   show-progress: true
2026-10-03T21:07:10.8410340Z   lfs: false
2026-10-03T21:07:10.8410650Z   submodules: false
2026-10-03T21:07:10.8410980Z   set-safe-directory: true
2026-10-03T21:07:10.8411350Z   allow-unsafe-pr-checkout: false
2026-10-03T21:07:10.8411830Z env:
2026-10-03T21:07:10.8412140Z   PL_MACOS_TOOLCHAIN: 1.85.0
2026-10-03T21:07:10.8412510Z   RUSTUP_TOOLCHAIN: 1.85.0
2026-10-03T21:07:10.8413190Z   CARGO_BUILD_JOBS: 2
2026-10-03T21:07:10.8413570Z   CARGO_PROFILE_DEV_DEBUG: 0
2026-10-03T21:07:10.8413940Z   CARGO_PROFILE_TEST_DEBUG: 0
2026-10-03T21:07:10.8414300Z   CARGO_INCREMENTAL: 0
2026-10-03T21:07:10.8414640Z   CARGO_TERM_COLOR: never
2026-10-03T21:07:10.8414990Z ##[endgroup]
2026-10-03T21:07:11.0070480Z Syncing repository: mingley/partitionline
2026-10-03T21:07:11.0072100Z ##[group]Getting Git version info
2026-10-03T21:07:11.0072720Z Working directory is '/Users/runner/work/partitionline/partitionline'
2026-10-03T21:07:11.0116540Z [command]/opt/homebrew/bin/git version
2026-10-03T21:07:11.0556800Z git version 2.55.0
2026-10-03T21:07:11.0634310Z ##[endgroup]
2026-10-03T21:07:11.0639710Z Copying '/Users/runner/.gitconfig' to '/Users/runner/work/_temp/6c3a4262-d509-432f-816c-7b0e68bdf969/.gitconfig'
2026-10-03T21:07:11.0641040Z Temporarily overriding HOME='/Users/runner/work/_temp/6c3a4262-d509-432f-816c-7b0e68bdf969' before making global git config changes
2026-10-03T21:07:11.0642310Z Adding repository directory to the temporary git global config as a safe directory
2026-10-03T21:07:11.0643440Z [command]/opt/homebrew/bin/git config --global --add safe.directory /Users/runner/work/partitionline/partitionline
2026-10-03T21:07:11.0679160Z Deleting the contents of '/Users/runner/work/partitionline/partitionline'
2026-10-03T21:07:11.0680950Z ##[group]Determining repository object format
2026-10-03T21:07:11.0681780Z ##[endgroup]
2026-10-03T21:07:11.0682440Z ##[group]Initializing the repository
2026-10-03T21:07:11.0684680Z [command]/opt/homebrew/bin/git init /Users/runner/work/partitionline/partitionline
2026-10-03T21:07:11.0866470Z hint: Using 'master' as the name for the initial branch. This default branch name
2026-10-03T21:07:11.0867990Z hint: will change to "main" in Git 3.0. To configure the initial branch name
2026-10-03T21:07:11.0868990Z hint: to use in all of your new repositories, which will suppress this warning,
2026-10-03T21:07:11.0869600Z hint: call:
2026-10-03T21:07:11.0869970Z hint:
2026-10-03T21:07:11.0870450Z hint: 	git config --global init.defaultBranch <name>
2026-10-03T21:07:11.0870940Z hint:
2026-10-03T21:07:11.0871390Z hint: Names commonly chosen instead of 'master' are 'main', 'trunk' and
2026-10-03T21:07:11.0872140Z hint: 'development'. The just-created branch can be renamed via this command:
2026-10-03T21:07:11.0872720Z hint:
2026-10-03T21:07:11.0873500Z hint: 	git branch -m <name>
2026-10-03T21:07:11.0873880Z hint:
2026-10-03T21:07:11.0874480Z hint: Disable this message with "git config set advice.defaultBranchName false"
2026-10-03T21:07:11.0877740Z Initialized empty Git repository in /Users/runner/work/partitionline/partitionline/.git/
2026-10-03T21:07:11.0880300Z [command]/opt/homebrew/bin/git remote add origin https://github.com/mingley/partitionline
2026-10-03T21:07:11.0941450Z ##[endgroup]
2026-10-03T21:07:11.0942240Z ##[group]Disabling automatic garbage collection
2026-10-03T21:07:11.0943110Z [command]/opt/homebrew/bin/git config --local gc.auto 0
2026-10-03T21:07:11.0994100Z ##[endgroup]
2026-10-03T21:07:11.0995230Z ##[group]Setting up auth
2026-10-03T21:07:11.0995820Z Removing SSH command configuration
2026-10-03T21:07:11.0997850Z [command]/opt/homebrew/bin/git config --local --name-only --get-regexp core\.sshCommand
2026-10-03T21:07:11.1050210Z [command]/opt/homebrew/bin/git submodule foreach --recursive sh -c "git config --local --name-only --get-regexp 'core\.sshCommand' && git config --local --unset-all 'core.sshCommand' || :"
2026-10-03T21:07:11.1856940Z Removing HTTP extra header
2026-10-03T21:07:11.1857910Z [command]/opt/homebrew/bin/git config --local --name-only --get-regexp http\.https\:\/\/github\.com\/\.extraheader
2026-10-03T21:07:11.1860550Z [command]/opt/homebrew/bin/git submodule foreach --recursive sh -c "git config --local --name-only --get-regexp 'http\.https\:\/\/github\.com\/\.extraheader' && git config --local --unset-all 'http.https://github.com/.extraheader' || :"
2026-10-03T21:07:11.2471700Z Removing includeIf entries pointing to credentials config files
2026-10-03T21:07:11.2473600Z [command]/opt/homebrew/bin/git config --local --name-only --get-regexp ^includeIf\.gitdir:
2026-10-03T21:07:11.2528800Z [command]/opt/homebrew/bin/git submodule foreach --recursive git config --local --show-origin --name-only --get-regexp remote.origin.url
2026-10-03T21:07:11.3462150Z [command]/opt/homebrew/bin/git config --file /Users/runner/work/_temp/git-credentials-f1626724-c598-4bb1-97f2-c164d810c7e9.config http.https://github.com/.extraheader AUTHORIZATION: basic ***
2026-10-03T21:07:11.3465010Z [command]/opt/homebrew/bin/git config --local includeIf.gitdir:/Users/runner/work/partitionline/partitionline/.git.path /Users/runner/work/_temp/git-credentials-f1626724-c598-4bb1-97f2-c164d810c7e9.config
2026-10-03T21:07:11.3467820Z [command]/opt/homebrew/bin/git config --local includeIf.gitdir:/Users/runner/work/partitionline/partitionline/.git/worktrees/*.path /Users/runner/work/_temp/git-credentials-f1626724-c598-4bb1-97f2-c164d810c7e9.config
2026-10-03T21:07:11.3519600Z [command]/opt/homebrew/bin/git config --local includeIf.gitdir:/github/workspace/.git.path /github/runner_temp/git-credentials-f1626724-c598-4bb1-97f2-c164d810c7e9.config
2026-10-03T21:07:11.3574650Z [command]/opt/homebrew/bin/git config --local includeIf.gitdir:/github/workspace/.git/worktrees/*.path /github/runner_temp/git-credentials-f1626724-c598-4bb1-97f2-c164d810c7e9.config
2026-10-03T21:07:11.3625720Z ##[endgroup]
2026-10-03T21:07:11.3626450Z ##[group]Fetching the repository
2026-10-03T21:07:11.3629450Z [command]/opt/homebrew/bin/git -c protocol.version=2 fetch --no-tags --prune --no-recurse-submodules --depth=1 origin +b8148087f08b205d7d19fd0be10994ebcd1fcc3a:refs/remotes/origin/main
2026-10-03T21:07:19.2503990Z From https://github.com/mingley/partitionline
2026-10-03T21:07:19.2504520Z  * [new ref]           b8148087f08b205d7d19fd0be10994ebcd1fcc3a -> origin/main
2026-10-03T21:07:19.2509110Z [command]/opt/homebrew/bin/git branch --list --remote origin/main
2026-10-03T21:07:19.2579450Z   origin/main
2026-10-03T21:07:19.2583340Z [command]/opt/homebrew/bin/git rev-parse refs/remotes/origin/main
2026-10-03T21:07:19.2626700Z b8148087f08b205d7d19fd0be10994ebcd1fcc3a
2026-10-03T21:07:19.2628370Z ##[endgroup]
2026-10-03T21:07:19.2628830Z ##[group]Determining the checkout info
2026-10-03T21:07:19.2629220Z ##[endgroup]
2026-10-03T21:07:19.2631940Z [command]/opt/homebrew/bin/git sparse-checkout disable
2026-10-03T21:07:19.2699840Z [command]/opt/homebrew/bin/git config --local --unset-all extensions.worktreeConfig
2026-10-03T21:07:19.2755320Z ##[group]Checking out the ref
2026-10-03T21:07:19.2757820Z [command]/opt/homebrew/bin/git checkout --progress --force -B main refs/remotes/origin/main
2026-10-03T21:07:20.4059900Z Updating files:   9% (7259/75693)
2026-10-03T21:07:20.4588760Z Updating files:  10% (7570/75693)
2026-10-03T21:07:20.5245920Z Updating files:  11% (8327/75693)
2026-10-03T21:07:20.5796660Z Updating files:  12% (9084/75693)
2026-10-03T21:07:20.6391470Z Updating files:  13% (9841/75693)
2026-10-03T21:07:20.7224970Z Updating files:  14% (10598/75693)
2026-10-03T21:07:20.7715080Z Updating files:  15% (11354/75693)
2026-10-03T21:07:20.8221090Z Updating files:  16% (12111/75693)
2026-10-03T21:07:20.8847180Z Updating files:  17% (12868/75693)
2026-10-03T21:07:20.9642420Z Updating files:  18% (13625/75693)
2026-10-03T21:07:21.0268570Z Updating files:  19% (14382/75693)
2026-10-03T21:07:21.0858650Z Updating files:  20% (15139/75693)
2026-10-03T21:07:21.1442420Z Updating files:  21% (15896/75693)
2026-10-03T21:07:21.2011570Z Updating files:  22% (16653/75693)
2026-10-03T21:07:21.2587940Z Updating files:  23% (17410/75693)
2026-10-03T21:07:21.3123490Z Updating files:  24% (18167/75693)
2026-10-03T21:07:21.3305160Z Updating files:  25% (18924/75693)
2026-10-03T21:07:21.3705300Z Updating files:  25% (19169/75693)
2026-10-03T21:07:21.4213340Z Updating files:  26% (19681/75693)
2026-10-03T21:07:21.4823580Z Updating files:  27% (20438/75693)
2026-10-03T21:07:21.5554660Z Updating files:  28% (21195/75693)
2026-10-03T21:07:21.6284110Z Updating files:  29% (21951/75693)
2026-10-03T21:07:21.6909870Z Updating files:  30% (22708/75693)
2026-10-03T21:07:21.7485860Z Updating files:  31% (23465/75693)
2026-10-03T21:07:21.8139520Z Updating files:  32% (24222/75693)
2026-10-03T21:07:21.8880860Z Updating files:  33% (24979/75693)
2026-10-03T21:07:21.9426460Z Updating files:  34% (25736/75693)
2026-10-03T21:07:22.0229250Z Updating files:  35% (26493/75693)
2026-10-03T21:07:22.1037720Z Updating files:  36% (27250/75693)
2026-10-03T21:07:22.1821250Z Updating files:  37% (28007/75693)
2026-10-03T21:07:22.2488160Z Updating files:  38% (28764/75693)
2026-10-03T21:07:22.3310600Z Updating files:  39% (29521/75693)
2026-10-03T21:07:22.3397690Z Updating files:  39% (30182/75693)
2026-10-03T21:07:22.4024470Z Updating files:  40% (30278/75693)
2026-10-03T21:07:22.4602030Z Updating files:  41% (31035/75693)
2026-10-03T21:07:22.5174800Z Updating files:  42% (31792/75693)
2026-10-03T21:07:22.5766640Z Updating files:  43% (32548/75693)
2026-10-03T21:07:22.6416600Z Updating files:  44% (33305/75693)
2026-10-03T21:07:22.7228860Z Updating files:  45% (34062/75693)
2026-10-03T21:07:22.8187250Z Updating files:  46% (34819/75693)
2026-10-03T21:07:22.8714210Z Updating files:  47% (35576/75693)
2026-10-03T21:07:23.0760990Z Updating files:  48% (36333/75693)
2026-10-03T21:07:23.3314900Z Updating files:  49% (37090/75693)
2026-10-03T21:07:23.3455320Z Updating files:  49% (37702/75693)
2026-10-03T21:07:23.4783860Z Updating files:  50% (37847/75693)
2026-10-03T21:07:23.5457960Z Updating files:  51% (38604/75693)
2026-10-03T21:07:23.6908490Z Updating files:  52% (39361/75693)
2026-10-03T21:07:23.8434970Z Updating files:  53% (40118/75693)
2026-10-03T21:07:23.8950540Z Updating files:  54% (40875/75693)
2026-10-03T21:07:23.9511060Z Updating files:  55% (41632/75693)
2026-10-03T21:07:24.0327260Z Updating files:  56% (42389/75693)
2026-10-03T21:07:24.1454550Z Updating files:  57% (43146/75693)
2026-10-03T21:07:24.2395370Z Updating files:  58% (43902/75693)
2026-10-03T21:07:24.3303790Z Updating files:  59% (44659/75693)
2026-10-03T21:07:24.3323810Z Updating files:  60% (45416/75693)
2026-10-03T21:07:24.4952410Z Updating files:  60% (45464/75693)
2026-10-03T21:07:24.6587060Z Updating files:  61% (46173/75693)
2026-10-03T21:07:24.8185150Z Updating files:  62% (46930/75693)
2026-10-03T21:07:24.9999970Z Updating files:  63% (47687/75693)
2026-10-03T21:07:25.0863410Z Updating files:  64% (48444/75693)
2026-10-03T21:07:25.1419750Z Updating files:  65% (49201/75693)
2026-10-03T21:07:25.2688110Z Updating files:  66% (49958/75693)
2026-10-03T21:07:25.3325460Z Updating files:  67% (50715/75693)
2026-10-03T21:07:25.3669980Z Updating files:  67% (51152/75693)
2026-10-03T21:07:25.4510120Z Updating files:  68% (51472/75693)
2026-10-03T21:07:25.5119870Z Updating files:  69% (52229/75693)
2026-10-03T21:07:25.5955490Z Updating files:  70% (52986/75693)
2026-10-03T21:07:25.6501350Z Updating files:  71% (53743/75693)
2026-10-03T21:07:25.7048980Z Updating files:  72% (54499/75693)
2026-10-03T21:07:25.7579300Z Updating files:  73% (55256/75693)
2026-10-03T21:07:25.8372960Z Updating files:  74% (56013/75693)
2026-10-03T21:07:25.9342520Z Updating files:  75% (56770/75693)
2026-10-03T21:07:26.0112730Z Updating files:  76% (57527/75693)
2026-10-03T21:07:26.0636420Z Updating files:  77% (58284/75693)
2026-10-03T21:07:26.1232280Z Updating files:  78% (59041/75693)
2026-10-03T21:07:26.3050220Z Updating files:  79% (59798/75693)
2026-10-03T21:07:26.3336120Z Updating files:  80% (60555/75693)
2026-10-03T21:07:26.4563340Z Updating files:  80% (60612/75693)
2026-10-03T21:07:26.5396100Z Updating files:  81% (61312/75693)
2026-10-03T21:07:26.6517310Z Updating files:  82% (62069/75693)
2026-10-03T21:07:26.7383330Z Updating files:  83% (62826/75693)
2026-10-03T21:07:26.8035370Z Updating files:  84% (63583/75693)
2026-10-03T21:07:26.8756330Z Updating files:  85% (64340/75693)
2026-10-03T21:07:26.9532580Z Updating files:  86% (65096/75693)
2026-10-03T21:07:27.0830900Z Updating files:  87% (65853/75693)
2026-10-03T21:07:27.1661590Z Updating files:  88% (66610/75693)
2026-10-03T21:07:27.2317230Z Updating files:  89% (67367/75693)
2026-10-03T21:07:27.3125790Z Updating files:  90% (68124/75693)
2026-10-03T21:07:27.3338710Z Updating files:  91% (68881/75693)
2026-10-03T21:07:27.3679730Z Updating files:  91% (69138/75693)
2026-10-03T21:07:27.4496130Z Updating files:  92% (69638/75693)
2026-10-03T21:07:27.5329240Z Updating files:  93% (70395/75693)
2026-10-03T21:07:27.6165950Z Updating files:  94% (71152/75693)
2026-10-03T21:07:27.6956490Z Updating files:  95% (71909/75693)
2026-10-03T21:07:27.7759980Z Updating files:  96% (72666/75693)
2026-10-03T21:07:27.8360930Z Updating files:  97% (73423/75693)
2026-10-03T21:07:27.8932330Z Updating files:  98% (74180/75693)
2026-10-03T21:07:27.9617160Z Updating files:  99% (74937/75693)
2026-10-03T21:07:27.9617450Z Updating files: 100% (75693/75693)
2026-10-03T21:07:27.9617650Z Updating files: 100% (75693/75693), done.
2026-10-03T21:07:28.0387410Z Switched to a new branch 'main'
2026-10-03T21:07:28.0390600Z branch 'main' set up to track 'origin/main'.
2026-10-03T21:07:28.0415890Z ##[endgroup]
2026-10-03T21:07:28.0509250Z [command]/opt/homebrew/bin/git log -1 --format=%H
2026-10-03T21:07:28.0565330Z b8148087f08b205d7d19fd0be10994ebcd1fcc3a
2026-10-03T21:07:28.0790500Z ##[group]Run dtolnay/rust-toolchain@master
2026-10-03T21:07:28.0790700Z with:
2026-10-03T21:07:28.0790820Z   toolchain: 1.85.0
2026-10-03T21:07:28.0790960Z   components: clippy
2026-10-03T21:07:28.0791090Z env:
2026-10-03T21:07:28.0791210Z   PL_MACOS_TOOLCHAIN: 1.85.0
2026-10-03T21:07:28.0791370Z   RUSTUP_TOOLCHAIN: 1.85.0
2026-10-03T21:07:28.0791530Z   CARGO_BUILD_JOBS: 2
2026-10-03T21:07:28.0791670Z   CARGO_PROFILE_DEV_DEBUG: 0
2026-10-03T21:07:28.0791830Z   CARGO_PROFILE_TEST_DEBUG: 0
2026-10-03T21:07:28.0791990Z   CARGO_INCREMENTAL: 0
2026-10-03T21:07:28.0792130Z   CARGO_TERM_COLOR: never
2026-10-03T21:07:28.0792280Z ##[endgroup]
2026-10-03T21:07:28.0836030Z ##[start-action display=Parse toolchain version;id=__dtolnay_rust-toolchain.parse]
2026-10-03T21:07:28.0870090Z ##[group]Run if [[ -z $toolchain ]]; then
2026-10-03T21:07:28.0870330Z [36;1mif [[ -z $toolchain ]]; then[0m
2026-10-03T21:07:28.0870770Z [36;1m  # GitHub does not enforce `required: true` inputs itself. https://github.com/actions/runner/issues/1070[0m
2026-10-03T21:07:28.0871180Z [36;1m  echo "'toolchain' is a required input" >&2[0m
2026-10-03T21:07:28.0871390Z [36;1m  exit 1[0m
2026-10-03T21:07:28.0871630Z [36;1melif [[ $toolchain =~ ^stable' '[0-9]+' '(year|month|week|day)s?' 'ago$ ]]; then[0m
2026-10-03T21:07:28.0871930Z [36;1m  if [[ macOS == macOS ]]; then[0m
2026-10-03T21:07:28.0872320Z [36;1m    echo "toolchain=1.$((($(date -v-$(sed 's/stable \([0-9]*\) \(.\).*/\1\2/' <<< $toolchain) +%s)/60/60/24-16569)/7/6))" >> $GITHUB_OUTPUT[0m
2026-10-03T21:07:28.0872700Z [36;1m  else[0m
2026-10-03T21:07:28.0872990Z [36;1m    echo "toolchain=1.$((($(date --date "${toolchain#stable }" +%s)/60/60/24-16569)/7/6))" >> $GITHUB_OUTPUT[0m
2026-10-03T21:07:28.0873330Z [36;1m  fi[0m
2026-10-03T21:07:28.0873540Z [36;1melif [[ $toolchain =~ ^stable' 'minus' '[0-9]+' 'releases?$ ]]; then[0m
2026-10-03T21:07:28.0873940Z [36;1m  echo "toolchain=1.$((($(date +%s)/60/60/24-16569)/7/6-${toolchain//[^0-9]/}))" >> $GITHUB_OUTPUT[0m
2026-10-03T21:07:28.0874290Z [36;1melif [[ $toolchain =~ ^1\.[0-9]+$ ]]; then[0m
2026-10-03T21:07:28.0874690Z [36;1m  echo "toolchain=1.$((i=${toolchain#1.}, c=($(date +%s)/60/60/24-16569)/7/6, i+9*i*(10*i<=c)+90*i*(100*i<=c)))" >> $GITHUB_OUTPUT[0m
2026-10-03T21:07:28.0875050Z [36;1melse[0m
2026-10-03T21:07:28.0875220Z [36;1m  echo "toolchain=$toolchain" >> $GITHUB_OUTPUT[0m
2026-10-03T21:07:28.0875440Z [36;1mfi[0m
2026-10-03T21:07:28.1302030Z shell: /bin/bash --noprofile --norc -e -o pipefail {0}
2026-10-03T21:07:28.1302280Z env:
2026-10-03T21:07:28.1302430Z   PL_MACOS_TOOLCHAIN: 1.85.0
2026-10-03T21:07:28.1302600Z   RUSTUP_TOOLCHAIN: 1.85.0
2026-10-03T21:07:28.1302750Z   CARGO_BUILD_JOBS: 2
2026-10-03T21:07:28.1302900Z   CARGO_PROFILE_DEV_DEBUG: 0
2026-10-03T21:07:28.1303320Z   CARGO_PROFILE_TEST_DEBUG: 0
2026-10-03T21:07:28.1303490Z   CARGO_INCREMENTAL: 0
2026-10-03T21:07:28.1303650Z   CARGO_TERM_COLOR: never
2026-10-03T21:07:28.1303810Z   toolchain: 1.85.0
2026-10-03T21:07:28.1303960Z ##[endgroup]
2026-10-03T21:07:28.1561550Z ##[end-action id=__dtolnay_rust-toolchain.parse;outcome=success;conclusion=success;duration_ms=72]
2026-10-03T21:07:28.1569320Z ##[start-action display=Construct rustup command line;id=__dtolnay_rust-toolchain.flags]
2026-10-03T21:07:28.1588800Z ##[group]Run echo "targets=$(for t in ${targets//,/ }; do echo -n ' --target' $t; done)" >> $GITHUB_OUTPUT
2026-10-03T21:07:28.1589280Z [36;1mecho "targets=$(for t in ${targets//,/ }; do echo -n ' --target' $t; done)" >> $GITHUB_OUTPUT[0m
2026-10-03T21:07:28.1589760Z [36;1mecho "components=$(for c in ${components//,/ }; do echo -n ' --component' $c; done)" >> $GITHUB_OUTPUT[0m
2026-10-03T21:07:28.1590130Z [36;1mecho "downgrade=" >> $GITHUB_OUTPUT[0m
2026-10-03T21:07:28.1618800Z shell: /bin/bash --noprofile --norc -e -o pipefail {0}
2026-10-03T21:07:28.1619020Z env:
2026-10-03T21:07:28.1619160Z   PL_MACOS_TOOLCHAIN: 1.85.0
2026-10-03T21:07:28.1619320Z   RUSTUP_TOOLCHAIN: 1.85.0
2026-10-03T21:07:28.1619810Z   CARGO_BUILD_JOBS: 2
2026-10-03T21:07:28.1619970Z   CARGO_PROFILE_DEV_DEBUG: 0
2026-10-03T21:07:28.1620130Z   CARGO_PROFILE_TEST_DEBUG: 0
2026-10-03T21:07:28.1620320Z   CARGO_INCREMENTAL: 0
2026-10-03T21:07:28.1620520Z   CARGO_TERM_COLOR: never
2026-10-03T21:07:28.1620670Z   targets: 
2026-10-03T21:07:28.1620820Z   components: clippy
2026-10-03T21:07:28.1621000Z ##[endgroup]
2026-10-03T21:07:28.1829670Z ##[end-action id=__dtolnay_rust-toolchain.flags;outcome=success;conclusion=success;duration_ms=25]
2026-10-03T21:07:28.1831530Z ##[start-action display=Set $CARGO_HOME;id=__dtolnay_rust-toolchain.__run]
2026-10-03T21:07:28.1845980Z ##[group]Run echo CARGO_HOME=${CARGO_HOME:-"$HOME/.cargo"} >> $GITHUB_ENV
2026-10-03T21:07:28.1846360Z [36;1mecho CARGO_HOME=${CARGO_HOME:-"$HOME/.cargo"} >> $GITHUB_ENV[0m
2026-10-03T21:07:28.1873700Z shell: /bin/bash --noprofile --norc -e -o pipefail {0}
2026-10-03T21:07:28.1873940Z env:
2026-10-03T21:07:28.1874080Z   PL_MACOS_TOOLCHAIN: 1.85.0
2026-10-03T21:07:28.1874320Z   RUSTUP_TOOLCHAIN: 1.85.0
2026-10-03T21:07:28.1874480Z   CARGO_BUILD_JOBS: 2
2026-10-03T21:07:28.1874650Z   CARGO_PROFILE_DEV_DEBUG: 0
2026-10-03T21:07:28.1874850Z   CARGO_PROFILE_TEST_DEBUG: 0
2026-10-03T21:07:28.1875040Z   CARGO_INCREMENTAL: 0
2026-10-03T21:07:28.1875200Z   CARGO_TERM_COLOR: never
2026-10-03T21:07:28.1875360Z ##[endgroup]
2026-10-03T21:07:28.2083030Z ##[end-action id=__dtolnay_rust-toolchain.__run;outcome=success;conclusion=success;duration_ms=25]
2026-10-03T21:07:28.2085180Z ##[start-action display=Install rustup if needed;id=__dtolnay_rust-toolchain.__run_2]
2026-10-03T21:07:28.2103880Z ##[group]Run if ! command -v rustup &>/dev/null; then
2026-10-03T21:07:28.2104160Z [36;1mif ! command -v rustup &>/dev/null; then[0m
2026-10-03T21:07:28.2104790Z [36;1m  curl --proto '=https' --tlsv1.2 --retry 10 --retry-connrefused --location --silent --show-error --fail https://sh.rustup.rs | sh -s -- --default-toolchain none -y[0m
2026-10-03T21:07:28.2105440Z [36;1m  echo "$CARGO_HOME/bin" >> $GITHUB_PATH[0m
2026-10-03T21:07:28.2105660Z [36;1mfi[0m
2026-10-03T21:07:28.2135390Z shell: /bin/bash --noprofile --norc -e -o pipefail {0}
2026-10-03T21:07:28.2135680Z env:
2026-10-03T21:07:28.2135830Z   PL_MACOS_TOOLCHAIN: 1.85.0
2026-10-03T21:07:28.2136080Z   RUSTUP_TOOLCHAIN: 1.85.0
2026-10-03T21:07:28.2136250Z   CARGO_BUILD_JOBS: 2
2026-10-03T21:07:28.2136440Z   CARGO_PROFILE_DEV_DEBUG: 0
2026-10-03T21:07:28.2136700Z   CARGO_PROFILE_TEST_DEBUG: 0
2026-10-03T21:07:28.2136870Z   CARGO_INCREMENTAL: 0
2026-10-03T21:07:28.2137030Z   CARGO_TERM_COLOR: never
2026-10-03T21:07:28.2137200Z   CARGO_HOME: /Users/runner/.cargo
2026-10-03T21:07:28.2137380Z ##[endgroup]
2026-10-03T21:07:28.2335020Z ##[end-action id=__dtolnay_rust-toolchain.__run_2;outcome=success;conclusion=success;duration_ms=24]
2026-10-03T21:07:28.2337250Z ##[start-action display=Install rustup if needed on windows;id=__dtolnay_rust-toolchain.__run_3]
2026-10-03T21:07:28.2352790Z ##[end-action id=__dtolnay_rust-toolchain.__run_3;outcome=skipped;conclusion=skipped;duration_ms=0]
2026-10-03T21:07:28.2359960Z ##[start-action display=rustup toolchain install 1.85.0;id=__dtolnay_rust-toolchain.__run_4]
2026-10-03T21:07:28.2375250Z ##[group]Run log=$(mktemp)
2026-10-03T21:07:28.2375460Z [36;1mlog=$(mktemp)[0m
2026-10-03T21:07:28.2375630Z [36;1mtrap 'rm -f "$log"' EXIT[0m
2026-10-03T21:07:28.2375830Z [36;1mfor attempt in 1 2 3 4 5; do[0m
2026-10-03T21:07:28.2376320Z [36;1m  if rustup toolchain install 1.85.0 --component clippy --profile minimal --no-self-update --force-non-host 2>&1 | tee "$log"; then[0m
2026-10-03T21:07:28.2376750Z [36;1m    break[0m
2026-10-03T21:07:28.2376920Z [36;1m  else[0m
2026-10-03T21:07:28.2377060Z [36;1m    status=$?[0m
2026-10-03T21:07:28.2377220Z [36;1m  fi[0m
2026-10-03T21:07:28.2377460Z [36;1m  if [[ $attempt == 5 ]] || ! grep -Fq 'checksum failed for ' "$log" \[0m
2026-10-03T21:07:28.2377910Z [36;1m      || ! grep -Fq 'this is likely due to an ongoing update of the official release server' "$log"; then[0m
2026-10-03T21:07:28.2378440Z [36;1m    exit "$status"[0m
2026-10-03T21:07:28.2378620Z [36;1m  fi[0m
2026-10-03T21:07:28.2378910Z [36;1m  echo "Retrying rustup toolchain install in 30 seconds (retry $attempt of 4)" >&2[0m
2026-10-03T21:07:28.2379260Z [36;1m  sleep 30[0m
2026-10-03T21:07:28.2379410Z [36;1mdone[0m
2026-10-03T21:07:28.2409090Z shell: /bin/bash --noprofile --norc -e -o pipefail {0}
2026-10-03T21:07:28.2409360Z env:
2026-10-03T21:07:28.2409510Z   PL_MACOS_TOOLCHAIN: 1.85.0
2026-10-03T21:07:28.2409690Z   RUSTUP_TOOLCHAIN: 1.85.0
2026-10-03T21:07:28.2409850Z   CARGO_BUILD_JOBS: 2
2026-10-03T21:07:28.2410000Z   CARGO_PROFILE_DEV_DEBUG: 0
2026-10-03T21:07:28.2410170Z   CARGO_PROFILE_TEST_DEBUG: 0
2026-10-03T21:07:28.2410330Z   CARGO_INCREMENTAL: 0
2026-10-03T21:07:28.2410500Z   CARGO_TERM_COLOR: never
2026-10-03T21:07:28.2410670Z   CARGO_HOME: /Users/runner/.cargo
2026-10-03T21:07:28.2410870Z   RUSTUP_PERMIT_COPY_RENAME: 1
2026-10-03T21:07:28.2411040Z ##[endgroup]
2026-10-03T21:07:28.3041350Z info: syncing channel updates for 1.85.0-aarch64-apple-darwin
2026-10-03T21:07:28.5036710Z info: latest update on 2025-02-20 for version 1.85.0 (4d91de4e4 2025-02-17)
2026-10-03T21:07:28.5041580Z info: downloading 4 components
2026-10-03T21:07:33.3000800Z 
2026-10-03T21:07:33.3237230Z   1.85.0-aarch64-apple-darwin installed - rustc 1.85.0 (4d91de4e4 2025-02-17)
2026-10-03T21:07:33.3237550Z 
2026-10-03T21:07:33.3237690Z info: self-update is disabled for this build of rustup
2026-10-03T21:07:33.3238090Z info: any updates to rustup will need to be fetched with your system package manager
2026-10-03T21:07:33.3510060Z ##[end-action id=__dtolnay_rust-toolchain.__run_4;outcome=success;conclusion=success;duration_ms=5112]
2026-10-03T21:07:33.3513630Z ##[start-action display=rustup default 1.85.0;id=__dtolnay_rust-toolchain.__run_5]
2026-10-03T21:07:33.3583520Z ##[group]Run rustup default 1.85.0 --force-non-host
2026-10-03T21:07:33.3583860Z [36;1mrustup default 1.85.0 --force-non-host[0m
2026-10-03T21:07:33.3616920Z shell: /bin/bash --noprofile --norc -e -o pipefail {0}
2026-10-03T21:07:33.3617210Z env:
2026-10-03T21:07:33.3617400Z   PL_MACOS_TOOLCHAIN: 1.85.0
2026-10-03T21:07:33.3617630Z   RUSTUP_TOOLCHAIN: 1.85.0
2026-10-03T21:07:33.3617820Z   CARGO_BUILD_JOBS: 2
2026-10-03T21:07:33.3618030Z   CARGO_PROFILE_DEV_DEBUG: 0
2026-10-03T21:07:33.3618240Z   CARGO_PROFILE_TEST_DEBUG: 0
2026-10-03T21:07:33.3618470Z   CARGO_INCREMENTAL: 0
2026-10-03T21:07:33.3618660Z   CARGO_TERM_COLOR: never
2026-10-03T21:07:33.3618900Z   CARGO_HOME: /Users/runner/.cargo
2026-10-03T21:07:33.3619120Z ##[endgroup]
2026-10-03T21:07:33.3925010Z info: using existing install for 1.85.0-aarch64-apple-darwin
2026-10-03T21:07:33.3938460Z info: default toolchain set to 1.85.0-aarch64-apple-darwin
2026-10-03T21:07:33.3939520Z 
2026-10-03T21:07:33.4012650Z info: note that the toolchain '1.85.0-aarch64-apple-darwin' is currently in use (overridden by environment variable RUSTUP_TOOLCHAIN)
2026-10-03T21:07:33.4013610Z   1.85.0-aarch64-apple-darwin unchanged - rustc 1.85.0 (4d91de4e4 2025-02-17)
2026-10-03T21:07:33.4014210Z 
2026-10-03T21:07:33.4020020Z ##[end-action id=__dtolnay_rust-toolchain.__run_5;outcome=success;conclusion=success;duration_ms=50]
2026-10-03T21:07:33.4022100Z ##[start-action display=Create cachekey;id=__dtolnay_rust-toolchain.rustc-version]
2026-10-03T21:07:33.4037640Z ##[group]Run DATE=$(rustc +1.85.0 --version --verbose | sed -ne 's/^commit-date: \(20[0-9][0-9]\)-\([01][0-9]\)-\([0-3][0-9]\)$/\1\2\3/p')
2026-10-03T21:07:33.4038290Z [36;1mDATE=$(rustc +1.85.0 --version --verbose | sed -ne 's/^commit-date: \(20[0-9][0-9]\)-\([01][0-9]\)-\([0-3][0-9]\)$/\1\2\3/p')[0m
2026-10-03T21:07:33.4038790Z [36;1mHASH=$(rustc +1.85.0 --version --verbose | sed -ne 's/^commit-hash: //p')[0m
2026-10-03T21:07:33.4039190Z [36;1mecho "cachekey=$(echo $DATE$HASH | head -c12)" >> $GITHUB_OUTPUT[0m
2026-10-03T21:07:33.4065720Z shell: /bin/bash --noprofile --norc -e -o pipefail {0}
2026-10-03T21:07:33.4065960Z env:
2026-10-03T21:07:33.4066330Z   PL_MACOS_TOOLCHAIN: 1.85.0
2026-10-03T21:07:33.4066560Z   RUSTUP_TOOLCHAIN: 1.85.0
2026-10-03T21:07:33.4066730Z   CARGO_BUILD_JOBS: 2
2026-10-03T21:07:33.4066890Z   CARGO_PROFILE_DEV_DEBUG: 0
2026-10-03T21:07:33.4082480Z   CARGO_PROFILE_TEST_DEBUG: 0
2026-10-03T21:07:33.4082660Z   CARGO_INCREMENTAL: 0
2026-10-03T21:07:33.4082820Z   CARGO_TERM_COLOR: never
2026-10-03T21:07:33.4082990Z   CARGO_HOME: /Users/runner/.cargo
2026-10-03T21:07:33.4083170Z ##[endgroup]
2026-10-03T21:07:33.4652420Z ##[end-action id=__dtolnay_rust-toolchain.rustc-version;outcome=success;conclusion=success;duration_ms=62]
2026-10-03T21:07:33.4654300Z ##[start-action display=Disable incremental compilation;id=__dtolnay_rust-toolchain.__run_6]
2026-10-03T21:07:33.4667220Z ##[group]Run if [ -z "${CARGO_INCREMENTAL+set}" ]; then
2026-10-03T21:07:33.4667570Z [36;1mif [ -z "${CARGO_INCREMENTAL+set}" ]; then[0m
2026-10-03T21:07:33.4667840Z [36;1m  echo CARGO_INCREMENTAL=0 >> $GITHUB_ENV[0m
2026-10-03T21:07:33.4668070Z [36;1mfi[0m
2026-10-03T21:07:33.4694200Z shell: /bin/bash --noprofile --norc -e -o pipefail {0}
2026-10-03T21:07:33.4694430Z env:
2026-10-03T21:07:33.4694580Z   PL_MACOS_TOOLCHAIN: 1.85.0
2026-10-03T21:07:33.4694750Z   RUSTUP_TOOLCHAIN: 1.85.0
2026-10-03T21:07:33.4694930Z   CARGO_BUILD_JOBS: 2
2026-10-03T21:07:33.4695090Z   CARGO_PROFILE_DEV_DEBUG: 0
2026-10-03T21:07:33.4695280Z   CARGO_PROFILE_TEST_DEBUG: 0
2026-10-03T21:07:33.4695450Z   CARGO_INCREMENTAL: 0
2026-10-03T21:07:33.4695620Z   CARGO_TERM_COLOR: never
2026-10-03T21:07:33.4695780Z   CARGO_HOME: /Users/runner/.cargo
2026-10-03T21:07:33.4695970Z ##[endgroup]
2026-10-03T21:07:33.4896010Z ##[end-action id=__dtolnay_rust-toolchain.__run_6;outcome=success;conclusion=success;duration_ms=24]
2026-10-03T21:07:33.4897840Z ##[start-action display=Enable colors in Cargo output;id=__dtolnay_rust-toolchain.__run_7]
2026-10-03T21:07:33.4910560Z ##[group]Run if [ -z "${CARGO_TERM_COLOR+set}" ]; then
2026-10-03T21:07:33.4910870Z [36;1mif [ -z "${CARGO_TERM_COLOR+set}" ]; then[0m
2026-10-03T21:07:33.4911140Z [36;1m  echo CARGO_TERM_COLOR=always >> $GITHUB_ENV[0m
2026-10-03T21:07:33.4911370Z [36;1mfi[0m
2026-10-03T21:07:33.4937560Z shell: /bin/bash --noprofile --norc -e -o pipefail {0}
2026-10-03T21:07:33.4937800Z env:
2026-10-03T21:07:33.4937950Z   PL_MACOS_TOOLCHAIN: 1.85.0
2026-10-03T21:07:33.4938130Z   RUSTUP_TOOLCHAIN: 1.85.0
2026-10-03T21:07:33.4938310Z   CARGO_BUILD_JOBS: 2
2026-10-03T21:07:33.4938460Z   CARGO_PROFILE_DEV_DEBUG: 0
2026-10-03T21:07:33.4938640Z   CARGO_PROFILE_TEST_DEBUG: 0
2026-10-03T21:07:33.4938810Z   CARGO_INCREMENTAL: 0
2026-10-03T21:07:33.4938980Z   CARGO_TERM_COLOR: never
2026-10-03T21:07:33.4939160Z   CARGO_HOME: /Users/runner/.cargo
2026-10-03T21:07:33.4939340Z ##[endgroup]
2026-10-03T21:07:33.5135610Z ##[end-action id=__dtolnay_rust-toolchain.__run_7;outcome=success;conclusion=success;duration_ms=23]
2026-10-03T21:07:33.5137600Z ##[start-action display=Enable Cargo sparse registry;id=__dtolnay_rust-toolchain.__run_8]
2026-10-03T21:07:33.5151450Z ##[group]Run # implemented in 1.66, stabilized in 1.68, made default in 1.70
2026-10-03T21:07:33.5151870Z [36;1m# implemented in 1.66, stabilized in 1.68, made default in 1.70[0m
2026-10-03T21:07:33.5152420Z [36;1mif [ -z "${CARGO_REGISTRIES_CRATES_IO_PROTOCOL+set}" -o -f "/Users/runner/work/_temp"/.implicit_cargo_registries_crates_io_protocol ]; then[0m
2026-10-03T21:07:33.5152980Z [36;1m  if rustc +1.85.0 --version --verbose | grep -q '^release: 1\.6[89]\.'; then[0m
2026-10-03T21:07:33.5153440Z [36;1m    touch "/Users/runner/work/_temp"/.implicit_cargo_registries_crates_io_protocol || true[0m
2026-10-03T21:07:33.5153860Z [36;1m    echo CARGO_REGISTRIES_CRATES_IO_PROTOCOL=sparse >> $GITHUB_ENV[0m
2026-10-03T21:07:33.5154250Z [36;1m  elif rustc +1.85.0 --version --verbose | grep -q '^release: 1\.6[67]\.'; then[0m
2026-10-03T21:07:33.5154710Z [36;1m    touch "/Users/runner/work/_temp"/.implicit_cargo_registries_crates_io_protocol || true[0m
2026-10-03T21:07:33.5155270Z [36;1m    echo CARGO_REGISTRIES_CRATES_IO_PROTOCOL=git >> $GITHUB_ENV[0m
2026-10-03T21:07:33.5155550Z [36;1m  fi[0m
2026-10-03T21:07:33.5155680Z [36;1mfi[0m
2026-10-03T21:07:33.5181530Z shell: /bin/bash --noprofile --norc -e -o pipefail {0}
2026-10-03T21:07:33.5181760Z env:
2026-10-03T21:07:33.5181920Z   PL_MACOS_TOOLCHAIN: 1.85.0
2026-10-03T21:07:33.5182100Z   RUSTUP_TOOLCHAIN: 1.85.0
2026-10-03T21:07:33.5182270Z   CARGO_BUILD_JOBS: 2
2026-10-03T21:07:33.5182440Z   CARGO_PROFILE_DEV_DEBUG: 0
2026-10-03T21:07:33.5182620Z   CARGO_PROFILE_TEST_DEBUG: 0
2026-10-03T21:07:33.5182810Z   CARGO_INCREMENTAL: 0
2026-10-03T21:07:33.5182970Z   CARGO_TERM_COLOR: never
2026-10-03T21:07:33.5183150Z   CARGO_HOME: /Users/runner/.cargo
2026-10-03T21:07:33.5183320Z ##[endgroup]
2026-10-03T21:07:33.5703970Z ##[end-action id=__dtolnay_rust-toolchain.__run_8;outcome=success;conclusion=success;duration_ms=56]
2026-10-03T21:07:33.5705810Z ##[start-action display=Work around spurious network errors in curl 8.0;id=__dtolnay_rust-toolchain.__run_9]
2026-10-03T21:07:33.5719630Z ##[group]Run # https://rust-lang.zulipchat.com/#narrow/stream/246057-t-cargo/topic/timeout.20investigation
2026-10-03T21:07:33.5720250Z [36;1m# https://rust-lang.zulipchat.com/#narrow/stream/246057-t-cargo/topic/timeout.20investigation[0m
2026-10-03T21:07:33.5720730Z [36;1mif rustc +1.85.0 --version --verbose | grep -q '^release: 1\.7[01]\.'; then[0m
2026-10-03T21:07:33.5721080Z [36;1m  echo CARGO_HTTP_MULTIPLEXING=false >> $GITHUB_ENV[0m
2026-10-03T21:07:33.5721320Z [36;1mfi[0m
2026-10-03T21:07:33.5747500Z shell: /bin/bash --noprofile --norc -e -o pipefail {0}
2026-10-03T21:07:33.5747730Z env:
2026-10-03T21:07:33.5747880Z   PL_MACOS_TOOLCHAIN: 1.85.0
2026-10-03T21:07:33.5748060Z   RUSTUP_TOOLCHAIN: 1.85.0
2026-10-03T21:07:33.5748230Z   CARGO_BUILD_JOBS: 2
2026-10-03T21:07:33.5748400Z   CARGO_PROFILE_DEV_DEBUG: 0
2026-10-03T21:07:33.5748580Z   CARGO_PROFILE_TEST_DEBUG: 0
2026-10-03T21:07:33.5748770Z   CARGO_INCREMENTAL: 0
2026-10-03T21:07:33.5748920Z   CARGO_TERM_COLOR: never
2026-10-03T21:07:33.5749110Z   CARGO_HOME: /Users/runner/.cargo
2026-10-03T21:07:33.5749290Z ##[endgroup]
2026-10-03T21:07:33.6106000Z ##[end-action id=__dtolnay_rust-toolchain.__run_9;outcome=success;conclusion=success;duration_ms=39]
2026-10-03T21:07:33.6108550Z ##[start-action display=rustc +1.85.0 --version --verbose;id=__dtolnay_rust-toolchain.__run_10]
2026-10-03T21:07:33.6121830Z ##[group]Run rustc +1.85.0 --version --verbose
2026-10-03T21:07:33.6122090Z [36;1mrustc +1.85.0 --version --verbose[0m
2026-10-03T21:07:33.6148580Z shell: /bin/bash --noprofile --norc -e -o pipefail {0}
2026-10-03T21:07:33.6148810Z env:
2026-10-03T21:07:33.6148960Z   PL_MACOS_TOOLCHAIN: 1.85.0
2026-10-03T21:07:33.6149140Z   RUSTUP_TOOLCHAIN: 1.85.0
2026-10-03T21:07:33.6149320Z   CARGO_BUILD_JOBS: 2
2026-10-03T21:07:33.6149710Z   CARGO_PROFILE_DEV_DEBUG: 0
2026-10-03T21:07:33.6149890Z   CARGO_PROFILE_TEST_DEBUG: 0
2026-10-03T21:07:33.6150060Z   CARGO_INCREMENTAL: 0
2026-10-03T21:07:33.6150240Z   CARGO_TERM_COLOR: never
2026-10-03T21:07:33.6150440Z   CARGO_HOME: /Users/runner/.cargo
2026-10-03T21:07:33.6150620Z ##[endgroup]
2026-10-03T21:07:33.6495760Z rustc 1.85.0 (4d91de4e4 2025-02-17)
2026-10-03T21:07:33.6496240Z binary: rustc
2026-10-03T21:07:33.6496620Z commit-hash: 4d91de4e48198da2e33413efdcd9cd2cc0c46688
2026-10-03T21:07:33.6497030Z commit-date: 2025-02-17
2026-10-03T21:07:33.6497300Z host: aarch64-apple-darwin
2026-10-03T21:07:33.6497600Z release: 1.85.0
2026-10-03T21:07:33.6499970Z LLVM version: 19.1.7
2026-10-03T21:07:33.6510170Z ##[end-action id=__dtolnay_rust-toolchain.__run_10;outcome=success;conclusion=success;duration_ms=40]
2026-10-03T21:07:33.6584140Z ##[group]Run actions/setup-python@v6
2026-10-03T21:07:33.6584330Z with:
2026-10-03T21:07:33.6584470Z   python-version: 3.13
2026-10-03T21:07:33.6584610Z   check-latest: false
2026-10-03T21:07:33.6586450Z   token: ***
2026-10-03T21:07:33.6586600Z   update-environment: true
2026-10-03T21:07:33.6586780Z   allow-prereleases: false
2026-10-03T21:07:33.6586960Z   freethreaded: false
2026-10-03T21:07:33.6587110Z env:
2026-10-03T21:07:33.6587250Z   PL_MACOS_TOOLCHAIN: 1.85.0
2026-10-03T21:07:33.6587420Z   RUSTUP_TOOLCHAIN: 1.85.0
2026-10-03T21:07:33.6587590Z   CARGO_BUILD_JOBS: 2
2026-10-03T21:07:33.6587750Z   CARGO_PROFILE_DEV_DEBUG: 0
2026-10-03T21:07:33.6587930Z   CARGO_PROFILE_TEST_DEBUG: 0
2026-10-03T21:07:33.6588110Z   CARGO_INCREMENTAL: 0
2026-10-03T21:07:33.6588270Z   CARGO_TERM_COLOR: never
2026-10-03T21:07:33.6588450Z   CARGO_HOME: /Users/runner/.cargo
2026-10-03T21:07:33.6588620Z ##[endgroup]
2026-10-03T21:07:33.7570240Z ##[group]Installed versions
2026-10-03T21:07:33.7633870Z Successfully set up CPython (3.13.15)
2026-10-03T21:07:33.7634340Z ##[endgroup]
2026-10-03T21:07:33.7682930Z ##[group]Run test "$(uname -m)" = arm64
2026-10-03T21:07:33.7683190Z [36;1mtest "$(uname -m)" = arm64[0m
2026-10-03T21:07:33.7683430Z [36;1mtest "$(uname -s)" = Darwin[0m
2026-10-03T21:07:33.7683660Z [36;1mbrew list bash >/dev/null || brew install bash[0m
2026-10-03T21:07:33.7683950Z [36;1mecho "$(brew --prefix bash)/bin" >> "$GITHUB_PATH"[0m
2026-10-03T21:07:33.7684250Z [36;1mbrew list openssl@3 >/dev/null || brew install openssl@3[0m
2026-10-03T21:07:33.7684580Z [36;1mecho "$(brew --prefix openssl@3)/bin" >> "$GITHUB_PATH"[0m
2026-10-03T21:07:33.7722240Z shell: /bin/bash --noprofile --norc -e -o pipefail {0}
2026-10-03T21:07:33.7722470Z env:
2026-10-03T21:07:33.7722640Z   PL_MACOS_TOOLCHAIN: 1.85.0
2026-10-03T21:07:33.7722820Z   RUSTUP_TOOLCHAIN: 1.85.0
2026-10-03T21:07:33.7723010Z   CARGO_BUILD_JOBS: 2
2026-10-03T21:07:33.7723180Z   CARGO_PROFILE_DEV_DEBUG: 0
2026-10-03T21:07:33.7723350Z   CARGO_PROFILE_TEST_DEBUG: 0
2026-10-03T21:07:33.7723570Z   CARGO_INCREMENTAL: 0
2026-10-03T21:07:33.7723730Z   CARGO_TERM_COLOR: never
2026-10-03T21:07:33.7723900Z   CARGO_HOME: /Users/runner/.cargo
2026-10-03T21:07:33.7724190Z   pythonLocation: /Users/runner/hostedtoolcache/Python/3.13.15/arm64
2026-10-03T21:07:33.7724600Z   PKG_CONFIG_PATH: /Users/runner/hostedtoolcache/Python/3.13.15/arm64/lib/pkgconfig
2026-10-03T21:07:33.7724990Z   Python_ROOT_DIR: /Users/runner/hostedtoolcache/Python/3.13.15/arm64
2026-10-03T21:07:33.7725350Z   Python2_ROOT_DIR: /Users/runner/hostedtoolcache/Python/3.13.15/arm64
2026-10-03T21:07:33.7725700Z   Python3_ROOT_DIR: /Users/runner/hostedtoolcache/Python/3.13.15/arm64
2026-10-03T21:07:33.7725960Z ##[endgroup]
2026-10-03T21:07:35.4873760Z ##[error]No such keg: /opt/homebrew/Cellar/bash
2026-10-03T21:07:36.1694400Z [32m==>[0m [1mDownloading bottle manifests[0m
2026-10-03T21:07:36.1761920Z ✔︎ Bottle Manifest bash (5.3.15)
2026-10-03T21:07:36.1763320Z [34m==>[0m [1mWould install 1 formula:[0m
2026-10-03T21:07:36.1763610Z bash
2026-10-03T21:07:36.2162080Z [34m==>[0m [1mWould install 1 dependency for bash:[0m
2026-10-03T21:07:36.2162470Z ncurses
2026-10-03T21:07:36.2229440Z [32m==>[0m [1mFetching downloads for: [32mbash[39m[0m
2026-10-03T21:07:36.4238860Z ✔︎ Bottle Manifest ncurses (6.6)
2026-10-03T21:07:36.5597750Z ✔︎ Bottle bash (5.3.15)
2026-10-03T21:07:36.8308540Z ✔︎ Bottle ncurses (6.6)
2026-10-03T21:07:36.8396750Z [32m==>[0m [1mInstalling bash dependency: [32mncurses[39m[0m
2026-10-03T21:07:36.8411300Z [34m==>[0m [1mPouring ncurses--6.6.arm64_sequoia.bottle.tar.gz[0m
2026-10-03T21:07:37.2272150Z 🍺  /opt/homebrew/Cellar/ncurses/6.6: 4,086 files, 10.3MB
2026-10-03T21:07:37.2274740Z [32m==>[0m [1mInstalling [32mbash[39m[0m
2026-10-03T21:07:37.2276400Z [34m==>[0m [1mPouring bash--5.3.15.arm64_sequoia.bottle.tar.gz[0m
2026-10-03T21:07:37.3449650Z 🍺  /opt/homebrew/Cellar/bash/5.3.15: 172 files, 13MB
2026-10-03T21:07:37.3451560Z [32m==>[0m [1mCaveats[0m
2026-10-03T21:07:37.3451830Z [34m==>[0m [1mbash[0m
2026-10-03T21:07:37.3452430Z DEFAULT_LOADABLE_BUILTINS_PATH: /opt/homebrew/lib/bash:/usr/local/lib/bash:/usr/lib/bash:/opt/local/lib/bash:/usr/pkg/lib/bash:/opt/pkg/lib/bash:.
2026-10-03T21:07:37.7949590Z ##[group]Run bash scripts/ci-macos-arm64.sh capture
2026-10-03T21:07:37.7949950Z [36;1mbash scripts/ci-macos-arm64.sh capture[0m
2026-10-03T21:07:37.7951760Z shell: /opt/homebrew/opt/bash/bin/bash --noprofile --norc -e -o pipefail {0}
2026-10-03T21:07:37.7952080Z env:
2026-10-03T21:07:37.7959580Z   PL_MACOS_TOOLCHAIN: 1.85.0
2026-10-03T21:07:37.7959810Z   RUSTUP_TOOLCHAIN: 1.85.0
2026-10-03T21:07:37.7959990Z   CARGO_BUILD_JOBS: 2
2026-10-03T21:07:37.7960160Z   CARGO_PROFILE_DEV_DEBUG: 0
2026-10-03T21:07:37.7960360Z   CARGO_PROFILE_TEST_DEBUG: 0
2026-10-03T21:07:37.7960570Z   CARGO_INCREMENTAL: 0
2026-10-03T21:07:37.7960770Z   CARGO_TERM_COLOR: never
2026-10-03T21:07:37.7960970Z   CARGO_HOME: /Users/runner/.cargo
2026-10-03T21:07:37.7961270Z   pythonLocation: /Users/runner/hostedtoolcache/Python/3.13.15/arm64
2026-10-03T21:07:37.7961680Z   PKG_CONFIG_PATH: /Users/runner/hostedtoolcache/Python/3.13.15/arm64/lib/pkgconfig
2026-10-03T21:07:37.7962150Z   Python_ROOT_DIR: /Users/runner/hostedtoolcache/Python/3.13.15/arm64
2026-10-03T21:07:37.7962520Z   Python2_ROOT_DIR: /Users/runner/hostedtoolcache/Python/3.13.15/arm64
2026-10-03T21:07:37.7962890Z   Python3_ROOT_DIR: /Users/runner/hostedtoolcache/Python/3.13.15/arm64
2026-10-03T21:07:37.7963170Z ##[endgroup]
2026-10-03T21:07:38.2265210Z {
2026-10-03T21:07:38.2265470Z   "system": "Darwin",
2026-10-03T21:07:38.2265680Z   "machine": "arm64",
2026-10-03T21:07:38.2265850Z   "macos_version": "15.7.9",
2026-10-03T21:07:38.2266070Z   "python_version": "3.13.15",
2026-10-03T21:07:38.2266290Z   "bash_version": "5.3.15(1)-release",
2026-10-03T21:07:38.2266510Z   "requested_toolchain": "1.85.0",
2026-10-03T21:07:38.2267220Z   "rustc_verbose": "rustc 1.85.0 (4d91de4e4 2025-02-17)\nbinary: rustc\ncommit-hash: 4d91de4e48198da2e33413efdcd9cd2cc0c46688\ncommit-date: 2025-02-17\nhost: aarch64-apple-darwin\nrelease: 1.85.0\nLLVM version: 19.1.7",
2026-10-03T21:07:38.2267910Z   "rustc_release": "1.85.0",
2026-10-03T21:07:38.2268190Z   "rustc_host": "aarch64-apple-darwin",
2026-10-03T21:07:38.2268450Z   "cargo_version": "cargo 1.85.0 (d73d2caf9 2024-12-31)",
2026-10-03T21:07:38.2268850Z   "openssl_version": "OpenSSL 3.6.4 25 Aug 2026 (Library: OpenSSL 3.6.4 25 Aug 2026)",
2026-10-03T21:07:38.2269220Z   "source_sha": "b8148087f08b205d7d19fd0be10994ebcd1fcc3a"
2026-10-03T21:07:38.2269470Z }
2026-10-03T21:07:38.4230420Z .............
2026-10-03T21:07:38.4230740Z ----------------------------------------------------------------------
2026-10-03T21:07:38.4231060Z Ran 13 tests in 0.001s
2026-10-03T21:07:38.4231180Z 
2026-10-03T21:07:38.4231250Z OK
2026-10-03T21:07:38.4549770Z ##[group]Run bash scripts/ci-macos-arm64.sh default
2026-10-03T21:07:38.4550180Z [36;1mbash scripts/ci-macos-arm64.sh default[0m
2026-10-03T21:07:38.4551760Z shell: /opt/homebrew/opt/bash/bin/bash --noprofile --norc -e -o pipefail {0}
2026-10-03T21:07:38.4552100Z env:
2026-10-03T21:07:38.4552280Z   PL_MACOS_TOOLCHAIN: 1.85.0
2026-10-03T21:07:38.4552690Z   RUSTUP_TOOLCHAIN: 1.85.0
2026-10-03T21:07:38.4552870Z   CARGO_BUILD_JOBS: 2
2026-10-03T21:07:38.4553040Z   CARGO_PROFILE_DEV_DEBUG: 0
2026-10-03T21:07:38.4553250Z   CARGO_PROFILE_TEST_DEBUG: 0
2026-10-03T21:07:38.4553430Z   CARGO_INCREMENTAL: 0
2026-10-03T21:07:38.4553610Z   CARGO_TERM_COLOR: never
2026-10-03T21:07:38.4553800Z   CARGO_HOME: /Users/runner/.cargo
2026-10-03T21:07:38.4554120Z   pythonLocation: /Users/runner/hostedtoolcache/Python/3.13.15/arm64
2026-10-03T21:07:38.4554570Z   PKG_CONFIG_PATH: /Users/runner/hostedtoolcache/Python/3.13.15/arm64/lib/pkgconfig
2026-10-03T21:07:38.4555020Z   Python_ROOT_DIR: /Users/runner/hostedtoolcache/Python/3.13.15/arm64
2026-10-03T21:07:38.4555390Z   Python2_ROOT_DIR: /Users/runner/hostedtoolcache/Python/3.13.15/arm64
2026-10-03T21:07:38.4555760Z   Python3_ROOT_DIR: /Users/runner/hostedtoolcache/Python/3.13.15/arm64
2026-10-03T21:07:38.4556120Z ##[endgroup]
2026-10-03T21:07:38.5377180Z     Updating crates.io index
2026-10-03T21:07:38.8007680Z  Downloading crates ...
2026-10-03T21:07:38.8835630Z   Downloaded adler2 v2.0.1
2026-10-03T21:07:38.8871310Z   Downloaded cfg-if v1.0.4
2026-10-03T21:07:38.8900150Z   Downloaded block-buffer v0.12.1
2026-10-03T21:07:38.9040370Z   Downloaded crc32c v0.6.8
2026-10-03T21:07:38.9102200Z   Downloaded errno v0.3.14
2026-10-03T21:07:38.9146480Z   Downloaded digest v0.11.3
2026-10-03T21:07:38.9204230Z   Downloaded untrusted v0.9.0
2026-10-03T21:07:38.9245680Z   Downloaded cpufeatures v0.3.1
2026-10-03T21:07:38.9302720Z   Downloaded semver v1.0.28
2026-10-03T21:07:38.9355510Z   Downloaded subtle v2.6.1
2026-10-03T21:07:38.9384310Z   Downloaded tokio-rustls v0.26.5
2026-10-03T21:07:38.9431350Z   Downloaded zeroize v1.9.0
2026-10-03T21:07:38.9456090Z   Downloaded ctutils v0.4.2
2026-10-03T21:07:38.9533500Z   Downloaded socket2 v0.6.5
2026-10-03T21:07:38.9565000Z   Downloaded unicode-ident v1.0.24
2026-10-03T21:07:38.9628980Z   Downloaded twox-hash v2.1.2
2026-10-03T21:07:38.9675880Z   Downloaded typenum v1.20.1
2026-10-03T21:07:38.9744110Z   Downloaded mio v1.2.2
2026-10-03T21:07:38.9869660Z   Downloaded cc v1.4.4
2026-10-03T21:07:38.9927260Z   Downloaded rustls-webpki v0.103.15
2026-10-03T21:07:38.9989590Z   Downloaded zlib-rs v0.6.8
2026-10-03T21:07:39.0082080Z   Downloaded base64 v0.23.1
2026-10-03T21:07:39.0144480Z   Downloaded proc-macro2 v1.0.107
2026-10-03T21:07:39.0201460Z   Downloaded webpki-roots v1.0.9
2026-10-03T21:07:39.0249450Z   Downloaded miniz_oxide v0.9.1
2026-10-03T21:07:39.0291510Z   Downloaded hmac v0.13.0
2026-10-03T21:07:39.0327460Z   Downloaded pin-project-lite v0.2.17
2026-10-03T21:07:39.0424050Z   Downloaded parking_lot_core v0.9.12
2026-10-03T21:07:39.0463740Z   Downloaded parking_lot v0.12.5
2026-10-03T21:07:39.0505370Z   Downloaded syn v3.0.4
2026-10-03T21:07:39.0727670Z   Downloaded lz4_flex v0.14.0
2026-10-03T21:07:39.0734780Z   Downloaded hybrid-array v0.4.14
2026-10-03T21:07:39.0771450Z   Downloaded getrandom v0.4.3
2026-10-03T21:07:39.0842190Z   Downloaded getrandom v0.2.17
2026-10-03T21:07:39.0892510Z   Downloaded rustls v0.23.45
2026-10-03T21:07:39.1957030Z   Downloaded flate2 v1.1.10
2026-10-03T21:07:39.2044030Z   Downloaded find-msvc-tools v0.1.11
2026-10-03T21:07:39.2072740Z   Downloaded crc32fast v1.5.1
2026-10-03T21:07:39.2106830Z   Downloaded bytes v1.12.1
2026-10-03T21:07:39.2173080Z   Downloaded rustc_version v0.4.1
2026-10-03T21:07:39.2196440Z   Downloaded quote v1.0.47
2026-10-03T21:07:39.2249560Z   Downloaded once_cell v1.21.4
2026-10-03T21:07:39.2299920Z   Downloaded tokio-macros v2.7.2
2026-10-03T21:07:39.2321070Z   Downloaded snap v1.1.2
2026-10-03T21:07:39.2362150Z   Downloaded smallvec v1.15.2
2026-10-03T21:07:39.2464330Z   Downloaded simd-adler32 v0.3.10
2026-10-03T21:07:39.2566520Z   Downloaded signal-hook-registry v1.4.8
2026-10-03T21:07:39.2638860Z   Downloaded sha2 v0.11.0
2026-10-03T21:07:39.2639280Z   Downloaded pbkdf2 v0.13.0
2026-10-03T21:07:39.2640160Z   Downloaded crypto-common v0.2.2
2026-10-03T21:07:39.2641810Z   Downloaded const-oid v0.10.2
2026-10-03T21:07:39.2645320Z   Downloaded cmov v0.5.4
2026-10-03T21:07:39.2673280Z   Downloaded shlex v2.0.1
2026-10-03T21:07:39.2695700Z   Downloaded scopeguard v1.2.0
2026-10-03T21:07:39.2715020Z   Downloaded lock_api v0.4.14
2026-10-03T21:07:39.2736810Z   Downloaded rustls-pki-types v1.15.1
2026-10-03T21:07:39.2786540Z   Downloaded tokio v1.53.1
2026-10-03T21:07:39.3679350Z   Downloaded libc v0.2.189
2026-10-03T21:07:39.4413310Z   Downloaded ring v0.17.14
2026-10-03T21:07:39.5334410Z    Compiling libc v0.2.189
2026-10-03T21:07:39.5334910Z    Compiling cfg-if v1.0.4
2026-10-03T21:07:39.5697750Z    Compiling find-msvc-tools v0.1.11
2026-10-03T21:07:39.6748870Z    Compiling shlex v2.0.1
2026-10-03T21:07:39.7417690Z    Compiling cc v1.4.4
2026-10-03T21:07:40.4284300Z    Compiling proc-macro2 v1.0.107
2026-10-03T21:07:40.5704730Z    Compiling typenum v1.20.1
2026-10-03T21:07:40.5751660Z    Compiling ring v0.17.14
2026-10-03T21:07:40.8475700Z    Compiling quote v1.0.47
2026-10-03T21:07:40.9776320Z    Compiling unicode-ident v1.0.24
2026-10-03T21:07:41.0535220Z    Compiling hybrid-array v0.4.14
2026-10-03T21:07:41.4078550Z    Compiling cmov v0.5.4
2026-10-03T21:07:41.5071140Z    Compiling zeroize v1.9.0
2026-10-03T21:07:41.5795920Z    Compiling rustls-pki-types v1.15.1
2026-10-03T21:07:41.8109920Z    Compiling ctutils v0.4.2
2026-10-03T21:07:42.0461970Z    Compiling crypto-common v0.2.2
2026-10-03T21:07:42.7413470Z    Compiling block-buffer v0.12.1
2026-10-03T21:07:42.7928180Z    Compiling getrandom v0.2.17
2026-10-03T21:07:42.8495440Z    Compiling untrusted v0.9.0
2026-10-03T21:07:42.8864580Z    Compiling semver v1.0.28
2026-10-03T21:07:43.0346210Z    Compiling const-oid v0.10.2
2026-10-03T21:07:43.1167050Z    Compiling digest v0.11.3
2026-10-03T21:07:43.2014450Z    Compiling rustc_version v0.4.1
2026-10-03T21:07:43.3700560Z    Compiling syn v3.0.4
2026-10-03T21:07:45.5147040Z    Compiling errno v0.3.14
2026-10-03T21:07:45.5576900Z    Compiling rustls v0.23.45
2026-10-03T21:07:45.5879200Z    Compiling crc32fast v1.5.1
2026-10-03T21:07:45.6483370Z    Compiling parking_lot_core v0.9.12
2026-10-03T21:07:45.7491030Z    Compiling signal-hook-registry v1.4.8
2026-10-03T21:07:45.7560920Z    Compiling tokio-macros v2.7.2
2026-10-03T21:07:45.8580770Z    Compiling rustls-webpki v0.103.15
2026-10-03T21:07:46.0933640Z    Compiling crc32c v0.6.8
2026-10-03T21:07:46.2168590Z    Compiling socket2 v0.6.5
2026-10-03T21:07:46.3817910Z    Compiling mio v1.2.2
2026-10-03T21:07:46.4600610Z    Compiling once_cell v1.21.4
2026-10-03T21:07:46.5359370Z    Compiling adler2 v2.0.1
2026-10-03T21:07:46.5730990Z    Compiling subtle v2.6.1
2026-10-03T21:07:46.6219450Z    Compiling smallvec v1.15.2
2026-10-03T21:07:46.6736170Z    Compiling simd-adler32 v0.3.10
2026-10-03T21:07:46.7082670Z    Compiling snap v1.1.2
2026-10-03T21:07:46.7573390Z    Compiling getrandom v0.4.3
2026-10-03T21:07:46.8384770Z    Compiling bytes v1.12.1
2026-10-03T21:07:46.8557240Z    Compiling pin-project-lite v0.2.17
2026-10-03T21:07:46.8797730Z    Compiling scopeguard v1.2.0
2026-10-03T21:07:46.9053150Z    Compiling lock_api v0.4.14
2026-10-03T21:07:47.0074730Z    Compiling miniz_oxide v0.9.1
2026-10-03T21:07:47.1829460Z    Compiling tokio v1.53.1
2026-10-03T21:07:50.0982940Z    Compiling hmac v0.13.0
2026-10-03T21:07:50.1516800Z    Compiling cpufeatures v0.3.1
2026-10-03T21:07:50.1839770Z    Compiling zlib-rs v0.6.8
2026-10-03T21:07:50.3206140Z    Compiling twox-hash v2.1.2
2026-10-03T21:07:50.3608900Z    Compiling lz4_flex v0.14.0
2026-10-03T21:07:50.5521660Z    Compiling sha2 v0.11.0
2026-10-03T21:07:51.1218100Z    Compiling pbkdf2 v0.13.0
2026-10-03T21:07:51.2663550Z    Compiling tokio-rustls v0.26.5
2026-10-03T21:07:51.4897350Z    Compiling parking_lot v0.12.5
2026-10-03T21:07:51.8843880Z    Compiling webpki-roots v1.0.9
2026-10-03T21:07:51.9221470Z    Compiling base64 v0.23.1
2026-10-03T21:07:52.8320250Z    Compiling flate2 v1.1.10
2026-10-03T21:07:53.0363190Z    Compiling partitionline v0.1.0 (/Users/runner/work/partitionline/partitionline)
2026-10-03T21:08:01.6187630Z     Finished `dev` profile [unoptimized] target(s) in 23.09s
2026-10-03T21:08:01.7243340Z    Compiling partitionline v0.1.0 (/Users/runner/work/partitionline/partitionline)
2026-10-03T21:08:25.5832440Z error[E0382]: borrow of moved value: `producer`
2026-10-03T21:08:25.5834240Z     --> tests/sticky_partitioner.rs:238:17
2026-10-03T21:08:25.5834650Z      |
2026-10-03T21:08:25.5835110Z 206  |     let producer = Producer::new(
2026-10-03T21:08:25.5835630Z      |         -------- move occurs because `producer` has type `Producer`, which does not implement the `Copy` trait
2026-10-03T21:08:25.5836130Z ...
2026-10-03T21:08:25.5836390Z 237  |     producer.close().await.unwrap();
2026-10-03T21:08:25.5836770Z      |              ------- `producer` moved due to this method call
2026-10-03T21:08:25.5837170Z 238  |     let state = producer.__test_sticky_state().unwrap();
2026-10-03T21:08:25.5837560Z      |                 ^^^^^^^^ value borrowed here after move
2026-10-03T21:08:25.5837880Z      |
2026-10-03T21:08:25.5838240Z note: `Producer::close` takes ownership of the receiver `self`, which moves `producer`
2026-10-03T21:08:25.5838820Z     --> /Users/runner/work/partitionline/partitionline/src/producer.rs:2823:24
2026-10-03T21:08:25.5839220Z      |
2026-10-03T21:08:25.5839500Z 2823 |     pub async fn close(self) -> Result<()> {
2026-10-03T21:08:25.5839830Z      |                        ^^^^
2026-10-03T21:08:25.5840250Z help: you can `clone` the value and consume it, but this might not be your desired behavior
2026-10-03T21:08:25.5840680Z      |
2026-10-03T21:08:25.5840950Z 237  |     producer.clone().close().await.unwrap();
2026-10-03T21:08:25.5841300Z      |             ++++++++
2026-10-03T21:08:25.5841510Z 
2026-10-03T21:08:25.9479670Z For more information about this error, try `rustc --explain E0382`.
2026-10-03T21:08:25.9526970Z error: could not compile `partitionline` (test "sticky_partitioner") due to 1 previous error
2026-10-03T21:08:25.9527780Z warning: build failed, waiting for other jobs to finish...
2026-10-03T21:08:26.2457710Z ##[error]default-tests exited 101: error: could not compile `partitionline` (test "sticky_partitioner") due to 1 previous error
2026-10-03T21:08:26.2491760Z ##[error]Process completed with exit code 101.
2026-10-03T21:08:26.2549400Z ##[group]Run actions/upload-artifact@v4
2026-10-03T21:08:26.2549600Z with:
2026-10-03T21:08:26.2549970Z   name: macos-arm64-1.85.0-rust1.85.0-os15.7.9-ssl3.6.4-py3.13.15-bash5.3.15-partial-b8148087f08b205d7d19fd0be10994ebcd1fcc3a
2026-10-03T21:08:26.2550400Z   path: target/macos-arm64/1.85.0/
2026-10-03T21:08:26.2550590Z   if-no-files-found: error
2026-10-03T21:08:26.2550740Z   retention-days: 30
2026-10-03T21:08:26.2550890Z   compression-level: 6
2026-10-03T21:08:26.2551030Z   overwrite: false
2026-10-03T21:08:26.2551170Z   include-hidden-files: false
2026-10-03T21:08:26.2551320Z env:
2026-10-03T21:08:26.2551450Z   PL_MACOS_TOOLCHAIN: 1.85.0
2026-10-03T21:08:26.2551610Z   RUSTUP_TOOLCHAIN: 1.85.0
2026-10-03T21:08:26.2551760Z   CARGO_BUILD_JOBS: 2
2026-10-03T21:08:26.2551910Z   CARGO_PROFILE_DEV_DEBUG: 0
2026-10-03T21:08:26.2552090Z   CARGO_PROFILE_TEST_DEBUG: 0
2026-10-03T21:08:26.2552240Z   CARGO_INCREMENTAL: 0
2026-10-03T21:08:26.2552390Z   CARGO_TERM_COLOR: never
2026-10-03T21:08:26.2552570Z   CARGO_HOME: /Users/runner/.cargo
2026-10-03T21:08:26.2552820Z   pythonLocation: /Users/runner/hostedtoolcache/Python/3.13.15/arm64
2026-10-03T21:08:26.2553200Z   PKG_CONFIG_PATH: /Users/runner/hostedtoolcache/Python/3.13.15/arm64/lib/pkgconfig
2026-10-03T21:08:26.2553570Z   Python_ROOT_DIR: /Users/runner/hostedtoolcache/Python/3.13.15/arm64
2026-10-03T21:08:26.2553900Z   Python2_ROOT_DIR: /Users/runner/hostedtoolcache/Python/3.13.15/arm64
2026-10-03T21:08:26.2554230Z   Python3_ROOT_DIR: /Users/runner/hostedtoolcache/Python/3.13.15/arm64
2026-10-03T21:08:26.2554480Z ##[endgroup]
2026-10-03T21:08:26.4440780Z (node:3086) [DEP0040] DeprecationWarning: The `punycode` module is deprecated. Please use a userland alternative instead.
2026-10-03T21:08:26.4441400Z (Use `node --trace-deprecation ...` to show where the warning was created)
2026-10-03T21:08:26.4472470Z With the provided path, there will be 4 files uploaded
2026-10-03T21:08:26.4474650Z Artifact name is valid!
2026-10-03T21:08:26.4475070Z Root directory input is valid!
2026-10-03T21:08:26.7830880Z Beginning upload of artifact content to blob storage
2026-10-03T21:08:26.8063280Z (node:3086) [DEP0169] DeprecationWarning: `url.parse()` behavior is not standardized and prone to errors that have security implications. Use the WHATWG URL API instead. CVEs are not issued for `url.parse()` vulnerabilities.
2026-10-03T21:08:26.9760370Z Uploaded bytes 2485
2026-10-03T21:08:27.0202430Z Finished uploading artifact content to blob storage!
2026-10-03T21:08:27.0203560Z SHA256 digest of uploaded artifact zip is 6139a37a02a4a8334c2709cc191d7de9d0787f501179c981f25620dd3e9a2e2a
2026-10-03T21:08:27.0204420Z Finalizing artifact upload
2026-10-03T21:08:27.2589370Z Artifact macos-arm64-1.85.0-rust1.85.0-os15.7.9-ssl3.6.4-py3.13.15-bash5.3.15-partial-b8148087f08b205d7d19fd0be10994ebcd1fcc3a.zip successfully finalized. Artifact ID 11285202245
2026-10-03T21:08:27.2594650Z Artifact macos-arm64-1.85.0-rust1.85.0-os15.7.9-ssl3.6.4-py3.13.15-bash5.3.15-partial-b8148087f08b205d7d19fd0be10994ebcd1fcc3a has been successfully uploaded! Final size is 2485 bytes. Artifact ID is 11285202245
2026-10-03T21:08:27.2613560Z Artifact download URL: https://github.com/mingley/partitionline/actions/runs/37153928344/artifacts/11285202245
2026-10-03T21:08:27.2946780Z Post job cleanup.
2026-10-03T21:08:27.3808320Z [command]/opt/homebrew/bin/git version
2026-10-03T21:08:27.3954730Z git version 2.55.0
2026-10-03T21:08:27.3970770Z Copying '/Users/runner/.gitconfig' to '/Users/runner/work/_temp/89ca9e5a-b8ac-414d-83a4-cd6c19490633/.gitconfig'
2026-10-03T21:08:27.3976860Z Temporarily overriding HOME='/Users/runner/work/_temp/89ca9e5a-b8ac-414d-83a4-cd6c19490633' before making global git config changes
2026-10-03T21:08:27.3977620Z Adding repository directory to the temporary git global config as a safe directory
2026-10-03T21:08:27.3980250Z [command]/opt/homebrew/bin/git config --global --add safe.directory /Users/runner/work/partitionline/partitionline
2026-10-03T21:08:27.4053770Z Removing SSH command configuration
2026-10-03T21:08:27.4058520Z [command]/opt/homebrew/bin/git config --local --name-only --get-regexp core\.sshCommand
2026-10-03T21:08:27.4114070Z [command]/opt/homebrew/bin/git submodule foreach --recursive sh -c "git config --local --name-only --get-regexp 'core\.sshCommand' && git config --local --unset-all 'core.sshCommand' || :"
2026-10-03T21:08:27.4892900Z Removing HTTP extra header
2026-10-03T21:08:27.4896730Z [command]/opt/homebrew/bin/git config --local --name-only --get-regexp http\.https\:\/\/github\.com\/\.extraheader
2026-10-03T21:08:27.4949250Z [command]/opt/homebrew/bin/git submodule foreach --recursive sh -c "git config --local --name-only --get-regexp 'http\.https\:\/\/github\.com\/\.extraheader' && git config --local --unset-all 'http.https://github.com/.extraheader' || :"
2026-10-03T21:08:27.5633420Z Removing includeIf entries pointing to credentials config files
2026-10-03T21:08:27.5637210Z [command]/opt/homebrew/bin/git config --local --name-only --get-regexp ^includeIf\.gitdir:
2026-10-03T21:08:27.5683080Z includeif.gitdir:/Users/runner/work/partitionline/partitionline/.git.path
2026-10-03T21:08:27.5683630Z includeif.gitdir:/Users/runner/work/partitionline/partitionline/.git/worktrees/*.path
2026-10-03T21:08:27.5684090Z includeif.gitdir:/github/workspace/.git.path
2026-10-03T21:08:27.5693770Z includeif.gitdir:/github/workspace/.git/worktrees/*.path
2026-10-03T21:08:27.5694710Z [command]/opt/homebrew/bin/git config --local --get-all includeif.gitdir:/Users/runner/work/partitionline/partitionline/.git.path
2026-10-03T21:08:27.5732380Z /Users/runner/work/_temp/git-credentials-f1626724-c598-4bb1-97f2-c164d810c7e9.config
2026-10-03T21:08:27.5737920Z [command]/opt/homebrew/bin/git config --local --unset includeif.gitdir:/Users/runner/work/partitionline/partitionline/.git.path \/Users\/runner\/work\/_temp\/git\-credentials\-f1626724\-c598\-4bb1\-97f2\-c164d810c7e9\.config
2026-10-03T21:08:27.5792770Z [command]/opt/homebrew/bin/git config --local --get-all includeif.gitdir:/Users/runner/work/partitionline/partitionline/.git/worktrees/*.path
2026-10-03T21:08:27.5840220Z /Users/runner/work/_temp/git-credentials-f1626724-c598-4bb1-97f2-c164d810c7e9.config
2026-10-03T21:08:27.5846480Z [command]/opt/homebrew/bin/git config --local --unset includeif.gitdir:/Users/runner/work/partitionline/partitionline/.git/worktrees/*.path \/Users\/runner\/work\/_temp\/git\-credentials\-f1626724\-c598\-4bb1\-97f2\-c164d810c7e9\.config
2026-10-03T21:08:27.5899000Z [command]/opt/homebrew/bin/git config --local --get-all includeif.gitdir:/github/workspace/.git.path
2026-10-03T21:08:27.5941290Z /github/runner_temp/git-credentials-f1626724-c598-4bb1-97f2-c164d810c7e9.config
2026-10-03T21:08:27.5944900Z [command]/opt/homebrew/bin/git config --local --unset includeif.gitdir:/github/workspace/.git.path \/github\/runner_temp\/git\-credentials\-f1626724\-c598\-4bb1\-97f2\-c164d810c7e9\.config
2026-10-03T21:08:27.5989160Z [command]/opt/homebrew/bin/git config --local --get-all includeif.gitdir:/github/workspace/.git/worktrees/*.path
2026-10-03T21:08:27.6036710Z /github/runner_temp/git-credentials-f1626724-c598-4bb1-97f2-c164d810c7e9.config
2026-10-03T21:08:27.6042130Z [command]/opt/homebrew/bin/git config --local --unset includeif.gitdir:/github/workspace/.git/worktrees/*.path \/github\/runner_temp\/git\-credentials\-f1626724\-c598\-4bb1\-97f2\-c164d810c7e9\.config
2026-10-03T21:08:27.6098090Z [command]/opt/homebrew/bin/git submodule foreach --recursive git config --local --show-origin --name-only --get-regexp remote.origin.url
2026-10-03T21:08:27.6772820Z Removing credentials config '/Users/runner/work/_temp/git-credentials-f1626724-c598-4bb1-97f2-c164d810c7e9.config'
2026-10-03T21:08:27.6850370Z Cleaning up orphan processes
2026-10-03T21:08:27.8363860Z ##[warning]Node.js 20 is deprecated. The following actions target Node.js 20 but are being forced to run on Node.js 24: actions/upload-artifact@v4. For more information see: https://github.blog/changelog/2025-09-19-deprecation-of-node-20-on-github-actions-runners/
