2026-10-03T21:06:42.9870872Z Current runner version: '2.337.0'
2026-10-03T21:06:42.9888715Z ##[group]Runner Image Provisioner
2026-10-03T21:06:42.9889222Z Hosted Compute Agent
2026-10-03T21:06:42.9889583Z Version: 20260901.588
2026-10-03T21:06:42.9889991Z Commit: f88ec8081b781fac6c440065ac7ff9e710ce3d0b
2026-10-03T21:06:42.9890414Z Build Date: 2026-09-01T19:56:44Z
2026-10-03T21:06:42.9890820Z Worker ID: {26d0482f-e442-4fc8-8529-6a5666fcd5d1}
2026-10-03T21:06:42.9891230Z Azure Region: westus2
2026-10-03T21:06:42.9891588Z ##[endgroup]
2026-10-03T21:06:42.9892345Z ##[group]Operating System
2026-10-03T21:06:42.9892722Z Ubuntu
2026-10-03T21:06:42.9893061Z 24.04.5
2026-10-03T21:06:42.9893371Z LTS
2026-10-03T21:06:42.9893696Z ##[endgroup]
2026-10-03T21:06:42.9894046Z ##[group]Runner Image
2026-10-03T21:06:42.9894382Z Image: ubuntu-24.04
2026-10-03T21:06:42.9894700Z Version: 20260927.320.1
2026-10-03T21:06:42.9895482Z Included Software: https://github.com/actions/runner-images/blob/ubuntu24/20260927.320/images/ubuntu/Ubuntu2404-Readme.md
2026-10-03T21:06:42.9896478Z Image Release: https://github.com/actions/runner-images/releases/tag/ubuntu24%2F20260927.320
2026-10-03T21:06:42.9897008Z ##[endgroup]
2026-10-03T21:06:42.9898683Z ##[group]GITHUB_TOKEN Permissions
2026-10-03T21:06:42.9900063Z Actions: write
2026-10-03T21:06:42.9900442Z ArtifactMetadata: write
2026-10-03T21:06:42.9900799Z Attestations: write
2026-10-03T21:06:42.9901126Z Checks: write
2026-10-03T21:06:42.9901779Z CodeQuality: write
2026-10-03T21:06:42.9902105Z Contents: write
2026-10-03T21:06:42.9902416Z CopilotRequests: write
2026-10-03T21:06:42.9902793Z Deployments: write
2026-10-03T21:06:42.9903159Z Discussions: write
2026-10-03T21:06:42.9903541Z Drives: write
2026-10-03T21:06:42.9903849Z Issues: write
2026-10-03T21:06:42.9904146Z Metadata: read
2026-10-03T21:06:42.9904550Z Models: read
2026-10-03T21:06:42.9904861Z Packages: write
2026-10-03T21:06:42.9905200Z Pages: write
2026-10-03T21:06:42.9905555Z PullRequests: write
2026-10-03T21:06:42.9905898Z RepositoryProjects: write
2026-10-03T21:06:42.9906396Z SecurityEvents: write
2026-10-03T21:06:42.9906727Z Statuses: write
2026-10-03T21:06:42.9907102Z VulnerabilityAlerts: read
2026-10-03T21:06:42.9907450Z ##[endgroup]
2026-10-03T21:06:42.9908753Z Secret source: Actions
2026-10-03T21:06:42.9909321Z Cache mode: write
2026-10-03T21:06:42.9909852Z Prepare workflow directory
2026-10-03T21:06:43.0103356Z Prepare all required actions
2026-10-03T21:06:43.0133094Z Getting action download info
2026-10-03T21:06:43.3652929Z Download action repository 'actions/checkout@v7' (SHA:3d3c42e5aac5ba805825da76410c181273ba90b1)
2026-10-03T21:06:43.5426004Z Download action repository 'dtolnay/rust-toolchain@stable' (SHA:89b12181fb390509a0842a86cc55eeb8eb928c1d)
2026-10-03T21:06:43.7765235Z Complete job name: features
2026-10-03T21:06:43.8193520Z ##[group]Run actions/checkout@v7
2026-10-03T21:06:43.8193908Z with:
2026-10-03T21:06:43.8194146Z   repository: mingley/partitionline
2026-10-03T21:06:43.8196073Z   token: ***
2026-10-03T21:06:43.8196419Z   ssh-strict: true
2026-10-03T21:06:43.8196667Z   ssh-user: git
2026-10-03T21:06:43.8196905Z   persist-credentials: true
2026-10-03T21:06:43.8197160Z   clean: true
2026-10-03T21:06:43.8197398Z   sparse-checkout-cone-mode: true
2026-10-03T21:06:43.8197669Z   fetch-depth: 1
2026-10-03T21:06:43.8197897Z   fetch-tags: false
2026-10-03T21:06:43.8198138Z   show-progress: true
2026-10-03T21:06:43.8198373Z   lfs: false
2026-10-03T21:06:43.8198589Z   submodules: false
2026-10-03T21:06:43.8198827Z   set-safe-directory: true
2026-10-03T21:06:43.8199094Z   allow-unsafe-pr-checkout: false
2026-10-03T21:06:43.8199436Z ##[endgroup]
2026-10-03T21:06:43.8832533Z Syncing repository: mingley/partitionline
2026-10-03T21:06:43.8833946Z ##[group]Getting Git version info
2026-10-03T21:06:43.8834431Z Working directory is '/home/runner/work/partitionline/partitionline'
2026-10-03T21:06:43.8834988Z [command]/usr/bin/git version
2026-10-03T21:06:43.8920718Z git version 2.55.0
2026-10-03T21:06:43.8936482Z ##[endgroup]
2026-10-03T21:06:43.8944691Z Temporarily overriding HOME='/home/runner/work/_temp/64d63eb3-3e7f-4572-8005-af4158f6c60a' before making global git config changes
2026-10-03T21:06:43.8945720Z Adding repository directory to the temporary git global config as a safe directory
2026-10-03T21:06:43.8949132Z [command]/usr/bin/git config --global --add safe.directory /home/runner/work/partitionline/partitionline
2026-10-03T21:06:43.8993658Z Deleting the contents of '/home/runner/work/partitionline/partitionline'
2026-10-03T21:06:43.9001217Z ##[group]Determining repository object format
2026-10-03T21:06:43.9001982Z ##[endgroup]
2026-10-03T21:06:43.9002565Z ##[group]Initializing the repository
2026-10-03T21:06:43.9003183Z [command]/usr/bin/git init /home/runner/work/partitionline/partitionline
2026-10-03T21:06:44.1330805Z hint: Using 'master' as the name for the initial branch. This default branch name
2026-10-03T21:06:44.1332117Z hint: will change to "main" in Git 3.0. To configure the initial branch name
2026-10-03T21:06:44.1333069Z hint: to use in all of your new repositories, which will suppress this warning,
2026-10-03T21:06:44.1333912Z hint: call:
2026-10-03T21:06:44.1334525Z hint:
2026-10-03T21:06:44.1334905Z hint: 	git config --global init.defaultBranch <name>
2026-10-03T21:06:44.1335244Z hint:
2026-10-03T21:06:44.1335561Z hint: Names commonly chosen instead of 'master' are 'main', 'trunk' and
2026-10-03T21:06:44.1336076Z hint: 'development'. The just-created branch can be renamed via this command:
2026-10-03T21:06:44.1336632Z hint:
2026-10-03T21:06:44.1336866Z hint: 	git branch -m <name>
2026-10-03T21:06:44.1337126Z hint:
2026-10-03T21:06:44.1337607Z hint: Disable this message with "git config set advice.defaultBranchName false"
2026-10-03T21:06:44.1338388Z Initialized empty Git repository in /home/runner/work/partitionline/partitionline/.git/
2026-10-03T21:06:44.1341984Z [command]/usr/bin/git remote add origin https://github.com/mingley/partitionline
2026-10-03T21:06:44.1392256Z ##[endgroup]
2026-10-03T21:06:44.1392693Z ##[group]Disabling automatic garbage collection
2026-10-03T21:06:44.1394324Z [command]/usr/bin/git config --local gc.auto 0
2026-10-03T21:06:44.1423701Z ##[endgroup]
2026-10-03T21:06:44.1424314Z ##[group]Setting up auth
2026-10-03T21:06:44.1424687Z Removing SSH command configuration
2026-10-03T21:06:44.1427827Z [command]/usr/bin/git config --local --name-only --get-regexp core\.sshCommand
2026-10-03T21:06:44.1456401Z [command]/usr/bin/git submodule foreach --recursive sh -c "git config --local --name-only --get-regexp 'core\.sshCommand' && git config --local --unset-all 'core.sshCommand' || :"
2026-10-03T21:06:44.1802539Z Removing HTTP extra header
2026-10-03T21:06:44.1806016Z [command]/usr/bin/git config --local --name-only --get-regexp http\.https\:\/\/github\.com\/\.extraheader
2026-10-03T21:06:44.1835752Z [command]/usr/bin/git submodule foreach --recursive sh -c "git config --local --name-only --get-regexp 'http\.https\:\/\/github\.com\/\.extraheader' && git config --local --unset-all 'http.https://github.com/.extraheader' || :"
2026-10-03T21:06:44.2010708Z Removing includeIf entries pointing to credentials config files
2026-10-03T21:06:44.2014605Z [command]/usr/bin/git config --local --name-only --get-regexp ^includeIf\.gitdir:
2026-10-03T21:06:44.2045692Z [command]/usr/bin/git submodule foreach --recursive git config --local --show-origin --name-only --get-regexp remote.origin.url
2026-10-03T21:06:44.2231110Z [command]/usr/bin/git config --file /home/runner/work/_temp/git-credentials-27cb2c4c-c49f-4dcc-ac8b-63537a8d82c0.config http.https://github.com/.extraheader AUTHORIZATION: basic ***
2026-10-03T21:06:44.2264452Z [command]/usr/bin/git config --local includeIf.gitdir:/home/runner/work/partitionline/partitionline/.git.path /home/runner/work/_temp/git-credentials-27cb2c4c-c49f-4dcc-ac8b-63537a8d82c0.config
2026-10-03T21:06:44.2293683Z [command]/usr/bin/git config --local includeIf.gitdir:/home/runner/work/partitionline/partitionline/.git/worktrees/*.path /home/runner/work/_temp/git-credentials-27cb2c4c-c49f-4dcc-ac8b-63537a8d82c0.config
2026-10-03T21:06:44.2325994Z [command]/usr/bin/git config --local includeIf.gitdir:/github/workspace/.git.path /github/runner_temp/git-credentials-27cb2c4c-c49f-4dcc-ac8b-63537a8d82c0.config
2026-10-03T21:06:44.2355561Z [command]/usr/bin/git config --local includeIf.gitdir:/github/workspace/.git/worktrees/*.path /github/runner_temp/git-credentials-27cb2c4c-c49f-4dcc-ac8b-63537a8d82c0.config
2026-10-03T21:06:44.2381870Z ##[endgroup]
2026-10-03T21:06:44.2382282Z ##[group]Fetching the repository
2026-10-03T21:06:44.2385997Z [command]/usr/bin/git -c protocol.version=2 fetch --no-tags --prune --no-recurse-submodules --depth=1 origin +b8148087f08b205d7d19fd0be10994ebcd1fcc3a:refs/remotes/origin/main
2026-10-03T21:06:51.4245512Z From https://github.com/mingley/partitionline
2026-10-03T21:06:51.4246781Z  * [new ref]           b8148087f08b205d7d19fd0be10994ebcd1fcc3a -> origin/main
2026-10-03T21:06:51.4253561Z [command]/usr/bin/git branch --list --remote origin/main
2026-10-03T21:06:51.4286037Z   origin/main
2026-10-03T21:06:51.4294668Z [command]/usr/bin/git rev-parse refs/remotes/origin/main
2026-10-03T21:06:51.4323479Z b8148087f08b205d7d19fd0be10994ebcd1fcc3a
2026-10-03T21:06:51.4325374Z ##[endgroup]
2026-10-03T21:06:51.4326035Z ##[group]Determining the checkout info
2026-10-03T21:06:51.4326855Z ##[endgroup]
2026-10-03T21:06:51.4331742Z [command]/usr/bin/git sparse-checkout disable
2026-10-03T21:06:51.4749869Z [command]/usr/bin/git config --local --unset-all extensions.worktreeConfig
2026-10-03T21:06:51.4785597Z ##[group]Checking out the ref
2026-10-03T21:06:51.4788877Z [command]/usr/bin/git checkout --progress --force -B main refs/remotes/origin/main
2026-10-03T21:06:52.5605554Z Updating files:  33% (25715/75693)
2026-10-03T21:06:52.5785498Z Updating files:  34% (25736/75693)
2026-10-03T21:06:52.6142717Z Updating files:  35% (26493/75693)
2026-10-03T21:06:52.6554679Z Updating files:  36% (27250/75693)
2026-10-03T21:06:52.6877428Z Updating files:  37% (28007/75693)
2026-10-03T21:06:52.7150836Z Updating files:  38% (28764/75693)
2026-10-03T21:06:52.7407659Z Updating files:  39% (29521/75693)
2026-10-03T21:06:52.7639013Z Updating files:  40% (30278/75693)
2026-10-03T21:06:52.7860665Z Updating files:  41% (31035/75693)
2026-10-03T21:06:52.8134381Z Updating files:  42% (31792/75693)
2026-10-03T21:06:52.9242655Z Updating files:  43% (32548/75693)
2026-10-03T21:06:52.9523003Z Updating files:  44% (33305/75693)
2026-10-03T21:06:52.9878240Z Updating files:  45% (34062/75693)
2026-10-03T21:06:53.0356751Z Updating files:  46% (34819/75693)
2026-10-03T21:06:53.0587705Z Updating files:  47% (35576/75693)
2026-10-03T21:06:53.1813235Z Updating files:  48% (36333/75693)
2026-10-03T21:06:53.3131974Z Updating files:  49% (37090/75693)
2026-10-03T21:06:53.3512790Z Updating files:  50% (37847/75693)
2026-10-03T21:06:53.3734852Z Updating files:  51% (38604/75693)
2026-10-03T21:06:53.4190824Z Updating files:  52% (39361/75693)
2026-10-03T21:06:53.4478823Z Updating files:  53% (40118/75693)
2026-10-03T21:06:53.4682034Z Updating files:  54% (40875/75693)
2026-10-03T21:06:53.4866067Z Updating files:  55% (41632/75693)
2026-10-03T21:06:53.5057174Z Updating files:  56% (42389/75693)
2026-10-03T21:06:54.2821667Z Updating files:  57% (43146/75693)
2026-10-03T21:06:54.2932777Z Updating files:  57% (43462/75693)
2026-10-03T21:06:54.3132041Z Updating files:  58% (43902/75693)
2026-10-03T21:06:54.3316209Z Updating files:  59% (44659/75693)
2026-10-03T21:06:54.3612597Z Updating files:  60% (45416/75693)
2026-10-03T21:06:54.3993295Z Updating files:  61% (46173/75693)
2026-10-03T21:06:54.4213957Z Updating files:  62% (46930/75693)
2026-10-03T21:06:54.4520491Z Updating files:  63% (47687/75693)
2026-10-03T21:06:54.4739457Z Updating files:  64% (48444/75693)
2026-10-03T21:06:54.4976749Z Updating files:  65% (49201/75693)
2026-10-03T21:06:54.5198697Z Updating files:  66% (49958/75693)
2026-10-03T21:06:54.5228355Z Updating files:  67% (50715/75693)
2026-10-03T21:06:54.5485412Z Updating files:  67% (50832/75693)
2026-10-03T21:06:54.5671540Z Updating files:  68% (51472/75693)
2026-10-03T21:06:54.5872325Z Updating files:  69% (52229/75693)
2026-10-03T21:06:54.6078003Z Updating files:  70% (52986/75693)
2026-10-03T21:06:54.6262217Z Updating files:  71% (53743/75693)
2026-10-03T21:06:54.6449110Z Updating files:  72% (54499/75693)
2026-10-03T21:06:54.6633197Z Updating files:  73% (55256/75693)
2026-10-03T21:06:54.7481089Z Updating files:  74% (56013/75693)
2026-10-03T21:06:54.7788311Z Updating files:  75% (56770/75693)
2026-10-03T21:06:54.8105639Z Updating files:  76% (57527/75693)
2026-10-03T21:06:54.8295615Z Updating files:  77% (58284/75693)
2026-10-03T21:06:54.8562065Z Updating files:  78% (59041/75693)
2026-10-03T21:06:54.9043152Z Updating files:  79% (59798/75693)
2026-10-03T21:06:54.9333370Z Updating files:  80% (60555/75693)
2026-10-03T21:06:54.9539704Z Updating files:  81% (61312/75693)
2026-10-03T21:06:55.0228667Z Updating files:  82% (62069/75693)
2026-10-03T21:06:55.0673848Z Updating files:  83% (62826/75693)
2026-10-03T21:06:55.1009399Z Updating files:  84% (63583/75693)
2026-10-03T21:06:55.1363573Z Updating files:  85% (64340/75693)
2026-10-03T21:06:55.1684830Z Updating files:  86% (65096/75693)
2026-10-03T21:06:55.5230082Z Updating files:  87% (65853/75693)
2026-10-03T21:06:55.5448643Z Updating files:  87% (66427/75693)
2026-10-03T21:06:55.5912538Z Updating files:  88% (66610/75693)
2026-10-03T21:06:55.6214383Z Updating files:  89% (67367/75693)
2026-10-03T21:06:55.6587797Z Updating files:  90% (68124/75693)
2026-10-03T21:06:55.6816823Z Updating files:  91% (68881/75693)
2026-10-03T21:06:55.7013396Z Updating files:  92% (69638/75693)
2026-10-03T21:06:55.7218675Z Updating files:  93% (70395/75693)
2026-10-03T21:06:55.7413932Z Updating files:  94% (71152/75693)
2026-10-03T21:06:55.7597784Z Updating files:  95% (71909/75693)
2026-10-03T21:06:55.7788076Z Updating files:  96% (72666/75693)
2026-10-03T21:06:55.7979073Z Updating files:  97% (73423/75693)
2026-10-03T21:06:55.8216043Z Updating files:  98% (74180/75693)
2026-10-03T21:06:55.8617627Z Updating files:  99% (74937/75693)
2026-10-03T21:06:55.8618387Z Updating files: 100% (75693/75693)
2026-10-03T21:06:55.8618619Z Updating files: 100% (75693/75693), done.
2026-10-03T21:06:56.1559578Z Switched to a new branch 'main'
2026-10-03T21:06:56.1563697Z branch 'main' set up to track 'origin/main'.
2026-10-03T21:06:56.1616417Z ##[endgroup]
2026-10-03T21:06:56.1667123Z [command]/usr/bin/git log -1 --format=%H
2026-10-03T21:06:56.1692557Z b8148087f08b205d7d19fd0be10994ebcd1fcc3a
2026-10-03T21:06:56.1985418Z ##[group]Run dtolnay/rust-toolchain@stable
2026-10-03T21:06:56.1985587Z with:
2026-10-03T21:06:56.1985711Z   toolchain: stable
2026-10-03T21:06:56.1985828Z ##[endgroup]
2026-10-03T21:06:56.2037996Z ##[start-action display=Parse toolchain version;id=__dtolnay_rust-toolchain.parse]
2026-10-03T21:06:56.2077203Z ##[group]Run if [[ -z $toolchain ]]; then
2026-10-03T21:06:56.2077472Z [36;1mif [[ -z $toolchain ]]; then[0m
2026-10-03T21:06:56.2077785Z [36;1m  # GitHub does not enforce `required: true` inputs itself. https://github.com/actions/runner/issues/1070[0m
2026-10-03T21:06:56.2078105Z [36;1m  echo "'toolchain' is a required input" >&2[0m
2026-10-03T21:06:56.2078270Z [36;1m  exit 1[0m
2026-10-03T21:06:56.2078460Z [36;1melif [[ $toolchain =~ ^stable' '[0-9]+' '(year|month|week|day)s?' 'ago$ ]]; then[0m
2026-10-03T21:06:56.2078687Z [36;1m  if [[ Linux == macOS ]]; then[0m
2026-10-03T21:06:56.2079023Z [36;1m    echo "toolchain=1.$((($(date -v-$(sed 's/stable \([0-9]*\) \(.\).*/\1\2/' <<< $toolchain) +%s)/60/60/24-16569)/7/6))" >> $GITHUB_OUTPUT[0m
2026-10-03T21:06:56.2079299Z [36;1m  else[0m
2026-10-03T21:06:56.2079524Z [36;1m    echo "toolchain=1.$((($(date --date "${toolchain#stable }" +%s)/60/60/24-16569)/7/6))" >> $GITHUB_OUTPUT[0m
2026-10-03T21:06:56.2079768Z [36;1m  fi[0m
2026-10-03T21:06:56.2079939Z [36;1melif [[ $toolchain =~ ^stable' 'minus' '[0-9]+' 'releases?$ ]]; then[0m
2026-10-03T21:06:56.2080233Z [36;1m  echo "toolchain=1.$((($(date +%s)/60/60/24-16569)/7/6-${toolchain//[^0-9]/}))" >> $GITHUB_OUTPUT[0m
2026-10-03T21:06:56.2080650Z [36;1melif [[ $toolchain =~ ^1\.[0-9]+$ ]]; then[0m
2026-10-03T21:06:56.2080937Z [36;1m  echo "toolchain=1.$((i=${toolchain#1.}, c=($(date +%s)/60/60/24-16569)/7/6, i+9*i*(10*i<=c)+90*i*(100*i<=c)))" >> $GITHUB_OUTPUT[0m
2026-10-03T21:06:56.2081200Z [36;1melse[0m
2026-10-03T21:06:56.2081340Z [36;1m  echo "toolchain=$toolchain" >> $GITHUB_OUTPUT[0m
2026-10-03T21:06:56.2081531Z [36;1mfi[0m
2026-10-03T21:06:56.4254261Z shell: /usr/bin/bash --noprofile --norc -e -o pipefail {0}
2026-10-03T21:06:56.4254510Z env:
2026-10-03T21:06:56.4254664Z   toolchain: stable
2026-10-03T21:06:56.4254802Z ##[endgroup]
2026-10-03T21:06:56.4399023Z ##[end-action id=__dtolnay_rust-toolchain.parse;outcome=success;conclusion=success;duration_ms=236]
2026-10-03T21:06:56.4408599Z ##[start-action display=Construct rustup command line;id=__dtolnay_rust-toolchain.flags]
2026-10-03T21:06:56.4428532Z ##[group]Run echo "targets=$(for t in ${targets//,/ }; do echo -n ' --target' $t; done)" >> $GITHUB_OUTPUT
2026-10-03T21:06:56.4428905Z [36;1mecho "targets=$(for t in ${targets//,/ }; do echo -n ' --target' $t; done)" >> $GITHUB_OUTPUT[0m
2026-10-03T21:06:56.4429242Z [36;1mecho "components=$(for c in ${components//,/ }; do echo -n ' --component' $c; done)" >> $GITHUB_OUTPUT[0m
2026-10-03T21:06:56.4429506Z [36;1mecho "downgrade=" >> $GITHUB_OUTPUT[0m
2026-10-03T21:06:56.4484669Z shell: /usr/bin/bash --noprofile --norc -e -o pipefail {0}
2026-10-03T21:06:56.4484866Z env:
2026-10-03T21:06:56.4484979Z   targets: 
2026-10-03T21:06:56.4485087Z   components: 
2026-10-03T21:06:56.4485200Z ##[endgroup]
2026-10-03T21:06:56.4576580Z ##[end-action id=__dtolnay_rust-toolchain.flags;outcome=success;conclusion=success;duration_ms=16]
2026-10-03T21:06:56.4578326Z ##[start-action display=Set $CARGO_HOME;id=__dtolnay_rust-toolchain.__run]
2026-10-03T21:06:56.4592160Z ##[group]Run echo CARGO_HOME=${CARGO_HOME:-"$HOME/.cargo"} >> $GITHUB_ENV
2026-10-03T21:06:56.4592429Z [36;1mecho CARGO_HOME=${CARGO_HOME:-"$HOME/.cargo"} >> $GITHUB_ENV[0m
2026-10-03T21:06:56.4642257Z shell: /usr/bin/bash --noprofile --norc -e -o pipefail {0}
2026-10-03T21:06:56.4642452Z ##[endgroup]
2026-10-03T21:06:56.4744687Z ##[end-action id=__dtolnay_rust-toolchain.__run;outcome=success;conclusion=success;duration_ms=16]
2026-10-03T21:06:56.4746709Z ##[start-action display=Install rustup if needed;id=__dtolnay_rust-toolchain.__run_2]
2026-10-03T21:06:56.4765181Z ##[group]Run if ! command -v rustup &>/dev/null; then
2026-10-03T21:06:56.4765393Z [36;1mif ! command -v rustup &>/dev/null; then[0m
2026-10-03T21:06:56.4765829Z [36;1m  curl --proto '=https' --tlsv1.2 --retry 10 --retry-connrefused --location --silent --show-error --fail https://sh.rustup.rs | sh -s -- --default-toolchain none -y[0m
2026-10-03T21:06:56.4766221Z [36;1m  echo "$CARGO_HOME/bin" >> $GITHUB_PATH[0m
2026-10-03T21:06:56.4766585Z [36;1mfi[0m
2026-10-03T21:06:56.4816584Z shell: /usr/bin/bash --noprofile --norc -e -o pipefail {0}
2026-10-03T21:06:56.4816771Z env:
2026-10-03T21:06:56.4816903Z   CARGO_HOME: /home/runner/.cargo
2026-10-03T21:06:56.4817049Z ##[endgroup]
2026-10-03T21:06:56.4973867Z ##[end-action id=__dtolnay_rust-toolchain.__run_2;outcome=success;conclusion=success;duration_ms=22]
2026-10-03T21:06:56.4975943Z ##[start-action display=Install rustup if needed on windows;id=__dtolnay_rust-toolchain.__run_3]
2026-10-03T21:06:56.4983243Z ##[end-action id=__dtolnay_rust-toolchain.__run_3;outcome=skipped;conclusion=skipped;duration_ms=0]
2026-10-03T21:06:56.4992786Z ##[start-action display=rustup toolchain install stable;id=__dtolnay_rust-toolchain.__run_4]
2026-10-03T21:06:56.5006848Z ##[group]Run log=$(mktemp)
2026-10-03T21:06:56.5007022Z [36;1mlog=$(mktemp)[0m
2026-10-03T21:06:56.5007159Z [36;1mtrap 'rm -f "$log"' EXIT[0m
2026-10-03T21:06:56.5007312Z [36;1mfor attempt in 1 2 3 4 5; do[0m
2026-10-03T21:06:56.5007608Z [36;1m  if rustup toolchain install stable --profile minimal --no-self-update --force-non-host 2>&1 | tee "$log"; then[0m
2026-10-03T21:06:56.5007897Z [36;1m    break[0m
2026-10-03T21:06:56.5008138Z [36;1m  else[0m
2026-10-03T21:06:56.5008255Z [36;1m    status=$?[0m
2026-10-03T21:06:56.5008378Z [36;1m  fi[0m
2026-10-03T21:06:56.5008548Z [36;1m  if [[ $attempt == 5 ]] || ! grep -Fq 'checksum failed for ' "$log" \[0m
2026-10-03T21:06:56.5008855Z [36;1m      || ! grep -Fq 'this is likely due to an ongoing update of the official release server' "$log"; then[0m
2026-10-03T21:06:56.5009122Z [36;1m    exit "$status"[0m
2026-10-03T21:06:56.5009249Z [36;1m  fi[0m
2026-10-03T21:06:56.5009448Z [36;1m  echo "Retrying rustup toolchain install in 30 seconds (retry $attempt of 4)" >&2[0m
2026-10-03T21:06:56.5009680Z [36;1m  sleep 30[0m
2026-10-03T21:06:56.5009796Z [36;1mdone[0m
2026-10-03T21:06:56.5069339Z shell: /usr/bin/bash --noprofile --norc -e -o pipefail {0}
2026-10-03T21:06:56.5069535Z env:
2026-10-03T21:06:56.5069657Z   CARGO_HOME: /home/runner/.cargo
2026-10-03T21:06:56.5069815Z   RUSTUP_PERMIT_COPY_RENAME: 1
2026-10-03T21:06:56.5069953Z ##[endgroup]
2026-10-03T21:06:57.0052346Z info: syncing channel updates for stable-x86_64-unknown-linux-gnu
2026-10-03T21:06:57.4049036Z info: latest update on 2026-10-01 for version 1.99.0 (b940084d7 2026-09-28)
2026-10-03T21:06:57.4137472Z info: removing previous version of component rustfmt
2026-10-03T21:06:57.4182245Z info: removing previous version of component clippy
2026-10-03T21:06:57.4287161Z info: removing previous version of component cargo
2026-10-03T21:06:57.4414763Z info: removing previous version of component rust-std
2026-10-03T21:06:57.4508488Z info: removing previous version of component rustc
2026-10-03T21:06:57.4630358Z info: downloading 5 components
2026-10-03T21:07:05.1547306Z 
2026-10-03T21:07:05.1611027Z   stable-x86_64-unknown-linux-gnu updated - rustc 1.99.0 (b940084d7 2026-09-28) (from rustc 1.98.1 (48a229cea 2026-09-01))
2026-10-03T21:07:05.1611436Z 
2026-10-03T21:07:05.1682278Z ##[end-action id=__dtolnay_rust-toolchain.__run_4;outcome=success;conclusion=success;duration_ms=8668]
2026-10-03T21:07:05.1690787Z ##[start-action display=rustup default stable;id=__dtolnay_rust-toolchain.__run_5]
2026-10-03T21:07:05.1707743Z ##[group]Run rustup default stable --force-non-host
2026-10-03T21:07:05.1707968Z [36;1mrustup default stable --force-non-host[0m
2026-10-03T21:07:05.1767941Z shell: /usr/bin/bash --noprofile --norc -e -o pipefail {0}
2026-10-03T21:07:05.1768217Z env:
2026-10-03T21:07:05.1768395Z   CARGO_HOME: /home/runner/.cargo
2026-10-03T21:07:05.1768790Z ##[endgroup]
2026-10-03T21:07:05.1900764Z info: using existing install for stable-x86_64-unknown-linux-gnu
2026-10-03T21:07:05.1950454Z info: default toolchain set to stable-x86_64-unknown-linux-gnu
2026-10-03T21:07:05.1950704Z 
2026-10-03T21:07:05.2005647Z   stable-x86_64-unknown-linux-gnu unchanged - rustc 1.99.0 (b940084d7 2026-09-28)
2026-10-03T21:07:05.2005834Z 
2026-10-03T21:07:05.2021746Z ##[end-action id=__dtolnay_rust-toolchain.__run_5;outcome=success;conclusion=success;duration_ms=33]
2026-10-03T21:07:05.2023947Z ##[start-action display=Create cachekey;id=__dtolnay_rust-toolchain.rustc-version]
2026-10-03T21:07:05.2040461Z ##[group]Run DATE=$(rustc +stable --version --verbose | sed -ne 's/^commit-date: \(20[0-9][0-9]\)-\([01][0-9]\)-\([0-3][0-9]\)$/\1\2\3/p')
2026-10-03T21:07:05.2040926Z [36;1mDATE=$(rustc +stable --version --verbose | sed -ne 's/^commit-date: \(20[0-9][0-9]\)-\([01][0-9]\)-\([0-3][0-9]\)$/\1\2\3/p')[0m
2026-10-03T21:07:05.2041319Z [36;1mHASH=$(rustc +stable --version --verbose | sed -ne 's/^commit-hash: //p')[0m
2026-10-03T21:07:05.2041601Z [36;1mecho "cachekey=$(echo $DATE$HASH | head -c12)" >> $GITHUB_OUTPUT[0m
2026-10-03T21:07:05.2102369Z shell: /usr/bin/bash --noprofile --norc -e -o pipefail {0}
2026-10-03T21:07:05.2102560Z env:
2026-10-03T21:07:05.2102685Z   CARGO_HOME: /home/runner/.cargo
2026-10-03T21:07:05.2102828Z ##[endgroup]
2026-10-03T21:07:05.2389526Z ##[end-action id=__dtolnay_rust-toolchain.rustc-version;outcome=success;conclusion=success;duration_ms=36]
2026-10-03T21:07:05.2391734Z ##[start-action display=Disable incremental compilation;id=__dtolnay_rust-toolchain.__run_6]
2026-10-03T21:07:05.2556416Z ##[group]Run if [ -z "${CARGO_INCREMENTAL+set}" ]; then
2026-10-03T21:07:05.2556723Z [36;1mif [ -z "${CARGO_INCREMENTAL+set}" ]; then[0m
2026-10-03T21:07:05.2556904Z [36;1m  echo CARGO_INCREMENTAL=0 >> $GITHUB_ENV[0m
2026-10-03T21:07:05.2557065Z [36;1mfi[0m
2026-10-03T21:07:05.2614342Z shell: /usr/bin/bash --noprofile --norc -e -o pipefail {0}
2026-10-03T21:07:05.2614535Z env:
2026-10-03T21:07:05.2614658Z   CARGO_HOME: /home/runner/.cargo
2026-10-03T21:07:05.2614803Z ##[endgroup]
2026-10-03T21:07:05.2767091Z ##[end-action id=__dtolnay_rust-toolchain.__run_6;outcome=success;conclusion=success;duration_ms=37]
2026-10-03T21:07:05.2768754Z ##[start-action display=Enable colors in Cargo output;id=__dtolnay_rust-toolchain.__run_7]
2026-10-03T21:07:05.2782737Z ##[group]Run if [ -z "${CARGO_TERM_COLOR+set}" ]; then
2026-10-03T21:07:05.2782952Z [36;1mif [ -z "${CARGO_TERM_COLOR+set}" ]; then[0m
2026-10-03T21:07:05.2783144Z [36;1m  echo CARGO_TERM_COLOR=always >> $GITHUB_ENV[0m
2026-10-03T21:07:05.2783304Z [36;1mfi[0m
2026-10-03T21:07:05.2835735Z shell: /usr/bin/bash --noprofile --norc -e -o pipefail {0}
2026-10-03T21:07:05.2835917Z env:
2026-10-03T21:07:05.2836035Z   CARGO_HOME: /home/runner/.cargo
2026-10-03T21:07:05.2836176Z   CARGO_INCREMENTAL: 0
2026-10-03T21:07:05.2836439Z ##[endgroup]
2026-10-03T21:07:05.2968604Z ##[end-action id=__dtolnay_rust-toolchain.__run_7;outcome=success;conclusion=success;duration_ms=19]
2026-10-03T21:07:05.2970188Z ##[start-action display=Enable Cargo sparse registry;id=__dtolnay_rust-toolchain.__run_8]
2026-10-03T21:07:05.2985156Z ##[group]Run # implemented in 1.66, stabilized in 1.68, made default in 1.70
2026-10-03T21:07:05.2985454Z [36;1m# implemented in 1.66, stabilized in 1.68, made default in 1.70[0m
2026-10-03T21:07:05.2985840Z [36;1mif [ -z "${CARGO_REGISTRIES_CRATES_IO_PROTOCOL+set}" -o -f "/home/runner/work/_temp"/.implicit_cargo_registries_crates_io_protocol ]; then[0m
2026-10-03T21:07:05.2986463Z [36;1m  if rustc +stable --version --verbose | grep -q '^release: 1\.6[89]\.'; then[0m
2026-10-03T21:07:05.2986834Z [36;1m    touch "/home/runner/work/_temp"/.implicit_cargo_registries_crates_io_protocol || true[0m
2026-10-03T21:07:05.2987125Z [36;1m    echo CARGO_REGISTRIES_CRATES_IO_PROTOCOL=sparse >> $GITHUB_ENV[0m
2026-10-03T21:07:05.2987559Z [36;1m  elif rustc +stable --version --verbose | grep -q '^release: 1\.6[67]\.'; then[0m
2026-10-03T21:07:05.2987864Z [36;1m    touch "/home/runner/work/_temp"/.implicit_cargo_registries_crates_io_protocol || true[0m
2026-10-03T21:07:05.2988141Z [36;1m    echo CARGO_REGISTRIES_CRATES_IO_PROTOCOL=git >> $GITHUB_ENV[0m
2026-10-03T21:07:05.2988326Z [36;1m  fi[0m
2026-10-03T21:07:05.2988434Z [36;1mfi[0m
2026-10-03T21:07:05.3039977Z shell: /usr/bin/bash --noprofile --norc -e -o pipefail {0}
2026-10-03T21:07:05.3040159Z env:
2026-10-03T21:07:05.3040280Z   CARGO_HOME: /home/runner/.cargo
2026-10-03T21:07:05.3040432Z   CARGO_INCREMENTAL: 0
2026-10-03T21:07:05.3040560Z   CARGO_TERM_COLOR: always
2026-10-03T21:07:05.3040689Z ##[endgroup]
2026-10-03T21:07:05.3361753Z ##[end-action id=__dtolnay_rust-toolchain.__run_8;outcome=success;conclusion=success;duration_ms=39]
2026-10-03T21:07:05.3363936Z ##[start-action display=Work around spurious network errors in curl 8.0;id=__dtolnay_rust-toolchain.__run_9]
2026-10-03T21:07:05.3379397Z ##[group]Run # https://rust-lang.zulipchat.com/#narrow/stream/246057-t-cargo/topic/timeout.20investigation
2026-10-03T21:07:05.3379826Z [36;1m# https://rust-lang.zulipchat.com/#narrow/stream/246057-t-cargo/topic/timeout.20investigation[0m
2026-10-03T21:07:05.3380162Z [36;1mif rustc +stable --version --verbose | grep -q '^release: 1\.7[01]\.'; then[0m
2026-10-03T21:07:05.3380413Z [36;1m  echo CARGO_HTTP_MULTIPLEXING=false >> $GITHUB_ENV[0m
2026-10-03T21:07:05.3380584Z [36;1mfi[0m
2026-10-03T21:07:05.3436541Z shell: /usr/bin/bash --noprofile --norc -e -o pipefail {0}
2026-10-03T21:07:05.3436859Z env:
2026-10-03T21:07:05.3436978Z   CARGO_HOME: /home/runner/.cargo
2026-10-03T21:07:05.3437122Z   CARGO_INCREMENTAL: 0
2026-10-03T21:07:05.3437247Z   CARGO_TERM_COLOR: always
2026-10-03T21:07:05.3437381Z ##[endgroup]
2026-10-03T21:07:05.3664827Z ##[end-action id=__dtolnay_rust-toolchain.__run_9;outcome=success;conclusion=success;duration_ms=30]
2026-10-03T21:07:05.3669297Z ##[start-action display=rustc +stable --version --verbose;id=__dtolnay_rust-toolchain.__run_10]
2026-10-03T21:07:05.3703268Z ##[group]Run rustc +stable --version --verbose
2026-10-03T21:07:05.3703567Z [36;1mrustc +stable --version --verbose[0m
2026-10-03T21:07:05.3776135Z shell: /usr/bin/bash --noprofile --norc -e -o pipefail {0}
2026-10-03T21:07:05.3776622Z env:
2026-10-03T21:07:05.3776805Z   CARGO_HOME: /home/runner/.cargo
2026-10-03T21:07:05.3777031Z   CARGO_INCREMENTAL: 0
2026-10-03T21:07:05.3777231Z   CARGO_TERM_COLOR: always
2026-10-03T21:07:05.3777434Z ##[endgroup]
2026-10-03T21:07:05.3952484Z rustc 1.99.0 (b940084d7 2026-09-28)
2026-10-03T21:07:05.3952967Z binary: rustc
2026-10-03T21:07:05.3953384Z commit-hash: b940084d7eb6a299eb4bfeb8e34901bc051e7ac4
2026-10-03T21:07:05.3953682Z commit-date: 2026-09-28
2026-10-03T21:07:05.3953907Z host: x86_64-unknown-linux-gnu
2026-10-03T21:07:05.3954124Z release: 1.99.0
2026-10-03T21:07:05.3954308Z LLVM version: 23.1.1
2026-10-03T21:07:05.3964257Z ##[end-action id=__dtolnay_rust-toolchain.__run_10;outcome=success;conclusion=success;duration_ms=29]
2026-10-03T21:07:05.4004607Z ##[group]Run cargo clippy --all-targets --features tracing -- -D warnings
2026-10-03T21:07:05.4004907Z [36;1mcargo clippy --all-targets --features tracing -- -D warnings[0m
2026-10-03T21:07:05.4061406Z shell: /usr/bin/bash -e {0}
2026-10-03T21:07:05.4061551Z env:
2026-10-03T21:07:05.4061686Z   CARGO_HOME: /home/runner/.cargo
2026-10-03T21:07:05.4061860Z   CARGO_INCREMENTAL: 0
2026-10-03T21:07:05.4061987Z   CARGO_TERM_COLOR: always
2026-10-03T21:07:05.4062115Z ##[endgroup]
2026-10-03T21:07:05.4580091Z [1m[92m    Updating[0m crates.io index
2026-10-03T21:07:05.8786431Z [1m[92m Downloading[0m crates ...
2026-10-03T21:07:05.9547026Z [1m[92m  Downloaded[0m adler2 v2.0.1
2026-10-03T21:07:05.9617221Z [1m[92m  Downloaded[0m bytes v1.12.1
2026-10-03T21:07:05.9642412Z [1m[92m  Downloaded[0m crc32c v0.6.8
2026-10-03T21:07:05.9690089Z [1m[92m  Downloaded[0m rustc_version v0.4.1
2026-10-03T21:07:05.9706019Z [1m[92m  Downloaded[0m base64 v0.23.1
2026-10-03T21:07:05.9735833Z [1m[92m  Downloaded[0m block-buffer v0.12.1
2026-10-03T21:07:05.9745147Z [1m[92m  Downloaded[0m simd-adler32 v0.3.10
2026-10-03T21:07:05.9760000Z [1m[92m  Downloaded[0m ctutils v0.4.2
2026-10-03T21:07:05.9773986Z [1m[92m  Downloaded[0m getrandom v0.2.17
2026-10-03T21:07:05.9796717Z [1m[92m  Downloaded[0m rustls-webpki v0.103.15
2026-10-03T21:07:05.9820531Z [1m[92m  Downloaded[0m cc v1.4.4
2026-10-03T21:07:05.9843690Z [1m[92m  Downloaded[0m cfg-if v1.0.4
2026-10-03T21:07:05.9853091Z [1m[92m  Downloaded[0m cpufeatures v0.3.1
2026-10-03T21:07:05.9864969Z [1m[92m  Downloaded[0m once_cell v1.21.4
2026-10-03T21:07:05.9883735Z [1m[92m  Downloaded[0m tokio-rustls v0.26.5
2026-10-03T21:07:05.9895565Z [1m[92m  Downloaded[0m pin-project-lite v0.2.17
2026-10-03T21:07:05.9940842Z [1m[92m  Downloaded[0m flate2 v1.1.10
2026-10-03T21:07:05.9981701Z [1m[92m  Downloaded[0m subtle v2.6.1
2026-10-03T21:07:05.9991516Z [1m[92m  Downloaded[0m crypto-common v0.2.2
2026-10-03T21:07:06.0001286Z [1m[92m  Downloaded[0m find-msvc-tools v0.1.11
2026-10-03T21:07:06.0015627Z [1m[92m  Downloaded[0m hybrid-array v0.4.14
2026-10-03T21:07:06.0031956Z [1m[92m  Downloaded[0m untrusted v0.9.0
2026-10-03T21:07:06.0047322Z [1m[92m  Downloaded[0m errno v0.3.14
2026-10-03T21:07:06.0060602Z [1m[92m  Downloaded[0m tokio-macros v2.7.2
2026-10-03T21:07:06.0069576Z [1m[92m  Downloaded[0m crc32fast v1.5.1
2026-10-03T21:07:06.0085184Z [1m[92m  Downloaded[0m lz4_flex v0.14.0
2026-10-03T21:07:06.0102479Z [1m[92m  Downloaded[0m const-oid v0.10.2
2026-10-03T21:07:06.0124016Z [1m[92m  Downloaded[0m quote v1.0.47
2026-10-03T21:07:06.0146178Z [1m[92m  Downloaded[0m zeroize v1.9.0
2026-10-03T21:07:06.0159915Z [1m[92m  Downloaded[0m parking_lot v0.12.5
2026-10-03T21:07:06.0180212Z [1m[92m  Downloaded[0m scopeguard v1.2.0
2026-10-03T21:07:06.0189000Z [1m[92m  Downloaded[0m cmov v0.5.4
2026-10-03T21:07:06.0201641Z [1m[92m  Downloaded[0m digest v0.11.3
2026-10-03T21:07:06.0218930Z [1m[92m  Downloaded[0m lock_api v0.4.14
2026-10-03T21:07:06.0228071Z [1m[92m  Downloaded[0m shlex v2.0.1
2026-10-03T21:07:06.0237404Z [1m[92m  Downloaded[0m unicode-ident v1.0.24
2026-10-03T21:07:06.0257770Z [1m[92m  Downloaded[0m hmac v0.13.0
2026-10-03T21:07:06.0276890Z [1m[92m  Downloaded[0m rustls-pki-types v1.15.1
2026-10-03T21:07:06.0293155Z [1m[92m  Downloaded[0m semver v1.0.28
2026-10-03T21:07:06.0310236Z [1m[92m  Downloaded[0m sha2 v0.11.0
2026-10-03T21:07:06.0337765Z [1m[92m  Downloaded[0m getrandom v0.4.3
2026-10-03T21:07:06.0365896Z [1m[92m  Downloaded[0m parking_lot_core v0.9.12
2026-10-03T21:07:06.0381341Z [1m[92m  Downloaded[0m pbkdf2 v0.13.0
2026-10-03T21:07:06.0392728Z [1m[92m  Downloaded[0m signal-hook-registry v1.4.8
2026-10-03T21:07:06.0401397Z [1m[92m  Downloaded[0m smallvec v1.15.2
2026-10-03T21:07:06.0411599Z [1m[92m  Downloaded[0m snap v1.1.2
2026-10-03T21:07:06.0428606Z [1m[92m  Downloaded[0m tracing-attributes v0.1.31
2026-10-03T21:07:06.0447817Z [1m[92m  Downloaded[0m twox-hash v2.1.2
2026-10-03T21:07:06.0464286Z [1m[92m  Downloaded[0m miniz_oxide v0.9.1
2026-10-03T21:07:06.0482624Z [1m[92m  Downloaded[0m tracing-core v0.1.36
2026-10-03T21:07:06.0502559Z [1m[92m  Downloaded[0m proc-macro2 v1.0.107
2026-10-03T21:07:06.0524060Z [1m[92m  Downloaded[0m socket2 v0.6.5
2026-10-03T21:07:06.0537243Z [1m[92m  Downloaded[0m mio v1.2.2
2026-10-03T21:07:06.0582969Z [1m[92m  Downloaded[0m typenum v1.20.1
2026-10-03T21:07:06.0608859Z [1m[92m  Downloaded[0m webpki-roots v1.0.9
2026-10-03T21:07:06.0631964Z [1m[92m  Downloaded[0m zlib-rs v0.6.8
2026-10-03T21:07:06.0672614Z [1m[92m  Downloaded[0m syn v2.0.119
2026-10-03T21:07:06.0752515Z [1m[92m  Downloaded[0m syn v3.0.4
2026-10-03T21:07:06.0832075Z [1m[92m  Downloaded[0m tracing v0.1.44
2026-10-03T21:07:06.0948800Z [1m[92m  Downloaded[0m rustls v0.23.45
2026-10-03T21:07:06.1037878Z [1m[92m  Downloaded[0m libc v0.2.189
2026-10-03T21:07:06.1371923Z [1m[92m  Downloaded[0m tokio v1.53.1
2026-10-03T21:07:06.1722344Z [1m[92m  Downloaded[0m ring v0.17.14
2026-10-03T21:07:06.3503171Z [1m[92m   Compiling[0m libc v0.2.189
2026-10-03T21:07:06.3503495Z [1m[92m    Checking[0m cfg-if v1.0.4
2026-10-03T21:07:06.3503735Z [1m[92m   Compiling[0m proc-macro2 v1.0.107
2026-10-03T21:07:06.3504037Z [1m[92m   Compiling[0m quote v1.0.47
2026-10-03T21:07:06.3698104Z [1m[92m   Compiling[0m unicode-ident v1.0.24
2026-10-03T21:07:06.4043923Z [1m[92m   Compiling[0m shlex v2.0.1
2026-10-03T21:07:06.4639693Z [1m[92m   Compiling[0m find-msvc-tools v0.1.11
2026-10-03T21:07:06.5321496Z [1m[92m   Compiling[0m cc v1.4.4
2026-10-03T21:07:06.9218094Z [1m[92m    Checking[0m typenum v1.20.1
2026-10-03T21:07:07.3207774Z [1m[92m   Compiling[0m ring v0.17.14
2026-10-03T21:07:07.3297706Z [1m[92m    Checking[0m cmov v0.5.4
2026-10-03T21:07:07.4127654Z [1m[92m    Checking[0m zeroize v1.9.0
2026-10-03T21:07:07.4733464Z [1m[92m    Checking[0m rustls-pki-types v1.15.1
2026-10-03T21:07:07.4797942Z [1m[92m    Checking[0m hybrid-array v0.4.14
2026-10-03T21:07:07.5227849Z [1m[92m    Checking[0m getrandom v0.2.17
2026-10-03T21:07:07.5807865Z [1m[92m    Checking[0m ctutils v0.4.2
2026-10-03T21:07:07.6064999Z [1m[92m    Checking[0m const-oid v0.10.2
2026-10-03T21:07:07.6486427Z [1m[92m    Checking[0m once_cell v1.21.4
2026-10-03T21:07:07.6595363Z [1m[92m    Checking[0m untrusted v0.9.0
2026-10-03T21:07:07.6973237Z [1m[92m   Compiling[0m semver v1.0.28
2026-10-03T21:07:07.7078465Z [1m[92m    Checking[0m errno v0.3.14
2026-10-03T21:07:07.7333560Z [1m[92m    Checking[0m block-buffer v0.12.1
2026-10-03T21:07:07.7379497Z [1m[92m    Checking[0m crypto-common v0.2.2
2026-10-03T21:07:07.7847159Z [1m[92m   Compiling[0m syn v3.0.4
2026-10-03T21:07:07.8396798Z [1m[92m   Compiling[0m rustc_version v0.4.1
2026-10-03T21:07:07.9588325Z [1m[92m    Checking[0m pin-project-lite v0.2.17
2026-10-03T21:07:07.9747502Z [1m[92m    Checking[0m digest v0.11.3
2026-10-03T21:07:07.9807441Z [1m[92m   Compiling[0m parking_lot_core v0.9.12
2026-10-03T21:07:08.0254960Z [1m[92m   Compiling[0m rustls v0.23.45
2026-10-03T21:07:08.0493266Z [1m[92m   Compiling[0m crc32fast v1.5.1
2026-10-03T21:07:08.0851397Z [1m[92m   Compiling[0m crc32c v0.6.8
2026-10-03T21:07:08.1279953Z [1m[92m    Checking[0m signal-hook-registry v1.4.8
2026-10-03T21:07:08.1747203Z [1m[92m    Checking[0m mio v1.2.2
2026-10-03T21:07:08.1768414Z [1m[92m    Checking[0m socket2 v0.6.5
2026-10-03T21:07:08.2804021Z [1m[92m   Compiling[0m syn v2.0.119
2026-10-03T21:07:08.3096059Z [1m[92m    Checking[0m simd-adler32 v0.3.10
2026-10-03T21:07:08.3688519Z [1m[92m   Compiling[0m snap v1.1.2
2026-10-03T21:07:08.4709235Z [1m[92m    Checking[0m scopeguard v1.2.0
2026-10-03T21:07:08.4924495Z [1m[92m    Checking[0m subtle v2.6.1
2026-10-03T21:07:08.5299667Z [1m[92m    Checking[0m smallvec v1.15.2
2026-10-03T21:07:08.5904758Z [1m[92m    Checking[0m adler2 v2.0.1
2026-10-03T21:07:08.6121542Z [1m[92m   Compiling[0m getrandom v0.4.3
2026-10-03T21:07:08.6696596Z [1m[92m    Checking[0m bytes v1.12.1
2026-10-03T21:07:08.8492434Z [1m[92m    Checking[0m miniz_oxide v0.9.1
2026-10-03T21:07:09.0543455Z [1m[92m    Checking[0m lock_api v0.4.14
2026-10-03T21:07:09.1757434Z [1m[92m    Checking[0m hmac v0.13.0
2026-10-03T21:07:09.2260595Z [1m[92m    Checking[0m tracing-core v0.1.36
2026-10-03T21:07:09.3795665Z [1m[92m    Checking[0m twox-hash v2.1.2
2026-10-03T21:07:09.4143794Z [1m[92m    Checking[0m zlib-rs v0.6.8
2026-10-03T21:07:09.8328248Z [1m[92m   Compiling[0m tokio-macros v2.7.2
2026-10-03T21:07:09.9899678Z [1m[92m    Checking[0m cpufeatures v0.3.1
2026-10-03T21:07:10.0054925Z [1m[92m    Checking[0m sha2 v0.11.0
2026-10-03T21:07:10.0995744Z [1m[92m    Checking[0m tokio v1.53.1
2026-10-03T21:07:10.3257744Z [1m[92m    Checking[0m flate2 v1.1.10
2026-10-03T21:07:10.4668155Z [1m[92m    Checking[0m lz4_flex v0.14.0
2026-10-03T21:07:10.5687041Z [1m[92m    Checking[0m pbkdf2 v0.13.0
2026-10-03T21:07:10.7176484Z [1m[92m    Checking[0m parking_lot v0.12.5
2026-10-03T21:07:10.8196823Z [1m[92m    Checking[0m webpki-roots v1.0.9
2026-10-03T21:07:10.8511517Z [1m[92m    Checking[0m base64 v0.23.1
2026-10-03T21:07:10.9416598Z [1m[92m   Compiling[0m tracing-attributes v0.1.31
2026-10-03T21:07:11.3147940Z [1m[92m    Checking[0m tracing v0.1.44
2026-10-03T21:07:22.5815410Z [1m[92m    Checking[0m rustls-webpki v0.103.15
2026-10-03T21:07:23.6206506Z [1m[92m    Checking[0m tokio-rustls v0.26.5
2026-10-03T21:07:23.6848945Z [1m[92m    Checking[0m partitionline v0.1.0 (/home/runner/work/partitionline/partitionline)
2026-10-03T21:07:27.8567866Z [1m[91merror[0m[1m: indexing may panic[0m
2026-10-03T21:07:27.8568630Z     [1m[94m--> [0msrc/admin.rs:7263:74
2026-10-03T21:07:27.8568908Z      [1m[94m|[0m
2026-10-03T21:07:27.8569423Z [1m[94m7263[0m [1m[94m|[0m         if nodes.iter().any(|id| *id < 0) || nodes.windows(2).any(|pair| pair[0] == pair[1]) {
2026-10-03T21:07:27.8570084Z      [1m[94m|[0m                                                                          [1m[91m^^^^^^^[0m
2026-10-03T21:07:27.8570416Z      [1m[94m|[0m
2026-10-03T21:07:27.8570764Z      [1m[94m= [0m[1mhelp[0m: consider using `.get(n)` or `.get_mut(n)` instead
2026-10-03T21:07:27.8571517Z      [1m[94m= [0m[1mhelp[0m: for further information visit https://rust-lang.github.io/rust-clippy/rust-1.99.0/index.html#indexing_slicing
2026-10-03T21:07:27.8576856Z      [1m[94m= [0m[1mnote[0m: requested on the command line with `-D clippy::indexing-slicing`
2026-10-03T21:07:27.8577754Z 
2026-10-03T21:07:27.8577952Z [1m[91merror[0m[1m: indexing may panic[0m
2026-10-03T21:07:27.8578267Z     [1m[94m--> [0msrc/admin.rs:7263:85
2026-10-03T21:07:27.8578538Z      [1m[94m|[0m
2026-10-03T21:07:27.8579010Z [1m[94m7263[0m [1m[94m|[0m         if nodes.iter().any(|id| *id < 0) || nodes.windows(2).any(|pair| pair[0] == pair[1]) {
2026-10-03T21:07:27.8579583Z      [1m[94m|[0m                                                                                     [1m[91m^^^^^^^[0m
2026-10-03T21:07:27.8579924Z      [1m[94m|[0m
2026-10-03T21:07:27.8580247Z      [1m[94m= [0m[1mhelp[0m: consider using `.get(n)` or `.get_mut(n)` instead
2026-10-03T21:07:27.8580908Z      [1m[94m= [0m[1mhelp[0m: for further information visit https://rust-lang.github.io/rust-clippy/rust-1.99.0/index.html#indexing_slicing
2026-10-03T21:07:27.8581361Z 
2026-10-03T21:07:27.8581536Z [1m[91merror[0m[1m: manual saturating arithmetic[0m
2026-10-03T21:07:27.8581875Z     [1m[94m--> [0msrc/admin.rs:7329:41
2026-10-03T21:07:27.8582134Z      [1m[94m|[0m
2026-10-03T21:07:27.8582450Z [1m[94m7329[0m [1m[94m|[0m                   budget.response_bytes = budget
2026-10-03T21:07:27.8582862Z      [1m[94m|[0m [1m[91m _________________________________________^[0m
2026-10-03T21:07:27.8583301Z [1m[94m7330[0m [1m[94m|[0m [1m[91m|[0m                     .response_bytes
2026-10-03T21:07:27.8583988Z [1m[94m7331[0m [1m[94m|[0m [1m[91m|[0m                     .checked_add(body.len())
2026-10-03T21:07:27.8584605Z [1m[94m7332[0m [1m[94m|[0m [1m[91m|[0m                     .unwrap_or(usize::MAX);
2026-10-03T21:07:27.8585067Z      [1m[94m|[0m [1m[91m|__________________________________________^[0m
2026-10-03T21:07:27.8585373Z      [1m[94m|[0m
2026-10-03T21:07:27.8585981Z      [1m[94m= [0m[1mhelp[0m: for further information visit https://rust-lang.github.io/rust-clippy/rust-1.99.0/index.html#manual_saturating_arithmetic
2026-10-03T21:07:27.8587003Z      [1m[94m= [0m[1mnote[0m: `-D clippy::manual-saturating-arithmetic` implied by `-D warnings`
2026-10-03T21:07:27.8587679Z      [1m[94m= [0m[1mhelp[0m: to override `-D warnings` add `#[allow(clippy::manual_saturating_arithmetic)]`
2026-10-03T21:07:27.8588173Z [1m[96mhelp[0m: consider using `saturating_add`
2026-10-03T21:07:27.8588467Z      [1m[94m|[0m
2026-10-03T21:07:27.8588817Z [1m[94m7329[0m [92m~ [0m                budget.response_bytes = [92mbudget[0m
2026-10-03T21:07:27.8589321Z [1m[94m7330[0m [92m~                     .response_bytes.saturating_add(body.len())[0m;
2026-10-03T21:07:27.8589677Z      [1m[94m|[0m
2026-10-03T21:07:27.8589778Z 
2026-10-03T21:07:28.3732685Z [1m[91merror[0m: could not compile `partitionline` (lib) due to 3 previous errors
2026-10-03T21:07:28.3733064Z [1m[33mwarning[0m: build failed, waiting for other jobs to finish...
2026-10-03T21:07:32.3809900Z [1m[91merror[0m: could not compile `partitionline` (lib test) due to 3 previous errors
2026-10-03T21:07:32.4044039Z ##[error]Process completed with exit code 101.
2026-10-03T21:07:32.4152242Z Post job cleanup.
2026-10-03T21:07:32.4738907Z [command]/usr/bin/git version
2026-10-03T21:07:32.4766135Z git version 2.55.0
2026-10-03T21:07:32.4795984Z Temporarily overriding HOME='/home/runner/work/_temp/0fb6e37b-bf17-449c-ae9b-d8dd98cb3ea7' before making global git config changes
2026-10-03T21:07:32.4796635Z Adding repository directory to the temporary git global config as a safe directory
2026-10-03T21:07:32.4799589Z [command]/usr/bin/git config --global --add safe.directory /home/runner/work/partitionline/partitionline
2026-10-03T21:07:32.4827068Z Removing SSH command configuration
2026-10-03T21:07:32.4831723Z [command]/usr/bin/git config --local --name-only --get-regexp core\.sshCommand
2026-10-03T21:07:32.4865559Z [command]/usr/bin/git submodule foreach --recursive sh -c "git config --local --name-only --get-regexp 'core\.sshCommand' && git config --local --unset-all 'core.sshCommand' || :"
2026-10-03T21:07:32.5119186Z Removing HTTP extra header
2026-10-03T21:07:32.5124396Z [command]/usr/bin/git config --local --name-only --get-regexp http\.https\:\/\/github\.com\/\.extraheader
2026-10-03T21:07:32.5161683Z [command]/usr/bin/git submodule foreach --recursive sh -c "git config --local --name-only --get-regexp 'http\.https\:\/\/github\.com\/\.extraheader' && git config --local --unset-all 'http.https://github.com/.extraheader' || :"
2026-10-03T21:07:32.5410025Z Removing includeIf entries pointing to credentials config files
2026-10-03T21:07:32.5415148Z [command]/usr/bin/git config --local --name-only --get-regexp ^includeIf\.gitdir:
2026-10-03T21:07:32.5447439Z includeif.gitdir:/home/runner/work/partitionline/partitionline/.git.path
2026-10-03T21:07:32.5447916Z includeif.gitdir:/home/runner/work/partitionline/partitionline/.git/worktrees/*.path
2026-10-03T21:07:32.5448271Z includeif.gitdir:/github/workspace/.git.path
2026-10-03T21:07:32.5448465Z includeif.gitdir:/github/workspace/.git/worktrees/*.path
2026-10-03T21:07:32.5454070Z [command]/usr/bin/git config --local --get-all includeif.gitdir:/home/runner/work/partitionline/partitionline/.git.path
2026-10-03T21:07:32.5477528Z /home/runner/work/_temp/git-credentials-27cb2c4c-c49f-4dcc-ac8b-63537a8d82c0.config
2026-10-03T21:07:32.5484460Z [command]/usr/bin/git config --local --unset includeif.gitdir:/home/runner/work/partitionline/partitionline/.git.path \/home\/runner\/work\/_temp\/git\-credentials\-27cb2c4c\-c49f\-4dcc\-ac8b\-63537a8d82c0\.config
2026-10-03T21:07:32.5514902Z [command]/usr/bin/git config --local --get-all includeif.gitdir:/home/runner/work/partitionline/partitionline/.git/worktrees/*.path
2026-10-03T21:07:32.5537243Z /home/runner/work/_temp/git-credentials-27cb2c4c-c49f-4dcc-ac8b-63537a8d82c0.config
2026-10-03T21:07:32.5542739Z [command]/usr/bin/git config --local --unset includeif.gitdir:/home/runner/work/partitionline/partitionline/.git/worktrees/*.path \/home\/runner\/work\/_temp\/git\-credentials\-27cb2c4c\-c49f\-4dcc\-ac8b\-63537a8d82c0\.config
2026-10-03T21:07:32.5576027Z [command]/usr/bin/git config --local --get-all includeif.gitdir:/github/workspace/.git.path
2026-10-03T21:07:32.5597566Z /github/runner_temp/git-credentials-27cb2c4c-c49f-4dcc-ac8b-63537a8d82c0.config
2026-10-03T21:07:32.5602013Z [command]/usr/bin/git config --local --unset includeif.gitdir:/github/workspace/.git.path \/github\/runner_temp\/git\-credentials\-27cb2c4c\-c49f\-4dcc\-ac8b\-63537a8d82c0\.config
2026-10-03T21:07:32.5629879Z [command]/usr/bin/git config --local --get-all includeif.gitdir:/github/workspace/.git/worktrees/*.path
2026-10-03T21:07:32.5650652Z /github/runner_temp/git-credentials-27cb2c4c-c49f-4dcc-ac8b-63537a8d82c0.config
2026-10-03T21:07:32.5656837Z [command]/usr/bin/git config --local --unset includeif.gitdir:/github/workspace/.git/worktrees/*.path \/github\/runner_temp\/git\-credentials\-27cb2c4c\-c49f\-4dcc\-ac8b\-63537a8d82c0\.config
2026-10-03T21:07:32.5686622Z [command]/usr/bin/git submodule foreach --recursive git config --local --show-origin --name-only --get-regexp remote.origin.url
2026-10-03T21:07:32.5901053Z Removing credentials config '/home/runner/work/_temp/git-credentials-27cb2c4c-c49f-4dcc-ac8b-63537a8d82c0.config'
2026-10-03T21:07:32.6033102Z Cleaning up orphan processes
