   Compiling libc v0.2.189
   Compiling cfg-if v1.0.4
   Compiling shlex v2.0.1
   Compiling find-msvc-tools v0.1.11
   Compiling typenum v1.20.1
   Compiling cc v1.4.4
   Compiling unicode-ident v1.0.24
   Compiling proc-macro2 v1.0.107
   Compiling zeroize v1.9.0
   Compiling cmov v0.5.4
   Compiling ctutils v0.4.2
   Compiling hybrid-array v0.4.14
   Compiling getrandom v0.2.17
   Compiling rustls-pki-types v1.15.1
   Compiling quote v1.0.47
   Compiling semver v1.0.28
   Compiling ring v0.17.14
   Compiling untrusted v0.9.0
   Compiling block-buffer v0.12.1
   Compiling crypto-common v0.2.2
   Compiling const-oid v0.10.2
   Compiling rustc_version v0.4.1
   Compiling syn v3.0.4
   Compiling errno v0.3.14
   Compiling signal-hook-registry v1.4.8
   Compiling crc32c v0.6.8
   Compiling digest v0.11.3
   Compiling mio v1.2.2
   Compiling socket2 v0.6.5
   Compiling bytes v1.12.1
   Compiling pin-project-lite v0.2.17
   Compiling simd-adler32 v0.3.10
   Compiling adler2 v2.0.1
   Compiling smallvec v1.15.2
   Compiling subtle v2.6.1
   Compiling scopeguard v1.2.0
   Compiling once_cell v1.21.4
   Compiling lock_api v0.4.14
   Compiling parking_lot_core v0.9.12
   Compiling miniz_oxide v0.9.1
   Compiling hmac v0.13.0
   Compiling rustls v0.23.45
   Compiling crc32fast v1.5.1
   Compiling twox-hash v2.1.2
   Compiling zlib-rs v0.6.8
   Compiling cpufeatures v0.3.1
   Compiling sha2 v0.11.0
   Compiling tokio-macros v2.7.2
   Compiling lz4_flex v0.14.0
   Compiling rustls-webpki v0.103.15
   Compiling tokio v1.53.1
   Compiling pbkdf2 v0.13.0
   Compiling snap v1.1.2
   Compiling parking_lot v0.12.5
   Compiling getrandom v0.4.3
   Compiling webpki-roots v1.0.9
   Compiling base64 v0.23.1
   Compiling flate2 v1.1.10
   Compiling tokio-rustls v0.26.5
   Compiling partitionline v0.1.0 (/workspace/work/open-cards-20261006/null-result-source-39bb8f)
    Finished `test` profile [unoptimized] target(s) in 32.25s
     Running unittests src/lib.rs (/workspace/work/target-update-features/debug/deps/partitionline-af37b16a5d920fc8)
     Running tests/full_surface.rs (/workspace/work/target-update-features/debug/deps/full_surface-0307b86adab9acf9)
     Running tests/update_features_conformance.rs (/workspace/work/target-update-features/debug/deps/update_features_conformance-eb77ddc21d197077)
