{
  "valid": false,
  "error_count": 32,
  "errors": [
    "Schema execution.repetition_index: 0 is less than the minimum of 1",
    "Schema execution: 'phase' is a required property",
    "Schema execution: 'warmup_completed' is a required property",
    "Schema execution: 'warmup_records' is a required property",
    "Schema execution: 'warmup_duration_seconds' is a required property",
    "Schema execution: 'steady_state_duration_seconds' is a required property",
    "Schema execution: 'total_repetitions' is a required property",
    "Schema execution: 'pairing_order' is a required property",
    "Schema execution: 'coordinated_omission_avoidance' is a required property",
    "Schema integrity: 'idempotence_sequence_verified' is a required property",
    "Schema measurements.latency.raw_histogram.buckets.0: 'min_us' is a required property",
    "Schema measurements.latency.raw_histogram.buckets.0: 'max_us' is a required property",
    "Schema measurements.latency.raw_histogram.buckets.1: 'min_us' is a required property",
    "Schema measurements.latency.raw_histogram.buckets.1: 'max_us' is a required property",
    "Schema provenance.broker.mode: 'null-broker loopback' is not one of ['kraft', 'zookeeper']",
    "Schema provenance.config.effective_settings.acks: None is not of type 'integer', 'string'",
    "Schema provenance.config.effective_settings.batch_size_bytes: None is not of type 'integer'",
    "Schema provenance.config.effective_settings.linger_ms: None is not of type 'number'",
    "Schema provenance.config.effective_settings.max_in_flight: None is not of type 'integer'",
    "Schema provenance.config: 'path' is a required property",
    "Schema provenance.source: 'repo_url' is a required property",
    "Schema provenance.source: 'clean' is a required property",
    "Schema repetition_history.attempts.0.repetition_index: 0 is less than the minimum of 1",
    "Schema repetition_history.attempts.0: 'attempt_number' is a required property",
    "Schema repetition_history.attempts.0: 'error_message' is a required property",
    "Schema repetition_history.attempts.0: 'timestamp_utc' is a required property",
    "Schema scenario.equal_semantics: 'durability' is a required property",
    "Schema scenario.equal_semantics: 'acks' is a required property",
    "Schema scenario.equal_semantics: 'idempotence' is a required property",
    "Schema scenario.equal_semantics: 'security' is a required property",
    "Schema scenario: Additional properties are not allowed ('cell_id' was unexpected)",
    "Schema suite_hold: 'policy' is a required property"
  ],
  "summary": {
    "scenario_id": null,
    "peer": null,
    "suite_hold": null,
    "throughput_rps": 0.0,
    "latency_p99_us": 0.0,
    "total_acknowledged": 0,
    "integrity_verified": false,
    "has_retained_integrity_failure": false
  }
}
