[2026-10-07 21:39:33,540] INFO [QuorumController id=1] Registering periodic task writeNoOpRecord to run every 500 ms (org.apache.kafka.controller.PeriodicTaskControlManager)
[2026-10-07 21:39:33,540] INFO [QuorumController id=1] Registering periodic task maybeFenceStaleBroker to run every 1125 ms (org.apache.kafka.controller.PeriodicTaskControlManager)
[2026-10-07 21:39:33,540] INFO [QuorumController id=1] Registering periodic task electPreferred to run every 300000 ms (org.apache.kafka.controller.PeriodicTaskControlManager)
[2026-10-07 21:39:33,541] INFO [QuorumController id=1] Registering periodic task electUnclean to run every 300000 ms (org.apache.kafka.controller.PeriodicTaskControlManager)
[2026-10-07 21:39:33,541] INFO [QuorumController id=1] Registering periodic task expireDelegationTokens to run every 3600000 ms (org.apache.kafka.controller.PeriodicTaskControlManager)
[2026-10-07 21:39:33,541] INFO [QuorumController id=1] Registering periodic task generatePeriodicPerformanceMessage to run every 60000 ms (org.apache.kafka.controller.PeriodicTaskControlManager)
[2026-10-07 21:39:33,542] INFO [QuorumController id=1] Creating new QuorumController with clusterId 73397nvETqiEFoYzvv8lvw (org.apache.kafka.controller.QuorumController)
[2026-10-07 21:39:33,544] INFO [QuorumController id=1] Becoming the active controller at epoch 1, next write offset 1. (org.apache.kafka.controller.QuorumController)
[2026-10-07 21:39:33,550] WARN [QuorumController id=1] Performing controller activation. The metadata log appears to be empty. Appending 4 bootstrap record(s) in metadata transaction at metadata.version 4.1-IV1 from bootstrap source 'the binary bootstrap metadata file: /workspace/work/open-cards-20261006/assign-replicas-to-dirs-raw-20261007/sdk-all-01/4.1.2-native/data/bootstrap.checkpoint'. (org.apache.kafka.controller.QuorumController)
[2026-10-07 21:39:33,561] INFO [QuorumController id=1] Replayed BeginTransactionRecord(name='Bootstrap records') at offset 1. (org.apache.kafka.controller.OffsetControlManager)
[2026-10-07 21:39:33,562] INFO [QuorumController id=1] Replayed a FeatureLevelRecord setting metadata.version to 4.1-IV1 (org.apache.kafka.controller.FeatureControlManager)
[2026-10-07 21:39:33,563] INFO [QuorumController id=1] Replayed a FeatureLevelRecord setting feature eligible.leader.replicas.version to 1 (org.apache.kafka.controller.FeatureControlManager)
[2026-10-07 21:39:33,563] INFO [QuorumController id=1] Replayed a FeatureLevelRecord setting feature group.version to 1 (org.apache.kafka.controller.FeatureControlManager)
[2026-10-07 21:39:33,563] INFO [QuorumController id=1] Replayed a FeatureLevelRecord setting feature transaction.version to 2 (org.apache.kafka.controller.FeatureControlManager)
[2026-10-07 21:39:33,564] INFO [QuorumController id=1] Replayed ConfigRecord for ConfigResource(type=BROKER, name='') which set configuration min.insync.replicas to 1 (org.apache.kafka.controller.ConfigurationControlManager)
[2026-10-07 21:39:33,564] INFO [QuorumController id=1] Replayed EndTransactionRecord() at offset 7. (org.apache.kafka.controller.OffsetControlManager)
[2026-10-07 21:39:33,566] INFO [QuorumController id=1] Activated periodic tasks: electPreferred, electUnclean, expireDelegationTokens, generatePeriodicPerformanceMessage, maybeFenceStaleBroker, writeNoOpRecord (org.apache.kafka.controller.PeriodicTaskControlManager)
[2026-10-07 21:39:33,771] INFO [QuorumController id=1] Replayed RegisterControllerRecord containing ControllerRegistration(id=1, incarnationId=kxa2RO7QQpKlmbop847r5w, zkMigrationReady=false, listeners=[Endpoint(listenerName='CONTROLLER', securityProtocol=PLAINTEXT, host='127.0.0.1', port=36227)], supportedFeatures={eligible.leader.replicas.version: 0-1, group.version: 0-1, kraft.version: 0-1, metadata.version: 7-27, share.version: 0-1, transaction.version: 0-2}). (org.apache.kafka.controller.ClusterControlManager)
[2026-10-07 21:39:33,862] INFO [QuorumController id=1] No previous registration found for broker 1. New incarnation ID is TZl-fA-lTy6YMjSjL2wGJQ.  Generated 0 record(s) to clean up previous incarnations. New broker epoch is 9. (org.apache.kafka.controller.ClusterControlManager)
[2026-10-07 21:39:33,870] INFO [QuorumController id=1] Replayed initial RegisterBrokerRecord for broker 1: RegisterBrokerRecord(brokerId=1, isMigratingZkBroker=false, incarnationId=TZl-fA-lTy6YMjSjL2wGJQ, brokerEpoch=9, endPoints=[BrokerEndpoint(name='PLAINTEXT', host='127.0.0.1', port=42413, securityProtocol=0)], features=[BrokerFeature(name='group.version', minSupportedVersion=0, maxSupportedVersion=1), BrokerFeature(name='transaction.version', minSupportedVersion=0, maxSupportedVersion=2), BrokerFeature(name='eligible.leader.replicas.version', minSupportedVersion=0, maxSupportedVersion=1), BrokerFeature(name='kraft.version', minSupportedVersion=0, maxSupportedVersion=1), BrokerFeature(name='metadata.version', minSupportedVersion=7, maxSupportedVersion=27), BrokerFeature(name='share.version', minSupportedVersion=0, maxSupportedVersion=1)], rack=null, fenced=true, inControlledShutdown=false, logDirs=[mpinpBDNPKzg-ACMLwyc5g]) (org.apache.kafka.controller.ClusterControlManager)
[2026-10-07 21:39:34,111] INFO [QuorumController id=1] The request from broker 1 to unfence has been granted because it has caught up with the offset of its register broker record 9. (org.apache.kafka.controller.BrokerHeartbeatManager)
[2026-10-07 21:39:34,116] INFO [QuorumController id=1] Replayed BrokerRegistrationChangeRecord modifying the registration for broker 1: BrokerRegistrationChangeRecord(brokerId=1, brokerEpoch=9, fenced=-1, inControlledShutdown=0, logDirs=[]) (org.apache.kafka.controller.ClusterControlManager)
[2026-10-07 21:39:35,111] INFO [QuorumController id=1] CreateTopics result(s): CreatableTopic(name='assign-dirs-4-1-2', numPartitions=1, replicationFactor=1, assignments=[], configs=[]): SUCCESS (org.apache.kafka.controller.ReplicationControlManager)
[2026-10-07 21:39:35,112] INFO [QuorumController id=1] Replayed TopicRecord for topic assign-dirs-4-1-2 with topic ID iEb_vSd0SlqIaPUCweBzgg. (org.apache.kafka.controller.ReplicationControlManager)
[2026-10-07 21:39:35,115] INFO [QuorumController id=1] Replayed PartitionRecord for new partition assign-dirs-4-1-2-0 with topic ID iEb_vSd0SlqIaPUCweBzgg and PartitionRegistration(replicas=[1], directories=[mpinpBDNPKzg-ACMLwyc5g], isr=[1], removingReplicas=[], addingReplicas=[], elr=[], lastKnownElr=[], leader=1, leaderRecoveryState=RECOVERED, leaderEpoch=0, partitionEpoch=0). (org.apache.kafka.controller.ReplicationControlManager)
[2026-10-07 21:39:35,561] INFO [QuorumController id=1] assignReplicasToDirs: event failed with StaleBrokerEpochException in 246 microseconds. Exception message: No broker registration found for broker id 99 (org.apache.kafka.controller.QuorumController)
[2026-10-07 21:39:35,569] INFO [QuorumController id=1] assignReplicasToDirs: event failed with StaleBrokerEpochException in 779 microseconds. Exception message: Expected broker epoch 9, but got broker epoch -1 (org.apache.kafka.controller.QuorumController)
[2026-10-07 21:39:35,570] WARN [QuorumController id=1] AssignReplicasToDirsRequest from broker 1 references unknown topic ID AAAAAAAAAAAAAAAAAAAAAA (org.apache.kafka.controller.ReplicationControlManager)
[2026-10-07 21:39:35,573] WARN [QuorumController id=1] AssignReplicasToDirsRequest from broker 1 references unknown topic ID AAAAAAAAAAAAAAAAAAAAAA (org.apache.kafka.controller.ReplicationControlManager)
[2026-10-07 21:39:35,574] WARN [QuorumController id=1] AssignReplicasToDirsRequest from broker 1 references unknown partition assign-dirs-4-1-2-99 (org.apache.kafka.controller.ReplicationControlManager)
[2026-10-07 21:39:36,643] INFO [QuorumController id=1] assignReplicasToDirs: event failed with StaleBrokerEpochException in 107 microseconds. Exception message: No broker registration found for broker id 99 (org.apache.kafka.controller.QuorumController)
[2026-10-07 21:39:36,645] INFO [QuorumController id=1] assignReplicasToDirs: event failed with StaleBrokerEpochException in 91 microseconds. Exception message: Expected broker epoch 9, but got broker epoch -1 (org.apache.kafka.controller.QuorumController)
[2026-10-07 21:39:36,647] WARN [QuorumController id=1] AssignReplicasToDirsRequest from broker 1 references unknown topic ID AAAAAAAAAAAAAAAAAAAAAA (org.apache.kafka.controller.ReplicationControlManager)
[2026-10-07 21:39:36,650] WARN [QuorumController id=1] AssignReplicasToDirsRequest from broker 1 references unknown topic ID AAAAAAAAAAAAAAAAAAAAAA (org.apache.kafka.controller.ReplicationControlManager)
[2026-10-07 21:39:36,651] WARN [QuorumController id=1] AssignReplicasToDirsRequest from broker 1 references unknown partition assign-dirs-4-1-2-99 (org.apache.kafka.controller.ReplicationControlManager)
[2026-10-07 21:39:38,109] INFO [QuorumController id=1] DeleteTopics result(s): {id: iEb_vSd0SlqIaPUCweBzgg, name: assign-dirs-4-1-2, result: SUCCESS} (org.apache.kafka.controller.ReplicationControlManager)
[2026-10-07 21:39:38,110] INFO [QuorumController id=1] Replayed RemoveTopicRecord for topic assign-dirs-4-1-2 with ID iEb_vSd0SlqIaPUCweBzgg. (org.apache.kafka.controller.ReplicationControlManager)
[2026-10-07 21:39:38,371] INFO [QuorumController id=1] Unfenced broker 1 has requested and been granted an immediate shutdown. (org.apache.kafka.controller.BrokerHeartbeatManager)
[2026-10-07 21:39:38,372] INFO [QuorumController id=1] Replayed BrokerRegistrationChangeRecord modifying the registration for broker 1: BrokerRegistrationChangeRecord(brokerId=1, brokerEpoch=9, fenced=1, inControlledShutdown=0, logDirs=[]) (org.apache.kafka.controller.ClusterControlManager)
[2026-10-07 21:39:38,658] INFO [QuorumController id=1] writeNoOpRecord: event unable to start processing because of RejectedExecutionException (treated as TimeoutException). Exception message: The event queue is shutting down (org.apache.kafka.controller.QuorumController)
[2026-10-07 21:39:38,658] INFO [QuorumController id=1] maybeFenceStaleBroker: event unable to start processing because of RejectedExecutionException (treated as TimeoutException). Exception message: The event queue is shutting down (org.apache.kafka.controller.QuorumController)
[2026-10-07 21:39:38,658] INFO [QuorumController id=1] generatePeriodicPerformanceMessage: event unable to start processing because of RejectedExecutionException (treated as TimeoutException). Exception message: The event queue is shutting down (org.apache.kafka.controller.QuorumController)
[2026-10-07 21:39:38,658] INFO [QuorumController id=1] electPreferred: event unable to start processing because of RejectedExecutionException (treated as TimeoutException). Exception message: The event queue is shutting down (org.apache.kafka.controller.QuorumController)
[2026-10-07 21:39:38,658] INFO [QuorumController id=1] electUnclean: event unable to start processing because of RejectedExecutionException (treated as TimeoutException). Exception message: The event queue is shutting down (org.apache.kafka.controller.QuorumController)
[2026-10-07 21:39:38,658] INFO [QuorumController id=1] expireDelegationTokens: event unable to start processing because of RejectedExecutionException (treated as TimeoutException). Exception message: The event queue is shutting down (org.apache.kafka.controller.QuorumController)
