[2026-10-07T21:39:31.786+0000][gc,init] CardTable entry size: 512
[2026-10-07T21:39:31.786+0000][gc     ] Using G1
[2026-10-07T21:39:31.787+0000][gc,init] Version: 21.0.12.1+1-1-deb13u1-Debian (release)
[2026-10-07T21:39:31.787+0000][gc,init] CPUs: 5 total, 4 available
[2026-10-07T21:39:31.787+0000][gc,init] Memory: 16384M
[2026-10-07T21:39:31.787+0000][gc,init] Large Page Support: Disabled
[2026-10-07T21:39:31.787+0000][gc,init] NUMA Support: Disabled
[2026-10-07T21:39:31.787+0000][gc,init] Compressed Oops: Enabled (32-bit)
[2026-10-07T21:39:31.787+0000][gc,init] Heap Region Size: 1M
[2026-10-07T21:39:31.787+0000][gc,init] Heap Min Capacity: 128M
[2026-10-07T21:39:31.787+0000][gc,init] Heap Initial Capacity: 128M
[2026-10-07T21:39:31.787+0000][gc,init] Heap Max Capacity: 256M
[2026-10-07T21:39:31.787+0000][gc,init] Pre-touch: Disabled
[2026-10-07T21:39:31.787+0000][gc,init] Parallel Workers: 4
[2026-10-07T21:39:31.787+0000][gc,init] Concurrent Workers: 1
[2026-10-07T21:39:31.787+0000][gc,init] Concurrent Refinement Workers: 4
[2026-10-07T21:39:31.787+0000][gc,init] Periodic GC: Disabled
[2026-10-07T21:39:31.794+0000][gc,metaspace] CDS archive(s) mapped at: [0x00007f3183000000-0x00007f3183c9c000-0x00007f3183c9c000), size 13221888, SharedBaseAddress: 0x00007f3183000000, ArchiveRelocationMode: 1.
[2026-10-07T21:39:31.794+0000][gc,metaspace] Compressed class space mapped at: 0x00007f3184000000-0x00007f31c4000000, reserved size: 1073741824
[2026-10-07T21:39:31.794+0000][gc,metaspace] Narrow klass base: 0x00007f3183000000, Narrow klass shift: 0, Narrow klass range: 0x100000000
[2026-10-07T21:39:31.866+0000][gc,start    ] GC(0) Pause Young (Normal) (G1 Evacuation Pause)
[2026-10-07T21:39:31.868+0000][gc,task     ] GC(0) Using 3 workers of 4 for evacuation
[2026-10-07T21:39:31.871+0000][gc,phases   ] GC(0)   Pre Evacuate Collection Set: 0.08ms
[2026-10-07T21:39:31.871+0000][gc,phases   ] GC(0)   Merge Heap Roots: 0.15ms
[2026-10-07T21:39:31.871+0000][gc,phases   ] GC(0)   Evacuate Collection Set: 2.40ms
[2026-10-07T21:39:31.871+0000][gc,phases   ] GC(0)   Post Evacuate Collection Set: 0.41ms
[2026-10-07T21:39:31.871+0000][gc,phases   ] GC(0)   Other: 1.41ms
[2026-10-07T21:39:31.871+0000][gc,heap     ] GC(0) Eden regions: 6->0(5)
[2026-10-07T21:39:31.871+0000][gc,heap     ] GC(0) Survivor regions: 0->1(1)
[2026-10-07T21:39:31.871+0000][gc,heap     ] GC(0) Old regions: 2->5
[2026-10-07T21:39:31.871+0000][gc,heap     ] GC(0) Humongous regions: 0->0
[2026-10-07T21:39:31.871+0000][gc,metaspace] GC(0) Metaspace: 418K(640K)->418K(640K) NonClass: 404K(512K)->404K(512K) Class: 14K(128K)->14K(128K)
[2026-10-07T21:39:31.871+0000][gc          ] GC(0) Pause Young (Normal) (G1 Evacuation Pause) 7M->4M(130M) 4.621ms
[2026-10-07T21:39:31.871+0000][gc,cpu      ] GC(0) User=0.01s Sys=0.00s Real=0.01s
[2026-10-07T21:39:32.016+0000][gc,start    ] GC(1) Pause Young (Normal) (G1 Evacuation Pause)
[2026-10-07T21:39:32.016+0000][gc,task     ] GC(1) Using 3 workers of 4 for evacuation
[2026-10-07T21:39:32.019+0000][gc,phases   ] GC(1)   Pre Evacuate Collection Set: 0.16ms
[2026-10-07T21:39:32.019+0000][gc,phases   ] GC(1)   Merge Heap Roots: 0.04ms
[2026-10-07T21:39:32.019+0000][gc,phases   ] GC(1)   Evacuate Collection Set: 2.00ms
[2026-10-07T21:39:32.019+0000][gc,phases   ] GC(1)   Post Evacuate Collection Set: 0.31ms
[2026-10-07T21:39:32.019+0000][gc,phases   ] GC(1)   Other: 0.06ms
[2026-10-07T21:39:32.019+0000][gc,heap     ] GC(1) Eden regions: 5->0(5)
[2026-10-07T21:39:32.019+0000][gc,heap     ] GC(1) Survivor regions: 1->1(1)
[2026-10-07T21:39:32.019+0000][gc,heap     ] GC(1) Old regions: 5->6
[2026-10-07T21:39:32.019+0000][gc,heap     ] GC(1) Humongous regions: 0->0
[2026-10-07T21:39:32.019+0000][gc,metaspace] GC(1) Metaspace: 3649K(3840K)->3649K(3840K) NonClass: 3291K(3392K)->3291K(3392K) Class: 358K(448K)->358K(448K)
[2026-10-07T21:39:32.019+0000][gc          ] GC(1) Pause Young (Normal) (G1 Evacuation Pause) 9M->5M(130M) 2.687ms
[2026-10-07T21:39:32.019+0000][gc,cpu      ] GC(1) User=0.01s Sys=0.00s Real=0.00s
[2026-10-07T21:39:32.126+0000][gc,start    ] GC(2) Pause Young (Normal) (G1 Evacuation Pause)
[2026-10-07T21:39:32.127+0000][gc,task     ] GC(2) Using 3 workers of 4 for evacuation
[2026-10-07T21:39:32.130+0000][gc,phases   ] GC(2)   Pre Evacuate Collection Set: 0.12ms
[2026-10-07T21:39:32.130+0000][gc,phases   ] GC(2)   Merge Heap Roots: 0.05ms
[2026-10-07T21:39:32.130+0000][gc,phases   ] GC(2)   Evacuate Collection Set: 3.06ms
[2026-10-07T21:39:32.130+0000][gc,phases   ] GC(2)   Post Evacuate Collection Set: 0.25ms
[2026-10-07T21:39:32.130+0000][gc,phases   ] GC(2)   Other: 0.05ms
[2026-10-07T21:39:32.130+0000][gc,heap     ] GC(2) Eden regions: 5->0(5)
[2026-10-07T21:39:32.130+0000][gc,heap     ] GC(2) Survivor regions: 1->1(1)
[2026-10-07T21:39:32.130+0000][gc,heap     ] GC(2) Old regions: 6->8
[2026-10-07T21:39:32.130+0000][gc,heap     ] GC(2) Humongous regions: 0->0
[2026-10-07T21:39:32.130+0000][gc,metaspace] GC(2) Metaspace: 6602K(6784K)->6602K(6784K) NonClass: 5950K(6016K)->5950K(6016K) Class: 652K(768K)->652K(768K)
[2026-10-07T21:39:32.130+0000][gc          ] GC(2) Pause Young (Normal) (G1 Evacuation Pause) 10M->7M(130M) 3.633ms
[2026-10-07T21:39:32.130+0000][gc,cpu      ] GC(2) User=0.00s Sys=0.01s Real=0.01s
[2026-10-07T21:39:32.207+0000][gc,start    ] GC(3) Pause Young (Normal) (G1 Evacuation Pause)
[2026-10-07T21:39:32.207+0000][gc,task     ] GC(3) Using 3 workers of 4 for evacuation
[2026-10-07T21:39:32.209+0000][gc,phases   ] GC(3)   Pre Evacuate Collection Set: 0.11ms
[2026-10-07T21:39:32.209+0000][gc,phases   ] GC(3)   Merge Heap Roots: 0.03ms
[2026-10-07T21:39:32.209+0000][gc,phases   ] GC(3)   Evacuate Collection Set: 1.65ms
[2026-10-07T21:39:32.209+0000][gc,phases   ] GC(3)   Post Evacuate Collection Set: 0.30ms
[2026-10-07T21:39:32.209+0000][gc,phases   ] GC(3)   Other: 0.05ms
[2026-10-07T21:39:32.209+0000][gc,heap     ] GC(3) Eden regions: 5->0(5)
[2026-10-07T21:39:32.209+0000][gc,heap     ] GC(3) Survivor regions: 1->1(1)
[2026-10-07T21:39:32.209+0000][gc,heap     ] GC(3) Old regions: 8->9
[2026-10-07T21:39:32.209+0000][gc,heap     ] GC(3) Humongous regions: 0->0
[2026-10-07T21:39:32.209+0000][gc,metaspace] GC(3) Metaspace: 7925K(8128K)->7925K(8128K) NonClass: 7102K(7168K)->7102K(7168K) Class: 823K(960K)->823K(960K)
[2026-10-07T21:39:32.209+0000][gc          ] GC(3) Pause Young (Normal) (G1 Evacuation Pause) 12M->7M(130M) 2.233ms
[2026-10-07T21:39:32.209+0000][gc,cpu      ] GC(3) User=0.00s Sys=0.00s Real=0.00s
[2026-10-07T21:39:32.246+0000][gc,start    ] GC(4) Pause Young (Normal) (G1 Evacuation Pause)
[2026-10-07T21:39:32.246+0000][gc,task     ] GC(4) Using 3 workers of 4 for evacuation
[2026-10-07T21:39:32.248+0000][gc,phases   ] GC(4)   Pre Evacuate Collection Set: 0.13ms
[2026-10-07T21:39:32.248+0000][gc,phases   ] GC(4)   Merge Heap Roots: 0.03ms
[2026-10-07T21:39:32.248+0000][gc,phases   ] GC(4)   Evacuate Collection Set: 1.29ms
[2026-10-07T21:39:32.248+0000][gc,phases   ] GC(4)   Post Evacuate Collection Set: 0.44ms
[2026-10-07T21:39:32.248+0000][gc,phases   ] GC(4)   Other: 0.05ms
[2026-10-07T21:39:32.248+0000][gc,heap     ] GC(4) Eden regions: 5->0(5)
[2026-10-07T21:39:32.248+0000][gc,heap     ] GC(4) Survivor regions: 1->1(1)
[2026-10-07T21:39:32.248+0000][gc,heap     ] GC(4) Old regions: 9->9
[2026-10-07T21:39:32.248+0000][gc,heap     ] GC(4) Humongous regions: 0->0
[2026-10-07T21:39:32.248+0000][gc,metaspace] GC(4) Metaspace: 8997K(9216K)->8997K(9216K) NonClass: 8022K(8128K)->8022K(8128K) Class: 975K(1088K)->975K(1088K)
[2026-10-07T21:39:32.248+0000][gc          ] GC(4) Pause Young (Normal) (G1 Evacuation Pause) 12M->7M(130M) 2.080ms
[2026-10-07T21:39:32.248+0000][gc,cpu      ] GC(4) User=0.00s Sys=0.00s Real=0.01s
[2026-10-07T21:39:32.295+0000][gc,start    ] GC(5) Pause Young (Normal) (G1 Evacuation Pause)
[2026-10-07T21:39:32.295+0000][gc,task     ] GC(5) Using 3 workers of 4 for evacuation
[2026-10-07T21:39:32.297+0000][gc,phases   ] GC(5)   Pre Evacuate Collection Set: 0.14ms
[2026-10-07T21:39:32.297+0000][gc,phases   ] GC(5)   Merge Heap Roots: 0.04ms
[2026-10-07T21:39:32.297+0000][gc,phases   ] GC(5)   Evacuate Collection Set: 1.03ms
[2026-10-07T21:39:32.297+0000][gc,phases   ] GC(5)   Post Evacuate Collection Set: 0.26ms
[2026-10-07T21:39:32.297+0000][gc,phases   ] GC(5)   Other: 0.05ms
[2026-10-07T21:39:32.297+0000][gc,heap     ] GC(5) Eden regions: 5->0(5)
[2026-10-07T21:39:32.297+0000][gc,heap     ] GC(5) Survivor regions: 1->1(1)
[2026-10-07T21:39:32.297+0000][gc,heap     ] GC(5) Old regions: 9->9
[2026-10-07T21:39:32.297+0000][gc,heap     ] GC(5) Humongous regions: 0->0
[2026-10-07T21:39:32.297+0000][gc,metaspace] GC(5) Metaspace: 10489K(10688K)->10489K(10688K) NonClass: 9372K(9472K)->9372K(9472K) Class: 1116K(1216K)->1116K(1216K)
[2026-10-07T21:39:32.297+0000][gc          ] GC(5) Pause Young (Normal) (G1 Evacuation Pause) 12M->8M(130M) 1.625ms
[2026-10-07T21:39:32.297+0000][gc,cpu      ] GC(5) User=0.00s Sys=0.00s Real=0.00s
[2026-10-07T21:39:32.405+0000][gc,start    ] GC(6) Pause Young (Normal) (G1 Evacuation Pause)
[2026-10-07T21:39:32.405+0000][gc,task     ] GC(6) Using 3 workers of 4 for evacuation
[2026-10-07T21:39:32.407+0000][gc,phases   ] GC(6)   Pre Evacuate Collection Set: 0.11ms
[2026-10-07T21:39:32.407+0000][gc,phases   ] GC(6)   Merge Heap Roots: 0.03ms
[2026-10-07T21:39:32.407+0000][gc,phases   ] GC(6)   Evacuate Collection Set: 2.21ms
[2026-10-07T21:39:32.407+0000][gc,phases   ] GC(6)   Post Evacuate Collection Set: 0.25ms
[2026-10-07T21:39:32.407+0000][gc,phases   ] GC(6)   Other: 0.05ms
[2026-10-07T21:39:32.407+0000][gc,heap     ] GC(6) Eden regions: 9->0(7)
[2026-10-07T21:39:32.407+0000][gc,heap     ] GC(6) Survivor regions: 1->2(2)
[2026-10-07T21:39:32.407+0000][gc,heap     ] GC(6) Old regions: 9->9
[2026-10-07T21:39:32.407+0000][gc,heap     ] GC(6) Humongous regions: 0->0
[2026-10-07T21:39:32.407+0000][gc,metaspace] GC(6) Metaspace: 13003K(13184K)->13003K(13184K) NonClass: 11598K(11712K)->11598K(11712K) Class: 1404K(1472K)->1404K(1472K)
[2026-10-07T21:39:32.407+0000][gc          ] GC(6) Pause Young (Normal) (G1 Evacuation Pause) 17M->9M(130M) 2.744ms
[2026-10-07T21:39:32.407+0000][gc,cpu      ] GC(6) User=0.00s Sys=0.01s Real=0.01s
[2026-10-07T21:39:32.575+0000][gc,start    ] GC(7) Pause Young (Normal) (G1 Evacuation Pause)
[2026-10-07T21:39:32.575+0000][gc,task     ] GC(7) Using 3 workers of 4 for evacuation
[2026-10-07T21:39:32.578+0000][gc,phases   ] GC(7)   Pre Evacuate Collection Set: 0.11ms
[2026-10-07T21:39:32.578+0000][gc,phases   ] GC(7)   Merge Heap Roots: 0.03ms
[2026-10-07T21:39:32.578+0000][gc,phases   ] GC(7)   Evacuate Collection Set: 2.58ms
[2026-10-07T21:39:32.578+0000][gc,phases   ] GC(7)   Post Evacuate Collection Set: 0.26ms
[2026-10-07T21:39:32.578+0000][gc,phases   ] GC(7)   Other: 0.05ms
[2026-10-07T21:39:32.578+0000][gc,heap     ] GC(7) Eden regions: 8->0(7)
[2026-10-07T21:39:32.578+0000][gc,heap     ] GC(7) Survivor regions: 2->2(2)
[2026-10-07T21:39:32.578+0000][gc,heap     ] GC(7) Old regions: 9->9
[2026-10-07T21:39:32.578+0000][gc,heap     ] GC(7) Humongous regions: 0->0
[2026-10-07T21:39:32.578+0000][gc,metaspace] GC(7) Metaspace: 15032K(15296K)->15032K(15296K) NonClass: 13376K(13504K)->13376K(13504K) Class: 1655K(1792K)->1655K(1792K)
[2026-10-07T21:39:32.578+0000][gc          ] GC(7) Pause Young (Normal) (G1 Evacuation Pause) 17M->9M(130M) 3.199ms
[2026-10-07T21:39:32.578+0000][gc,cpu      ] GC(7) User=0.01s Sys=0.00s Real=0.00s
[2026-10-07T21:39:32.647+0000][gc,start    ] GC(8) Pause Young (Normal) (G1 Evacuation Pause)
[2026-10-07T21:39:32.647+0000][gc,task     ] GC(8) Using 3 workers of 4 for evacuation
[2026-10-07T21:39:32.650+0000][gc,phases   ] GC(8)   Pre Evacuate Collection Set: 0.14ms
[2026-10-07T21:39:32.650+0000][gc,phases   ] GC(8)   Merge Heap Roots: 0.04ms
[2026-10-07T21:39:32.650+0000][gc,phases   ] GC(8)   Evacuate Collection Set: 2.01ms
[2026-10-07T21:39:32.650+0000][gc,phases   ] GC(8)   Post Evacuate Collection Set: 0.25ms
[2026-10-07T21:39:32.650+0000][gc,phases   ] GC(8)   Other: 0.06ms
[2026-10-07T21:39:32.650+0000][gc,heap     ] GC(8) Eden regions: 5->0(19)
[2026-10-07T21:39:32.650+0000][gc,heap     ] GC(8) Survivor regions: 2->1(1)
[2026-10-07T21:39:32.650+0000][gc,heap     ] GC(8) Old regions: 9->11
[2026-10-07T21:39:32.650+0000][gc,heap     ] GC(8) Humongous regions: 0->0
[2026-10-07T21:39:32.650+0000][gc,metaspace] GC(8) Metaspace: 16750K(16960K)->16750K(16960K) NonClass: 14894K(14976K)->14894K(14976K) Class: 1855K(1984K)->1855K(1984K)
[2026-10-07T21:39:32.650+0000][gc          ] GC(8) Pause Young (Normal) (G1 Evacuation Pause) 14M->10M(130M) 2.606ms
[2026-10-07T21:39:32.650+0000][gc,cpu      ] GC(8) User=0.01s Sys=0.00s Real=0.00s
[2026-10-07T21:39:32.834+0000][gc,start    ] GC(9) Pause Young (Concurrent Start) (Metadata GC Threshold)
[2026-10-07T21:39:32.834+0000][gc,task     ] GC(9) Using 3 workers of 4 for evacuation
[2026-10-07T21:39:32.836+0000][gc,phases   ] GC(9)   Pre Evacuate Collection Set: 0.16ms
[2026-10-07T21:39:32.836+0000][gc,phases   ] GC(9)   Merge Heap Roots: 0.03ms
[2026-10-07T21:39:32.836+0000][gc,phases   ] GC(9)   Evacuate Collection Set: 1.63ms
[2026-10-07T21:39:32.836+0000][gc,phases   ] GC(9)   Post Evacuate Collection Set: 0.30ms
[2026-10-07T21:39:32.836+0000][gc,phases   ] GC(9)   Other: 0.09ms
[2026-10-07T21:39:32.836+0000][gc,heap     ] GC(9) Eden regions: 14->0(56)
[2026-10-07T21:39:32.836+0000][gc,heap     ] GC(9) Survivor regions: 1->1(3)
[2026-10-07T21:39:32.836+0000][gc,heap     ] GC(9) Old regions: 11->11
[2026-10-07T21:39:32.836+0000][gc,heap     ] GC(9) Humongous regions: 0->0
[2026-10-07T21:39:32.836+0000][gc,metaspace] GC(9) Metaspace: 21219K(21504K)->21219K(21504K) NonClass: 18668K(18816K)->18668K(18816K) Class: 2551K(2688K)->2551K(2688K)
[2026-10-07T21:39:32.836+0000][gc          ] GC(9) Pause Young (Concurrent Start) (Metadata GC Threshold) 23M->10M(130M) 2.325ms
[2026-10-07T21:39:32.836+0000][gc,cpu      ] GC(9) User=0.00s Sys=0.00s Real=0.01s
[2026-10-07T21:39:32.836+0000][gc          ] GC(10) Concurrent Mark Cycle
[2026-10-07T21:39:32.836+0000][gc,marking  ] GC(10) Concurrent Scan Root Regions
[2026-10-07T21:39:32.837+0000][gc,marking  ] GC(10) Concurrent Scan Root Regions 1.214ms
[2026-10-07T21:39:32.837+0000][gc,marking  ] GC(10) Concurrent Mark
[2026-10-07T21:39:32.837+0000][gc,marking  ] GC(10) Concurrent Mark From Roots
[2026-10-07T21:39:32.837+0000][gc,task     ] GC(10) Using 1 workers of 1 for marking
[2026-10-07T21:39:32.848+0000][gc,marking  ] GC(10) Concurrent Mark From Roots 10.926ms
[2026-10-07T21:39:32.848+0000][gc,marking  ] GC(10) Concurrent Preclean
[2026-10-07T21:39:32.848+0000][gc,marking  ] GC(10) Concurrent Preclean 0.053ms
[2026-10-07T21:39:32.851+0000][gc,start    ] GC(10) Pause Remark
[2026-10-07T21:39:32.854+0000][gc          ] GC(10) Pause Remark 12M->12M(128M) 2.994ms
[2026-10-07T21:39:32.854+0000][gc,cpu      ] GC(10) User=0.00s Sys=0.00s Real=0.00s
[2026-10-07T21:39:32.854+0000][gc,marking  ] GC(10) Concurrent Mark 16.867ms
[2026-10-07T21:39:32.854+0000][gc,marking  ] GC(10) Concurrent Rebuild Remembered Sets and Scrub Regions
[2026-10-07T21:39:32.858+0000][gc,marking  ] GC(10) Concurrent Rebuild Remembered Sets and Scrub Regions 3.315ms
[2026-10-07T21:39:32.858+0000][gc,start    ] GC(10) Pause Cleanup
[2026-10-07T21:39:32.858+0000][gc          ] GC(10) Pause Cleanup 12M->12M(128M) 0.105ms
[2026-10-07T21:39:32.858+0000][gc,cpu      ] GC(10) User=0.00s Sys=0.00s Real=0.00s
[2026-10-07T21:39:32.858+0000][gc,marking  ] GC(10) Concurrent Clear Claimed Marks
[2026-10-07T21:39:32.858+0000][gc,marking  ] GC(10) Concurrent Clear Claimed Marks 0.023ms
[2026-10-07T21:39:32.858+0000][gc,marking  ] GC(10) Concurrent Cleanup for Next Mark
[2026-10-07T21:39:32.859+0000][gc,marking  ] GC(10) Concurrent Cleanup for Next Mark 0.609ms
[2026-10-07T21:39:32.859+0000][gc          ] GC(10) Concurrent Mark Cycle 22.355ms
[2026-10-07T21:39:33.230+0000][gc,start    ] GC(11) Pause Young (Prepare Mixed) (G1 Evacuation Pause)
[2026-10-07T21:39:33.230+0000][gc,task     ] GC(11) Using 3 workers of 4 for evacuation
[2026-10-07T21:39:33.237+0000][gc,phases   ] GC(11)   Pre Evacuate Collection Set: 0.24ms
[2026-10-07T21:39:33.237+0000][gc,phases   ] GC(11)   Merge Heap Roots: 0.05ms
[2026-10-07T21:39:33.237+0000][gc,phases   ] GC(11)   Evacuate Collection Set: 5.79ms
[2026-10-07T21:39:33.237+0000][gc,phases   ] GC(11)   Post Evacuate Collection Set: 0.43ms
[2026-10-07T21:39:33.237+0000][gc,phases   ] GC(11)   Other: 0.05ms
[2026-10-07T21:39:33.237+0000][gc,heap     ] GC(11) Eden regions: 36->0(6)
[2026-10-07T21:39:33.237+0000][gc,heap     ] GC(11) Survivor regions: 1->5(5)
[2026-10-07T21:39:33.237+0000][gc,heap     ] GC(11) Old regions: 11->11
[2026-10-07T21:39:33.237+0000][gc,heap     ] GC(11) Humongous regions: 0->0
[2026-10-07T21:39:33.237+0000][gc,metaspace] GC(11) Metaspace: 30512K(30784K)->30512K(30784K) NonClass: 27077K(27264K)->27077K(27264K) Class: 3435K(3520K)->3435K(3520K)
[2026-10-07T21:39:33.237+0000][gc          ] GC(11) Pause Young (Prepare Mixed) (G1 Evacuation Pause) 46M->14M(128M) 6.713ms
[2026-10-07T21:39:33.237+0000][gc,cpu      ] GC(11) User=0.02s Sys=0.00s Real=0.01s
[2026-10-07T21:39:33.262+0000][gc,start    ] GC(12) Pause Young (Mixed) (G1 Evacuation Pause)
[2026-10-07T21:39:33.262+0000][gc,task     ] GC(12) Using 3 workers of 4 for evacuation
[2026-10-07T21:39:33.267+0000][gc,phases   ] GC(12)   Pre Evacuate Collection Set: 0.15ms
[2026-10-07T21:39:33.268+0000][gc,phases   ] GC(12)   Merge Heap Roots: 0.04ms
[2026-10-07T21:39:33.268+0000][gc,phases   ] GC(12)   Evacuate Collection Set: 4.40ms
[2026-10-07T21:39:33.268+0000][gc,phases   ] GC(12)   Post Evacuate Collection Set: 0.59ms
[2026-10-07T21:39:33.268+0000][gc,phases   ] GC(12)   Other: 0.07ms
[2026-10-07T21:39:33.268+0000][gc,heap     ] GC(12) Eden regions: 1->0(23)
[2026-10-07T21:39:33.268+0000][gc,heap     ] GC(12) Survivor regions: 5->1(1)
[2026-10-07T21:39:33.268+0000][gc,heap     ] GC(12) Old regions: 11->15
[2026-10-07T21:39:33.268+0000][gc,heap     ] GC(12) Humongous regions: 0->0
[2026-10-07T21:39:33.268+0000][gc,metaspace] GC(12) Metaspace: 30825K(31104K)->30825K(31104K) NonClass: 27344K(27520K)->27344K(27520K) Class: 3481K(3584K)->3481K(3584K)
[2026-10-07T21:39:33.268+0000][gc          ] GC(12) Pause Young (Mixed) (G1 Evacuation Pause) 15M->14M(128M) 5.404ms
[2026-10-07T21:39:33.268+0000][gc,cpu      ] GC(12) User=0.01s Sys=0.00s Real=0.01s
[2026-10-07T21:39:33.511+0000][gc,start    ] GC(13) Pause Young (Normal) (G1 Evacuation Pause)
[2026-10-07T21:39:33.511+0000][gc,task     ] GC(13) Using 4 workers of 4 for evacuation
[2026-10-07T21:39:33.513+0000][gc,phases   ] GC(13)   Pre Evacuate Collection Set: 0.17ms
[2026-10-07T21:39:33.514+0000][gc,phases   ] GC(13)   Merge Heap Roots: 0.05ms
[2026-10-07T21:39:33.514+0000][gc,phases   ] GC(13)   Evacuate Collection Set: 1.62ms
[2026-10-07T21:39:33.514+0000][gc,phases   ] GC(13)   Post Evacuate Collection Set: 0.52ms
[2026-10-07T21:39:33.514+0000][gc,phases   ] GC(13)   Other: 0.06ms
[2026-10-07T21:39:33.514+0000][gc,heap     ] GC(13) Eden regions: 15->0(23)
[2026-10-07T21:39:33.514+0000][gc,heap     ] GC(13) Survivor regions: 1->2(2)
[2026-10-07T21:39:33.514+0000][gc,heap     ] GC(13) Old regions: 15->15
[2026-10-07T21:39:33.514+0000][gc,heap     ] GC(13) Humongous regions: 9->9
[2026-10-07T21:39:33.514+0000][gc,metaspace] GC(13) Metaspace: 34882K(35264K)->34882K(35264K) NonClass: 30888K(31104K)->30888K(31104K) Class: 3993K(4160K)->3993K(4160K)
[2026-10-07T21:39:33.514+0000][gc          ] GC(13) Pause Young (Normal) (G1 Evacuation Pause) 38M->24M(128M) 2.513ms
[2026-10-07T21:39:33.514+0000][gc,cpu      ] GC(13) User=0.01s Sys=0.00s Real=0.00s
[2026-10-07T21:39:33.552+0000][gc,start    ] GC(14) Pause Young (Concurrent Start) (Metadata GC Threshold)
[2026-10-07T21:39:33.552+0000][gc,task     ] GC(14) Using 4 workers of 4 for evacuation
[2026-10-07T21:39:33.554+0000][gc,phases   ] GC(14)   Pre Evacuate Collection Set: 0.12ms
[2026-10-07T21:39:33.554+0000][gc,phases   ] GC(14)   Merge Heap Roots: 0.04ms
[2026-10-07T21:39:33.554+0000][gc,phases   ] GC(14)   Evacuate Collection Set: 1.71ms
[2026-10-07T21:39:33.554+0000][gc,phases   ] GC(14)   Post Evacuate Collection Set: 0.39ms
[2026-10-07T21:39:33.554+0000][gc,phases   ] GC(14)   Other: 0.07ms
[2026-10-07T21:39:33.554+0000][gc,heap     ] GC(14) Eden regions: 6->0(33)
[2026-10-07T21:39:33.554+0000][gc,heap     ] GC(14) Survivor regions: 2->1(1)
[2026-10-07T21:39:33.554+0000][gc,heap     ] GC(14) Old regions: 15->16
[2026-10-07T21:39:33.554+0000][gc,heap     ] GC(14) Humongous regions: 9->9
[2026-10-07T21:39:33.554+0000][gc,metaspace] GC(14) Metaspace: 36028K(36480K)->36028K(36480K) NonClass: 31880K(32128K)->31880K(32128K) Class: 4148K(4352K)->4148K(4352K)
[2026-10-07T21:39:33.554+0000][gc          ] GC(14) Pause Young (Concurrent Start) (Metadata GC Threshold) 29M->24M(128M) 2.440ms
[2026-10-07T21:39:33.554+0000][gc,cpu      ] GC(14) User=0.01s Sys=0.00s Real=0.00s
[2026-10-07T21:39:33.554+0000][gc          ] GC(15) Concurrent Mark Cycle
[2026-10-07T21:39:33.554+0000][gc,marking  ] GC(15) Concurrent Scan Root Regions
[2026-10-07T21:39:33.561+0000][gc,marking  ] GC(15) Concurrent Scan Root Regions 6.781ms
[2026-10-07T21:39:33.561+0000][gc,marking  ] GC(15) Concurrent Mark
[2026-10-07T21:39:33.561+0000][gc,marking  ] GC(15) Concurrent Mark From Roots
[2026-10-07T21:39:33.561+0000][gc,task     ] GC(15) Using 1 workers of 1 for marking
[2026-10-07T21:39:33.585+0000][gc,marking  ] GC(15) Concurrent Mark From Roots 23.756ms
[2026-10-07T21:39:33.585+0000][gc,marking  ] GC(15) Concurrent Preclean
[2026-10-07T21:39:33.585+0000][gc,marking  ] GC(15) Concurrent Preclean 0.057ms
[2026-10-07T21:39:33.585+0000][gc,start    ] GC(15) Pause Remark
[2026-10-07T21:39:33.591+0000][gc          ] GC(15) Pause Remark 26M->26M(128M) 5.486ms
[2026-10-07T21:39:33.591+0000][gc,cpu      ] GC(15) User=0.01s Sys=0.00s Real=0.01s
[2026-10-07T21:39:33.591+0000][gc,marking  ] GC(15) Concurrent Mark 29.672ms
[2026-10-07T21:39:33.591+0000][gc,marking  ] GC(15) Concurrent Rebuild Remembered Sets and Scrub Regions
[2026-10-07T21:39:33.601+0000][gc,marking  ] GC(15) Concurrent Rebuild Remembered Sets and Scrub Regions 10.347ms
[2026-10-07T21:39:33.604+0000][gc,start    ] GC(15) Pause Cleanup
[2026-10-07T21:39:33.604+0000][gc          ] GC(15) Pause Cleanup 27M->27M(128M) 0.114ms
[2026-10-07T21:39:33.604+0000][gc,cpu      ] GC(15) User=0.00s Sys=0.00s Real=0.00s
[2026-10-07T21:39:33.604+0000][gc,marking  ] GC(15) Concurrent Clear Claimed Marks
[2026-10-07T21:39:33.604+0000][gc,marking  ] GC(15) Concurrent Clear Claimed Marks 0.078ms
[2026-10-07T21:39:33.604+0000][gc,marking  ] GC(15) Concurrent Cleanup for Next Mark
[2026-10-07T21:39:33.604+0000][gc,marking  ] GC(15) Concurrent Cleanup for Next Mark 0.186ms
[2026-10-07T21:39:33.604+0000][gc          ] GC(15) Concurrent Mark Cycle 49.979ms
[2026-10-07T21:39:33.713+0000][gc,start    ] GC(16) Pause Young (Prepare Mixed) (G1 Evacuation Pause)
[2026-10-07T21:39:33.713+0000][gc,task     ] GC(16) Using 4 workers of 4 for evacuation
[2026-10-07T21:39:33.718+0000][gc,phases   ] GC(16)   Pre Evacuate Collection Set: 0.09ms
[2026-10-07T21:39:33.719+0000][gc,phases   ] GC(16)   Merge Heap Roots: 0.06ms
[2026-10-07T21:39:33.719+0000][gc,phases   ] GC(16)   Evacuate Collection Set: 4.37ms
[2026-10-07T21:39:33.719+0000][gc,phases   ] GC(16)   Post Evacuate Collection Set: 0.48ms
[2026-10-07T21:39:33.719+0000][gc,phases   ] GC(16)   Other: 0.06ms
[2026-10-07T21:39:33.719+0000][gc,heap     ] GC(16) Eden regions: 21->0(5)
[2026-10-07T21:39:33.719+0000][gc,heap     ] GC(16) Survivor regions: 1->3(3)
[2026-10-07T21:39:33.719+0000][gc,heap     ] GC(16) Old regions: 16->18
[2026-10-07T21:39:33.719+0000][gc,heap     ] GC(16) Humongous regions: 9->9
[2026-10-07T21:39:33.719+0000][gc,metaspace] GC(16) Metaspace: 39077K(39744K)->39077K(39744K) NonClass: 34489K(34880K)->34489K(34880K) Class: 4587K(4864K)->4587K(4864K)
[2026-10-07T21:39:33.719+0000][gc          ] GC(16) Pause Young (Prepare Mixed) (G1 Evacuation Pause) 45M->29M(128M) 5.200ms
[2026-10-07T21:39:33.719+0000][gc,cpu      ] GC(16) User=0.02s Sys=0.00s Real=0.01s
[2026-10-07T21:39:33.746+0000][gc,start    ] GC(17) Pause Young (Mixed) (G1 Evacuation Pause)
[2026-10-07T21:39:33.746+0000][gc,task     ] GC(17) Using 4 workers of 4 for evacuation
[2026-10-07T21:39:33.753+0000][gc,phases   ] GC(17)   Pre Evacuate Collection Set: 0.82ms
[2026-10-07T21:39:33.753+0000][gc,phases   ] GC(17)   Merge Heap Roots: 0.04ms
[2026-10-07T21:39:33.753+0000][gc,phases   ] GC(17)   Evacuate Collection Set: 5.22ms
[2026-10-07T21:39:33.753+0000][gc,phases   ] GC(17)   Post Evacuate Collection Set: 0.61ms
[2026-10-07T21:39:33.753+0000][gc,phases   ] GC(17)   Other: 0.07ms
[2026-10-07T21:39:33.753+0000][gc,heap     ] GC(17) Eden regions: 3->0(34)
[2026-10-07T21:39:33.753+0000][gc,heap     ] GC(17) Survivor regions: 3->1(1)
[2026-10-07T21:39:33.753+0000][gc,heap     ] GC(17) Old regions: 18->21
[2026-10-07T21:39:33.753+0000][gc,heap     ] GC(17) Humongous regions: 9->9
[2026-10-07T21:39:33.753+0000][gc,metaspace] GC(17) Metaspace: 39486K(40128K)->39486K(40128K) NonClass: 34840K(35200K)->34840K(35200K) Class: 4645K(4928K)->4645K(4928K)
[2026-10-07T21:39:33.753+0000][gc          ] GC(17) Pause Young (Mixed) (G1 Evacuation Pause) 32M->30M(128M) 6.879ms
[2026-10-07T21:39:33.753+0000][gc,cpu      ] GC(17) User=0.03s Sys=0.00s Real=0.01s
[2026-10-07T21:39:33.932+0000][gc,start    ] GC(18) Pause Young (Concurrent Start) (G1 Humongous Allocation)
[2026-10-07T21:39:33.932+0000][gc,task     ] GC(18) Using 4 workers of 4 for evacuation
[2026-10-07T21:39:33.936+0000][gc,phases   ] GC(18)   Pre Evacuate Collection Set: 0.11ms
[2026-10-07T21:39:33.936+0000][gc,phases   ] GC(18)   Merge Heap Roots: 0.04ms
[2026-10-07T21:39:33.936+0000][gc,phases   ] GC(18)   Evacuate Collection Set: 2.60ms
[2026-10-07T21:39:33.936+0000][gc,phases   ] GC(18)   Post Evacuate Collection Set: 0.38ms
[2026-10-07T21:39:33.936+0000][gc,phases   ] GC(18)   Other: 0.06ms
[2026-10-07T21:39:33.936+0000][gc,heap     ] GC(18) Eden regions: 19->0(73)
[2026-10-07T21:39:33.936+0000][gc,heap     ] GC(18) Survivor regions: 1->3(6)
[2026-10-07T21:39:33.936+0000][gc,heap     ] GC(18) Old regions: 21->21
[2026-10-07T21:39:33.936+0000][gc,heap     ] GC(18) Humongous regions: 9->9
[2026-10-07T21:39:33.936+0000][gc,metaspace] GC(18) Metaspace: 43204K(44032K)->43204K(44032K) NonClass: 38166K(38656K)->38166K(38656K) Class: 5038K(5376K)->5038K(5376K)
[2026-10-07T21:39:33.936+0000][gc          ] GC(18) Pause Young (Concurrent Start) (G1 Humongous Allocation) 48M->32M(128M) 3.287ms
[2026-10-07T21:39:33.936+0000][gc,cpu      ] GC(18) User=0.01s Sys=0.00s Real=0.01s
[2026-10-07T21:39:33.936+0000][gc          ] GC(19) Concurrent Undo Cycle
[2026-10-07T21:39:33.936+0000][gc,marking  ] GC(19) Concurrent Clear Claimed Marks
[2026-10-07T21:39:33.936+0000][gc,marking  ] GC(19) Concurrent Clear Claimed Marks 0.055ms
[2026-10-07T21:39:33.936+0000][gc,marking  ] GC(19) Concurrent Cleanup for Next Mark
[2026-10-07T21:39:33.939+0000][gc,marking  ] GC(19) Concurrent Cleanup for Next Mark 3.304ms
[2026-10-07T21:39:33.939+0000][gc,start    ] GC(20) Pause Young (Normal) (G1 Humongous Allocation)
[2026-10-07T21:39:33.939+0000][gc,task     ] GC(20) Using 4 workers of 4 for evacuation
[2026-10-07T21:39:33.941+0000][gc,phases   ] GC(20)   Pre Evacuate Collection Set: 0.08ms
[2026-10-07T21:39:33.941+0000][gc,phases   ] GC(20)   Merge Heap Roots: 0.05ms
[2026-10-07T21:39:33.941+0000][gc,phases   ] GC(20)   Evacuate Collection Set: 1.38ms
[2026-10-07T21:39:33.941+0000][gc,phases   ] GC(20)   Post Evacuate Collection Set: 0.20ms
[2026-10-07T21:39:33.941+0000][gc,phases   ] GC(20)   Other: 0.03ms
[2026-10-07T21:39:33.941+0000][gc,heap     ] GC(20) Eden regions: 0->0(73)
[2026-10-07T21:39:33.941+0000][gc,heap     ] GC(20) Survivor regions: 3->3(10)
[2026-10-07T21:39:33.941+0000][gc,heap     ] GC(20) Old regions: 21->21
[2026-10-07T21:39:33.941+0000][gc,heap     ] GC(20) Humongous regions: 9->9
[2026-10-07T21:39:33.941+0000][gc,metaspace] GC(20) Metaspace: 43204K(44032K)->43204K(44032K) NonClass: 38166K(38656K)->38166K(38656K) Class: 5038K(5376K)->5038K(5376K)
[2026-10-07T21:39:33.941+0000][gc          ] GC(20) Pause Young (Normal) (G1 Humongous Allocation) 32M->32M(128M) 1.814ms
[2026-10-07T21:39:33.941+0000][gc,cpu      ] GC(20) User=0.00s Sys=0.00s Real=0.00s
[2026-10-07T21:39:33.942+0000][gc,ergo     ] Attempting full compaction
[2026-10-07T21:39:33.942+0000][gc,start    ] GC(21) Pause Full (G1 Compaction Pause)
[2026-10-07T21:39:33.942+0000][gc,task     ] GC(21) Using 4 workers of 4 for full compaction
[2026-10-07T21:39:33.943+0000][gc,phases,start] GC(21) Phase 1: Mark live objects
[2026-10-07T21:39:33.955+0000][gc,phases      ] GC(21) Phase 1: Mark live objects 12.196ms
[2026-10-07T21:39:33.955+0000][gc,phases,start] GC(21) Phase 2: Prepare compaction
[2026-10-07T21:39:33.957+0000][gc,phases      ] GC(21) Phase 2: Prepare compaction 1.929ms
[2026-10-07T21:39:33.957+0000][gc,phases,start] GC(21) Phase 3: Adjust pointers
[2026-10-07T21:39:33.963+0000][gc,phases      ] GC(21) Phase 3: Adjust pointers 5.540ms
[2026-10-07T21:39:33.963+0000][gc,phases,start] GC(21) Phase 4: Compact heap
[2026-10-07T21:39:33.967+0000][gc,phases      ] GC(21) Phase 4: Compact heap 4.238ms
[2026-10-07T21:39:33.967+0000][gc,phases,start] GC(21) Phase 5: Reset Metadata
[2026-10-07T21:39:33.968+0000][gc,phases      ] GC(21) Phase 5: Reset Metadata 1.088ms
[2026-10-07T21:39:33.972+0000][gc,heap        ] GC(21) Eden regions: 0->0(76)
[2026-10-07T21:39:33.972+0000][gc,heap        ] GC(21) Survivor regions: 3->0(10)
[2026-10-07T21:39:33.972+0000][gc,heap        ] GC(21) Old regions: 21->23
[2026-10-07T21:39:33.972+0000][gc,heap        ] GC(21) Humongous regions: 9->9
[2026-10-07T21:39:33.972+0000][gc,metaspace   ] GC(21) Metaspace: 43204K(44032K)->43204K(44032K) NonClass: 38166K(38656K)->38166K(38656K) Class: 5038K(5376K)->5038K(5376K)
[2026-10-07T21:39:33.972+0000][gc             ] GC(21) Pause Full (G1 Compaction Pause) 32M->30M(128M) 30.292ms
[2026-10-07T21:39:33.972+0000][gc,cpu         ] GC(21) User=0.07s Sys=0.00s Real=0.03s
[2026-10-07T21:39:33.972+0000][gc,ergo        ] Attempting maximal full compaction clearing soft references
[2026-10-07T21:39:33.972+0000][gc,start       ] GC(22) Pause Full (G1 Compaction Pause)
[2026-10-07T21:39:33.972+0000][gc,task        ] GC(22) Using 4 workers of 4 for full compaction
[2026-10-07T21:39:33.973+0000][gc,phases,start] GC(22) Phase 1: Mark live objects
[2026-10-07T21:39:33.988+0000][gc,phases      ] GC(22) Phase 1: Mark live objects 15.289ms
[2026-10-07T21:39:33.988+0000][gc,phases,start] GC(22) Phase 2: Prepare compaction
[2026-10-07T21:39:33.994+0000][gc,phases      ] GC(22) Phase 2: Prepare compaction 6.525ms
[2026-10-07T21:39:33.994+0000][gc,phases,start] GC(22) Phase 3: Adjust pointers
[2026-10-07T21:39:33.998+0000][gc,phases      ] GC(22) Phase 3: Adjust pointers 3.994ms
[2026-10-07T21:39:33.998+0000][gc,phases,start] GC(22) Phase 4: Compact heap
[2026-10-07T21:39:34.001+0000][gc,phases      ] GC(22) Phase 4: Compact heap 2.637ms
[2026-10-07T21:39:34.001+0000][gc,phases,start] GC(22) Phase 5: Reset Metadata
[2026-10-07T21:39:34.001+0000][gc,phases      ] GC(22) Phase 5: Reset Metadata 0.247ms
[2026-10-07T21:39:34.004+0000][gc,heap        ] GC(22) Eden regions: 0->0(76)
[2026-10-07T21:39:34.004+0000][gc,heap        ] GC(22) Survivor regions: 0->0(10)
[2026-10-07T21:39:34.004+0000][gc,heap        ] GC(22) Old regions: 23->21
[2026-10-07T21:39:34.004+0000][gc,heap        ] GC(22) Humongous regions: 9->9
[2026-10-07T21:39:34.004+0000][gc,metaspace   ] GC(22) Metaspace: 43204K(44032K)->42786K(44032K) NonClass: 38166K(38656K)->37863K(38656K) Class: 5038K(5376K)->4923K(5376K)
[2026-10-07T21:39:34.004+0000][gc             ] GC(22) Pause Full (G1 Compaction Pause) 30M->29M(128M) 31.752ms
[2026-10-07T21:39:34.004+0000][gc,cpu         ] GC(22) User=0.07s Sys=0.00s Real=0.03s
[2026-10-07T21:39:34.005+0000][gc,marking     ] GC(19) Concurrent Mark Abort
[2026-10-07T21:39:34.005+0000][gc             ] GC(19) Concurrent Undo Cycle 69.082ms
[2026-10-07T21:39:38.675+0000][gc,heap,exit   ] Heap
[2026-10-07T21:39:38.675+0000][gc,heap,exit   ]  garbage-first heap   total 262144K, used 198777K [0x00000000f0000000, 0x0000000100000000)
[2026-10-07T21:39:38.675+0000][gc,heap,exit   ]   region size 1024K, 36 young (36864K), 0 survivors (0K)
[2026-10-07T21:39:38.675+0000][gc,heap,exit   ]  Metaspace       used 46429K, committed 47360K, reserved 1114112K
[2026-10-07T21:39:38.675+0000][gc,heap,exit   ]   class space    used 5623K, committed 6016K, reserved 1048576K
