    Checking partitionline v0.1.0 (/workspace/work/open-cards-20261006/share-ranges-source-candidate)
error: couldn't read `tests/fixtures/zstd-decode/java-zstd.batch`: No such file or directory (os error 2)
   --> tests/fuzz_decode_smoke.rs:288:16
    |
288 |     let seed = include_bytes!("fixtures/zstd-decode/java-zstd.batch");
    |                ^^^^^^^^^^^^^^^^^^^^^^^^^^^^^^^^^^^^^^^^^^^^^^^^^^^^^^

error: could not compile `partitionline` (test "fuzz_decode_smoke") due to 1 previous error
warning: build failed, waiting for other jobs to finish...
error: casting `i64` to `i16` may truncate the value
  --> src/share/acquired.rs:65:37
   |
65 |                     delivery_count: (i % 11 + 1) as i16,
   |                                     ^^^^^^^^^^^^^^^^^^^
   |
   = help: if this is intentional allow the lint with `#[allow(clippy::cast_possible_truncation)]` ...
   = help: for further information visit https://rust-lang.github.io/rust-clippy/rust-1.99.0/index.html#cast_possible_truncation
   = note: requested on the command line with `-D clippy::cast-possible-truncation`
help: ... or use `try_from` and handle the error accordingly
   |
65 -                     delivery_count: (i % 11 + 1) as i16,
65 +                     delivery_count: i16::try_from(i % 11 + 1),
   |

error: casting `u64` to `usize` may truncate the value on targets with 32-bit wide pointers
  --> src/share/acquired.rs:78:41
   |
78 |                         offsets.swap(i, state as usize % (i + 1));
   |                                         ^^^^^^^^^^^^^^
   |
   = help: if this is intentional allow the lint with `#[allow(clippy::cast_possible_truncation)]` ...
   = help: for further information visit https://rust-lang.github.io/rust-clippy/rust-1.99.0/index.html#cast_possible_truncation
help: ... or use `try_from` and handle the error accordingly
   |
78 -                         offsets.swap(i, state as usize % (i + 1));
78 +                         offsets.swap(i, usize::try_from(state) % (i + 1));
   |

error: could not compile `partitionline` (lib test) due to 2 previous errors
