docs/evidence/broker/KL11-66/README.md: OK
docs/evidence/broker/KL11-66/check-dependency-graph.py: OK
docs/evidence/broker/KL11-66/corrected-final-graphs-execution.log: OK
docs/evidence/broker/KL11-66/corrected-final-qa-execution.log: OK
docs/evidence/broker/KL11-66/crypto-api-review.json: OK
docs/evidence/broker/KL11-66/dependency-graphs/baseline-broker-metadata.json: OK
docs/evidence/broker/KL11-66/dependency-graphs/baseline-broker-metadata.stderr: OK
docs/evidence/broker/KL11-66/dependency-graphs/baseline-client-metadata.json: OK
docs/evidence/broker/KL11-66/dependency-graphs/baseline-client-metadata.stderr: OK
docs/evidence/broker/KL11-66/dependency-graphs/candidate-broker-metadata.json: OK
docs/evidence/broker/KL11-66/dependency-graphs/candidate-broker-metadata.stderr: OK
docs/evidence/broker/KL11-66/dependency-graphs/candidate-client-metadata.json: OK
docs/evidence/broker/KL11-66/dependency-graphs/candidate-client-metadata.stderr: OK
docs/evidence/broker/KL11-66/dependency-graphs/results.json: OK
docs/evidence/broker/KL11-66/development-logs/evidence-builder-command-count-failure.log: OK
docs/evidence/broker/KL11-66/development-logs/fifth-clippy.log: OK
docs/evidence/broker/KL11-66/development-logs/final-focused-tests.log: OK
docs/evidence/broker/KL11-66/development-logs/first-clippy.log: OK
docs/evidence/broker/KL11-66/development-logs/first-compile.log: OK
docs/evidence/broker/KL11-66/development-logs/fourth-clippy.log: OK
docs/evidence/broker/KL11-66/development-logs/initial-rustfmt-environment.txt: OK
docs/evidence/broker/KL11-66/development-logs/pre-freeze-all-clippy.log: OK
docs/evidence/broker/KL11-66/development-logs/pre-freeze-all-tests.log: OK
docs/evidence/broker/KL11-66/development-logs/provenance.json: OK
docs/evidence/broker/KL11-66/development-logs/ready-focused-tests.log: OK
docs/evidence/broker/KL11-66/development-logs/ready-strict-clippy.log: OK
docs/evidence/broker/KL11-66/development-logs/second-clippy.log: OK
docs/evidence/broker/KL11-66/development-logs/second-compile.log: OK
docs/evidence/broker/KL11-66/development-logs/third-clippy.log: OK
docs/evidence/broker/KL11-66/development-logs/utf8-public-tests.log: OK
docs/evidence/broker/KL11-66/evidence.json: OK
docs/evidence/broker/KL11-66/final-graphs-execution.log: OK
docs/evidence/broker/KL11-66/final-qa-execution.log: OK
docs/evidence/broker/KL11-66/oracle/FINAL.md: OK
docs/evidence/broker/KL11-66/oracle/README.md: OK
docs/evidence/broker/KL11-66/oracle/SHA256SUMS: OK
docs/evidence/broker/KL11-66/oracle/SaslMechanismOracle.java: OK
docs/evidence/broker/KL11-66/oracle/development-matrix/4.1.2/apache-messages.tsv: OK
docs/evidence/broker/KL11-66/oracle/development-matrix/4.1.2/apache-plain.tsv: OK
docs/evidence/broker/KL11-66/oracle/development-matrix/4.1.2/apache-scram.tsv: OK
docs/evidence/broker/KL11-66/oracle/development-matrix/4.1.2/outcomes.tsv: OK
docs/evidence/broker/KL11-66/oracle/development-matrix/4.1.2/rfc-scram-sha256.tsv: OK
docs/evidence/broker/KL11-66/oracle/development-matrix/4.1.2-compile.stderr.log: OK
docs/evidence/broker/KL11-66/oracle/development-matrix/4.1.2-compile.stdout.log: OK
docs/evidence/broker/KL11-66/oracle/development-matrix/4.1.2-mechanisms.stderr.log: OK
docs/evidence/broker/KL11-66/oracle/development-matrix/4.1.2-mechanisms.stdout.log: OK
docs/evidence/broker/KL11-66/oracle/development-matrix/4.1.2-rfc-mutant/apache-messages.tsv: OK
docs/evidence/broker/KL11-66/oracle/development-matrix/4.1.2-rfc-mutant/apache-plain.tsv: OK
docs/evidence/broker/KL11-66/oracle/development-matrix/4.1.2-rfc-mutant/apache-scram.tsv: OK
docs/evidence/broker/KL11-66/oracle/development-matrix/4.1.2-rfc-mutant.stderr.log: OK
docs/evidence/broker/KL11-66/oracle/development-matrix/4.1.2-rfc-mutant.stdout.log: OK
docs/evidence/broker/KL11-66/oracle/development-matrix/4.2.1/apache-messages.tsv: OK
docs/evidence/broker/KL11-66/oracle/development-matrix/4.2.1/apache-plain.tsv: OK
docs/evidence/broker/KL11-66/oracle/development-matrix/4.2.1/apache-scram.tsv: OK
docs/evidence/broker/KL11-66/oracle/development-matrix/4.2.1/outcomes.tsv: OK
docs/evidence/broker/KL11-66/oracle/development-matrix/4.2.1/rfc-scram-sha256.tsv: OK
docs/evidence/broker/KL11-66/oracle/development-matrix/4.2.1-compile.stderr.log: OK
docs/evidence/broker/KL11-66/oracle/development-matrix/4.2.1-compile.stdout.log: OK
docs/evidence/broker/KL11-66/oracle/development-matrix/4.2.1-mechanisms.stderr.log: OK
docs/evidence/broker/KL11-66/oracle/development-matrix/4.2.1-mechanisms.stdout.log: OK
docs/evidence/broker/KL11-66/oracle/development-matrix/4.2.1-rfc-mutant/apache-messages.tsv: OK
docs/evidence/broker/KL11-66/oracle/development-matrix/4.2.1-rfc-mutant/apache-plain.tsv: OK
docs/evidence/broker/KL11-66/oracle/development-matrix/4.2.1-rfc-mutant/apache-scram.tsv: OK
docs/evidence/broker/KL11-66/oracle/development-matrix/4.2.1-rfc-mutant.stderr.log: OK
docs/evidence/broker/KL11-66/oracle/development-matrix/4.2.1-rfc-mutant.stdout.log: OK
docs/evidence/broker/KL11-66/oracle/development-matrix/4.3.1/apache-messages.tsv: OK
docs/evidence/broker/KL11-66/oracle/development-matrix/4.3.1/apache-plain.tsv: OK
docs/evidence/broker/KL11-66/oracle/development-matrix/4.3.1/apache-scram.tsv: OK
docs/evidence/broker/KL11-66/oracle/development-matrix/4.3.1/outcomes.tsv: OK
docs/evidence/broker/KL11-66/oracle/development-matrix/4.3.1/rfc-scram-sha256.tsv: OK
docs/evidence/broker/KL11-66/oracle/development-matrix/4.3.1-compile.stderr.log: OK
docs/evidence/broker/KL11-66/oracle/development-matrix/4.3.1-compile.stdout.log: OK
docs/evidence/broker/KL11-66/oracle/development-matrix/4.3.1-mechanisms.stderr.log: OK
docs/evidence/broker/KL11-66/oracle/development-matrix/4.3.1-mechanisms.stdout.log: OK
docs/evidence/broker/KL11-66/oracle/development-matrix/4.3.1-rfc-mutant/apache-messages.tsv: OK
docs/evidence/broker/KL11-66/oracle/development-matrix/4.3.1-rfc-mutant/apache-plain.tsv: OK
docs/evidence/broker/KL11-66/oracle/development-matrix/4.3.1-rfc-mutant/apache-scram.tsv: OK
docs/evidence/broker/KL11-66/oracle/development-matrix/4.3.1-rfc-mutant.stderr.log: OK
docs/evidence/broker/KL11-66/oracle/development-matrix/4.3.1-rfc-mutant.stdout.log: OK
docs/evidence/broker/KL11-66/oracle/development-matrix/results.json: OK
docs/evidence/broker/KL11-66/oracle/development-matrix-v2/4.1.2/apache-messages.tsv: OK
docs/evidence/broker/KL11-66/oracle/development-matrix-v2/4.1.2/apache-plain.tsv: OK
docs/evidence/broker/KL11-66/oracle/development-matrix-v2/4.1.2/apache-scram.tsv: OK
docs/evidence/broker/KL11-66/oracle/development-matrix-v2/4.1.2/outcomes.tsv: OK
docs/evidence/broker/KL11-66/oracle/development-matrix-v2/4.1.2/rfc-scram-extensions.tsv: OK
docs/evidence/broker/KL11-66/oracle/development-matrix-v2/4.1.2/rfc-scram-sha256.tsv: OK
docs/evidence/broker/KL11-66/oracle/development-matrix-v2/4.1.2-compile.stderr.log: OK
docs/evidence/broker/KL11-66/oracle/development-matrix-v2/4.1.2-compile.stdout.log: OK
docs/evidence/broker/KL11-66/oracle/development-matrix-v2/4.1.2-mechanisms.stderr.log: OK
docs/evidence/broker/KL11-66/oracle/development-matrix-v2/4.1.2-mechanisms.stdout.log: OK
docs/evidence/broker/KL11-66/oracle/development-matrix-v2/4.1.2-rfc-mutant/apache-messages.tsv: OK
docs/evidence/broker/KL11-66/oracle/development-matrix-v2/4.1.2-rfc-mutant/apache-plain.tsv: OK
docs/evidence/broker/KL11-66/oracle/development-matrix-v2/4.1.2-rfc-mutant/apache-scram.tsv: OK
docs/evidence/broker/KL11-66/oracle/development-matrix-v2/4.1.2-rfc-mutant.stderr.log: OK
docs/evidence/broker/KL11-66/oracle/development-matrix-v2/4.1.2-rfc-mutant.stdout.log: OK
docs/evidence/broker/KL11-66/oracle/development-matrix-v2/4.2.1/apache-messages.tsv: OK
docs/evidence/broker/KL11-66/oracle/development-matrix-v2/4.2.1/apache-plain.tsv: OK
docs/evidence/broker/KL11-66/oracle/development-matrix-v2/4.2.1/apache-scram.tsv: OK
docs/evidence/broker/KL11-66/oracle/development-matrix-v2/4.2.1/outcomes.tsv: OK
docs/evidence/broker/KL11-66/oracle/development-matrix-v2/4.2.1/rfc-scram-extensions.tsv: OK
docs/evidence/broker/KL11-66/oracle/development-matrix-v2/4.2.1/rfc-scram-sha256.tsv: OK
docs/evidence/broker/KL11-66/oracle/development-matrix-v2/4.2.1-compile.stderr.log: OK
docs/evidence/broker/KL11-66/oracle/development-matrix-v2/4.2.1-compile.stdout.log: OK
docs/evidence/broker/KL11-66/oracle/development-matrix-v2/4.2.1-mechanisms.stderr.log: OK
docs/evidence/broker/KL11-66/oracle/development-matrix-v2/4.2.1-mechanisms.stdout.log: OK
docs/evidence/broker/KL11-66/oracle/development-matrix-v2/4.2.1-rfc-mutant/apache-messages.tsv: OK
docs/evidence/broker/KL11-66/oracle/development-matrix-v2/4.2.1-rfc-mutant/apache-plain.tsv: OK
docs/evidence/broker/KL11-66/oracle/development-matrix-v2/4.2.1-rfc-mutant/apache-scram.tsv: OK
docs/evidence/broker/KL11-66/oracle/development-matrix-v2/4.2.1-rfc-mutant.stderr.log: OK
docs/evidence/broker/KL11-66/oracle/development-matrix-v2/4.2.1-rfc-mutant.stdout.log: OK
docs/evidence/broker/KL11-66/oracle/development-matrix-v2/4.3.1/apache-messages.tsv: OK
docs/evidence/broker/KL11-66/oracle/development-matrix-v2/4.3.1/apache-plain.tsv: OK
docs/evidence/broker/KL11-66/oracle/development-matrix-v2/4.3.1/apache-scram.tsv: OK
docs/evidence/broker/KL11-66/oracle/development-matrix-v2/4.3.1/outcomes.tsv: OK
docs/evidence/broker/KL11-66/oracle/development-matrix-v2/4.3.1/rfc-scram-extensions.tsv: OK
docs/evidence/broker/KL11-66/oracle/development-matrix-v2/4.3.1/rfc-scram-sha256.tsv: OK
docs/evidence/broker/KL11-66/oracle/development-matrix-v2/4.3.1-compile.stderr.log: OK
docs/evidence/broker/KL11-66/oracle/development-matrix-v2/4.3.1-compile.stdout.log: OK
docs/evidence/broker/KL11-66/oracle/development-matrix-v2/4.3.1-mechanisms.stderr.log: OK
docs/evidence/broker/KL11-66/oracle/development-matrix-v2/4.3.1-mechanisms.stdout.log: OK
docs/evidence/broker/KL11-66/oracle/development-matrix-v2/4.3.1-rfc-mutant/apache-messages.tsv: OK
docs/evidence/broker/KL11-66/oracle/development-matrix-v2/4.3.1-rfc-mutant/apache-plain.tsv: OK
docs/evidence/broker/KL11-66/oracle/development-matrix-v2/4.3.1-rfc-mutant/apache-scram.tsv: OK
docs/evidence/broker/KL11-66/oracle/development-matrix-v2/4.3.1-rfc-mutant.stderr.log: OK
docs/evidence/broker/KL11-66/oracle/development-matrix-v2/4.3.1-rfc-mutant.stdout.log: OK
docs/evidence/broker/KL11-66/oracle/development-matrix-v2/results.json: OK
docs/evidence/broker/KL11-66/oracle/development-matrix-v3/4.1.2/apache-messages.tsv: OK
docs/evidence/broker/KL11-66/oracle/development-matrix-v3/4.1.2/apache-plain.tsv: OK
docs/evidence/broker/KL11-66/oracle/development-matrix-v3/4.1.2/apache-scram.tsv: OK
docs/evidence/broker/KL11-66/oracle/development-matrix-v3/4.1.2/outcomes.tsv: OK
docs/evidence/broker/KL11-66/oracle/development-matrix-v3/4.1.2/rfc-scram-extensions.tsv: OK
docs/evidence/broker/KL11-66/oracle/development-matrix-v3/4.1.2/rfc-scram-sha256.tsv: OK
docs/evidence/broker/KL11-66/oracle/development-matrix-v3/4.1.2-compile.stderr.log: OK
docs/evidence/broker/KL11-66/oracle/development-matrix-v3/4.1.2-compile.stdout.log: OK
docs/evidence/broker/KL11-66/oracle/development-matrix-v3/4.1.2-mechanisms.stderr.log: OK
docs/evidence/broker/KL11-66/oracle/development-matrix-v3/4.1.2-mechanisms.stdout.log: OK
docs/evidence/broker/KL11-66/oracle/development-matrix-v3/4.1.2-rfc-mutant/apache-messages.tsv: OK
docs/evidence/broker/KL11-66/oracle/development-matrix-v3/4.1.2-rfc-mutant/apache-plain.tsv: OK
docs/evidence/broker/KL11-66/oracle/development-matrix-v3/4.1.2-rfc-mutant/apache-scram.tsv: OK
docs/evidence/broker/KL11-66/oracle/development-matrix-v3/4.1.2-rfc-mutant.stderr.log: OK
docs/evidence/broker/KL11-66/oracle/development-matrix-v3/4.1.2-rfc-mutant.stdout.log: OK
docs/evidence/broker/KL11-66/oracle/development-matrix-v3/4.2.1/apache-messages.tsv: OK
docs/evidence/broker/KL11-66/oracle/development-matrix-v3/4.2.1/apache-plain.tsv: OK
docs/evidence/broker/KL11-66/oracle/development-matrix-v3/4.2.1/apache-scram.tsv: OK
docs/evidence/broker/KL11-66/oracle/development-matrix-v3/4.2.1/outcomes.tsv: OK
docs/evidence/broker/KL11-66/oracle/development-matrix-v3/4.2.1/rfc-scram-extensions.tsv: OK
docs/evidence/broker/KL11-66/oracle/development-matrix-v3/4.2.1/rfc-scram-sha256.tsv: OK
docs/evidence/broker/KL11-66/oracle/development-matrix-v3/4.2.1-compile.stderr.log: OK
docs/evidence/broker/KL11-66/oracle/development-matrix-v3/4.2.1-compile.stdout.log: OK
docs/evidence/broker/KL11-66/oracle/development-matrix-v3/4.2.1-mechanisms.stderr.log: OK
docs/evidence/broker/KL11-66/oracle/development-matrix-v3/4.2.1-mechanisms.stdout.log: OK
docs/evidence/broker/KL11-66/oracle/development-matrix-v3/4.2.1-rfc-mutant/apache-messages.tsv: OK
docs/evidence/broker/KL11-66/oracle/development-matrix-v3/4.2.1-rfc-mutant/apache-plain.tsv: OK
docs/evidence/broker/KL11-66/oracle/development-matrix-v3/4.2.1-rfc-mutant/apache-scram.tsv: OK
docs/evidence/broker/KL11-66/oracle/development-matrix-v3/4.2.1-rfc-mutant.stderr.log: OK
docs/evidence/broker/KL11-66/oracle/development-matrix-v3/4.2.1-rfc-mutant.stdout.log: OK
docs/evidence/broker/KL11-66/oracle/development-matrix-v3/4.3.1/apache-messages.tsv: OK
docs/evidence/broker/KL11-66/oracle/development-matrix-v3/4.3.1/apache-plain.tsv: OK
docs/evidence/broker/KL11-66/oracle/development-matrix-v3/4.3.1/apache-scram.tsv: OK
docs/evidence/broker/KL11-66/oracle/development-matrix-v3/4.3.1/outcomes.tsv: OK
docs/evidence/broker/KL11-66/oracle/development-matrix-v3/4.3.1/rfc-scram-extensions.tsv: OK
docs/evidence/broker/KL11-66/oracle/development-matrix-v3/4.3.1/rfc-scram-sha256.tsv: OK
docs/evidence/broker/KL11-66/oracle/development-matrix-v3/4.3.1-compile.stderr.log: OK
docs/evidence/broker/KL11-66/oracle/development-matrix-v3/4.3.1-compile.stdout.log: OK
docs/evidence/broker/KL11-66/oracle/development-matrix-v3/4.3.1-mechanisms.stderr.log: OK
docs/evidence/broker/KL11-66/oracle/development-matrix-v3/4.3.1-mechanisms.stdout.log: OK
docs/evidence/broker/KL11-66/oracle/development-matrix-v3/4.3.1-rfc-mutant/apache-messages.tsv: OK
docs/evidence/broker/KL11-66/oracle/development-matrix-v3/4.3.1-rfc-mutant/apache-plain.tsv: OK
docs/evidence/broker/KL11-66/oracle/development-matrix-v3/4.3.1-rfc-mutant/apache-scram.tsv: OK
docs/evidence/broker/KL11-66/oracle/development-matrix-v3/4.3.1-rfc-mutant.stderr.log: OK
docs/evidence/broker/KL11-66/oracle/development-matrix-v3/4.3.1-rfc-mutant.stdout.log: OK
docs/evidence/broker/KL11-66/oracle/development-matrix-v3/results.json: OK
docs/evidence/broker/KL11-66/oracle/final-matrix/4.1.2/apache-messages.tsv: OK
docs/evidence/broker/KL11-66/oracle/final-matrix/4.1.2/apache-plain.tsv: OK
docs/evidence/broker/KL11-66/oracle/final-matrix/4.1.2/apache-scram.tsv: OK
docs/evidence/broker/KL11-66/oracle/final-matrix/4.1.2/outcomes.tsv: OK
docs/evidence/broker/KL11-66/oracle/final-matrix/4.1.2/rfc-scram-extensions.tsv: OK
docs/evidence/broker/KL11-66/oracle/final-matrix/4.1.2/rfc-scram-sha256.tsv: OK
docs/evidence/broker/KL11-66/oracle/final-matrix/4.1.2-compile.stderr.log: OK
docs/evidence/broker/KL11-66/oracle/final-matrix/4.1.2-compile.stdout.log: OK
docs/evidence/broker/KL11-66/oracle/final-matrix/4.1.2-mechanisms.stderr.log: OK
docs/evidence/broker/KL11-66/oracle/final-matrix/4.1.2-mechanisms.stdout.log: OK
docs/evidence/broker/KL11-66/oracle/final-matrix/4.1.2-rfc-mutant/apache-messages.tsv: OK
docs/evidence/broker/KL11-66/oracle/final-matrix/4.1.2-rfc-mutant/apache-plain.tsv: OK
docs/evidence/broker/KL11-66/oracle/final-matrix/4.1.2-rfc-mutant/apache-scram.tsv: OK
docs/evidence/broker/KL11-66/oracle/final-matrix/4.1.2-rfc-mutant/literal-mutation-input.json: OK
docs/evidence/broker/KL11-66/oracle/final-matrix/4.1.2-rfc-mutant.stderr.log: OK
docs/evidence/broker/KL11-66/oracle/final-matrix/4.1.2-rfc-mutant.stdout.log: OK
docs/evidence/broker/KL11-66/oracle/final-matrix/4.2.1/apache-messages.tsv: OK
docs/evidence/broker/KL11-66/oracle/final-matrix/4.2.1/apache-plain.tsv: OK
docs/evidence/broker/KL11-66/oracle/final-matrix/4.2.1/apache-scram.tsv: OK
docs/evidence/broker/KL11-66/oracle/final-matrix/4.2.1/outcomes.tsv: OK
docs/evidence/broker/KL11-66/oracle/final-matrix/4.2.1/rfc-scram-extensions.tsv: OK
docs/evidence/broker/KL11-66/oracle/final-matrix/4.2.1/rfc-scram-sha256.tsv: OK
docs/evidence/broker/KL11-66/oracle/final-matrix/4.2.1-compile.stderr.log: OK
docs/evidence/broker/KL11-66/oracle/final-matrix/4.2.1-compile.stdout.log: OK
docs/evidence/broker/KL11-66/oracle/final-matrix/4.2.1-mechanisms.stderr.log: OK
docs/evidence/broker/KL11-66/oracle/final-matrix/4.2.1-mechanisms.stdout.log: OK
docs/evidence/broker/KL11-66/oracle/final-matrix/4.2.1-rfc-mutant/apache-messages.tsv: OK
docs/evidence/broker/KL11-66/oracle/final-matrix/4.2.1-rfc-mutant/apache-plain.tsv: OK
docs/evidence/broker/KL11-66/oracle/final-matrix/4.2.1-rfc-mutant/apache-scram.tsv: OK
docs/evidence/broker/KL11-66/oracle/final-matrix/4.2.1-rfc-mutant/literal-mutation-input.json: OK
docs/evidence/broker/KL11-66/oracle/final-matrix/4.2.1-rfc-mutant.stderr.log: OK
docs/evidence/broker/KL11-66/oracle/final-matrix/4.2.1-rfc-mutant.stdout.log: OK
docs/evidence/broker/KL11-66/oracle/final-matrix/4.3.1/apache-messages.tsv: OK
docs/evidence/broker/KL11-66/oracle/final-matrix/4.3.1/apache-plain.tsv: OK
docs/evidence/broker/KL11-66/oracle/final-matrix/4.3.1/apache-scram.tsv: OK
docs/evidence/broker/KL11-66/oracle/final-matrix/4.3.1/outcomes.tsv: OK
docs/evidence/broker/KL11-66/oracle/final-matrix/4.3.1/rfc-scram-extensions.tsv: OK
docs/evidence/broker/KL11-66/oracle/final-matrix/4.3.1/rfc-scram-sha256.tsv: OK
docs/evidence/broker/KL11-66/oracle/final-matrix/4.3.1-compile.stderr.log: OK
docs/evidence/broker/KL11-66/oracle/final-matrix/4.3.1-compile.stdout.log: OK
docs/evidence/broker/KL11-66/oracle/final-matrix/4.3.1-mechanisms.stderr.log: OK
docs/evidence/broker/KL11-66/oracle/final-matrix/4.3.1-mechanisms.stdout.log: OK
docs/evidence/broker/KL11-66/oracle/final-matrix/4.3.1-rfc-mutant/apache-messages.tsv: OK
docs/evidence/broker/KL11-66/oracle/final-matrix/4.3.1-rfc-mutant/apache-plain.tsv: OK
docs/evidence/broker/KL11-66/oracle/final-matrix/4.3.1-rfc-mutant/apache-scram.tsv: OK
docs/evidence/broker/KL11-66/oracle/final-matrix/4.3.1-rfc-mutant/literal-mutation-input.json: OK
docs/evidence/broker/KL11-66/oracle/final-matrix/4.3.1-rfc-mutant.stderr.log: OK
docs/evidence/broker/KL11-66/oracle/final-matrix/4.3.1-rfc-mutant.stdout.log: OK
docs/evidence/broker/KL11-66/oracle/final-matrix/results.json: OK
docs/evidence/broker/KL11-66/oracle/final-validation.json: OK
docs/evidence/broker/KL11-66/oracle/frozen-source.json: OK
docs/evidence/broker/KL11-66/oracle/independent-mechanism-review.json: OK
docs/evidence/broker/KL11-66/oracle/initial-source-receipt.json: OK
docs/evidence/broker/KL11-66/oracle/references/4.1.2/LICENSE: OK
docs/evidence/broker/KL11-66/oracle/references/4.1.2/NOTICE: OK
docs/evidence/broker/KL11-66/oracle/references/4.1.2/clients/src/main/java/org/apache/kafka/common/security/plain/PlainAuthenticateCallback.java: OK
docs/evidence/broker/KL11-66/oracle/references/4.1.2/clients/src/main/java/org/apache/kafka/common/security/plain/internals/PlainSaslServer.java: OK
docs/evidence/broker/KL11-66/oracle/references/4.1.2/clients/src/main/java/org/apache/kafka/common/security/scram/ScramCredential.java: OK
docs/evidence/broker/KL11-66/oracle/references/4.1.2/clients/src/main/java/org/apache/kafka/common/security/scram/ScramCredentialCallback.java: OK
docs/evidence/broker/KL11-66/oracle/references/4.1.2/clients/src/main/java/org/apache/kafka/common/security/scram/internals/ScramExtensions.java: OK
docs/evidence/broker/KL11-66/oracle/references/4.1.2/clients/src/main/java/org/apache/kafka/common/security/scram/internals/ScramFormatter.java: OK
docs/evidence/broker/KL11-66/oracle/references/4.1.2/clients/src/main/java/org/apache/kafka/common/security/scram/internals/ScramMechanism.java: OK
docs/evidence/broker/KL11-66/oracle/references/4.1.2/clients/src/main/java/org/apache/kafka/common/security/scram/internals/ScramMessages.java: OK
docs/evidence/broker/KL11-66/oracle/references/4.1.2/clients/src/main/java/org/apache/kafka/common/security/scram/internals/ScramSaslClient.java: OK
docs/evidence/broker/KL11-66/oracle/references/4.1.2/clients/src/main/java/org/apache/kafka/common/security/scram/internals/ScramSaslServer.java: OK
docs/evidence/broker/KL11-66/oracle/references/4.2.1/LICENSE: OK
docs/evidence/broker/KL11-66/oracle/references/4.2.1/NOTICE: OK
docs/evidence/broker/KL11-66/oracle/references/4.2.1/clients/src/main/java/org/apache/kafka/common/security/plain/PlainAuthenticateCallback.java: OK
docs/evidence/broker/KL11-66/oracle/references/4.2.1/clients/src/main/java/org/apache/kafka/common/security/plain/internals/PlainSaslServer.java: OK
docs/evidence/broker/KL11-66/oracle/references/4.2.1/clients/src/main/java/org/apache/kafka/common/security/scram/ScramCredential.java: OK
docs/evidence/broker/KL11-66/oracle/references/4.2.1/clients/src/main/java/org/apache/kafka/common/security/scram/ScramCredentialCallback.java: OK
docs/evidence/broker/KL11-66/oracle/references/4.2.1/clients/src/main/java/org/apache/kafka/common/security/scram/internals/ScramExtensions.java: OK
docs/evidence/broker/KL11-66/oracle/references/4.2.1/clients/src/main/java/org/apache/kafka/common/security/scram/internals/ScramFormatter.java: OK
docs/evidence/broker/KL11-66/oracle/references/4.2.1/clients/src/main/java/org/apache/kafka/common/security/scram/internals/ScramMechanism.java: OK
docs/evidence/broker/KL11-66/oracle/references/4.2.1/clients/src/main/java/org/apache/kafka/common/security/scram/internals/ScramMessages.java: OK
docs/evidence/broker/KL11-66/oracle/references/4.2.1/clients/src/main/java/org/apache/kafka/common/security/scram/internals/ScramSaslClient.java: OK
docs/evidence/broker/KL11-66/oracle/references/4.2.1/clients/src/main/java/org/apache/kafka/common/security/scram/internals/ScramSaslServer.java: OK
docs/evidence/broker/KL11-66/oracle/references/4.3.1/LICENSE: OK
docs/evidence/broker/KL11-66/oracle/references/4.3.1/NOTICE: OK
docs/evidence/broker/KL11-66/oracle/references/4.3.1/clients/src/main/java/org/apache/kafka/common/security/plain/PlainAuthenticateCallback.java: OK
docs/evidence/broker/KL11-66/oracle/references/4.3.1/clients/src/main/java/org/apache/kafka/common/security/plain/internals/PlainSaslServer.java: OK
docs/evidence/broker/KL11-66/oracle/references/4.3.1/clients/src/main/java/org/apache/kafka/common/security/scram/ScramCredential.java: OK
docs/evidence/broker/KL11-66/oracle/references/4.3.1/clients/src/main/java/org/apache/kafka/common/security/scram/ScramCredentialCallback.java: OK
docs/evidence/broker/KL11-66/oracle/references/4.3.1/clients/src/main/java/org/apache/kafka/common/security/scram/internals/ScramExtensions.java: OK
docs/evidence/broker/KL11-66/oracle/references/4.3.1/clients/src/main/java/org/apache/kafka/common/security/scram/internals/ScramFormatter.java: OK
docs/evidence/broker/KL11-66/oracle/references/4.3.1/clients/src/main/java/org/apache/kafka/common/security/scram/internals/ScramMechanism.java: OK
docs/evidence/broker/KL11-66/oracle/references/4.3.1/clients/src/main/java/org/apache/kafka/common/security/scram/internals/ScramMessages.java: OK
docs/evidence/broker/KL11-66/oracle/references/4.3.1/clients/src/main/java/org/apache/kafka/common/security/scram/internals/ScramSaslClient.java: OK
docs/evidence/broker/KL11-66/oracle/references/4.3.1/clients/src/main/java/org/apache/kafka/common/security/scram/internals/ScramSaslServer.java: OK
docs/evidence/broker/KL11-66/oracle/references/pins.json: OK
docs/evidence/broker/KL11-66/oracle/references/rfc/pins.json: OK
docs/evidence/broker/KL11-66/oracle/references/rfc/rfc4616.txt: OK
docs/evidence/broker/KL11-66/oracle/references/rfc/rfc5802.txt: OK
docs/evidence/broker/KL11-66/oracle/references/rfc/rfc7677.txt: OK
docs/evidence/broker/KL11-66/oracle/retain-references.py: OK
docs/evidence/broker/KL11-66/oracle/run-oracle.py: OK
docs/evidence/broker/KL11-66/oracle-checksums-verified.log: OK
docs/evidence/broker/KL11-66/preserved-initial-graphs/baseline-broker-metadata.json: OK
docs/evidence/broker/KL11-66/preserved-initial-graphs/baseline-broker-metadata.stderr: OK
docs/evidence/broker/KL11-66/preserved-initial-graphs/baseline-client-metadata.json: OK
docs/evidence/broker/KL11-66/preserved-initial-graphs/baseline-client-metadata.stderr: OK
docs/evidence/broker/KL11-66/preserved-initial-graphs/candidate-broker-metadata.json: OK
docs/evidence/broker/KL11-66/preserved-initial-graphs/candidate-broker-metadata.stderr: OK
docs/evidence/broker/KL11-66/preserved-initial-graphs/candidate-client-metadata.json: OK
docs/evidence/broker/KL11-66/preserved-initial-graphs/candidate-client-metadata.stderr: OK
docs/evidence/broker/KL11-66/preserved-initial-graphs/results.json: OK
docs/evidence/broker/KL11-66/preserved-initial-qa/results.json: OK
docs/evidence/broker/KL11-66/preserved-initial-qa/stable-fmt.log: OK
docs/evidence/broker/KL11-66/preserved-initial-qa/stable-versions.log: OK
docs/evidence/broker/KL11-66/run-rust-qa.py: OK
docs/evidence/broker/KL11-66/rust-qa/1.85.0-all-clippy.log: OK
docs/evidence/broker/KL11-66/rust-qa/1.85.0-all-tests.log: OK
docs/evidence/broker/KL11-66/rust-qa/1.85.0-default-clippy.log: OK
docs/evidence/broker/KL11-66/rust-qa/1.85.0-default-tests.log: OK
docs/evidence/broker/KL11-66/rust-qa/1.85.0-docs.log: OK
docs/evidence/broker/KL11-66/rust-qa/1.85.0-fmt.log: OK
docs/evidence/broker/KL11-66/rust-qa/1.85.0-sasl-clippy.log: OK
docs/evidence/broker/KL11-66/rust-qa/1.85.0-sasl-tests.log: OK
docs/evidence/broker/KL11-66/rust-qa/1.85.0-versions.log: OK
docs/evidence/broker/KL11-66/rust-qa/results.json: OK
docs/evidence/broker/KL11-66/rust-qa/stable-all-clippy.log: OK
docs/evidence/broker/KL11-66/rust-qa/stable-all-tests.log: OK
docs/evidence/broker/KL11-66/rust-qa/stable-default-clippy.log: OK
docs/evidence/broker/KL11-66/rust-qa/stable-default-tests.log: OK
docs/evidence/broker/KL11-66/rust-qa/stable-docs.log: OK
docs/evidence/broker/KL11-66/rust-qa/stable-fmt.log: OK
docs/evidence/broker/KL11-66/rust-qa/stable-sasl-clippy.log: OK
docs/evidence/broker/KL11-66/rust-qa/stable-sasl-tests.log: OK
docs/evidence/broker/KL11-66/rust-qa/stable-versions.log: OK
docs/plan/evidence/KL11-66.json: OK
partitionline-broker/tests/fixtures/sasl/apache-messages.tsv: OK
partitionline-broker/tests/fixtures/sasl/apache-plain.tsv: OK
partitionline-broker/tests/fixtures/sasl/apache-scram.tsv: OK
partitionline-broker/tests/fixtures/sasl/rfc-scram-extensions.tsv: OK
partitionline-broker/tests/fixtures/sasl/rfc-scram-sha256.tsv: OK
