docs/evidence/broker/KL11-66/oracle/FINAL.md: OK
docs/evidence/broker/KL11-66/oracle/README.md: OK
docs/evidence/broker/KL11-66/oracle/SaslMechanismOracle.java: OK
docs/evidence/broker/KL11-66/oracle/development-matrix/4.1.2/apache-messages.tsv: OK
docs/evidence/broker/KL11-66/oracle/development-matrix/4.1.2/apache-plain.tsv: OK
docs/evidence/broker/KL11-66/oracle/development-matrix/4.1.2/apache-scram.tsv: OK
docs/evidence/broker/KL11-66/oracle/development-matrix/4.1.2/outcomes.tsv: OK
docs/evidence/broker/KL11-66/oracle/development-matrix/4.1.2/rfc-scram-sha256.tsv: OK
docs/evidence/broker/KL11-66/oracle/development-matrix/4.1.2-compile.stderr.log: OK
docs/evidence/broker/KL11-66/oracle/development-matrix/4.1.2-compile.stdout.log: OK
docs/evidence/broker/KL11-66/oracle/development-matrix/4.1.2-mechanisms.stderr.log: OK
docs/evidence/broker/KL11-66/oracle/development-matrix/4.1.2-mechanisms.stdout.log: OK
docs/evidence/broker/KL11-66/oracle/development-matrix/4.1.2-rfc-mutant/apache-messages.tsv: OK
docs/evidence/broker/KL11-66/oracle/development-matrix/4.1.2-rfc-mutant/apache-plain.tsv: OK
docs/evidence/broker/KL11-66/oracle/development-matrix/4.1.2-rfc-mutant/apache-scram.tsv: OK
docs/evidence/broker/KL11-66/oracle/development-matrix/4.1.2-rfc-mutant.stderr.log: OK
docs/evidence/broker/KL11-66/oracle/development-matrix/4.1.2-rfc-mutant.stdout.log: OK
docs/evidence/broker/KL11-66/oracle/development-matrix/4.2.1/apache-messages.tsv: OK
docs/evidence/broker/KL11-66/oracle/development-matrix/4.2.1/apache-plain.tsv: OK
docs/evidence/broker/KL11-66/oracle/development-matrix/4.2.1/apache-scram.tsv: OK
docs/evidence/broker/KL11-66/oracle/development-matrix/4.2.1/outcomes.tsv: OK
docs/evidence/broker/KL11-66/oracle/development-matrix/4.2.1/rfc-scram-sha256.tsv: OK
docs/evidence/broker/KL11-66/oracle/development-matrix/4.2.1-compile.stderr.log: OK
docs/evidence/broker/KL11-66/oracle/development-matrix/4.2.1-compile.stdout.log: OK
docs/evidence/broker/KL11-66/oracle/development-matrix/4.2.1-mechanisms.stderr.log: OK
docs/evidence/broker/KL11-66/oracle/development-matrix/4.2.1-mechanisms.stdout.log: OK
docs/evidence/broker/KL11-66/oracle/development-matrix/4.2.1-rfc-mutant/apache-messages.tsv: OK
docs/evidence/broker/KL11-66/oracle/development-matrix/4.2.1-rfc-mutant/apache-plain.tsv: OK
docs/evidence/broker/KL11-66/oracle/development-matrix/4.2.1-rfc-mutant/apache-scram.tsv: OK
docs/evidence/broker/KL11-66/oracle/development-matrix/4.2.1-rfc-mutant.stderr.log: OK
docs/evidence/broker/KL11-66/oracle/development-matrix/4.2.1-rfc-mutant.stdout.log: OK
docs/evidence/broker/KL11-66/oracle/development-matrix/4.3.1/apache-messages.tsv: OK
docs/evidence/broker/KL11-66/oracle/development-matrix/4.3.1/apache-plain.tsv: OK
docs/evidence/broker/KL11-66/oracle/development-matrix/4.3.1/apache-scram.tsv: OK
docs/evidence/broker/KL11-66/oracle/development-matrix/4.3.1/outcomes.tsv: OK
docs/evidence/broker/KL11-66/oracle/development-matrix/4.3.1/rfc-scram-sha256.tsv: OK
docs/evidence/broker/KL11-66/oracle/development-matrix/4.3.1-compile.stderr.log: OK
docs/evidence/broker/KL11-66/oracle/development-matrix/4.3.1-compile.stdout.log: OK
docs/evidence/broker/KL11-66/oracle/development-matrix/4.3.1-mechanisms.stderr.log: OK
docs/evidence/broker/KL11-66/oracle/development-matrix/4.3.1-mechanisms.stdout.log: OK
docs/evidence/broker/KL11-66/oracle/development-matrix/4.3.1-rfc-mutant/apache-messages.tsv: OK
docs/evidence/broker/KL11-66/oracle/development-matrix/4.3.1-rfc-mutant/apache-plain.tsv: OK
docs/evidence/broker/KL11-66/oracle/development-matrix/4.3.1-rfc-mutant/apache-scram.tsv: OK
docs/evidence/broker/KL11-66/oracle/development-matrix/4.3.1-rfc-mutant.stderr.log: OK
docs/evidence/broker/KL11-66/oracle/development-matrix/4.3.1-rfc-mutant.stdout.log: OK
docs/evidence/broker/KL11-66/oracle/development-matrix/results.json: OK
docs/evidence/broker/KL11-66/oracle/development-matrix-v2/4.1.2/apache-messages.tsv: OK
docs/evidence/broker/KL11-66/oracle/development-matrix-v2/4.1.2/apache-plain.tsv: OK
docs/evidence/broker/KL11-66/oracle/development-matrix-v2/4.1.2/apache-scram.tsv: OK
docs/evidence/broker/KL11-66/oracle/development-matrix-v2/4.1.2/outcomes.tsv: OK
docs/evidence/broker/KL11-66/oracle/development-matrix-v2/4.1.2/rfc-scram-extensions.tsv: OK
docs/evidence/broker/KL11-66/oracle/development-matrix-v2/4.1.2/rfc-scram-sha256.tsv: OK
docs/evidence/broker/KL11-66/oracle/development-matrix-v2/4.1.2-compile.stderr.log: OK
docs/evidence/broker/KL11-66/oracle/development-matrix-v2/4.1.2-compile.stdout.log: OK
docs/evidence/broker/KL11-66/oracle/development-matrix-v2/4.1.2-mechanisms.stderr.log: OK
docs/evidence/broker/KL11-66/oracle/development-matrix-v2/4.1.2-mechanisms.stdout.log: OK
docs/evidence/broker/KL11-66/oracle/development-matrix-v2/4.1.2-rfc-mutant/apache-messages.tsv: OK
docs/evidence/broker/KL11-66/oracle/development-matrix-v2/4.1.2-rfc-mutant/apache-plain.tsv: OK
docs/evidence/broker/KL11-66/oracle/development-matrix-v2/4.1.2-rfc-mutant/apache-scram.tsv: OK
docs/evidence/broker/KL11-66/oracle/development-matrix-v2/4.1.2-rfc-mutant.stderr.log: OK
docs/evidence/broker/KL11-66/oracle/development-matrix-v2/4.1.2-rfc-mutant.stdout.log: OK
docs/evidence/broker/KL11-66/oracle/development-matrix-v2/4.2.1/apache-messages.tsv: OK
docs/evidence/broker/KL11-66/oracle/development-matrix-v2/4.2.1/apache-plain.tsv: OK
docs/evidence/broker/KL11-66/oracle/development-matrix-v2/4.2.1/apache-scram.tsv: OK
docs/evidence/broker/KL11-66/oracle/development-matrix-v2/4.2.1/outcomes.tsv: OK
docs/evidence/broker/KL11-66/oracle/development-matrix-v2/4.2.1/rfc-scram-extensions.tsv: OK
docs/evidence/broker/KL11-66/oracle/development-matrix-v2/4.2.1/rfc-scram-sha256.tsv: OK
docs/evidence/broker/KL11-66/oracle/development-matrix-v2/4.2.1-compile.stderr.log: OK
docs/evidence/broker/KL11-66/oracle/development-matrix-v2/4.2.1-compile.stdout.log: OK
docs/evidence/broker/KL11-66/oracle/development-matrix-v2/4.2.1-mechanisms.stderr.log: OK
docs/evidence/broker/KL11-66/oracle/development-matrix-v2/4.2.1-mechanisms.stdout.log: OK
docs/evidence/broker/KL11-66/oracle/development-matrix-v2/4.2.1-rfc-mutant/apache-messages.tsv: OK
docs/evidence/broker/KL11-66/oracle/development-matrix-v2/4.2.1-rfc-mutant/apache-plain.tsv: OK
docs/evidence/broker/KL11-66/oracle/development-matrix-v2/4.2.1-rfc-mutant/apache-scram.tsv: OK
docs/evidence/broker/KL11-66/oracle/development-matrix-v2/4.2.1-rfc-mutant.stderr.log: OK
docs/evidence/broker/KL11-66/oracle/development-matrix-v2/4.2.1-rfc-mutant.stdout.log: OK
docs/evidence/broker/KL11-66/oracle/development-matrix-v2/4.3.1/apache-messages.tsv: OK
docs/evidence/broker/KL11-66/oracle/development-matrix-v2/4.3.1/apache-plain.tsv: OK
docs/evidence/broker/KL11-66/oracle/development-matrix-v2/4.3.1/apache-scram.tsv: OK
docs/evidence/broker/KL11-66/oracle/development-matrix-v2/4.3.1/outcomes.tsv: OK
docs/evidence/broker/KL11-66/oracle/development-matrix-v2/4.3.1/rfc-scram-extensions.tsv: OK
docs/evidence/broker/KL11-66/oracle/development-matrix-v2/4.3.1/rfc-scram-sha256.tsv: OK
docs/evidence/broker/KL11-66/oracle/development-matrix-v2/4.3.1-compile.stderr.log: OK
docs/evidence/broker/KL11-66/oracle/development-matrix-v2/4.3.1-compile.stdout.log: OK
docs/evidence/broker/KL11-66/oracle/development-matrix-v2/4.3.1-mechanisms.stderr.log: OK
docs/evidence/broker/KL11-66/oracle/development-matrix-v2/4.3.1-mechanisms.stdout.log: OK
docs/evidence/broker/KL11-66/oracle/development-matrix-v2/4.3.1-rfc-mutant/apache-messages.tsv: OK
docs/evidence/broker/KL11-66/oracle/development-matrix-v2/4.3.1-rfc-mutant/apache-plain.tsv: OK
docs/evidence/broker/KL11-66/oracle/development-matrix-v2/4.3.1-rfc-mutant/apache-scram.tsv: OK
docs/evidence/broker/KL11-66/oracle/development-matrix-v2/4.3.1-rfc-mutant.stderr.log: OK
docs/evidence/broker/KL11-66/oracle/development-matrix-v2/4.3.1-rfc-mutant.stdout.log: OK
docs/evidence/broker/KL11-66/oracle/development-matrix-v2/results.json: OK
docs/evidence/broker/KL11-66/oracle/development-matrix-v3/4.1.2/apache-messages.tsv: OK
docs/evidence/broker/KL11-66/oracle/development-matrix-v3/4.1.2/apache-plain.tsv: OK
docs/evidence/broker/KL11-66/oracle/development-matrix-v3/4.1.2/apache-scram.tsv: OK
docs/evidence/broker/KL11-66/oracle/development-matrix-v3/4.1.2/outcomes.tsv: OK
docs/evidence/broker/KL11-66/oracle/development-matrix-v3/4.1.2/rfc-scram-extensions.tsv: OK
docs/evidence/broker/KL11-66/oracle/development-matrix-v3/4.1.2/rfc-scram-sha256.tsv: OK
docs/evidence/broker/KL11-66/oracle/development-matrix-v3/4.1.2-compile.stderr.log: OK
docs/evidence/broker/KL11-66/oracle/development-matrix-v3/4.1.2-compile.stdout.log: OK
docs/evidence/broker/KL11-66/oracle/development-matrix-v3/4.1.2-mechanisms.stderr.log: OK
docs/evidence/broker/KL11-66/oracle/development-matrix-v3/4.1.2-mechanisms.stdout.log: OK
docs/evidence/broker/KL11-66/oracle/development-matrix-v3/4.1.2-rfc-mutant/apache-messages.tsv: OK
docs/evidence/broker/KL11-66/oracle/development-matrix-v3/4.1.2-rfc-mutant/apache-plain.tsv: OK
docs/evidence/broker/KL11-66/oracle/development-matrix-v3/4.1.2-rfc-mutant/apache-scram.tsv: OK
docs/evidence/broker/KL11-66/oracle/development-matrix-v3/4.1.2-rfc-mutant.stderr.log: OK
docs/evidence/broker/KL11-66/oracle/development-matrix-v3/4.1.2-rfc-mutant.stdout.log: OK
docs/evidence/broker/KL11-66/oracle/development-matrix-v3/4.2.1/apache-messages.tsv: OK
docs/evidence/broker/KL11-66/oracle/development-matrix-v3/4.2.1/apache-plain.tsv: OK
docs/evidence/broker/KL11-66/oracle/development-matrix-v3/4.2.1/apache-scram.tsv: OK
docs/evidence/broker/KL11-66/oracle/development-matrix-v3/4.2.1/outcomes.tsv: OK
docs/evidence/broker/KL11-66/oracle/development-matrix-v3/4.2.1/rfc-scram-extensions.tsv: OK
docs/evidence/broker/KL11-66/oracle/development-matrix-v3/4.2.1/rfc-scram-sha256.tsv: OK
docs/evidence/broker/KL11-66/oracle/development-matrix-v3/4.2.1-compile.stderr.log: OK
docs/evidence/broker/KL11-66/oracle/development-matrix-v3/4.2.1-compile.stdout.log: OK
docs/evidence/broker/KL11-66/oracle/development-matrix-v3/4.2.1-mechanisms.stderr.log: OK
docs/evidence/broker/KL11-66/oracle/development-matrix-v3/4.2.1-mechanisms.stdout.log: OK
docs/evidence/broker/KL11-66/oracle/development-matrix-v3/4.2.1-rfc-mutant/apache-messages.tsv: OK
docs/evidence/broker/KL11-66/oracle/development-matrix-v3/4.2.1-rfc-mutant/apache-plain.tsv: OK
docs/evidence/broker/KL11-66/oracle/development-matrix-v3/4.2.1-rfc-mutant/apache-scram.tsv: OK
docs/evidence/broker/KL11-66/oracle/development-matrix-v3/4.2.1-rfc-mutant.stderr.log: OK
docs/evidence/broker/KL11-66/oracle/development-matrix-v3/4.2.1-rfc-mutant.stdout.log: OK
docs/evidence/broker/KL11-66/oracle/development-matrix-v3/4.3.1/apache-messages.tsv: OK
docs/evidence/broker/KL11-66/oracle/development-matrix-v3/4.3.1/apache-plain.tsv: OK
docs/evidence/broker/KL11-66/oracle/development-matrix-v3/4.3.1/apache-scram.tsv: OK
docs/evidence/broker/KL11-66/oracle/development-matrix-v3/4.3.1/outcomes.tsv: OK
docs/evidence/broker/KL11-66/oracle/development-matrix-v3/4.3.1/rfc-scram-extensions.tsv: OK
docs/evidence/broker/KL11-66/oracle/development-matrix-v3/4.3.1/rfc-scram-sha256.tsv: OK
docs/evidence/broker/KL11-66/oracle/development-matrix-v3/4.3.1-compile.stderr.log: OK
docs/evidence/broker/KL11-66/oracle/development-matrix-v3/4.3.1-compile.stdout.log: OK
docs/evidence/broker/KL11-66/oracle/development-matrix-v3/4.3.1-mechanisms.stderr.log: OK
docs/evidence/broker/KL11-66/oracle/development-matrix-v3/4.3.1-mechanisms.stdout.log: OK
docs/evidence/broker/KL11-66/oracle/development-matrix-v3/4.3.1-rfc-mutant/apache-messages.tsv: OK
docs/evidence/broker/KL11-66/oracle/development-matrix-v3/4.3.1-rfc-mutant/apache-plain.tsv: OK
docs/evidence/broker/KL11-66/oracle/development-matrix-v3/4.3.1-rfc-mutant/apache-scram.tsv: OK
docs/evidence/broker/KL11-66/oracle/development-matrix-v3/4.3.1-rfc-mutant.stderr.log: OK
docs/evidence/broker/KL11-66/oracle/development-matrix-v3/4.3.1-rfc-mutant.stdout.log: OK
docs/evidence/broker/KL11-66/oracle/development-matrix-v3/results.json: OK
docs/evidence/broker/KL11-66/oracle/final-matrix/4.1.2/apache-messages.tsv: OK
docs/evidence/broker/KL11-66/oracle/final-matrix/4.1.2/apache-plain.tsv: OK
docs/evidence/broker/KL11-66/oracle/final-matrix/4.1.2/apache-scram.tsv: OK
docs/evidence/broker/KL11-66/oracle/final-matrix/4.1.2/outcomes.tsv: OK
docs/evidence/broker/KL11-66/oracle/final-matrix/4.1.2/rfc-scram-extensions.tsv: OK
docs/evidence/broker/KL11-66/oracle/final-matrix/4.1.2/rfc-scram-sha256.tsv: OK
docs/evidence/broker/KL11-66/oracle/final-matrix/4.1.2-compile.stderr.log: OK
docs/evidence/broker/KL11-66/oracle/final-matrix/4.1.2-compile.stdout.log: OK
docs/evidence/broker/KL11-66/oracle/final-matrix/4.1.2-mechanisms.stderr.log: OK
docs/evidence/broker/KL11-66/oracle/final-matrix/4.1.2-mechanisms.stdout.log: OK
docs/evidence/broker/KL11-66/oracle/final-matrix/4.1.2-rfc-mutant/apache-messages.tsv: OK
docs/evidence/broker/KL11-66/oracle/final-matrix/4.1.2-rfc-mutant/apache-plain.tsv: OK
docs/evidence/broker/KL11-66/oracle/final-matrix/4.1.2-rfc-mutant/apache-scram.tsv: OK
docs/evidence/broker/KL11-66/oracle/final-matrix/4.1.2-rfc-mutant/literal-mutation-input.json: OK
docs/evidence/broker/KL11-66/oracle/final-matrix/4.1.2-rfc-mutant.stderr.log: OK
docs/evidence/broker/KL11-66/oracle/final-matrix/4.1.2-rfc-mutant.stdout.log: OK
docs/evidence/broker/KL11-66/oracle/final-matrix/4.2.1/apache-messages.tsv: OK
docs/evidence/broker/KL11-66/oracle/final-matrix/4.2.1/apache-plain.tsv: OK
docs/evidence/broker/KL11-66/oracle/final-matrix/4.2.1/apache-scram.tsv: OK
docs/evidence/broker/KL11-66/oracle/final-matrix/4.2.1/outcomes.tsv: OK
docs/evidence/broker/KL11-66/oracle/final-matrix/4.2.1/rfc-scram-extensions.tsv: OK
docs/evidence/broker/KL11-66/oracle/final-matrix/4.2.1/rfc-scram-sha256.tsv: OK
docs/evidence/broker/KL11-66/oracle/final-matrix/4.2.1-compile.stderr.log: OK
docs/evidence/broker/KL11-66/oracle/final-matrix/4.2.1-compile.stdout.log: OK
docs/evidence/broker/KL11-66/oracle/final-matrix/4.2.1-mechanisms.stderr.log: OK
docs/evidence/broker/KL11-66/oracle/final-matrix/4.2.1-mechanisms.stdout.log: OK
docs/evidence/broker/KL11-66/oracle/final-matrix/4.2.1-rfc-mutant/apache-messages.tsv: OK
docs/evidence/broker/KL11-66/oracle/final-matrix/4.2.1-rfc-mutant/apache-plain.tsv: OK
docs/evidence/broker/KL11-66/oracle/final-matrix/4.2.1-rfc-mutant/apache-scram.tsv: OK
docs/evidence/broker/KL11-66/oracle/final-matrix/4.2.1-rfc-mutant/literal-mutation-input.json: OK
docs/evidence/broker/KL11-66/oracle/final-matrix/4.2.1-rfc-mutant.stderr.log: OK
docs/evidence/broker/KL11-66/oracle/final-matrix/4.2.1-rfc-mutant.stdout.log: OK
docs/evidence/broker/KL11-66/oracle/final-matrix/4.3.1/apache-messages.tsv: OK
docs/evidence/broker/KL11-66/oracle/final-matrix/4.3.1/apache-plain.tsv: OK
docs/evidence/broker/KL11-66/oracle/final-matrix/4.3.1/apache-scram.tsv: OK
docs/evidence/broker/KL11-66/oracle/final-matrix/4.3.1/outcomes.tsv: OK
docs/evidence/broker/KL11-66/oracle/final-matrix/4.3.1/rfc-scram-extensions.tsv: OK
docs/evidence/broker/KL11-66/oracle/final-matrix/4.3.1/rfc-scram-sha256.tsv: OK
docs/evidence/broker/KL11-66/oracle/final-matrix/4.3.1-compile.stderr.log: OK
docs/evidence/broker/KL11-66/oracle/final-matrix/4.3.1-compile.stdout.log: OK
docs/evidence/broker/KL11-66/oracle/final-matrix/4.3.1-mechanisms.stderr.log: OK
docs/evidence/broker/KL11-66/oracle/final-matrix/4.3.1-mechanisms.stdout.log: OK
docs/evidence/broker/KL11-66/oracle/final-matrix/4.3.1-rfc-mutant/apache-messages.tsv: OK
docs/evidence/broker/KL11-66/oracle/final-matrix/4.3.1-rfc-mutant/apache-plain.tsv: OK
docs/evidence/broker/KL11-66/oracle/final-matrix/4.3.1-rfc-mutant/apache-scram.tsv: OK
docs/evidence/broker/KL11-66/oracle/final-matrix/4.3.1-rfc-mutant/literal-mutation-input.json: OK
docs/evidence/broker/KL11-66/oracle/final-matrix/4.3.1-rfc-mutant.stderr.log: OK
docs/evidence/broker/KL11-66/oracle/final-matrix/4.3.1-rfc-mutant.stdout.log: OK
docs/evidence/broker/KL11-66/oracle/final-matrix/results.json: OK
docs/evidence/broker/KL11-66/oracle/final-validation.json: OK
docs/evidence/broker/KL11-66/oracle/frozen-source.json: OK
docs/evidence/broker/KL11-66/oracle/independent-mechanism-review.json: OK
docs/evidence/broker/KL11-66/oracle/initial-source-receipt.json: OK
docs/evidence/broker/KL11-66/oracle/references/4.1.2/LICENSE: OK
docs/evidence/broker/KL11-66/oracle/references/4.1.2/NOTICE: OK
docs/evidence/broker/KL11-66/oracle/references/4.1.2/clients/src/main/java/org/apache/kafka/common/security/plain/PlainAuthenticateCallback.java: OK
docs/evidence/broker/KL11-66/oracle/references/4.1.2/clients/src/main/java/org/apache/kafka/common/security/plain/internals/PlainSaslServer.java: OK
docs/evidence/broker/KL11-66/oracle/references/4.1.2/clients/src/main/java/org/apache/kafka/common/security/scram/ScramCredential.java: OK
docs/evidence/broker/KL11-66/oracle/references/4.1.2/clients/src/main/java/org/apache/kafka/common/security/scram/ScramCredentialCallback.java: OK
docs/evidence/broker/KL11-66/oracle/references/4.1.2/clients/src/main/java/org/apache/kafka/common/security/scram/internals/ScramExtensions.java: OK
docs/evidence/broker/KL11-66/oracle/references/4.1.2/clients/src/main/java/org/apache/kafka/common/security/scram/internals/ScramFormatter.java: OK
docs/evidence/broker/KL11-66/oracle/references/4.1.2/clients/src/main/java/org/apache/kafka/common/security/scram/internals/ScramMechanism.java: OK
docs/evidence/broker/KL11-66/oracle/references/4.1.2/clients/src/main/java/org/apache/kafka/common/security/scram/internals/ScramMessages.java: OK
docs/evidence/broker/KL11-66/oracle/references/4.1.2/clients/src/main/java/org/apache/kafka/common/security/scram/internals/ScramSaslClient.java: OK
docs/evidence/broker/KL11-66/oracle/references/4.1.2/clients/src/main/java/org/apache/kafka/common/security/scram/internals/ScramSaslServer.java: OK
docs/evidence/broker/KL11-66/oracle/references/4.2.1/LICENSE: OK
docs/evidence/broker/KL11-66/oracle/references/4.2.1/NOTICE: OK
docs/evidence/broker/KL11-66/oracle/references/4.2.1/clients/src/main/java/org/apache/kafka/common/security/plain/PlainAuthenticateCallback.java: OK
docs/evidence/broker/KL11-66/oracle/references/4.2.1/clients/src/main/java/org/apache/kafka/common/security/plain/internals/PlainSaslServer.java: OK
docs/evidence/broker/KL11-66/oracle/references/4.2.1/clients/src/main/java/org/apache/kafka/common/security/scram/ScramCredential.java: OK
docs/evidence/broker/KL11-66/oracle/references/4.2.1/clients/src/main/java/org/apache/kafka/common/security/scram/ScramCredentialCallback.java: OK
docs/evidence/broker/KL11-66/oracle/references/4.2.1/clients/src/main/java/org/apache/kafka/common/security/scram/internals/ScramExtensions.java: OK
docs/evidence/broker/KL11-66/oracle/references/4.2.1/clients/src/main/java/org/apache/kafka/common/security/scram/internals/ScramFormatter.java: OK
docs/evidence/broker/KL11-66/oracle/references/4.2.1/clients/src/main/java/org/apache/kafka/common/security/scram/internals/ScramMechanism.java: OK
docs/evidence/broker/KL11-66/oracle/references/4.2.1/clients/src/main/java/org/apache/kafka/common/security/scram/internals/ScramMessages.java: OK
docs/evidence/broker/KL11-66/oracle/references/4.2.1/clients/src/main/java/org/apache/kafka/common/security/scram/internals/ScramSaslClient.java: OK
docs/evidence/broker/KL11-66/oracle/references/4.2.1/clients/src/main/java/org/apache/kafka/common/security/scram/internals/ScramSaslServer.java: OK
docs/evidence/broker/KL11-66/oracle/references/4.3.1/LICENSE: OK
docs/evidence/broker/KL11-66/oracle/references/4.3.1/NOTICE: OK
docs/evidence/broker/KL11-66/oracle/references/4.3.1/clients/src/main/java/org/apache/kafka/common/security/plain/PlainAuthenticateCallback.java: OK
docs/evidence/broker/KL11-66/oracle/references/4.3.1/clients/src/main/java/org/apache/kafka/common/security/plain/internals/PlainSaslServer.java: OK
docs/evidence/broker/KL11-66/oracle/references/4.3.1/clients/src/main/java/org/apache/kafka/common/security/scram/ScramCredential.java: OK
docs/evidence/broker/KL11-66/oracle/references/4.3.1/clients/src/main/java/org/apache/kafka/common/security/scram/ScramCredentialCallback.java: OK
docs/evidence/broker/KL11-66/oracle/references/4.3.1/clients/src/main/java/org/apache/kafka/common/security/scram/internals/ScramExtensions.java: OK
docs/evidence/broker/KL11-66/oracle/references/4.3.1/clients/src/main/java/org/apache/kafka/common/security/scram/internals/ScramFormatter.java: OK
docs/evidence/broker/KL11-66/oracle/references/4.3.1/clients/src/main/java/org/apache/kafka/common/security/scram/internals/ScramMechanism.java: OK
docs/evidence/broker/KL11-66/oracle/references/4.3.1/clients/src/main/java/org/apache/kafka/common/security/scram/internals/ScramMessages.java: OK
docs/evidence/broker/KL11-66/oracle/references/4.3.1/clients/src/main/java/org/apache/kafka/common/security/scram/internals/ScramSaslClient.java: OK
docs/evidence/broker/KL11-66/oracle/references/4.3.1/clients/src/main/java/org/apache/kafka/common/security/scram/internals/ScramSaslServer.java: OK
docs/evidence/broker/KL11-66/oracle/references/pins.json: OK
docs/evidence/broker/KL11-66/oracle/references/rfc/pins.json: OK
docs/evidence/broker/KL11-66/oracle/references/rfc/rfc4616.txt: OK
docs/evidence/broker/KL11-66/oracle/references/rfc/rfc5802.txt: OK
docs/evidence/broker/KL11-66/oracle/references/rfc/rfc7677.txt: OK
docs/evidence/broker/KL11-66/oracle/retain-references.py: OK
docs/evidence/broker/KL11-66/oracle/run-oracle.py: OK
partitionline-broker/tests/fixtures/sasl/apache-messages.tsv: OK
partitionline-broker/tests/fixtures/sasl/apache-plain.tsv: OK
partitionline-broker/tests/fixtures/sasl/apache-scram.tsv: OK
partitionline-broker/tests/fixtures/sasl/rfc-scram-extensions.tsv: OK
partitionline-broker/tests/fixtures/sasl/rfc-scram-sha256.tsv: OK
