   Compiling libc v0.2.189
    Checking zeroize v1.9.0
    Checking cfg-if v1.0.5
   Compiling shlex v2.0.1
   Compiling find-msvc-tools v0.1.14
   Compiling cc v1.5.1
    Checking typenum v1.20.1
   Compiling proc-macro2 v1.0.107
    Checking hybrid-array v0.4.15
   Compiling ring v0.17.14
   Compiling quote v1.0.47
   Compiling unicode-ident v1.0.26
    Checking cmov v0.5.4
    Checking ctutils v0.4.2
    Checking crypto-common v0.2.2
    Checking block-buffer v0.12.1
    Checking getrandom v0.2.17
    Checking const-oid v0.10.2
   Compiling semver v1.0.28
    Checking untrusted v0.9.0
   Compiling rustc_version v0.4.1
    Checking digest v0.11.3
   Compiling syn v3.0.6
    Checking rustls-pki-types v1.15.1
   Compiling crc32fast v1.5.2
   Compiling rustls v0.23.45
    Checking rustls-webpki v0.103.15
   Compiling crc32c v0.6.8
    Checking socket2 v0.6.5
    Checking mio v1.2.3
    Checking bytes v1.12.1
    Checking once_cell v1.21.4
    Checking subtle v2.6.1
    Checking adler2 v2.0.1
   Compiling snap v1.1.2
   Compiling getrandom v0.4.3
    Checking simd-adler32 v0.3.10
    Checking pin-project-lite v0.2.17
    Checking miniz_oxide v0.9.1
   Compiling tokio-macros v2.7.2
    Checking tokio v1.53.1
    Checking hmac v0.13.0
    Checking cpufeatures v0.3.1
    Checking twox-hash v2.1.4
    Checking lz4_flex v0.14.0
    Checking sha2 v0.11.0
    Checking pbkdf2 v0.13.0
    Checking flate2 v1.1.10
    Checking tokio-rustls v0.26.6
    Checking zstd-rs v0.1.0
    Checking base64 v0.23.1
    Checking partitionline-broker v0.1.0 (/workspace/work/produce-draft/source/partitionline-broker)
    Finished `dev` profile [unoptimized + debuginfo] target(s) in 10.80s
