   Compiling partitionline-broker v0.1.0 (/workspace/work/produce-draft/source/partitionline-broker)
    Finished `test` profile [unoptimized + debuginfo] target(s) in 3.72s
     Running unittests src/lib.rs (/workspace/work/produce-shadow-target/debug/deps/partitionline_broker-8fe39f77418bc643)

running 23 tests
test catalog::tests::complete_unconfirmed_tombstone_keeps_previous_state_until_recovery ... ok
test journal::tests::bounded_index_capacity_and_rejections_never_write ... ok
test journal::tests::complete_recovery_sync_failure_never_reports_durable_state ... ok
test journal::tests::corrupted_file_header_and_recovery_offset_overflow_fail_closed ... ok
test catalog::tests::complete_unconfirmed_create_is_invisible_until_synced_replay ... ok
test journal::tests::header_length_bomb_fails_before_tail_allocation_or_repair ... ok
test journal::tests::early_zero_read_does_not_become_a_successful_tail_repair ... ok
test journal::tests::success_synchronizes_complete_bytes_before_return ... ok
test journal::tests::tail_repair_truncate_and_sync_errors_never_report_success ... ok
test journal::tests::partial_header_and_payload_writes_poison_without_advancing ... ok
test journal::tests::valid_later_header_prevents_repair_after_interior_byte_loss ... ok
test journal::tests::zero_write_and_sync_failure_poison_with_ambiguous_recovery ... ok
test journal::tests::recovery_loops_through_partial_reads_and_interrupted_calls ... ok
test metadata::tests::committed_data_with_lost_receipt_replays_without_deduplication ... ok
test metadata::tests::committed_operation_with_lost_receipt_replays ... ok
test metadata::tests::failed_actor_join_remains_failed_on_retry ... ok
test raft::election::tests::failed_higher_term_persistence_disables_old_leader_before_any_reply ... ok
test raft::election::tests::higher_term_revokes_old_leadership_even_if_timer_cannot_be_armed ... ok
test metadata::tests::queued_cancel_and_full_admission_never_mutate ... ok
test raft::election::tests::strict_state_encoding_rejects_reserved_bits_unknown_votes_and_empty_mismatch ... ok
test raft::election::tests::synchronization_precedes_grant_and_ambiguous_failure_requires_recovery ... ok
test metadata::tests::queued_data_cancel_and_full_admission_never_append ... ok
test metadata::tests::canceled_shutdown_retains_join_and_pending_work_is_rejected ... ok

test result: ok. 23 passed; 0 failed; 0 ignored; 0 measured; 0 filtered out; finished in 0.00s

     Running tests/metadata.rs (/workspace/work/produce-shadow-target/debug/deps/metadata-91614346aa96c69c)

running 8 tests
test corrupt_complete_catalog_fails_startup_without_partial_metadata ... ok
test resource_bounds_and_response_preflight_are_non_mutating ... ok
test serve_live_probe ... ok
test native_null_array_compatibility_is_exact_and_read_only ... ok
test persistent_create_validate_delete_and_fresh_identity ... ok
test shutdown_is_joined_idempotent_and_stops_admission ... ok
test validation_errors_timeout_and_no_peer_paths ... ok
test independent_apache_metadata_admin_goldens ... ok

test result: ok. 8 passed; 0 failed; 0 ignored; 0 measured; 0 filtered out; finished in 0.18s

     Running tests/produce.rs (/workspace/work/produce-shadow-target/debug/deps/produce-092bb5f70e9477a3)

running 8 tests
test corrupt_or_unknown_store_fails_recovery_without_partial_router ... ok
test historical_store_and_index_budgets_do_not_advance_offsets ... ok
test malformed_entire_body_never_appends ... ok
test response_and_normalized_budgets_fail_before_append ... ok
test serve_live_probe ... ok
test offsets_replay_and_deleted_identity_never_reuses_data ... ok
test acks_zero_sends_no_frame_keeps_channel_and_errors_close ... ok
test independent_apache_produce_goldens ... ok

test result: ok. 8 passed; 0 failed; 0 ignored; 0 measured; 0 filtered out; finished in 0.23s

