[2026-10-08 01:29:45,179] INFO [QuorumController id=1] Registering periodic task writeNoOpRecord to run every 500 ms (org.apache.kafka.controller.PeriodicTaskControlManager)
[2026-10-08 01:29:45,180] INFO [QuorumController id=1] Registering periodic task maybeFenceStaleBroker to run every 1125 ms (org.apache.kafka.controller.PeriodicTaskControlManager)
[2026-10-08 01:29:45,180] INFO [QuorumController id=1] Registering periodic task electPreferred to run every 300000 ms (org.apache.kafka.controller.PeriodicTaskControlManager)
[2026-10-08 01:29:45,180] INFO [QuorumController id=1] Registering periodic task electUnclean to run every 300000 ms (org.apache.kafka.controller.PeriodicTaskControlManager)
[2026-10-08 01:29:45,180] INFO [QuorumController id=1] Registering periodic task expireDelegationTokens to run every 3600000 ms (org.apache.kafka.controller.PeriodicTaskControlManager)
[2026-10-08 01:29:45,181] INFO [QuorumController id=1] Registering periodic task generatePeriodicPerformanceMessage to run every 60000 ms (org.apache.kafka.controller.PeriodicTaskControlManager)
[2026-10-08 01:29:45,181] INFO [QuorumController id=1] Creating new QuorumController with clusterId sEyvY3xgSp-Qn-SoB9w1-A (org.apache.kafka.controller.QuorumController)
[2026-10-08 01:29:45,185] INFO [QuorumController id=1] Becoming the active controller at epoch 1, next write offset 1. (org.apache.kafka.controller.QuorumController)
[2026-10-08 01:29:45,193] WARN [QuorumController id=1] Performing controller activation. The metadata log appears to be empty. Appending 6 bootstrap record(s) in metadata transaction at metadata.version 4.3-IV0 from bootstrap source 'the binary bootstrap metadata file: /workspace/work/open-cards-20261006/update-features-retries-20261008/native-default-01/qualification/4.3.1-native/data/bootstrap.checkpoint'. (org.apache.kafka.controller.QuorumController)
[2026-10-08 01:29:45,197] INFO [QuorumController id=1] Replayed BeginTransactionRecord(name='Bootstrap records') at offset 1. (org.apache.kafka.controller.OffsetControlManager)
[2026-10-08 01:29:45,198] INFO [QuorumController id=1] Replayed a FeatureLevelRecord setting metadata.version to 4.3-IV0 (org.apache.kafka.controller.FeatureControlManager)
[2026-10-08 01:29:45,198] INFO [QuorumController id=1] Replayed a FeatureLevelRecord setting feature eligible.leader.replicas.version to 1 (org.apache.kafka.controller.FeatureControlManager)
[2026-10-08 01:29:45,198] INFO [QuorumController id=1] Replayed a FeatureLevelRecord setting feature group.version to 1 (org.apache.kafka.controller.FeatureControlManager)
[2026-10-08 01:29:45,198] INFO [QuorumController id=1] Replayed a FeatureLevelRecord setting feature share.version to 1 (org.apache.kafka.controller.FeatureControlManager)
[2026-10-08 01:29:45,198] INFO [QuorumController id=1] Replayed a FeatureLevelRecord setting feature streams.version to 1 (org.apache.kafka.controller.FeatureControlManager)
[2026-10-08 01:29:45,198] INFO [QuorumController id=1] Replayed a FeatureLevelRecord setting feature transaction.version to 2 (org.apache.kafka.controller.FeatureControlManager)
[2026-10-08 01:29:45,199] INFO [QuorumController id=1] Replayed ConfigRecord for ConfigResource(type=BROKER, name='') which set configuration min.insync.replicas to 1 (org.apache.kafka.controller.ConfigurationControlManager)
[2026-10-08 01:29:45,199] INFO [QuorumController id=1] Replayed EndTransactionRecord() at offset 9. (org.apache.kafka.controller.OffsetControlManager)
[2026-10-08 01:29:45,200] INFO [QuorumController id=1] Activated periodic tasks: electPreferred, electUnclean, expireDelegationTokens, generatePeriodicPerformanceMessage, maybeFenceStaleBroker, writeNoOpRecord (org.apache.kafka.controller.PeriodicTaskControlManager)
[2026-10-08 01:29:45,307] INFO [QuorumController id=1] Replayed RegisterControllerRecord containing ControllerRegistration(id=1, incarnationId=VhTER8TaTzOcE0Up37MWkA, zkMigrationReady=false, listeners=[Endpoint(listenerName='CONTROLLER', securityProtocol=PLAINTEXT, host='127.0.0.1', port=46519)], supportedFeatures={eligible.leader.replicas.version: 0-1, group.version: 0-1, kraft.version: 0-1, metadata.version: 7-30, share.version: 0-1, streams.version: 0-1, transaction.version: 0-2}). (org.apache.kafka.controller.ClusterControlManager)
[2026-10-08 01:29:45,454] INFO [QuorumController id=1] No previous registration found for broker 1. New incarnation ID is hbuECqjOSmKIMdLqzt29Fw.  Generated 0 record(s) to clean up previous incarnations. New broker epoch is 11. (org.apache.kafka.controller.ClusterControlManager)
[2026-10-08 01:29:45,470] INFO [QuorumController id=1] Replayed initial RegisterBrokerRecord for broker 1: RegisterBrokerRecord(brokerId=1, isMigratingZkBroker=false, incarnationId=hbuECqjOSmKIMdLqzt29Fw, brokerEpoch=11, endPoints=[BrokerEndpoint(name='PLAINTEXT', host='127.0.0.1', port=52167, securityProtocol=0)], features=[BrokerFeature(name='streams.version', minSupportedVersion=0, maxSupportedVersion=1), BrokerFeature(name='group.version', minSupportedVersion=0, maxSupportedVersion=1), BrokerFeature(name='kraft.version', minSupportedVersion=0, maxSupportedVersion=1), BrokerFeature(name='share.version', minSupportedVersion=0, maxSupportedVersion=1), BrokerFeature(name='metadata.version', minSupportedVersion=7, maxSupportedVersion=30), BrokerFeature(name='eligible.leader.replicas.version', minSupportedVersion=0, maxSupportedVersion=1), BrokerFeature(name='transaction.version', minSupportedVersion=0, maxSupportedVersion=2)], rack=null, fenced=true, inControlledShutdown=false, logDirs=[jgg8R3HzCqXfCVxxIfA2zA], cordonedLogDirs=null) (org.apache.kafka.controller.ClusterControlManager)
[2026-10-08 01:29:45,633] INFO [QuorumController id=1] Replayed BrokerRegistrationChangeRecord modifying the registration for broker 1: BrokerRegistrationChangeRecord(brokerId=1, brokerEpoch=11, fenced=0, inControlledShutdown=0, logDirs=[], cordonedLogDirs=[]) (org.apache.kafka.controller.ClusterControlManager)
[2026-10-08 01:29:45,658] INFO [QuorumController id=1] The request from broker 1 to unfence has been granted because it has caught up with the offset of its register broker record 11. (org.apache.kafka.controller.BrokerHeartbeatManager)
[2026-10-08 01:29:45,660] INFO [QuorumController id=1] Replayed BrokerRegistrationChangeRecord modifying the registration for broker 1: BrokerRegistrationChangeRecord(brokerId=1, brokerEpoch=11, fenced=-1, inControlledShutdown=0, logDirs=[], cordonedLogDirs=null) (org.apache.kafka.controller.ClusterControlManager)
[2026-10-08 01:29:46,513] INFO [QuorumController id=1] Verified that 1 broker(s) and 1 controller(s) supported changing metadata.version to feature level 30. (org.apache.kafka.controller.FeatureControlManager)
[2026-10-08 01:29:46,514] WARN [QuorumController id=1] Upgrading metadata.version from 4.3-IV0 to 4.3-IV0. (org.apache.kafka.controller.FeatureControlManager)
[2026-10-08 01:29:46,521] INFO [QuorumController id=1] Verified that 1 broker(s) and 1 controller(s) supported changing metadata.version to feature level 30. (org.apache.kafka.controller.FeatureControlManager)
[2026-10-08 01:29:46,521] WARN [QuorumController id=1] Upgrading metadata.version from 4.3-IV0 to 4.3-IV0. (org.apache.kafka.controller.FeatureControlManager)
[2026-10-08 01:29:46,521] INFO [QuorumController id=1] Replayed a FeatureLevelRecord setting metadata.version to 4.3-IV0 (org.apache.kafka.controller.FeatureControlManager)
[2026-10-08 01:29:46,554] WARN [QuorumController id=1] Invalid update version 1 for feature partitionline.conformance.unknown. Local controller 1 does not support this feature. (org.apache.kafka.controller.FeatureControlManager)
[2026-10-08 01:29:46,558] WARN [QuorumController id=1] Invalid update version 1 for feature partitionline.conformance.unknown. Local controller 1 does not support this feature. (org.apache.kafka.controller.FeatureControlManager)
[2026-10-08 01:29:46,561] WARN [QuorumController id=1] Invalid update version 1 for feature partitionline.conformance.unknown. Local controller 1 does not support this feature. (org.apache.kafka.controller.FeatureControlManager)
[2026-10-08 01:29:47,009] INFO [QuorumController id=1] Verified that 1 broker(s) and 1 controller(s) supported changing metadata.version to feature level 30. (org.apache.kafka.controller.FeatureControlManager)
[2026-10-08 01:29:47,009] WARN [QuorumController id=1] Upgrading metadata.version from 4.3-IV0 to 4.3-IV0. (org.apache.kafka.controller.FeatureControlManager)
[2026-10-08 01:29:47,011] INFO [QuorumController id=1] Verified that 1 broker(s) and 1 controller(s) supported changing metadata.version to feature level 30. (org.apache.kafka.controller.FeatureControlManager)
[2026-10-08 01:29:47,011] WARN [QuorumController id=1] Upgrading metadata.version from 4.3-IV0 to 4.3-IV0. (org.apache.kafka.controller.FeatureControlManager)
[2026-10-08 01:29:47,012] INFO [QuorumController id=1] Replayed a FeatureLevelRecord setting metadata.version to 4.3-IV0 (org.apache.kafka.controller.FeatureControlManager)
[2026-10-08 01:29:47,041] WARN [QuorumController id=1] Invalid update version 1 for feature partitionline.conformance.unknown. Local controller 1 does not support this feature. (org.apache.kafka.controller.FeatureControlManager)
[2026-10-08 01:29:47,044] WARN [QuorumController id=1] Invalid update version 1 for feature partitionline.conformance.unknown. Local controller 1 does not support this feature. (org.apache.kafka.controller.FeatureControlManager)
[2026-10-08 01:29:47,046] WARN [QuorumController id=1] Invalid update version 1 for feature partitionline.conformance.unknown. Local controller 1 does not support this feature. (org.apache.kafka.controller.FeatureControlManager)
[2026-10-08 01:29:47,264] INFO [QuorumController id=1] Unfenced broker 1 has requested and been granted an immediate shutdown. (org.apache.kafka.controller.BrokerHeartbeatManager)
[2026-10-08 01:29:47,264] INFO [QuorumController id=1] Replayed BrokerRegistrationChangeRecord modifying the registration for broker 1: BrokerRegistrationChangeRecord(brokerId=1, brokerEpoch=11, fenced=1, inControlledShutdown=0, logDirs=[], cordonedLogDirs=null) (org.apache.kafka.controller.ClusterControlManager)
[2026-10-08 01:29:47,491] INFO [QuorumController id=1] writeNoOpRecord: event unable to start processing because of RejectedExecutionException (treated as TimeoutException). Exception message: The event queue is shutting down (org.apache.kafka.controller.QuorumController)
[2026-10-08 01:29:47,491] INFO [QuorumController id=1] maybeFenceStaleBroker: event unable to start processing because of RejectedExecutionException (treated as TimeoutException). Exception message: The event queue is shutting down (org.apache.kafka.controller.QuorumController)
[2026-10-08 01:29:47,491] INFO [QuorumController id=1] generatePeriodicPerformanceMessage: event unable to start processing because of RejectedExecutionException (treated as TimeoutException). Exception message: The event queue is shutting down (org.apache.kafka.controller.QuorumController)
[2026-10-08 01:29:47,491] INFO [QuorumController id=1] electPreferred: event unable to start processing because of RejectedExecutionException (treated as TimeoutException). Exception message: The event queue is shutting down (org.apache.kafka.controller.QuorumController)
[2026-10-08 01:29:47,491] INFO [QuorumController id=1] electUnclean: event unable to start processing because of RejectedExecutionException (treated as TimeoutException). Exception message: The event queue is shutting down (org.apache.kafka.controller.QuorumController)
[2026-10-08 01:29:47,491] INFO [QuorumController id=1] expireDelegationTokens: event unable to start processing because of RejectedExecutionException (treated as TimeoutException). Exception message: The event queue is shutting down (org.apache.kafka.controller.QuorumController)
