    Checking partitionline-broker v0.1.0 (/workspace/work/partition-store/candidate/partitionline-broker)
error[E0308]: mismatched types
   --> tests/partition.rs:265:22
    |
265 |     write_file(path, bytes)?;
    |     ----------       ^^^^^ expected `&[u8]`, found `Vec<u8>`
    |     |
    |     arguments to this function are incorrect
    |
    = note: expected reference `&[u8]`
                  found struct `std::vec::Vec<u8>`
note: function defined here
   --> tests/partition.rs:51:4
    |
 51 | fn write_file(path: impl AsRef<Path>, bytes: &[u8]) -> std::io::Result<()> {
    |    ^^^^^^^^^^                         ------------
help: consider borrowing here
    |
265 |     write_file(path, &bytes)?;
    |                      +

For more information about this error, try `rustc --explain E0308`.
error: could not compile `partitionline-broker` (test "partition") due to 1 previous error
