    Checking libc v0.2.189
   Compiling shlex v2.0.1
   Compiling find-msvc-tools v0.1.14
   Compiling cc v1.5.1
   Compiling ring v0.17.14
    Checking cfg-if v1.0.5
    Checking getrandom v0.2.17
    Checking zeroize v1.9.0
    Checking untrusted v0.9.0
    Checking rustls-pki-types v1.15.1
   Compiling rustls v0.23.45
    Checking rustls-webpki v0.103.15
    Checking mio v1.2.3
    Checking socket2 v0.6.5
    Checking pin-project-lite v0.2.17
    Checking once_cell v1.21.4
    Checking bytes v1.12.1
    Checking subtle v2.6.1
    Checking tokio v1.53.1
    Checking crc32c v0.6.8
    Checking getrandom v0.4.3
    Checking tokio-rustls v0.26.6
    Checking partitionline-broker v0.1.0 (/workspace/work/partition-store/candidate/partitionline-broker)
error: couldn't read `tests/../../tests/conformance/broker/implemented-api-versions.json`: No such file or directory (os error 2)
   --> tests/protocol.rs:362:24
    |
362 | const REGISTRY: &str = include_str!("../../tests/conformance/broker/implemented-api-versions.json");
    |                        ^^^^^^^^^^^^^^^^^^^^^^^^^^^^^^^^^^^^^^^^^^^^^^^^^^^^^^^^^^^^^^^^^^^^^^^^^^^^

error: could not compile `partitionline-broker` (test "protocol") due to 1 previous error
