    Checking partitionline-broker v0.1.0 (/workspace/work/partition-store/candidate/partitionline-broker)
error: use of a disallowed method `std::fs::write`
  --> tests/partition.rs:82:9
   |
82 |         fs::write(out.join("assigned-multiple.bin"), &entries[0].payload)?;
   |         ^^^^^^^^^
   |
   = note: Blocking IO on an async runtime. Use tokio::fs.
   = help: for further information visit https://rust-lang.github.io/rust-clippy/rust-1.99.0/index.html#disallowed_methods
   = note: `-D clippy::disallowed-methods` implied by `-D warnings`
   = help: to override `-D warnings` add `#[allow(clippy::disallowed_methods)]`

error: use of a disallowed method `std::fs::read`
   --> tests/partition.rs:108:25
    |
108 |             log.append(&fs::read(fixture)?),
    |                         ^^^^^^^^
    |
    = note: Blocking IO on an async runtime. Use tokio::fs.
    = help: for further information visit https://rust-lang.github.io/rust-clippy/rust-1.99.0/index.html#disallowed_methods

error: use of a disallowed method `std::fs::read`
   --> tests/partition.rs:125:18
    |
125 |     let before = fs::read(&path)?;
    |                  ^^^^^^^^
    |
    = note: Blocking IO on an async runtime. Use tokio::fs.
    = help: for further information visit https://rust-lang.github.io/rust-clippy/rust-1.99.0/index.html#disallowed_methods

error: use of a disallowed method `std::fs::read`
   --> tests/partition.rs:130:16
    |
130 |     assert_eq!(fs::read(&path)?, before);
    |                ^^^^^^^^
    |
    = note: Blocking IO on an async runtime. Use tokio::fs.
    = help: for further information visit https://rust-lang.github.io/rust-clippy/rust-1.99.0/index.html#disallowed_methods

error: use of a disallowed method `std::fs::read`
   --> tests/partition.rs:219:18
    |
219 |     let prefix = fs::read(&path)?;
    |                  ^^^^^^^^
    |
    = note: Blocking IO on an async runtime. Use tokio::fs.
    = help: for further information visit https://rust-lang.github.io/rust-clippy/rust-1.99.0/index.html#disallowed_methods

error: use of a disallowed method `std::fs::read`
   --> tests/partition.rs:222:16
    |
222 |     let full = fs::read(&path)?;
    |                ^^^^^^^^
    |
    = note: Blocking IO on an async runtime. Use tokio::fs.
    = help: for further information visit https://rust-lang.github.io/rust-clippy/rust-1.99.0/index.html#disallowed_methods

error: use of a disallowed method `std::fs::write`
   --> tests/partition.rs:226:9
    |
226 |         fs::write(&path, &prefix)?;
    |         ^^^^^^^^^
    |
    = note: Blocking IO on an async runtime. Use tokio::fs.
    = help: for further information visit https://rust-lang.github.io/rust-clippy/rust-1.99.0/index.html#disallowed_methods

error: use of a disallowed method `std::fs::read`
   --> tests/partition.rs:247:21
    |
247 |     let mut bytes = fs::read(&path)?;
    |                     ^^^^^^^^
    |
    = note: Blocking IO on an async runtime. Use tokio::fs.
    = help: for further information visit https://rust-lang.github.io/rust-clippy/rust-1.99.0/index.html#disallowed_methods

error: use of a disallowed method `std::fs::write`
   --> tests/partition.rs:249:5
    |
249 |     fs::write(path, bytes)?;
    |     ^^^^^^^^^
    |
    = note: Blocking IO on an async runtime. Use tokio::fs.
    = help: for further information visit https://rust-lang.github.io/rust-clippy/rust-1.99.0/index.html#disallowed_methods

error: could not compile `partitionline-broker` (test "partition") due to 9 previous errors
