{"case":"seed.segment-bases","actual":"[0, 3]","expected":"[0, 3]","passed":true}
{"case":"seed.bytes","actual":"182","expected":"182","passed":true}
{"case":"seed.end","actual":"4","expected":"4","passed":true}
{"case":"seed.hw","actual":"4","expected":"4","passed":true}
{"case":"floor.timestamp-before","actual":"1","expected":"1","passed":true}
{"case":"floor.advance-inside-batch","actual":"true","expected":"true","passed":true}
{"case":"floor.logical","actual":"2","expected":"2","passed":true}
{"case":"floor.apache-first-segment-filtered-empty","actual":"-1","expected":"-1","passed":true}
{"case":"floor.timestamp-after-old-segment-maximum","actual":"3","expected":"3","passed":true}
{"case":"floor.earliest","actual":"2","expected":"2","passed":true}
{"case":"floor.latest","actual":"4","expected":"4","passed":true}
{"case":"floor.read-before","actual":"true","expected":"true","passed":true}
{"case":"floor.read-containing-whole-batch","actual":"[0:2]","expected":"[0:2]","passed":true}
{"case":"floor.regression-noop","actual":"false","expected":"false","passed":true}
{"case":"floor.equal-noop","actual":"false","expected":"false","passed":true}
{"case":"floor.above-hw-reject","actual":"true","expected":"true","passed":true}
{"case":"floor.above-hw-no-mutation","actual":"2","expected":"2","passed":true}
{"case":"floor.whole-first-still-selected","actual":"0","expected":"0","passed":true}
{"case":"floor.supply-checkpoint-on-reopen","actual":"2","expected":"2","passed":true}
{"case":"floor.reopened-supplied-floor","actual":"2","expected":"2","passed":true}
{"case":"floor.reopened-end","actual":"4","expected":"4","passed":true}
{"case":"floor.reopened-read-before","actual":"true","expected":"true","passed":true}
{"case":"floor.reopened-first-segment-filtered-empty","actual":"-1","expected":"-1","passed":true}
{"case":"floor.advance-boundary","actual":"true","expected":"true","passed":true}
{"case":"floor.boundary-cleanup","actual":"1","expected":"1","passed":true}
{"case":"floor.boundary-survivor","actual":"[3]","expected":"[3]","passed":true}
{"case":"floor.boundary-bytes","actual":"78","expected":"78","passed":true}
{"case":"floor.advance-hw","actual":"true","expected":"true","passed":true}
{"case":"floor.at-hw-read-empty","actual":"[]","expected":"[]","passed":true}
{"case":"checkpoint.unsupplied-floor-not-durable-receipt","actual":"0","expected":"0","passed":true}
{"case":"age.strict-equality-keeps","actual":"0","expected":"0","passed":true}
{"case":"age.equal-floor","actual":"0","expected":"0","passed":true}
{"case":"age.one-ms-over-deletes","actual":"1","expected":"1","passed":true}
{"case":"age.floor-boundary","actual":"3","expected":"3","passed":true}
{"case":"age.end-unchanged","actual":"4","expected":"4","passed":true}
{"case":"age.hw-unchanged","actual":"4","expected":"4","passed":true}
{"case":"age.survivor","actual":"[3]","expected":"[3]","passed":true}
{"case":"age.survivor-bytes","actual":"78","expected":"78","passed":true}
{"case":"age.reopened-physical-boundary","actual":"3","expected":"3","passed":true}
{"case":"age.reopened-read-deleted","actual":"true","expected":"true","passed":true}
{"case":"hw.partial-batch-protected","actual":"0","expected":"0","passed":true}
{"case":"hw.no-floor-advance","actual":"0","expected":"0","passed":true}
{"case":"hw.boundary-allows-first","actual":"1","expected":"1","passed":true}
{"case":"hw.floor-is-confirmed-boundary","actual":"3","expected":"3","passed":true}
{"case":"age.all-data-segments-expire","actual":"2","expected":"2","passed":true}
{"case":"age.empty-successor-at-hw","actual":"[4]","expected":"[4]","passed":true}
{"case":"age.full-floor","actual":"4","expected":"4","passed":true}
{"case":"age.full-end","actual":"4","expected":"4","passed":true}
{"case":"age.empty-successor-size","actual":"0","expected":"0","passed":true}
{"case":"age.empty-successor-not-deleted","actual":"0","expected":"0","passed":true}
{"case":"size.target-79-whole-removal","actual":"0","expected":"0","passed":true}
{"case":"size.target-79-floor","actual":"0","expected":"0","passed":true}
{"case":"size.target-79-remaining-bytes","actual":"182","expected":"182","passed":true}
{"case":"size.target-79-end","actual":"4","expected":"4","passed":true}
{"case":"size.target-79-hw","actual":"4","expected":"4","passed":true}
{"case":"size.target-78-whole-removal","actual":"1","expected":"1","passed":true}
{"case":"size.target-78-floor","actual":"3","expected":"3","passed":true}
{"case":"size.target-78-remaining-bytes","actual":"78","expected":"78","passed":true}
{"case":"size.target-78-end","actual":"4","expected":"4","passed":true}
{"case":"size.target-78-hw","actual":"4","expected":"4","passed":true}
{"case":"unknown.actual-negative-record-maximum","actual":"-1","expected":"-1","passed":true}
{"case":"unknown.actual-record-timestamp-absent","actual":"true","expected":"true","passed":true}
{"case":"unknown.apache-effective-mtime","actual":"9000","expected":"9000","passed":true}
{"case":"unknown.mtime-strict-equality-keeps","actual":"0","expected":"0","passed":true}
{"case":"unknown.apache-mtime-one-ms-over-deletes","actual":"1","expected":"1","passed":true}
{"case":"unknown.apache-floor","actual":"1","expected":"1","passed":true}
{"case":"unknown.next-future-timestamp-kept","actual":"[1]","expected":"[1]","passed":true}
{"summary":true,"passed":true,"checks":67}
