   Compiling libc v0.2.189
    Checking cfg-if v1.0.4
   Compiling shlex v2.0.1
   Compiling find-msvc-tools v0.1.11
   Compiling cc v1.4.4
    Checking typenum v1.20.1
   Compiling proc-macro2 v1.0.107
    Checking hybrid-array v0.4.14
   Compiling ring v0.17.14
   Compiling quote v1.0.47
   Compiling unicode-ident v1.0.24
    Checking cmov v0.5.4
    Checking zeroize v1.9.0
    Checking rustls-pki-types v1.15.1
    Checking ctutils v0.4.2
    Checking block-buffer v0.12.1
    Checking crypto-common v0.2.2
    Checking getrandom v0.2.17
    Checking untrusted v0.9.0
    Checking const-oid v0.10.2
   Compiling semver v1.0.28
   Compiling rustc_version v0.4.1
    Checking digest v0.11.3
   Compiling syn v3.0.4
    Checking errno v0.3.14
   Compiling rustls v0.23.45
   Compiling parking_lot_core v0.9.12
   Compiling crc32fast v1.5.1
    Checking signal-hook-registry v1.4.8
   Compiling tokio-macros v2.7.2
    Checking rustls-webpki v0.103.15
   Compiling crc32c v0.6.8
    Checking socket2 v0.6.5
    Checking mio v1.2.2
    Checking bytes v1.12.1
    Checking subtle v2.6.1
    Checking pin-project-lite v0.2.17
   Compiling snap v1.1.2
   Compiling getrandom v0.4.3
    Checking simd-adler32 v0.3.10
    Checking adler2 v2.0.1
    Checking once_cell v1.21.4
    Checking smallvec v1.15.2
    Checking scopeguard v1.2.0
    Checking lock_api v0.4.14
    Checking miniz_oxide v0.9.1
    Checking tokio v1.53.1
    Checking hmac v0.13.0
    Checking zlib-rs v0.6.8
    Checking cpufeatures v0.3.1
    Checking twox-hash v2.1.2
    Checking lz4_flex v0.14.0
    Checking sha2 v0.11.0
    Checking flate2 v1.1.10
    Checking pbkdf2 v0.13.0
    Checking tokio-rustls v0.26.5
    Checking parking_lot v0.12.5
    Checking webpki-roots v1.0.9
    Checking base64 v0.23.1
    Checking partitionline v0.1.0 (/workspace/work/client-share-assessment/immutable-255f2325)
error: this `if` has identical blocks
    --> tests/protocol_oracles.rs:4926:44
     |
4926 |           let bytes: &[u8] = if version == 1 {
     |  ____________________________________________^
4927 | |             include_bytes!(
4928 | |                 "fixtures/protocol_oracles/share_v2/fetch_v1_acquired_subset_response.bin"
4929 | |             )
4930 | |         } else {
     | |_________^
     |
note: same as this
    --> tests/protocol_oracles.rs:4930:16
     |
4930 |           } else {
     |  ________________^
4931 | |             include_bytes!(
4932 | |                 "fixtures/protocol_oracles/share_v2/fetch_v2_acquired_subset_response.bin"
4933 | |             )
4934 | |         };
     | |_________^
     = help: for further information visit https://rust-lang.github.io/rust-clippy/master/index.html#if_same_then_else
     = note: `-D clippy::if-same-then-else` implied by `-D warnings`
     = help: to override `-D warnings` add `#[allow(clippy::if_same_then_else)]`

error: could not compile `partitionline` (test "protocol_oracles") due to 1 previous error
