   Compiling proc-macro2 v1.0.107
   Compiling quote v1.0.47
   Compiling libc v0.2.189
   Compiling unicode-ident v1.0.26
   Compiling semver v1.0.28
   Compiling rustc_version v0.4.1
   Compiling syn v3.0.6
   Compiling crc32c v0.6.8
   Compiling mio v1.2.3
   Compiling socket2 v0.6.5
   Compiling pin-project-lite v0.2.17
   Compiling bytes v1.12.1
   Compiling tokio-macros v2.7.2
   Compiling tokio v1.53.1
   Compiling partitionline-broker v0.1.0 (/workspace/partitionline/partitionline-broker)
    Finished `test` profile [unoptimized + debuginfo] target(s) in 7.51s
     Running unittests src/lib.rs (/workspace/work/catalog-target/debug/deps/partitionline_broker-920e2c9634d7160a)

running 2 tests
test catalog::tests::complete_unconfirmed_tombstone_keeps_previous_state_until_recovery ... ok
test catalog::tests::complete_unconfirmed_create_is_invisible_until_synced_replay ... ok

test result: ok. 2 passed; 0 failed; 0 ignored; 0 measured; 11 filtered out; finished in 0.00s

