    Checking libc v0.2.189
    Checking bytes v1.12.1
    Checking pin-project-lite v0.2.17
    Checking crc32c v0.6.8
    Checking socket2 v0.6.5
    Checking mio v1.2.3
    Checking tokio v1.53.1
    Checking partitionline-broker v0.1.0 (/workspace/partitionline/partitionline-broker)
error: variable does not need to be mutable
  --> tests/records.rs:31:9
   |
31 |     let mut file = File::open(path)?;
   |         ----^^^^
   |         |
   |         help: remove this `mut`
   |
   = note: `-D unused-mut` implied by `-D warnings`
   = help: to override `-D warnings` add `#[allow(unused_mut)]`

error: missing documentation for the crate
   --> tests/records.rs:1:1
    |
  1 | / use std::fs::{self, File};
  2 | | use std::io::Read;
  3 | | use std::path::PathBuf;
  4 | | use std::sync::atomic::{AtomicU64, Ordering};
...   |
373 | |     fs::remove_dir_all(directory).unwrap();
374 | | }
    | |_^
    |
    = note: requested on the command line with `-D missing-docs`

error: could not compile `partitionline-broker` (test "records") due to 2 previous errors
warning: build failed, waiting for other jobs to finish...
