{
  "settings": {
    "bootstrap": "127.0.0.1:9092",
    "topic": "plbench",
    "count": 100000,
    "warmup": 10000,
    "payload_bytes": 100,
    "partitions": 6,
    "acks": -1,
    "linger_ms": 5.0,
    "batch_size_bytes": 1048576,
    "batch_num_messages": 32768,
    "max_in_flight": 5,
    "queue_max_messages": 1000000,
    "queue_max_kbytes": 32768,
    "delivery_timeout_ms": 30000,
    "flush_timeout_ms": 35000,
    "run_timeout_ms": 120000,
    "consume_timeout_ms": 30000,
    "record_seed": 1592590337,
    "latency_samples": 1000000000,
    "idempotence": true,
    "compression": "none",
    "isolation_level": "read_committed",
    "payload_mode": "seeded",
    "key_mode": "id",
    "sasl_mechanism": "",
    "has_sasl_credentials": false,
    "has_custom_ca": false,
    "has_client_identity": false,
    "security_protocol": "PLAINTEXT",
    "partitioner": "explicit_round_robin",
    "connections_per_broker": 1,
    "socket_nagle_disable": true,
    "delivery_definition": "successful delivery callback with acks!=0; enqueue never acknowledged",
    "record_id_definition": "key=be64(index)||be64(splitmix64(seed^index)); splitmix64 value stream",
    "unsupported": [
      "open-loop latency",
      "transactions",
      "groups/share",
      "OAuth/OIDC refresh",
      "GSSAPI"
    ],
    "librdkafka_effective": {
      "batch.num.messages": "32768",
      "batch.size": "1048576",
      "client.id": "rust-rdkafka-comparison-peer",
      "compression.codec": "none",
      "enable.idempotence": "true",
      "max.in.flight.requests.per.connection": "5",
      "message.timeout.ms": "30000",
      "partitioner": "consistent_random",
      "queue.buffering.max.kbytes": "32768",
      "queue.buffering.max.messages": "1000000",
      "queue.buffering.max.ms": "5",
      "request.required.acks": "-1",
      "retries": "2147483647",
      "security.protocol": "plaintext",
      "socket.nagle.disable": "true",
      "sticky.partitioning.linger.ms": "0"
    }
  },
  "runtime": {
    "binding_header_version": "2.12.1",
    "binding_version": "4.10.0+2.12.1",
    "loaded_library_path": "/workspace/work/rust-peer-refiling-6b4d3306-stable/lib/librdkafka.so.1",
    "loaded_library_sha256": "8083662863399e55acd8ac411ec7b81b6da707974111591182f1105db967adbc",
    "native_version": "2.15.0",
    "native_version_number": 34537727,
    "wrapper_version": "0.39.0"
  }
}
