   Compiling proc-macro2 v1.0.107
   Compiling libc v0.2.190
   Compiling quote v1.0.47
   Compiling unicode-ident v1.0.26
   Compiling semver v1.0.28
   Compiling rustc_version v0.4.1
   Compiling crc32fast v1.5.2
   Compiling cfg-if v1.0.5
   Compiling syn v3.0.6
   Compiling crc32c v0.6.8
   Compiling snap v1.1.2
   Compiling getrandom v0.4.3
   Compiling simd-adler32 v0.3.10
   Compiling adler2 v2.0.1
   Compiling miniz_oxide v0.9.1
   Compiling tokio-macros v2.7.2
   Compiling mio v1.2.3
   Compiling socket2 v0.6.5
   Compiling pin-project-lite v0.2.17
   Compiling bytes v1.12.1
   Compiling twox-hash v2.1.4
   Compiling lz4_flex v0.14.0
   Compiling tokio v1.53.1
   Compiling flate2 v1.1.10
   Compiling zstd-rs v0.1.0
   Compiling partitionline-broker v0.1.0 (/workspace/work/broker-codecs-dev01/partitionline-broker)
error[E0502]: cannot borrow `b` as immutable because it is also borrowed as mutable
  --> tests/codecs.rs:47:45
   |
47 |     b[8..12].copy_from_slice(&i32::try_from(b.len() - 12).unwrap().to_be_bytes());
   |     -        ---------------                ^ immutable borrow occurs here
   |     |        |
   |     |        mutable borrow later used by call
   |     mutable borrow occurs here

For more information about this error, try `rustc --explain E0502`.
error: could not compile `partitionline-broker` (test "codecs") due to 1 previous error
