    Checking libc v0.2.190
    Checking cfg-if v1.0.5
    Checking zeroize v1.9.0
   Compiling shlex v2.0.1
   Compiling find-msvc-tools v0.1.14
   Compiling cc v1.5.1
    Checking typenum v1.20.1
    Checking hybrid-array v0.4.15
   Compiling ring v0.17.14
    Checking cmov v0.5.4
    Checking ctutils v0.4.2
    Checking block-buffer v0.12.1
    Checking crypto-common v0.2.2
    Checking getrandom v0.2.17
    Checking const-oid v0.10.2
    Checking untrusted v0.9.0
    Checking digest v0.11.3
    Checking rustls-pki-types v1.15.1
   Compiling rustls v0.23.45
    Checking rustls-webpki v0.103.15
    Checking mio v1.2.3
    Checking socket2 v0.6.5
    Checking once_cell v1.21.4
    Checking bytes v1.12.1
    Checking simd-adler32 v0.3.10
    Checking adler2 v2.0.1
    Checking pin-project-lite v0.2.17
    Checking subtle v2.6.1
    Checking tokio v1.53.1
    Checking miniz_oxide v0.9.1
    Checking crc32fast v1.5.2
    Checking hmac v0.13.0
    Checking twox-hash v2.1.4
    Checking cpufeatures v0.3.1
    Checking sha2 v0.11.0
    Checking lz4_flex v0.14.0
    Checking pbkdf2 v0.13.0
    Checking flate2 v1.1.10
    Checking crc32c v0.6.8
    Checking getrandom v0.4.3
    Checking snap v1.1.2
    Checking tokio-rustls v0.26.6
    Checking base64 v0.23.1
    Checking zstd-rs v0.1.0
    Checking partitionline-broker v0.1.0 (/workspace/work/broker-codecs-dev01/partitionline-broker)
error: used `unwrap()` on a `Result` value
  --> tests/codecs.rs:33:17
   |
33 |     let bytes = fs::read(path).unwrap();
   |                 ^^^^^^^^^^^^^^^^^^^^^^^
   |
   = note: if this value is an `Err`, it will panic
   = help: for further information visit https://rust-lang.github.io/rust-clippy/rust-1.99.0/index.html#unwrap_used
   = note: requested on the command line with `-D clippy::unwrap-used`

error: use of a disallowed method `std::fs::read`
  --> tests/codecs.rs:33:17
   |
33 |     let bytes = fs::read(path).unwrap();
   |                 ^^^^^^^^
   |
   = note: Blocking IO on an async runtime. Use tokio::fs.
   = help: for further information visit https://rust-lang.github.io/rust-clippy/rust-1.99.0/index.html#disallowed_methods
   = note: `-D clippy::disallowed-methods` implied by `-D warnings`
   = help: to override `-D warnings` add `#[allow(clippy::disallowed_methods)]`

error: used `unwrap()` on a `Result` value
  --> tests/codecs.rs:47:18
   |
47 |     let length = i32::try_from(b.len() - 12).unwrap();
   |                  ^^^^^^^^^^^^^^^^^^^^^^^^^^^^^^^^^^^^
   |
   = note: if this value is an `Err`, it will panic
   = help: for further information visit https://rust-lang.github.io/rust-clippy/rust-1.99.0/index.html#unwrap_used

error: could not compile `partitionline-broker` (test "codecs") due to 3 previous errors
