warning: method `roundtrip_node` is never used
    --> /workspace/partitionline/src/consumer.rs:2334:25
     |
1758 | impl Consumer {
     | ------------- method in this implementation
...
2334 |     pub(crate) async fn roundtrip_node(
     |                         ^^^^^^^^^^^^^^
     |
     = note: `#[warn(dead_code)]` (part of `#[warn(unused)]`) on by default

warning: `partitionline` (lib) generated 1 warning
    Checking partitionline-broker-interop-peer v0.0.0 (/workspace/partitionline/tests/conformance/broker/interop)
error[E0277]: `Result<(), Box<dyn Error + Send + Sync>>` is not a future
   --> src/main.rs:210:11
    |
210 |         ).await?;
    |           ^^^^^ `Result<(), Box<dyn Error + Send + Sync>>` is not a future
    |
    = help: the trait `std::future::Future` is not implemented for `Result<(), Box<dyn Error + Send + Sync>>`
    = note: Result<(), Box<dyn Error + Send + Sync>> must be a future or must implement `IntoFuture` to be awaited
    = note: required for `Result<(), Box<dyn Error + Send + Sync>>` to implement `std::future::IntoFuture`
    = note: the full name for the type has been written to '/workspace/work/target-client-capabilities/debug/deps/partitionline_broker_interop_peer-382f8ab40b0f2097.long-type-3052812124610204392.txt'
    = note: consider using `--verbose` to print the full type name to the console
help: remove the `.await`
    |
210 -         ).await?;
210 +         )?;
    |

error[E0277]: the `?` operator can only be applied to values that implement `std::ops::Try`
   --> src/main.rs:263:9
    |
263 | /         fs::write(
264 | |             state.join("rust-checkpoint"),
265 | |             b"offset12 after actual process restart",
266 | |         )?;
    | |__________^ the `?` operator cannot be applied to type `impl std::future::Future<Output = std::result::Result<(), std::io::Error>>`
    |
    = help: the nightly-only, unstable trait `std::ops::Try` is not implemented for `impl std::future::Future<Output = std::result::Result<(), std::io::Error>>`
help: consider `await`ing on the `Future`
    |
266 |         ).await?;
    |          ++++++

For more information about this error, try `rustc --explain E0277`.
error: could not compile `partitionline-broker-interop-peer` (bin "partitionline-broker-interop-peer") due to 2 previous errors
