warning: method `roundtrip_node` is never used
    --> /workspace/partitionline/src/consumer.rs:2334:25
     |
1758 | impl Consumer {
     | ------------- method in this implementation
...
2334 |     pub(crate) async fn roundtrip_node(
     |                         ^^^^^^^^^^^^^^
     |
     = note: `#[warn(dead_code)]` (part of `#[warn(unused)]`) on by default

warning: `partitionline` (lib) generated 1 warning
    Checking partitionline-broker-interop-peer v0.0.0 (/workspace/partitionline/tests/conformance/broker/interop)
error: use of a disallowed method `std::fs::write`
   --> src/main.rs:203:9
    |
203 |         fs::write(&path, hex(&row.topic_id))?;
    |         ^^^^^^^^^
    |
    = note: Blocking IO on an async runtime. Use tokio::fs.
    = help: for further information visit https://rust-lang.github.io/rust-clippy/rust-1.99.0/index.html#disallowed_methods
    = note: `-D clippy::disallowed-methods` implied by `-D warnings`
    = help: to override `-D warnings` add `#[allow(clippy::disallowed_methods)]`

error: use of a disallowed method `std::fs::read_to_string`
   --> src/main.rs:208:13
    |
208 |             fs::read_to_string(&path)? == hex(&row.topic_id),
    |             ^^^^^^^^^^^^^^^^^^
    |
    = note: Blocking IO on an async runtime. Use tokio::fs.
    = help: for further information visit https://rust-lang.github.io/rust-clippy/rust-1.99.0/index.html#disallowed_methods

error: use of a disallowed method `std::fs::write`
   --> src/main.rs:263:9
    |
263 |         fs::write(
    |         ^^^^^^^^^
    |
    = note: Blocking IO on an async runtime. Use tokio::fs.
    = help: for further information visit https://rust-lang.github.io/rust-clippy/rust-1.99.0/index.html#disallowed_methods

error: use of a disallowed method `std::fs::read`
   --> src/main.rs:275:16
    |
275 |     let text = fs::read(path)?;
    |                ^^^^^^^^
    |
    = note: Blocking IO on an async runtime. Use tokio::fs.
    = help: for further information visit https://rust-lang.github.io/rust-clippy/rust-1.99.0/index.html#disallowed_methods

error: use of a disallowed method `std::fs::write`
   --> src/main.rs:326:9
    |
326 |         fs::write(&old_path, hex(&old_id))?;
    |         ^^^^^^^^^
    |
    = note: Blocking IO on an async runtime. Use tokio::fs.
    = help: for further information visit https://rust-lang.github.io/rust-clippy/rust-1.99.0/index.html#disallowed_methods

error: use of a disallowed method `std::fs::write`
   --> src/main.rs:624:5
    |
624 |     fs::write(output, report)?;
    |     ^^^^^^^^^
    |
    = note: Blocking IO on an async runtime. Use tokio::fs.
    = help: for further information visit https://rust-lang.github.io/rust-clippy/rust-1.99.0/index.html#disallowed_methods

error: could not compile `partitionline-broker-interop-peer` (bin "partitionline-broker-interop-peer") due to 6 previous errors
