2026-10-03T21:54:35.2767838Z Current runner version: '2.337.0'
2026-10-03T21:54:35.2790955Z ##[group]Runner Image Provisioner
2026-10-03T21:54:35.2791728Z Hosted Compute Agent
2026-10-03T21:54:35.2792328Z Version: 20260901.588
2026-10-03T21:54:35.2792908Z Commit: f88ec8081b781fac6c440065ac7ff9e710ce3d0b
2026-10-03T21:54:35.2793584Z Build Date: 2026-09-01T19:56:44Z
2026-10-03T21:54:35.2794244Z Worker ID: {d637bd50-18cd-4925-8142-baa53fa5f9a3}
2026-10-03T21:54:35.2794927Z Azure Region: westus3
2026-10-03T21:54:35.2795473Z ##[endgroup]
2026-10-03T21:54:35.2796831Z ##[group]Operating System
2026-10-03T21:54:35.2797404Z Ubuntu
2026-10-03T21:54:35.2797933Z 24.04.5
2026-10-03T21:54:35.2798392Z LTS
2026-10-03T21:54:35.2798868Z ##[endgroup]
2026-10-03T21:54:35.2799372Z ##[group]Runner Image
2026-10-03T21:54:35.2800097Z Image: ubuntu-24.04
2026-10-03T21:54:35.2800638Z Version: 20260927.320.1
2026-10-03T21:54:35.2801778Z Included Software: https://github.com/actions/runner-images/blob/ubuntu24/20260927.320/images/ubuntu/Ubuntu2404-Readme.md
2026-10-03T21:54:35.2803193Z Image Release: https://github.com/actions/runner-images/releases/tag/ubuntu24%2F20260927.320
2026-10-03T21:54:35.2804087Z ##[endgroup]
2026-10-03T21:54:35.2806863Z ##[group]GITHUB_TOKEN Permissions
2026-10-03T21:54:35.2809444Z Actions: write
2026-10-03T21:54:35.2810648Z ArtifactMetadata: write
2026-10-03T21:54:35.2811312Z Attestations: write
2026-10-03T21:54:35.2811842Z Checks: write
2026-10-03T21:54:35.2812338Z CodeQuality: write
2026-10-03T21:54:35.2812873Z Contents: write
2026-10-03T21:54:35.2813378Z CopilotRequests: write
2026-10-03T21:54:35.2813909Z Deployments: write
2026-10-03T21:54:35.2814459Z Discussions: write
2026-10-03T21:54:35.2814960Z Drives: write
2026-10-03T21:54:35.2815499Z Issues: write
2026-10-03T21:54:35.2815982Z Metadata: read
2026-10-03T21:54:35.2816592Z Models: read
2026-10-03T21:54:35.2817113Z Packages: write
2026-10-03T21:54:35.2817610Z Pages: write
2026-10-03T21:54:35.2818113Z PullRequests: write
2026-10-03T21:54:35.2818686Z RepositoryProjects: write
2026-10-03T21:54:35.2819268Z SecurityEvents: write
2026-10-03T21:54:35.2819913Z Statuses: write
2026-10-03T21:54:35.2820457Z VulnerabilityAlerts: read
2026-10-03T21:54:35.2821000Z ##[endgroup]
2026-10-03T21:54:35.2823085Z Secret source: Actions
2026-10-03T21:54:35.2823922Z Cache mode: write
2026-10-03T21:54:35.2824618Z Prepare workflow directory
2026-10-03T21:54:35.3144745Z Prepare all required actions
2026-10-03T21:54:35.3193017Z Getting action download info
2026-10-03T21:54:35.6507236Z Download action repository 'actions/checkout@v7' (SHA:3d3c42e5aac5ba805825da76410c181273ba90b1)
2026-10-03T21:54:35.7228372Z Download action repository 'dtolnay/rust-toolchain@master' (SHA:7e38f4b43b4db5c8dd498af069a4f6196df1d067)
2026-10-03T21:54:36.0786646Z Complete job name: test (stable)
2026-10-03T21:54:36.1645420Z ##[group]Run actions/checkout@v7
2026-10-03T21:54:36.1646229Z with:
2026-10-03T21:54:36.1646654Z   repository: mingley/partitionline
2026-10-03T21:54:36.1650810Z   token: ***
2026-10-03T21:54:36.1651205Z   ssh-strict: true
2026-10-03T21:54:36.1651621Z   ssh-user: git
2026-10-03T21:54:36.1652051Z   persist-credentials: true
2026-10-03T21:54:36.1652494Z   clean: true
2026-10-03T21:54:36.1652906Z   sparse-checkout-cone-mode: true
2026-10-03T21:54:36.1653376Z   fetch-depth: 1
2026-10-03T21:54:36.1653764Z   fetch-tags: false
2026-10-03T21:54:36.1654163Z   show-progress: true
2026-10-03T21:54:36.1654568Z   lfs: false
2026-10-03T21:54:36.1654947Z   submodules: false
2026-10-03T21:54:36.1655352Z   set-safe-directory: true
2026-10-03T21:54:36.1655814Z   allow-unsafe-pr-checkout: false
2026-10-03T21:54:36.1656583Z ##[endgroup]
2026-10-03T21:54:36.2636160Z Syncing repository: mingley/partitionline
2026-10-03T21:54:36.2637798Z ##[group]Getting Git version info
2026-10-03T21:54:36.2638566Z Working directory is '/home/runner/work/partitionline/partitionline'
2026-10-03T21:54:36.2639533Z [command]/usr/bin/git version
2026-10-03T21:54:36.2747186Z git version 2.55.0
2026-10-03T21:54:36.2765844Z ##[endgroup]
2026-10-03T21:54:36.2776551Z Temporarily overriding HOME='/home/runner/work/_temp/4c70b6ca-caf7-4720-b312-ad93e8fff6e7' before making global git config changes
2026-10-03T21:54:36.2779158Z Adding repository directory to the temporary git global config as a safe directory
2026-10-03T21:54:36.2783374Z [command]/usr/bin/git config --global --add safe.directory /home/runner/work/partitionline/partitionline
2026-10-03T21:54:36.2827162Z Deleting the contents of '/home/runner/work/partitionline/partitionline'
2026-10-03T21:54:36.2830490Z ##[group]Determining repository object format
2026-10-03T21:54:36.2832041Z ##[endgroup]
2026-10-03T21:54:36.2833300Z ##[group]Initializing the repository
2026-10-03T21:54:36.2836320Z [command]/usr/bin/git init /home/runner/work/partitionline/partitionline
2026-10-03T21:54:36.2925430Z hint: Using 'master' as the name for the initial branch. This default branch name
2026-10-03T21:54:36.2927617Z hint: will change to "main" in Git 3.0. To configure the initial branch name
2026-10-03T21:54:36.2929388Z hint: to use in all of your new repositories, which will suppress this warning,
2026-10-03T21:54:36.2930989Z hint: call:
2026-10-03T21:54:36.2931820Z hint:
2026-10-03T21:54:36.2932808Z hint: 	git config --global init.defaultBranch <name>
2026-10-03T21:54:36.2934021Z hint:
2026-10-03T21:54:36.2935196Z hint: Names commonly chosen instead of 'master' are 'main', 'trunk' and
2026-10-03T21:54:36.2936987Z hint: 'development'. The just-created branch can be renamed via this command:
2026-10-03T21:54:36.2938486Z hint:
2026-10-03T21:54:36.2939009Z hint: 	git branch -m <name>
2026-10-03T21:54:36.2939523Z hint:
2026-10-03T21:54:36.2940585Z hint: Disable this message with "git config set advice.defaultBranchName false"
2026-10-03T21:54:36.2942898Z Initialized empty Git repository in /home/runner/work/partitionline/partitionline/.git/
2026-10-03T21:54:36.2946288Z [command]/usr/bin/git remote add origin https://github.com/mingley/partitionline
2026-10-03T21:54:36.2982258Z ##[endgroup]
2026-10-03T21:54:36.2983555Z ##[group]Disabling automatic garbage collection
2026-10-03T21:54:36.2984687Z [command]/usr/bin/git config --local gc.auto 0
2026-10-03T21:54:36.3018286Z ##[endgroup]
2026-10-03T21:54:36.3020600Z ##[group]Setting up auth
2026-10-03T21:54:36.3022016Z Removing SSH command configuration
2026-10-03T21:54:36.3026863Z [command]/usr/bin/git config --local --name-only --get-regexp core\.sshCommand
2026-10-03T21:54:36.3057894Z [command]/usr/bin/git submodule foreach --recursive sh -c "git config --local --name-only --get-regexp 'core\.sshCommand' && git config --local --unset-all 'core.sshCommand' || :"
2026-10-03T21:54:36.3456655Z Removing HTTP extra header
2026-10-03T21:54:36.3465780Z [command]/usr/bin/git config --local --name-only --get-regexp http\.https\:\/\/github\.com\/\.extraheader
2026-10-03T21:54:36.3515552Z [command]/usr/bin/git submodule foreach --recursive sh -c "git config --local --name-only --get-regexp 'http\.https\:\/\/github\.com\/\.extraheader' && git config --local --unset-all 'http.https://github.com/.extraheader' || :"
2026-10-03T21:54:36.3756549Z Removing includeIf entries pointing to credentials config files
2026-10-03T21:54:36.3762153Z [command]/usr/bin/git config --local --name-only --get-regexp ^includeIf\.gitdir:
2026-10-03T21:54:36.3801399Z [command]/usr/bin/git submodule foreach --recursive git config --local --show-origin --name-only --get-regexp remote.origin.url
2026-10-03T21:54:36.3985483Z [command]/usr/bin/git config --file /home/runner/work/_temp/git-credentials-71d8a722-2449-457b-afed-76d97977ae9d.config http.https://github.com/.extraheader AUTHORIZATION: basic ***
2026-10-03T21:54:36.4020182Z [command]/usr/bin/git config --local includeIf.gitdir:/home/runner/work/partitionline/partitionline/.git.path /home/runner/work/_temp/git-credentials-71d8a722-2449-457b-afed-76d97977ae9d.config
2026-10-03T21:54:36.4046453Z [command]/usr/bin/git config --local includeIf.gitdir:/home/runner/work/partitionline/partitionline/.git/worktrees/*.path /home/runner/work/_temp/git-credentials-71d8a722-2449-457b-afed-76d97977ae9d.config
2026-10-03T21:54:36.4076475Z [command]/usr/bin/git config --local includeIf.gitdir:/github/workspace/.git.path /github/runner_temp/git-credentials-71d8a722-2449-457b-afed-76d97977ae9d.config
2026-10-03T21:54:36.4107105Z [command]/usr/bin/git config --local includeIf.gitdir:/github/workspace/.git/worktrees/*.path /github/runner_temp/git-credentials-71d8a722-2449-457b-afed-76d97977ae9d.config
2026-10-03T21:54:36.4132750Z ##[endgroup]
2026-10-03T21:54:36.4134241Z ##[group]Fetching the repository
2026-10-03T21:54:36.4139181Z [command]/usr/bin/git -c protocol.version=2 fetch --no-tags --prune --no-recurse-submodules --depth=1 origin +e8fc0b72724ebfcef99d4742c7870f95a7a9a47f:refs/remotes/origin/main
2026-10-03T21:54:43.1584621Z From https://github.com/mingley/partitionline
2026-10-03T21:54:43.1586020Z  * [new ref]           e8fc0b72724ebfcef99d4742c7870f95a7a9a47f -> origin/main
2026-10-03T21:54:43.1593543Z [command]/usr/bin/git branch --list --remote origin/main
2026-10-03T21:54:43.1617007Z   origin/main
2026-10-03T21:54:43.1626123Z [command]/usr/bin/git rev-parse refs/remotes/origin/main
2026-10-03T21:54:43.1648588Z e8fc0b72724ebfcef99d4742c7870f95a7a9a47f
2026-10-03T21:54:43.1654612Z ##[endgroup]
2026-10-03T21:54:43.1656234Z ##[group]Determining the checkout info
2026-10-03T21:54:43.1657832Z ##[endgroup]
2026-10-03T21:54:43.1659306Z [command]/usr/bin/git sparse-checkout disable
2026-10-03T21:54:43.1708290Z [command]/usr/bin/git config --local --unset-all extensions.worktreeConfig
2026-10-03T21:54:43.1738663Z ##[group]Checking out the ref
2026-10-03T21:54:43.1743744Z [command]/usr/bin/git checkout --progress --force -B main refs/remotes/origin/main
2026-10-03T21:54:44.3645158Z Updating files:  48% (36632/75877)
2026-10-03T21:54:44.5240813Z Updating files:  49% (37180/75877)
2026-10-03T21:54:44.5521190Z Updating files:  50% (37939/75877)
2026-10-03T21:54:44.5692468Z Updating files:  51% (38698/75877)
2026-10-03T21:54:44.6152776Z Updating files:  52% (39457/75877)
2026-10-03T21:54:44.6393944Z Updating files:  53% (40215/75877)
2026-10-03T21:54:44.6524658Z Updating files:  54% (40974/75877)
2026-10-03T21:54:44.6652427Z Updating files:  55% (41733/75877)
2026-10-03T21:54:44.6780859Z Updating files:  56% (42492/75877)
2026-10-03T21:54:44.6910487Z Updating files:  57% (43250/75877)
2026-10-03T21:54:44.7190931Z Updating files:  58% (44009/75877)
2026-10-03T21:54:44.7317126Z Updating files:  59% (44768/75877)
2026-10-03T21:54:44.7830166Z Updating files:  60% (45527/75877)
2026-10-03T21:54:44.8236891Z Updating files:  61% (46285/75877)
2026-10-03T21:54:44.8390832Z Updating files:  62% (47044/75877)
2026-10-03T21:54:44.8634867Z Updating files:  63% (47803/75877)
2026-10-03T21:54:44.8787438Z Updating files:  64% (48562/75877)
2026-10-03T21:54:44.8943359Z Updating files:  65% (49321/75877)
2026-10-03T21:54:44.9093150Z Updating files:  66% (50079/75877)
2026-10-03T21:54:44.9366016Z Updating files:  67% (50838/75877)
2026-10-03T21:54:44.9505371Z Updating files:  68% (51597/75877)
2026-10-03T21:54:44.9668145Z Updating files:  69% (52356/75877)
2026-10-03T21:54:44.9796610Z Updating files:  70% (53114/75877)
2026-10-03T21:54:44.9928009Z Updating files:  71% (53873/75877)
2026-10-03T21:54:45.0055259Z Updating files:  72% (54632/75877)
2026-10-03T21:54:45.0179667Z Updating files:  73% (55391/75877)
2026-10-03T21:54:45.0498448Z Updating files:  74% (56149/75877)
2026-10-03T21:54:45.0750865Z Updating files:  75% (56908/75877)
2026-10-03T21:54:45.1021204Z Updating files:  76% (57667/75877)
2026-10-03T21:54:45.1150807Z Updating files:  77% (58426/75877)
2026-10-03T21:54:45.1353124Z Updating files:  78% (59185/75877)
2026-10-03T21:54:45.1863506Z Updating files:  79% (59943/75877)
2026-10-03T21:54:45.2119843Z Updating files:  80% (60702/75877)
2026-10-03T21:54:45.2324955Z Updating files:  81% (61461/75877)
2026-10-03T21:54:45.2782402Z Updating files:  81% (62146/75877)
2026-10-03T21:54:45.3100729Z Updating files:  82% (62220/75877)
2026-10-03T21:54:45.3717338Z Updating files:  83% (62978/75877)
2026-10-03T21:54:45.3994178Z Updating files:  84% (63737/75877)
2026-10-03T21:54:45.4465444Z Updating files:  85% (64496/75877)
2026-10-03T21:54:45.4703103Z Updating files:  86% (65255/75877)
2026-10-03T21:54:45.5681126Z Updating files:  87% (66013/75877)
2026-10-03T21:54:45.6179554Z Updating files:  88% (66772/75877)
2026-10-03T21:54:45.6466088Z Updating files:  89% (67531/75877)
2026-10-03T21:54:45.7079939Z Updating files:  90% (68290/75877)
2026-10-03T21:54:45.7251588Z Updating files:  91% (69049/75877)
2026-10-03T21:54:45.7391306Z Updating files:  92% (69807/75877)
2026-10-03T21:54:45.7539448Z Updating files:  93% (70566/75877)
2026-10-03T21:54:45.9827988Z Updating files:  94% (71325/75877)
2026-10-03T21:54:45.9959035Z Updating files:  95% (72084/75877)
2026-10-03T21:54:46.0088341Z Updating files:  96% (72842/75877)
2026-10-03T21:54:46.0221875Z Updating files:  97% (73601/75877)
2026-10-03T21:54:46.0407248Z Updating files:  98% (74360/75877)
2026-10-03T21:54:46.0798171Z Updating files:  99% (75119/75877)
2026-10-03T21:54:46.0798544Z Updating files: 100% (75877/75877)
2026-10-03T21:54:46.0798978Z Updating files: 100% (75877/75877), done.
2026-10-03T21:54:46.1748531Z Switched to a new branch 'main'
2026-10-03T21:54:46.1753064Z branch 'main' set up to track 'origin/main'.
2026-10-03T21:54:46.1797784Z ##[endgroup]
2026-10-03T21:54:46.1838008Z [command]/usr/bin/git log -1 --format=%H
2026-10-03T21:54:46.1859007Z e8fc0b72724ebfcef99d4742c7870f95a7a9a47f
2026-10-03T21:54:46.2176512Z ##[group]Run dtolnay/rust-toolchain@master
2026-10-03T21:54:46.2176810Z with:
2026-10-03T21:54:46.2177017Z   toolchain: stable
2026-10-03T21:54:46.2177236Z ##[endgroup]
2026-10-03T21:54:46.2247951Z ##[start-action display=Parse toolchain version;id=__dtolnay_rust-toolchain.parse]
2026-10-03T21:54:46.2301132Z ##[group]Run if [[ -z $toolchain ]]; then
2026-10-03T21:54:46.2301554Z [36;1mif [[ -z $toolchain ]]; then[0m
2026-10-03T21:54:46.2302071Z [36;1m  # GitHub does not enforce `required: true` inputs itself. https://github.com/actions/runner/issues/1070[0m
2026-10-03T21:54:46.2302630Z [36;1m  echo "'toolchain' is a required input" >&2[0m
2026-10-03T21:54:46.2302914Z [36;1m  exit 1[0m
2026-10-03T21:54:46.2303245Z [36;1melif [[ $toolchain =~ ^stable' '[0-9]+' '(year|month|week|day)s?' 'ago$ ]]; then[0m
2026-10-03T21:54:46.2303637Z [36;1m  if [[ Linux == macOS ]]; then[0m
2026-10-03T21:54:46.2304183Z [36;1m    echo "toolchain=1.$((($(date -v-$(sed 's/stable \([0-9]*\) \(.\).*/\1\2/' <<< $toolchain) +%s)/60/60/24-16569)/7/6))" >> $GITHUB_OUTPUT[0m
2026-10-03T21:54:46.2304667Z [36;1m  else[0m
2026-10-03T21:54:46.2305058Z [36;1m    echo "toolchain=1.$((($(date --date "${toolchain#stable }" +%s)/60/60/24-16569)/7/6))" >> $GITHUB_OUTPUT[0m
2026-10-03T21:54:46.2305489Z [36;1m  fi[0m
2026-10-03T21:54:46.2305783Z [36;1melif [[ $toolchain =~ ^stable' 'minus' '[0-9]+' 'releases?$ ]]; then[0m
2026-10-03T21:54:46.2306286Z [36;1m  echo "toolchain=1.$((($(date +%s)/60/60/24-16569)/7/6-${toolchain//[^0-9]/}))" >> $GITHUB_OUTPUT[0m
2026-10-03T21:54:46.2306724Z [36;1melif [[ $toolchain =~ ^1\.[0-9]+$ ]]; then[0m
2026-10-03T21:54:46.2307223Z [36;1m  echo "toolchain=1.$((i=${toolchain#1.}, c=($(date +%s)/60/60/24-16569)/7/6, i+9*i*(10*i<=c)+90*i*(100*i<=c)))" >> $GITHUB_OUTPUT[0m
2026-10-03T21:54:46.2307684Z [36;1melse[0m
2026-10-03T21:54:46.2307922Z [36;1m  echo "toolchain=$toolchain" >> $GITHUB_OUTPUT[0m
2026-10-03T21:54:46.2308207Z [36;1mfi[0m
2026-10-03T21:54:46.2490625Z shell: /usr/bin/bash --noprofile --norc -e -o pipefail {0}
2026-10-03T21:54:46.2490966Z env:
2026-10-03T21:54:46.2491169Z   toolchain: stable
2026-10-03T21:54:46.2491387Z ##[endgroup]
2026-10-03T21:54:46.2614722Z ##[end-action id=__dtolnay_rust-toolchain.parse;outcome=success;conclusion=success;duration_ms=36]
2026-10-03T21:54:46.2629542Z ##[start-action display=Construct rustup command line;id=__dtolnay_rust-toolchain.flags]
2026-10-03T21:54:46.2657099Z ##[group]Run echo "targets=$(for t in ${targets//,/ }; do echo -n ' --target' $t; done)" >> $GITHUB_OUTPUT
2026-10-03T21:54:46.2657719Z [36;1mecho "targets=$(for t in ${targets//,/ }; do echo -n ' --target' $t; done)" >> $GITHUB_OUTPUT[0m
2026-10-03T21:54:46.2658422Z [36;1mecho "components=$(for c in ${components//,/ }; do echo -n ' --component' $c; done)" >> $GITHUB_OUTPUT[0m
2026-10-03T21:54:46.2659007Z [36;1mecho "downgrade=" >> $GITHUB_OUTPUT[0m
2026-10-03T21:54:46.2695438Z shell: /usr/bin/bash --noprofile --norc -e -o pipefail {0}
2026-10-03T21:54:46.2695830Z env:
2026-10-03T21:54:46.2696022Z   targets: 
2026-10-03T21:54:46.2696217Z   components: 
2026-10-03T21:54:46.2696415Z ##[endgroup]
2026-10-03T21:54:46.2765791Z ##[end-action id=__dtolnay_rust-toolchain.flags;outcome=success;conclusion=success;duration_ms=13]
2026-10-03T21:54:46.2768327Z ##[start-action display=Set $CARGO_HOME;id=__dtolnay_rust-toolchain.__run]
2026-10-03T21:54:46.2785171Z ##[group]Run echo CARGO_HOME=${CARGO_HOME:-"$HOME/.cargo"} >> $GITHUB_ENV
2026-10-03T21:54:46.2785614Z [36;1mecho CARGO_HOME=${CARGO_HOME:-"$HOME/.cargo"} >> $GITHUB_ENV[0m
2026-10-03T21:54:46.2819478Z shell: /usr/bin/bash --noprofile --norc -e -o pipefail {0}
2026-10-03T21:54:46.2820006Z ##[endgroup]
2026-10-03T21:54:46.2878676Z ##[end-action id=__dtolnay_rust-toolchain.__run;outcome=success;conclusion=success;duration_ms=10]
2026-10-03T21:54:46.2881200Z ##[start-action display=Install rustup if needed;id=__dtolnay_rust-toolchain.__run_2]
2026-10-03T21:54:46.2904473Z ##[group]Run if ! command -v rustup &>/dev/null; then
2026-10-03T21:54:46.2904833Z [36;1mif ! command -v rustup &>/dev/null; then[0m
2026-10-03T21:54:46.2905572Z [36;1m  curl --proto '=https' --tlsv1.2 --retry 10 --retry-connrefused --location --silent --show-error --fail https://sh.rustup.rs | sh -s -- --default-toolchain none -y[0m
2026-10-03T21:54:46.2906254Z [36;1m  echo "$CARGO_HOME/bin" >> $GITHUB_PATH[0m
2026-10-03T21:54:46.2906539Z [36;1mfi[0m
2026-10-03T21:54:46.2940586Z shell: /usr/bin/bash --noprofile --norc -e -o pipefail {0}
2026-10-03T21:54:46.2940961Z env:
2026-10-03T21:54:46.2941187Z   CARGO_HOME: /home/runner/.cargo
2026-10-03T21:54:46.2941455Z ##[endgroup]
2026-10-03T21:54:46.3000926Z ##[end-action id=__dtolnay_rust-toolchain.__run_2;outcome=success;conclusion=success;duration_ms=11]
2026-10-03T21:54:46.3003231Z ##[start-action display=Install rustup if needed on windows;id=__dtolnay_rust-toolchain.__run_3]
2026-10-03T21:54:46.3011069Z ##[end-action id=__dtolnay_rust-toolchain.__run_3;outcome=skipped;conclusion=skipped;duration_ms=0]
2026-10-03T21:54:46.3023174Z ##[start-action display=rustup toolchain install stable;id=__dtolnay_rust-toolchain.__run_4]
2026-10-03T21:54:46.3040975Z ##[group]Run log=$(mktemp)
2026-10-03T21:54:46.3041239Z [36;1mlog=$(mktemp)[0m
2026-10-03T21:54:46.3041479Z [36;1mtrap 'rm -f "$log"' EXIT[0m
2026-10-03T21:54:46.3041751Z [36;1mfor attempt in 1 2 3 4 5; do[0m
2026-10-03T21:54:46.3042254Z [36;1m  if rustup toolchain install stable --profile minimal --no-self-update --force-non-host 2>&1 | tee "$log"; then[0m
2026-10-03T21:54:46.3042745Z [36;1m    break[0m
2026-10-03T21:54:46.3042948Z [36;1m  else[0m
2026-10-03T21:54:46.3043165Z [36;1m    status=$?[0m
2026-10-03T21:54:46.3043375Z [36;1m  fi[0m
2026-10-03T21:54:46.3043664Z [36;1m  if [[ $attempt == 5 ]] || ! grep -Fq 'checksum failed for ' "$log" \[0m
2026-10-03T21:54:46.3044193Z [36;1m      || ! grep -Fq 'this is likely due to an ongoing update of the official release server' "$log"; then[0m
2026-10-03T21:54:46.3044648Z [36;1m    exit "$status"[0m
2026-10-03T21:54:46.3044878Z [36;1m  fi[0m
2026-10-03T21:54:46.3045217Z [36;1m  echo "Retrying rustup toolchain install in 30 seconds (retry $attempt of 4)" >&2[0m
2026-10-03T21:54:46.3045612Z [36;1m  sleep 30[0m
2026-10-03T21:54:46.3045816Z [36;1mdone[0m
2026-10-03T21:54:46.3081621Z shell: /usr/bin/bash --noprofile --norc -e -o pipefail {0}
2026-10-03T21:54:46.3082000Z env:
2026-10-03T21:54:46.3082218Z   CARGO_HOME: /home/runner/.cargo
2026-10-03T21:54:46.3082502Z   RUSTUP_PERMIT_COPY_RENAME: 1
2026-10-03T21:54:46.3082746Z ##[endgroup]
2026-10-03T21:54:46.4989135Z info: syncing channel updates for stable-x86_64-unknown-linux-gnu
2026-10-03T21:54:46.7673088Z info: latest update on 2026-10-01 for version 1.99.0 (b940084d7 2026-09-28)
2026-10-03T21:54:46.7798126Z info: removing previous version of component rustfmt
2026-10-03T21:54:46.7814455Z info: removing previous version of component clippy
2026-10-03T21:54:46.7823768Z info: removing previous version of component cargo
2026-10-03T21:54:46.7854987Z info: removing previous version of component rust-std
2026-10-03T21:54:46.7880227Z info: removing previous version of component rustc
2026-10-03T21:54:46.7915524Z info: downloading 5 components
2026-10-03T21:54:56.2258299Z 
2026-10-03T21:54:56.2343726Z   stable-x86_64-unknown-linux-gnu updated - rustc 1.99.0 (b940084d7 2026-09-28) (from rustc 1.98.1 (48a229cea 2026-09-01))
2026-10-03T21:54:56.2344520Z 
2026-10-03T21:54:56.2740641Z ##[end-action id=__dtolnay_rust-toolchain.__run_4;outcome=success;conclusion=success;duration_ms=9971]
2026-10-03T21:54:56.2748530Z ##[start-action display=rustup default stable;id=__dtolnay_rust-toolchain.__run_5]
2026-10-03T21:54:56.2768533Z ##[group]Run rustup default stable --force-non-host
2026-10-03T21:54:56.2768902Z [36;1mrustup default stable --force-non-host[0m
2026-10-03T21:54:56.2807884Z shell: /usr/bin/bash --noprofile --norc -e -o pipefail {0}
2026-10-03T21:54:56.2808216Z env:
2026-10-03T21:54:56.2808431Z   CARGO_HOME: /home/runner/.cargo
2026-10-03T21:54:56.2808860Z ##[endgroup]
2026-10-03T21:54:56.3266031Z info: using existing install for stable-x86_64-unknown-linux-gnu
2026-10-03T21:54:56.3272660Z info: default toolchain set to stable-x86_64-unknown-linux-gnu
2026-10-03T21:54:56.3273314Z 
2026-10-03T21:54:56.3335320Z   stable-x86_64-unknown-linux-gnu unchanged - rustc 1.99.0 (b940084d7 2026-09-28)
2026-10-03T21:54:56.3335848Z 
2026-10-03T21:54:56.3350435Z ##[end-action id=__dtolnay_rust-toolchain.__run_5;outcome=success;conclusion=success;duration_ms=60]
2026-10-03T21:54:56.3353023Z ##[start-action display=Create cachekey;id=__dtolnay_rust-toolchain.rustc-version]
2026-10-03T21:54:56.3372902Z ##[group]Run DATE=$(rustc +stable --version --verbose | sed -ne 's/^commit-date: \(20[0-9][0-9]\)-\([01][0-9]\)-\([0-3][0-9]\)$/\1\2\3/p')
2026-10-03T21:54:56.3373687Z [36;1mDATE=$(rustc +stable --version --verbose | sed -ne 's/^commit-date: \(20[0-9][0-9]\)-\([01][0-9]\)-\([0-3][0-9]\)$/\1\2\3/p')[0m
2026-10-03T21:54:56.3374303Z [36;1mHASH=$(rustc +stable --version --verbose | sed -ne 's/^commit-hash: //p')[0m
2026-10-03T21:54:56.3374780Z [36;1mecho "cachekey=$(echo $DATE$HASH | head -c12)" >> $GITHUB_OUTPUT[0m
2026-10-03T21:54:56.3414727Z shell: /usr/bin/bash --noprofile --norc -e -o pipefail {0}
2026-10-03T21:54:56.3415053Z env:
2026-10-03T21:54:56.3415260Z   CARGO_HOME: /home/runner/.cargo
2026-10-03T21:54:56.3415509Z ##[endgroup]
2026-10-03T21:54:56.4135732Z ##[end-action id=__dtolnay_rust-toolchain.rustc-version;outcome=success;conclusion=success;duration_ms=78]
2026-10-03T21:54:56.4138437Z ##[start-action display=Disable incremental compilation;id=__dtolnay_rust-toolchain.__run_6]
2026-10-03T21:54:56.4309453Z ##[group]Run if [ -z "${CARGO_INCREMENTAL+set}" ]; then
2026-10-03T21:54:56.4310119Z [36;1mif [ -z "${CARGO_INCREMENTAL+set}" ]; then[0m
2026-10-03T21:54:56.4310650Z [36;1m  echo CARGO_INCREMENTAL=0 >> $GITHUB_ENV[0m
2026-10-03T21:54:56.4311117Z [36;1mfi[0m
2026-10-03T21:54:56.4360344Z shell: /usr/bin/bash --noprofile --norc -e -o pipefail {0}
2026-10-03T21:54:56.4360689Z env:
2026-10-03T21:54:56.4361000Z   CARGO_HOME: /home/runner/.cargo
2026-10-03T21:54:56.4361386Z ##[endgroup]
2026-10-03T21:54:56.4803774Z ##[end-action id=__dtolnay_rust-toolchain.__run_6;outcome=success;conclusion=success;duration_ms=66]
2026-10-03T21:54:56.4806821Z ##[start-action display=Enable colors in Cargo output;id=__dtolnay_rust-toolchain.__run_7]
2026-10-03T21:54:56.4833916Z ##[group]Run if [ -z "${CARGO_TERM_COLOR+set}" ]; then
2026-10-03T21:54:56.4834279Z [36;1mif [ -z "${CARGO_TERM_COLOR+set}" ]; then[0m
2026-10-03T21:54:56.4834602Z [36;1m  echo CARGO_TERM_COLOR=always >> $GITHUB_ENV[0m
2026-10-03T21:54:56.4835135Z [36;1mfi[0m
2026-10-03T21:54:56.4879560Z shell: /usr/bin/bash --noprofile --norc -e -o pipefail {0}
2026-10-03T21:54:56.4880147Z env:
2026-10-03T21:54:56.4880367Z   CARGO_HOME: /home/runner/.cargo
2026-10-03T21:54:56.4880621Z   CARGO_INCREMENTAL: 0
2026-10-03T21:54:56.4880839Z ##[endgroup]
2026-10-03T21:54:56.5280773Z ##[end-action id=__dtolnay_rust-toolchain.__run_7;outcome=success;conclusion=success;duration_ms=47]
2026-10-03T21:54:56.5284507Z ##[start-action display=Enable Cargo sparse registry;id=__dtolnay_rust-toolchain.__run_8]
2026-10-03T21:54:56.5314801Z ##[group]Run # implemented in 1.66, stabilized in 1.68, made default in 1.70
2026-10-03T21:54:56.5315316Z [36;1m# implemented in 1.66, stabilized in 1.68, made default in 1.70[0m
2026-10-03T21:54:56.5316339Z [36;1mif [ -z "${CARGO_REGISTRIES_CRATES_IO_PROTOCOL+set}" -o -f "/home/runner/work/_temp"/.implicit_cargo_registries_crates_io_protocol ]; then[0m
2026-10-03T21:54:56.5317527Z [36;1m  if rustc +stable --version --verbose | grep -q '^release: 1\.6[89]\.'; then[0m
2026-10-03T21:54:56.5318488Z [36;1m    touch "/home/runner/work/_temp"/.implicit_cargo_registries_crates_io_protocol || true[0m
2026-10-03T21:54:56.5319225Z [36;1m    echo CARGO_REGISTRIES_CRATES_IO_PROTOCOL=sparse >> $GITHUB_ENV[0m
2026-10-03T21:54:56.5320294Z [36;1m  elif rustc +stable --version --verbose | grep -q '^release: 1\.6[67]\.'; then[0m
2026-10-03T21:54:56.5321026Z [36;1m    touch "/home/runner/work/_temp"/.implicit_cargo_registries_crates_io_protocol || true[0m
2026-10-03T21:54:56.5321516Z [36;1m    echo CARGO_REGISTRIES_CRATES_IO_PROTOCOL=git >> $GITHUB_ENV[0m
2026-10-03T21:54:56.5322000Z [36;1m  fi[0m
2026-10-03T21:54:56.5322303Z [36;1mfi[0m
2026-10-03T21:54:56.5396166Z shell: /usr/bin/bash --noprofile --norc -e -o pipefail {0}
2026-10-03T21:54:56.5396509Z env:
2026-10-03T21:54:56.5396715Z   CARGO_HOME: /home/runner/.cargo
2026-10-03T21:54:56.5396970Z   CARGO_INCREMENTAL: 0
2026-10-03T21:54:56.5397195Z   CARGO_TERM_COLOR: always
2026-10-03T21:54:56.5397436Z ##[endgroup]
2026-10-03T21:54:56.6022701Z ##[end-action id=__dtolnay_rust-toolchain.__run_8;outcome=success;conclusion=success;duration_ms=73]
2026-10-03T21:54:56.6025107Z ##[start-action display=Work around spurious network errors in curl 8.0;id=__dtolnay_rust-toolchain.__run_9]
2026-10-03T21:54:56.6041675Z ##[group]Run # https://rust-lang.zulipchat.com/#narrow/stream/246057-t-cargo/topic/timeout.20investigation
2026-10-03T21:54:56.6042401Z [36;1m# https://rust-lang.zulipchat.com/#narrow/stream/246057-t-cargo/topic/timeout.20investigation[0m
2026-10-03T21:54:56.6043005Z [36;1mif rustc +stable --version --verbose | grep -q '^release: 1\.7[01]\.'; then[0m
2026-10-03T21:54:56.6043448Z [36;1m  echo CARGO_HTTP_MULTIPLEXING=false >> $GITHUB_ENV[0m
2026-10-03T21:54:56.6043753Z [36;1mfi[0m
2026-10-03T21:54:56.6082534Z shell: /usr/bin/bash --noprofile --norc -e -o pipefail {0}
2026-10-03T21:54:56.6082857Z env:
2026-10-03T21:54:56.6083065Z   CARGO_HOME: /home/runner/.cargo
2026-10-03T21:54:56.6083333Z   CARGO_INCREMENTAL: 0
2026-10-03T21:54:56.6083552Z   CARGO_TERM_COLOR: always
2026-10-03T21:54:56.6083772Z ##[endgroup]
2026-10-03T21:54:56.6341580Z ##[end-action id=__dtolnay_rust-toolchain.__run_9;outcome=success;conclusion=success;duration_ms=31]
2026-10-03T21:54:56.6346531Z ##[start-action display=rustc +stable --version --verbose;id=__dtolnay_rust-toolchain.__run_10]
2026-10-03T21:54:56.6368523Z ##[group]Run rustc +stable --version --verbose
2026-10-03T21:54:56.6368864Z [36;1mrustc +stable --version --verbose[0m
2026-10-03T21:54:56.6414016Z shell: /usr/bin/bash --noprofile --norc -e -o pipefail {0}
2026-10-03T21:54:56.6414356Z env:
2026-10-03T21:54:56.6414562Z   CARGO_HOME: /home/runner/.cargo
2026-10-03T21:54:56.6414815Z   CARGO_INCREMENTAL: 0
2026-10-03T21:54:56.6415035Z   CARGO_TERM_COLOR: always
2026-10-03T21:54:56.6415258Z ##[endgroup]
2026-10-03T21:54:56.6949173Z rustc 1.99.0 (b940084d7 2026-09-28)
2026-10-03T21:54:56.6950021Z binary: rustc
2026-10-03T21:54:56.6951064Z commit-hash: b940084d7eb6a299eb4bfeb8e34901bc051e7ac4
2026-10-03T21:54:56.6951710Z commit-date: 2026-09-28
2026-10-03T21:54:56.6952206Z host: x86_64-unknown-linux-gnu
2026-10-03T21:54:56.6952735Z release: 1.99.0
2026-10-03T21:54:56.6953240Z LLVM version: 23.1.1
2026-10-03T21:54:56.6965945Z ##[end-action id=__dtolnay_rust-toolchain.__run_10;outcome=success;conclusion=success;duration_ms=61]
2026-10-03T21:54:56.7024360Z ##[group]Run openssl version
2026-10-03T21:54:56.7024640Z [36;1mopenssl version[0m
2026-10-03T21:54:56.7066863Z shell: /usr/bin/bash -e {0}
2026-10-03T21:54:56.7067122Z env:
2026-10-03T21:54:56.7067343Z   CARGO_HOME: /home/runner/.cargo
2026-10-03T21:54:56.7067604Z   CARGO_INCREMENTAL: 0
2026-10-03T21:54:56.7067827Z   CARGO_TERM_COLOR: always
2026-10-03T21:54:56.7068053Z ##[endgroup]
2026-10-03T21:54:56.7329790Z OpenSSL 3.0.13 30 Jan 2024 (Library: OpenSSL 3.0.13 30 Jan 2024)
2026-10-03T21:54:56.7358882Z ##[group]Run cargo build --locked --example verifiable_producer --example verifiable_consumer
2026-10-03T21:54:56.7359517Z [36;1mcargo build --locked --example verifiable_producer --example verifiable_consumer[0m
2026-10-03T21:54:56.7398231Z shell: /usr/bin/bash -e {0}
2026-10-03T21:54:56.7398494Z env:
2026-10-03T21:54:56.7398700Z   CARGO_HOME: /home/runner/.cargo
2026-10-03T21:54:56.7398957Z   CARGO_INCREMENTAL: 0
2026-10-03T21:54:56.7399202Z   CARGO_TERM_COLOR: always
2026-10-03T21:54:56.7399515Z ##[endgroup]
2026-10-03T21:54:56.8465170Z [1m[92m    Updating[0m crates.io index
2026-10-03T21:54:57.1271053Z [1m[92m Downloading[0m crates ...
2026-10-03T21:54:57.1726397Z [1m[92m  Downloaded[0m block-buffer v0.12.1
2026-10-03T21:54:57.1827875Z [1m[92m  Downloaded[0m adler2 v2.0.1
2026-10-03T21:54:57.1956429Z [1m[92m  Downloaded[0m cc v1.4.4
2026-10-03T21:54:57.1978468Z [1m[92m  Downloaded[0m base64 v0.23.1
2026-10-03T21:54:57.2002678Z [1m[92m  Downloaded[0m bytes v1.12.1
2026-10-03T21:54:57.2023970Z [1m[92m  Downloaded[0m find-msvc-tools v0.1.11
2026-10-03T21:54:57.2033901Z [1m[92m  Downloaded[0m scopeguard v1.2.0
2026-10-03T21:54:57.2043363Z [1m[92m  Downloaded[0m smallvec v1.15.2
2026-10-03T21:54:57.2053867Z [1m[92m  Downloaded[0m const-oid v0.10.2
2026-10-03T21:54:57.2071634Z [1m[92m  Downloaded[0m rustc_version v0.4.1
2026-10-03T21:54:57.2088291Z [1m[92m  Downloaded[0m rustls-pki-types v1.15.1
2026-10-03T21:54:57.2126764Z [1m[92m  Downloaded[0m cpufeatures v0.3.1
2026-10-03T21:54:57.2136350Z [1m[92m  Downloaded[0m shlex v2.0.1
2026-10-03T21:54:57.2145221Z [1m[92m  Downloaded[0m cmov v0.5.4
2026-10-03T21:54:57.2156955Z [1m[92m  Downloaded[0m subtle v2.6.1
2026-10-03T21:54:57.2164318Z [1m[92m  Downloaded[0m untrusted v0.9.0
2026-10-03T21:54:57.2181029Z [1m[92m  Downloaded[0m crc32c v0.6.8
2026-10-03T21:54:57.2194385Z [1m[92m  Downloaded[0m crypto-common v0.2.2
2026-10-03T21:54:57.2207583Z [1m[92m  Downloaded[0m cfg-if v1.0.4
2026-10-03T21:54:57.2230727Z [1m[92m  Downloaded[0m ctutils v0.4.2
2026-10-03T21:54:57.2256610Z [1m[92m  Downloaded[0m errno v0.3.14
2026-10-03T21:54:57.2280901Z [1m[92m  Downloaded[0m tokio-macros v2.7.2
2026-10-03T21:54:57.2281688Z [1m[92m  Downloaded[0m digest v0.11.3
2026-10-03T21:54:57.2297384Z [1m[92m  Downloaded[0m quote v1.0.47
2026-10-03T21:54:57.2320727Z [1m[92m  Downloaded[0m signal-hook-registry v1.4.8
2026-10-03T21:54:57.2325697Z [1m[92m  Downloaded[0m simd-adler32 v0.3.10
2026-10-03T21:54:57.2339582Z [1m[92m  Downloaded[0m snap v1.1.2
2026-10-03T21:54:57.2355365Z [1m[92m  Downloaded[0m lz4_flex v0.14.0
2026-10-03T21:54:57.2370427Z [1m[92m  Downloaded[0m once_cell v1.21.4
2026-10-03T21:54:57.2387821Z [1m[92m  Downloaded[0m pbkdf2 v0.13.0
2026-10-03T21:54:57.2399065Z [1m[92m  Downloaded[0m sha2 v0.11.0
2026-10-03T21:54:57.2420610Z [1m[92m  Downloaded[0m zeroize v1.9.0
2026-10-03T21:54:57.2451231Z [1m[92m  Downloaded[0m lock_api v0.4.14
2026-10-03T21:54:57.2451962Z [1m[92m  Downloaded[0m tokio-rustls v0.26.5
2026-10-03T21:54:57.2453496Z [1m[92m  Downloaded[0m twox-hash v2.1.2
2026-10-03T21:54:57.2471001Z [1m[92m  Downloaded[0m hmac v0.13.0
2026-10-03T21:54:57.2482207Z [1m[92m  Downloaded[0m hybrid-array v0.4.14
2026-10-03T21:54:57.2500404Z [1m[92m  Downloaded[0m parking_lot_core v0.9.12
2026-10-03T21:54:57.2530893Z [1m[92m  Downloaded[0m pin-project-lite v0.2.17
2026-10-03T21:54:57.2551553Z [1m[92m  Downloaded[0m semver v1.0.28
2026-10-03T21:54:57.2567859Z [1m[92m  Downloaded[0m unicode-ident v1.0.24
2026-10-03T21:54:57.2600354Z [1m[92m  Downloaded[0m crc32fast v1.5.1
2026-10-03T21:54:57.2610548Z [1m[92m  Downloaded[0m parking_lot v0.12.5
2026-10-03T21:54:57.2626269Z [1m[92m  Downloaded[0m proc-macro2 v1.0.107
2026-10-03T21:54:57.2644227Z [1m[92m  Downloaded[0m socket2 v0.6.5
2026-10-03T21:54:57.2658365Z [1m[92m  Downloaded[0m getrandom v0.2.17
2026-10-03T21:54:57.2677045Z [1m[92m  Downloaded[0m getrandom v0.4.3
2026-10-03T21:54:57.2702329Z [1m[92m  Downloaded[0m flate2 v1.1.10
2026-10-03T21:54:57.2730371Z [1m[92m  Downloaded[0m miniz_oxide v0.9.1
2026-10-03T21:54:57.2746252Z [1m[92m  Downloaded[0m rustls-webpki v0.103.15
2026-10-03T21:54:57.2765858Z [1m[92m  Downloaded[0m mio v1.2.2
2026-10-03T21:54:57.2801093Z [1m[92m  Downloaded[0m typenum v1.20.1
2026-10-03T21:54:57.2829054Z [1m[92m  Downloaded[0m webpki-roots v1.0.9
2026-10-03T21:54:57.2855780Z [1m[92m  Downloaded[0m zlib-rs v0.6.8
2026-10-03T21:54:57.2895325Z [1m[92m  Downloaded[0m syn v3.0.4
2026-10-03T21:54:57.2965710Z [1m[92m  Downloaded[0m rustls v0.23.45
2026-10-03T21:54:57.3044624Z [1m[92m  Downloaded[0m libc v0.2.189
2026-10-03T21:54:57.3286377Z [1m[92m  Downloaded[0m tokio v1.53.1
2026-10-03T21:54:57.3560358Z [1m[92m  Downloaded[0m ring v0.17.14
2026-10-03T21:54:57.4376286Z [1m[92m   Compiling[0m libc v0.2.189
2026-10-03T21:54:57.4376869Z [1m[92m   Compiling[0m cfg-if v1.0.4
2026-10-03T21:54:57.4377268Z [1m[92m   Compiling[0m find-msvc-tools v0.1.11
2026-10-03T21:54:57.4377624Z [1m[92m   Compiling[0m shlex v2.0.1
2026-10-03T21:54:57.4750991Z [1m[92m   Compiling[0m typenum v1.20.1
2026-10-03T21:54:57.5817885Z [1m[92m   Compiling[0m cc v1.4.4
2026-10-03T21:54:57.5872974Z [1m[92m   Compiling[0m proc-macro2 v1.0.107
2026-10-03T21:54:58.1604947Z [1m[92m   Compiling[0m hybrid-array v0.4.14
2026-10-03T21:54:58.4565106Z [1m[92m   Compiling[0m quote v1.0.47
2026-10-03T21:54:58.4873611Z [1m[92m   Compiling[0m ring v0.17.14
2026-10-03T21:54:58.5591626Z [1m[92m   Compiling[0m unicode-ident v1.0.24
2026-10-03T21:54:58.6351129Z [1m[92m   Compiling[0m zeroize v1.9.0
2026-10-03T21:54:58.7657008Z [1m[92m   Compiling[0m cmov v0.5.4
2026-10-03T21:54:58.9060269Z [1m[92m   Compiling[0m ctutils v0.4.2
2026-10-03T21:54:59.0526109Z [1m[92m   Compiling[0m rustls-pki-types v1.15.1
2026-10-03T21:54:59.1529140Z [1m[92m   Compiling[0m block-buffer v0.12.1
2026-10-03T21:54:59.2083850Z [1m[92m   Compiling[0m crypto-common v0.2.2
2026-10-03T21:54:59.4426293Z [1m[92m   Compiling[0m getrandom v0.2.17
2026-10-03T21:54:59.4505150Z [1m[92m   Compiling[0m semver v1.0.28
2026-10-03T21:54:59.5263240Z [1m[92m   Compiling[0m untrusted v0.9.0
2026-10-03T21:54:59.5609544Z [1m[92m   Compiling[0m const-oid v0.10.2
2026-10-03T21:54:59.6491430Z [1m[92m   Compiling[0m rustc_version v0.4.1
2026-10-03T21:54:59.6574806Z [1m[92m   Compiling[0m errno v0.3.14
2026-10-03T21:54:59.7194303Z [1m[92m   Compiling[0m syn v3.0.4
2026-10-03T21:54:59.7899872Z [1m[92m   Compiling[0m digest v0.11.3
2026-10-03T21:54:59.8963196Z [1m[92m   Compiling[0m crc32fast v1.5.1
2026-10-03T21:55:00.0171913Z [1m[92m   Compiling[0m rustls v0.23.45
2026-10-03T21:55:00.0897052Z [1m[92m   Compiling[0m parking_lot_core v0.9.12
2026-10-03T21:55:00.1054566Z [1m[92m   Compiling[0m crc32c v0.6.8
2026-10-03T21:55:00.1872257Z [1m[92m   Compiling[0m signal-hook-registry v1.4.8
2026-10-03T21:55:00.2331117Z [1m[92m   Compiling[0m mio v1.2.2
2026-10-03T21:55:00.3721075Z [1m[92m   Compiling[0m socket2 v0.6.5
2026-10-03T21:55:00.6735826Z [1m[92m   Compiling[0m subtle v2.6.1
2026-10-03T21:55:00.7512768Z [1m[92m   Compiling[0m once_cell v1.21.4
2026-10-03T21:55:00.8011371Z [1m[92m   Compiling[0m snap v1.1.2
2026-10-03T21:55:00.8763862Z [1m[92m   Compiling[0m simd-adler32 v0.3.10
2026-10-03T21:55:00.9300903Z [1m[92m   Compiling[0m adler2 v2.0.1
2026-10-03T21:55:00.9801276Z [1m[92m   Compiling[0m pin-project-lite v0.2.17
2026-10-03T21:55:00.9927421Z [1m[92m   Compiling[0m smallvec v1.15.2
2026-10-03T21:55:01.0069218Z [1m[92m   Compiling[0m getrandom v0.4.3
2026-10-03T21:55:01.1031971Z [1m[92m   Compiling[0m scopeguard v1.2.0
2026-10-03T21:55:01.1291380Z [1m[92m   Compiling[0m bytes v1.12.1
2026-10-03T21:55:01.1401118Z [1m[92m   Compiling[0m lock_api v0.4.14
2026-10-03T21:55:01.4880988Z [1m[92m   Compiling[0m miniz_oxide v0.9.1
2026-10-03T21:55:01.8542457Z [1m[92m   Compiling[0m hmac v0.13.0
2026-10-03T21:55:01.9385687Z [1m[92m   Compiling[0m twox-hash v2.1.2
2026-10-03T21:55:01.9975460Z [1m[92m   Compiling[0m zlib-rs v0.6.8
2026-10-03T21:55:02.0467702Z [1m[92m   Compiling[0m cpufeatures v0.3.1
2026-10-03T21:55:02.0706052Z [1m[92m   Compiling[0m sha2 v0.11.0
2026-10-03T21:55:02.6335400Z [1m[92m   Compiling[0m tokio-macros v2.7.2
2026-10-03T21:55:02.8550347Z [1m[92m   Compiling[0m lz4_flex v0.14.0
2026-10-03T21:55:02.9468627Z [1m[92m   Compiling[0m tokio v1.53.1
2026-10-03T21:55:03.1944299Z [1m[92m   Compiling[0m pbkdf2 v0.13.0
2026-10-03T21:55:03.7180441Z [1m[92m   Compiling[0m parking_lot v0.12.5
2026-10-03T21:55:04.0501111Z [1m[92m   Compiling[0m webpki-roots v1.0.9
2026-10-03T21:55:04.1080962Z [1m[92m   Compiling[0m base64 v0.23.1
2026-10-03T21:55:05.2763169Z [1m[92m   Compiling[0m rustls-webpki v0.103.15
2026-10-03T21:55:06.1931072Z [1m[92m   Compiling[0m flate2 v1.1.10
2026-10-03T21:55:08.2485110Z [1m[92m   Compiling[0m tokio-rustls v0.26.5
2026-10-03T21:55:08.4171648Z [1m[92m   Compiling[0m partitionline v0.1.0 (/home/runner/work/partitionline/partitionline)
2026-10-03T21:55:20.9245786Z [1m[92m    Finished[0m `dev` profile [unoptimized + debuginfo] target(s) in 24.14s
2026-10-03T21:55:20.9462190Z ##[group]Run cargo test --locked --all-targets
2026-10-03T21:55:20.9462565Z [36;1mcargo test --locked --all-targets[0m
2026-10-03T21:55:20.9497538Z shell: /usr/bin/bash -e {0}
2026-10-03T21:55:20.9497800Z env:
2026-10-03T21:55:20.9498016Z   CARGO_HOME: /home/runner/.cargo
2026-10-03T21:55:20.9498269Z   CARGO_INCREMENTAL: 0
2026-10-03T21:55:20.9498491Z   CARGO_TERM_COLOR: always
2026-10-03T21:55:20.9498718Z ##[endgroup]
2026-10-03T21:55:21.0018179Z [1m[92m   Compiling[0m partitionline v0.1.0 (/home/runner/work/partitionline/partitionline)
2026-10-03T21:56:04.5890475Z [1m[91merror[0m[1m: unused result of type `Vec<PartitionInfo>`[0m
2026-10-03T21:56:04.5920776Z    [1m[94m--> [0mtests/sticky_partitioner.rs:183:5
2026-10-03T21:56:04.5940684Z     [1m[94m|[0m
2026-10-03T21:56:04.5960743Z [1m[94m183[0m [1m[94m|[0m     producer.partitions_for("t").await.unwrap();
2026-10-03T21:56:04.5980783Z     [1m[94m|[0m     [1m[91m^^^^^^^^^^^^^^^^^^^^^^^^^^^^^^^^^^^^^^^^^^^^[0m
2026-10-03T21:56:04.6010335Z     [1m[94m|[0m
2026-10-03T21:56:04.6020868Z     [1m[94m= [0m[1mnote[0m: requested on the command line with `-D unused-results`
2026-10-03T21:56:04.6050094Z 
2026-10-03T21:56:04.6070512Z [1m[91merror[0m[1m: unused result of type `RecordMetadata`[0m
2026-10-03T21:56:04.6100399Z    [1m[94m--> [0mtests/sticky_partitioner.rs:527:9
2026-10-03T21:56:04.6110456Z     [1m[94m|[0m
2026-10-03T21:56:04.6130632Z [1m[94m527[0m [1m[94m|[0m [1m[91m/[0m         producer
2026-10-03T21:56:04.6159484Z [1m[94m528[0m [1m[94m|[0m [1m[91m|[0m             .send(ProduceRecord::to(topic).value(&b"payload"[..]))
2026-10-03T21:56:04.6170663Z [1m[94m529[0m [1m[94m|[0m [1m[91m|[0m             .await
2026-10-03T21:56:04.6200611Z [1m[94m530[0m [1m[94m|[0m [1m[91m|[0m             .unwrap();
2026-10-03T21:56:04.6210386Z     [1m[94m|[0m [1m[91m|______________________^[0m
2026-10-03T21:56:04.6239986Z 
2026-10-03T21:56:04.6260797Z [1m[91merror[0m[1m: unused result of type `Vec<PartitionInfo>`[0m
2026-10-03T21:56:04.6264362Z    [1m[94m--> [0mtests/sticky_partitioner.rs:621:5
2026-10-03T21:56:04.6291209Z     [1m[94m|[0m
2026-10-03T21:56:04.6292034Z [1m[94m621[0m [1m[94m|[0m     producer.partitions_for("t").await.unwrap();
2026-10-03T21:56:04.6293100Z     [1m[94m|[0m     [1m[91m^^^^^^^^^^^^^^^^^^^^^^^^^^^^^^^^^^^^^^^^^^^^[0m
2026-10-03T21:56:04.6293665Z 
2026-10-03T21:56:04.6294162Z [1m[91merror[0m[1m: unused result of type `Vec<PartitionInfo>`[0m
2026-10-03T21:56:04.6294935Z    [1m[94m--> [0mtests/sticky_partitioner.rs:631:5
2026-10-03T21:56:04.6295574Z     [1m[94m|[0m
2026-10-03T21:56:04.6296258Z [1m[94m631[0m [1m[94m|[0m     producer.partitions_for("t").await.unwrap();
2026-10-03T21:56:04.6297156Z     [1m[94m|[0m     [1m[91m^^^^^^^^^^^^^^^^^^^^^^^^^^^^^^^^^^^^^^^^^^^^[0m
2026-10-03T21:56:04.6297655Z 
2026-10-03T21:56:04.6298112Z [1m[91merror[0m[1m: unused result of type `Vec<PartitionInfo>`[0m
2026-10-03T21:56:04.6299044Z    [1m[94m--> [0mtests/sticky_partitioner.rs:661:5
2026-10-03T21:56:04.6300153Z     [1m[94m|[0m
2026-10-03T21:56:04.6300910Z [1m[94m661[0m [1m[94m|[0m     producer.partitions_for("t").await.unwrap();
2026-10-03T21:56:04.6301814Z     [1m[94m|[0m     [1m[91m^^^^^^^^^^^^^^^^^^^^^^^^^^^^^^^^^^^^^^^^^^^^[0m
2026-10-03T21:56:04.6302263Z 
2026-10-03T21:56:04.6312913Z [1m[91merror[0m: could not compile `partitionline` (test "sticky_partitioner") due to 5 previous errors
2026-10-03T21:56:04.6315146Z [1m[33mwarning[0m: build failed, waiting for other jobs to finish...
2026-10-03T21:56:09.6709518Z ##[error]Process completed with exit code 101.
2026-10-03T21:56:09.6836424Z Post job cleanup.
2026-10-03T21:56:09.7632699Z [command]/usr/bin/git version
2026-10-03T21:56:09.7680487Z git version 2.55.0
2026-10-03T21:56:09.7733957Z Temporarily overriding HOME='/home/runner/work/_temp/89b2fcaf-d8a8-4feb-ae99-43ff9ed00e15' before making global git config changes
2026-10-03T21:56:09.7735574Z Adding repository directory to the temporary git global config as a safe directory
2026-10-03T21:56:09.7740509Z [command]/usr/bin/git config --global --add safe.directory /home/runner/work/partitionline/partitionline
2026-10-03T21:56:09.7769974Z Removing SSH command configuration
2026-10-03T21:56:09.7776662Z [command]/usr/bin/git config --local --name-only --get-regexp core\.sshCommand
2026-10-03T21:56:09.7808808Z [command]/usr/bin/git submodule foreach --recursive sh -c "git config --local --name-only --get-regexp 'core\.sshCommand' && git config --local --unset-all 'core.sshCommand' || :"
2026-10-03T21:56:09.8105579Z Removing HTTP extra header
2026-10-03T21:56:09.8110887Z [command]/usr/bin/git config --local --name-only --get-regexp http\.https\:\/\/github\.com\/\.extraheader
2026-10-03T21:56:09.8147886Z [command]/usr/bin/git submodule foreach --recursive sh -c "git config --local --name-only --get-regexp 'http\.https\:\/\/github\.com\/\.extraheader' && git config --local --unset-all 'http.https://github.com/.extraheader' || :"
2026-10-03T21:56:09.8429836Z Removing includeIf entries pointing to credentials config files
2026-10-03T21:56:09.8438422Z [command]/usr/bin/git config --local --name-only --get-regexp ^includeIf\.gitdir:
2026-10-03T21:56:09.8468775Z includeif.gitdir:/home/runner/work/partitionline/partitionline/.git.path
2026-10-03T21:56:09.8470578Z includeif.gitdir:/home/runner/work/partitionline/partitionline/.git/worktrees/*.path
2026-10-03T21:56:09.8471557Z includeif.gitdir:/github/workspace/.git.path
2026-10-03T21:56:09.8472362Z includeif.gitdir:/github/workspace/.git/worktrees/*.path
2026-10-03T21:56:09.8478083Z [command]/usr/bin/git config --local --get-all includeif.gitdir:/home/runner/work/partitionline/partitionline/.git.path
2026-10-03T21:56:09.8501675Z /home/runner/work/_temp/git-credentials-71d8a722-2449-457b-afed-76d97977ae9d.config
2026-10-03T21:56:09.8511491Z [command]/usr/bin/git config --local --unset includeif.gitdir:/home/runner/work/partitionline/partitionline/.git.path \/home\/runner\/work\/_temp\/git\-credentials\-71d8a722\-2449\-457b\-afed\-76d97977ae9d\.config
2026-10-03T21:56:09.8576883Z [command]/usr/bin/git config --local --get-all includeif.gitdir:/home/runner/work/partitionline/partitionline/.git/worktrees/*.path
2026-10-03T21:56:09.8597336Z /home/runner/work/_temp/git-credentials-71d8a722-2449-457b-afed-76d97977ae9d.config
2026-10-03T21:56:09.8605535Z [command]/usr/bin/git config --local --unset includeif.gitdir:/home/runner/work/partitionline/partitionline/.git/worktrees/*.path \/home\/runner\/work\/_temp\/git\-credentials\-71d8a722\-2449\-457b\-afed\-76d97977ae9d\.config
2026-10-03T21:56:09.8640088Z [command]/usr/bin/git config --local --get-all includeif.gitdir:/github/workspace/.git.path
2026-10-03T21:56:09.8660182Z /github/runner_temp/git-credentials-71d8a722-2449-457b-afed-76d97977ae9d.config
2026-10-03T21:56:09.8665672Z [command]/usr/bin/git config --local --unset includeif.gitdir:/github/workspace/.git.path \/github\/runner_temp\/git\-credentials\-71d8a722\-2449\-457b\-afed\-76d97977ae9d\.config
2026-10-03T21:56:09.8693299Z [command]/usr/bin/git config --local --get-all includeif.gitdir:/github/workspace/.git/worktrees/*.path
2026-10-03T21:56:09.8712076Z /github/runner_temp/git-credentials-71d8a722-2449-457b-afed-76d97977ae9d.config
2026-10-03T21:56:09.8717908Z [command]/usr/bin/git config --local --unset includeif.gitdir:/github/workspace/.git/worktrees/*.path \/github\/runner_temp\/git\-credentials\-71d8a722\-2449\-457b\-afed\-76d97977ae9d\.config
2026-10-03T21:56:09.8748019Z [command]/usr/bin/git submodule foreach --recursive git config --local --show-origin --name-only --get-regexp remote.origin.url
2026-10-03T21:56:09.9002894Z Removing credentials config '/home/runner/work/_temp/git-credentials-71d8a722-2449-457b-afed-76d97977ae9d.config'
2026-10-03T21:56:09.9164425Z Cleaning up orphan processes
