2026-10-03T21:54:35.8592215Z Current runner version: '2.337.0'
2026-10-03T21:54:35.8619357Z ##[group]Runner Image Provisioner
2026-10-03T21:54:35.8620547Z Hosted Compute Agent
2026-10-03T21:54:35.8621167Z Version: 20260901.588
2026-10-03T21:54:35.8622111Z Commit: f88ec8081b781fac6c440065ac7ff9e710ce3d0b
2026-10-03T21:54:35.8622848Z Build Date: 2026-09-01T19:56:44Z
2026-10-03T21:54:35.8623657Z Worker ID: {ca47fe87-d87d-472c-b527-65127b303740}
2026-10-03T21:54:35.8624490Z Azure Region: eastus
2026-10-03T21:54:35.8625083Z ##[endgroup]
2026-10-03T21:54:35.8626656Z ##[group]Operating System
2026-10-03T21:54:35.8627292Z Ubuntu
2026-10-03T21:54:35.8627900Z 24.04.5
2026-10-03T21:54:35.8628444Z LTS
2026-10-03T21:54:35.8628934Z ##[endgroup]
2026-10-03T21:54:35.8629547Z ##[group]Runner Image
2026-10-03T21:54:35.8630130Z Image: ubuntu-24.04
2026-10-03T21:54:35.8630727Z Version: 20260927.320.1
2026-10-03T21:54:35.8632246Z Included Software: https://github.com/actions/runner-images/blob/ubuntu24/20260927.320/images/ubuntu/Ubuntu2404-Readme.md
2026-10-03T21:54:35.8633866Z Image Release: https://github.com/actions/runner-images/releases/tag/ubuntu24%2F20260927.320
2026-10-03T21:54:35.8634821Z ##[endgroup]
2026-10-03T21:54:35.8638044Z ##[group]GITHUB_TOKEN Permissions
2026-10-03T21:54:35.8640933Z Actions: write
2026-10-03T21:54:35.8641880Z ArtifactMetadata: write
2026-10-03T21:54:35.8642502Z Attestations: write
2026-10-03T21:54:35.8643106Z Checks: write
2026-10-03T21:54:35.8643736Z CodeQuality: write
2026-10-03T21:54:35.8644389Z Contents: write
2026-10-03T21:54:35.8644969Z CopilotRequests: write
2026-10-03T21:54:35.8645590Z Deployments: write
2026-10-03T21:54:35.8646236Z Discussions: write
2026-10-03T21:54:35.8646785Z Drives: write
2026-10-03T21:54:35.8647303Z Issues: write
2026-10-03T21:54:35.8647900Z Metadata: read
2026-10-03T21:54:35.8648548Z Models: read
2026-10-03T21:54:35.8649121Z Packages: write
2026-10-03T21:54:35.8649785Z Pages: write
2026-10-03T21:54:35.8650309Z PullRequests: write
2026-10-03T21:54:35.8650973Z RepositoryProjects: write
2026-10-03T21:54:35.8652057Z SecurityEvents: write
2026-10-03T21:54:35.8652750Z Statuses: write
2026-10-03T21:54:35.8653364Z VulnerabilityAlerts: read
2026-10-03T21:54:35.8653957Z ##[endgroup]
2026-10-03T21:54:35.8656282Z Secret source: Actions
2026-10-03T21:54:35.8657213Z Cache mode: write
2026-10-03T21:54:35.8658300Z Prepare workflow directory
2026-10-03T21:54:35.8996765Z Prepare all required actions
2026-10-03T21:54:35.9045685Z Getting action download info
2026-10-03T21:54:36.1356124Z Download action repository 'actions/checkout@v7' (SHA:3d3c42e5aac5ba805825da76410c181273ba90b1)
2026-10-03T21:54:36.2445200Z Download action repository 'dtolnay/rust-toolchain@stable' (SHA:89b12181fb390509a0842a86cc55eeb8eb928c1d)
2026-10-03T21:54:36.4723300Z Complete job name: clippy
2026-10-03T21:54:36.5488055Z ##[group]Run actions/checkout@v7
2026-10-03T21:54:36.5488944Z with:
2026-10-03T21:54:36.5489410Z   repository: mingley/partitionline
2026-10-03T21:54:36.5493436Z   token: ***
2026-10-03T21:54:36.5493877Z   ssh-strict: true
2026-10-03T21:54:36.5494347Z   ssh-user: git
2026-10-03T21:54:36.5494809Z   persist-credentials: true
2026-10-03T21:54:36.5495301Z   clean: true
2026-10-03T21:54:36.5495742Z   sparse-checkout-cone-mode: true
2026-10-03T21:54:36.5496262Z   fetch-depth: 1
2026-10-03T21:54:36.5496690Z   fetch-tags: false
2026-10-03T21:54:36.5497133Z   show-progress: true
2026-10-03T21:54:36.5497577Z   lfs: false
2026-10-03T21:54:36.5497987Z   submodules: false
2026-10-03T21:54:36.5498436Z   set-safe-directory: true
2026-10-03T21:54:36.5498943Z   allow-unsafe-pr-checkout: false
2026-10-03T21:54:36.5499741Z ##[endgroup]
2026-10-03T21:54:36.6522616Z Syncing repository: mingley/partitionline
2026-10-03T21:54:36.6525244Z ##[group]Getting Git version info
2026-10-03T21:54:36.6526570Z Working directory is '/home/runner/work/partitionline/partitionline'
2026-10-03T21:54:36.6528420Z [command]/usr/bin/git version
2026-10-03T21:54:36.6598517Z git version 2.55.0
2026-10-03T21:54:36.6627138Z ##[endgroup]
2026-10-03T21:54:36.6636610Z Temporarily overriding HOME='/home/runner/work/_temp/4414ccfb-11b7-4f6e-bad4-b3a4983642d8' before making global git config changes
2026-10-03T21:54:36.6647104Z Adding repository directory to the temporary git global config as a safe directory
2026-10-03T21:54:36.6656577Z [command]/usr/bin/git config --global --add safe.directory /home/runner/work/partitionline/partitionline
2026-10-03T21:54:36.6707927Z Deleting the contents of '/home/runner/work/partitionline/partitionline'
2026-10-03T21:54:36.6711211Z ##[group]Determining repository object format
2026-10-03T21:54:36.6718439Z ##[endgroup]
2026-10-03T21:54:36.6719639Z ##[group]Initializing the repository
2026-10-03T21:54:36.6720414Z [command]/usr/bin/git init /home/runner/work/partitionline/partitionline
2026-10-03T21:54:36.6877189Z hint: Using 'master' as the name for the initial branch. This default branch name
2026-10-03T21:54:36.6879108Z hint: will change to "main" in Git 3.0. To configure the initial branch name
2026-10-03T21:54:36.6883829Z hint: to use in all of your new repositories, which will suppress this warning,
2026-10-03T21:54:36.6885339Z hint: call:
2026-10-03T21:54:36.6886085Z hint:
2026-10-03T21:54:36.6887163Z hint: 	git config --global init.defaultBranch <name>
2026-10-03T21:54:36.6888272Z hint:
2026-10-03T21:54:36.6889293Z hint: Names commonly chosen instead of 'master' are 'main', 'trunk' and
2026-10-03T21:54:36.6890876Z hint: 'development'. The just-created branch can be renamed via this command:
2026-10-03T21:54:36.6892440Z hint:
2026-10-03T21:54:36.6893258Z hint: 	git branch -m <name>
2026-10-03T21:54:36.6894202Z hint:
2026-10-03T21:54:36.6895375Z hint: Disable this message with "git config set advice.defaultBranchName false"
2026-10-03T21:54:36.6897299Z Initialized empty Git repository in /home/runner/work/partitionline/partitionline/.git/
2026-10-03T21:54:36.6900197Z [command]/usr/bin/git remote add origin https://github.com/mingley/partitionline
2026-10-03T21:54:36.6952798Z ##[endgroup]
2026-10-03T21:54:36.6954090Z ##[group]Disabling automatic garbage collection
2026-10-03T21:54:36.6956963Z [command]/usr/bin/git config --local gc.auto 0
2026-10-03T21:54:36.7005539Z ##[endgroup]
2026-10-03T21:54:36.7006348Z ##[group]Setting up auth
2026-10-03T21:54:36.7006888Z Removing SSH command configuration
2026-10-03T21:54:36.7014749Z [command]/usr/bin/git config --local --name-only --get-regexp core\.sshCommand
2026-10-03T21:54:36.7050046Z [command]/usr/bin/git submodule foreach --recursive sh -c "git config --local --name-only --get-regexp 'core\.sshCommand' && git config --local --unset-all 'core.sshCommand' || :"
2026-10-03T21:54:36.7457670Z Removing HTTP extra header
2026-10-03T21:54:36.7463764Z [command]/usr/bin/git config --local --name-only --get-regexp http\.https\:\/\/github\.com\/\.extraheader
2026-10-03T21:54:36.7501785Z [command]/usr/bin/git submodule foreach --recursive sh -c "git config --local --name-only --get-regexp 'http\.https\:\/\/github\.com\/\.extraheader' && git config --local --unset-all 'http.https://github.com/.extraheader' || :"
2026-10-03T21:54:36.7718973Z Removing includeIf entries pointing to credentials config files
2026-10-03T21:54:36.7723426Z [command]/usr/bin/git config --local --name-only --get-regexp ^includeIf\.gitdir:
2026-10-03T21:54:36.7758747Z [command]/usr/bin/git submodule foreach --recursive git config --local --show-origin --name-only --get-regexp remote.origin.url
2026-10-03T21:54:36.7994674Z [command]/usr/bin/git config --file /home/runner/work/_temp/git-credentials-625d81b7-bdbe-4620-bdaa-162d7f128b3a.config http.https://github.com/.extraheader AUTHORIZATION: basic ***
2026-10-03T21:54:36.8036176Z [command]/usr/bin/git config --local includeIf.gitdir:/home/runner/work/partitionline/partitionline/.git.path /home/runner/work/_temp/git-credentials-625d81b7-bdbe-4620-bdaa-162d7f128b3a.config
2026-10-03T21:54:36.8072084Z [command]/usr/bin/git config --local includeIf.gitdir:/home/runner/work/partitionline/partitionline/.git/worktrees/*.path /home/runner/work/_temp/git-credentials-625d81b7-bdbe-4620-bdaa-162d7f128b3a.config
2026-10-03T21:54:36.8110472Z [command]/usr/bin/git config --local includeIf.gitdir:/github/workspace/.git.path /github/runner_temp/git-credentials-625d81b7-bdbe-4620-bdaa-162d7f128b3a.config
2026-10-03T21:54:36.8210644Z [command]/usr/bin/git config --local includeIf.gitdir:/github/workspace/.git/worktrees/*.path /github/runner_temp/git-credentials-625d81b7-bdbe-4620-bdaa-162d7f128b3a.config
2026-10-03T21:54:36.8215674Z ##[endgroup]
2026-10-03T21:54:36.8217491Z ##[group]Fetching the repository
2026-10-03T21:54:36.8220255Z [command]/usr/bin/git -c protocol.version=2 fetch --no-tags --prune --no-recurse-submodules --depth=1 origin +e8fc0b72724ebfcef99d4742c7870f95a7a9a47f:refs/remotes/origin/main
2026-10-03T21:54:43.0997231Z From https://github.com/mingley/partitionline
2026-10-03T21:54:43.0998762Z  * [new ref]           e8fc0b72724ebfcef99d4742c7870f95a7a9a47f -> origin/main
2026-10-03T21:54:43.1006192Z [command]/usr/bin/git branch --list --remote origin/main
2026-10-03T21:54:43.1036488Z   origin/main
2026-10-03T21:54:43.1045175Z [command]/usr/bin/git rev-parse refs/remotes/origin/main
2026-10-03T21:54:43.1072464Z e8fc0b72724ebfcef99d4742c7870f95a7a9a47f
2026-10-03T21:54:43.1077835Z ##[endgroup]
2026-10-03T21:54:43.1079726Z ##[group]Determining the checkout info
2026-10-03T21:54:43.1082132Z ##[endgroup]
2026-10-03T21:54:43.1083259Z [command]/usr/bin/git sparse-checkout disable
2026-10-03T21:54:43.1139153Z [command]/usr/bin/git config --local --unset-all extensions.worktreeConfig
2026-10-03T21:54:43.1173798Z ##[group]Checking out the ref
2026-10-03T21:54:43.1179313Z [command]/usr/bin/git checkout --progress --force -B main refs/remotes/origin/main
2026-10-03T21:54:44.2064885Z Updating files:  29% (22151/75877)
2026-10-03T21:54:44.2394427Z Updating files:  30% (22764/75877)
2026-10-03T21:54:44.2652828Z Updating files:  31% (23522/75877)
2026-10-03T21:54:44.2957758Z Updating files:  32% (24281/75877)
2026-10-03T21:54:44.4022691Z Updating files:  33% (25040/75877)
2026-10-03T21:54:44.4272717Z Updating files:  34% (25799/75877)
2026-10-03T21:54:44.4777036Z Updating files:  35% (26557/75877)
2026-10-03T21:54:44.5274488Z Updating files:  36% (27316/75877)
2026-10-03T21:54:44.5676796Z Updating files:  37% (28075/75877)
2026-10-03T21:54:44.6029916Z Updating files:  38% (28834/75877)
2026-10-03T21:54:44.6374028Z Updating files:  39% (29593/75877)
2026-10-03T21:54:44.6704348Z Updating files:  40% (30351/75877)
2026-10-03T21:54:44.7001283Z Updating files:  41% (31110/75877)
2026-10-03T21:54:44.7291213Z Updating files:  42% (31869/75877)
2026-10-03T21:54:44.7623018Z Updating files:  43% (32628/75877)
2026-10-03T21:54:44.8040890Z Updating files:  44% (33386/75877)
2026-10-03T21:54:44.8506422Z Updating files:  45% (34145/75877)
2026-10-03T21:54:44.9159936Z Updating files:  46% (34904/75877)
2026-10-03T21:54:44.9475531Z Updating files:  47% (35663/75877)
2026-10-03T21:54:45.1172261Z Updating files:  48% (36421/75877)
2026-10-03T21:54:45.1981125Z Updating files:  49% (37180/75877)
2026-10-03T21:54:45.2820126Z Updating files:  49% (37451/75877)
2026-10-03T21:54:45.3247666Z Updating files:  50% (37939/75877)
2026-10-03T21:54:45.3552476Z Updating files:  51% (38698/75877)
2026-10-03T21:54:45.4144942Z Updating files:  52% (39457/75877)
2026-10-03T21:54:45.4777580Z Updating files:  53% (40215/75877)
2026-10-03T21:54:45.5136331Z Updating files:  54% (40974/75877)
2026-10-03T21:54:45.5484283Z Updating files:  55% (41733/75877)
2026-10-03T21:54:45.5748536Z Updating files:  56% (42492/75877)
2026-10-03T21:54:45.6006883Z Updating files:  57% (43250/75877)
2026-10-03T21:54:45.6305285Z Updating files:  58% (44009/75877)
2026-10-03T21:54:45.6587814Z Updating files:  59% (44768/75877)
2026-10-03T21:54:45.7257227Z Updating files:  60% (45527/75877)
2026-10-03T21:54:45.8015843Z Updating files:  61% (46285/75877)
2026-10-03T21:54:45.8339547Z Updating files:  62% (47044/75877)
2026-10-03T21:54:45.8834746Z Updating files:  63% (47803/75877)
2026-10-03T21:54:45.9202269Z Updating files:  64% (48562/75877)
2026-10-03T21:54:45.9511960Z Updating files:  65% (49321/75877)
2026-10-03T21:54:45.9801728Z Updating files:  66% (50079/75877)
2026-10-03T21:54:46.0807409Z Updating files:  67% (50838/75877)
2026-10-03T21:54:46.1091696Z Updating files:  68% (51597/75877)
2026-10-03T21:54:46.1412864Z Updating files:  69% (52356/75877)
2026-10-03T21:54:46.1680287Z Updating files:  70% (53114/75877)
2026-10-03T21:54:46.1836449Z Updating files:  71% (53873/75877)
2026-10-03T21:54:46.1942614Z Updating files:  71% (54344/75877)
2026-10-03T21:54:46.2222542Z Updating files:  72% (54632/75877)
2026-10-03T21:54:46.2491927Z Updating files:  73% (55391/75877)
2026-10-03T21:54:46.2985679Z Updating files:  74% (56149/75877)
2026-10-03T21:54:46.3421344Z Updating files:  75% (56908/75877)
2026-10-03T21:54:46.3847265Z Updating files:  76% (57667/75877)
2026-10-03T21:54:46.4113821Z Updating files:  77% (58426/75877)
2026-10-03T21:54:46.4457373Z Updating files:  78% (59185/75877)
2026-10-03T21:54:46.5086617Z Updating files:  79% (59943/75877)
2026-10-03T21:54:46.5499688Z Updating files:  80% (60702/75877)
2026-10-03T21:54:46.6255220Z Updating files:  81% (61461/75877)
2026-10-03T21:54:46.6725819Z Updating files:  82% (62220/75877)
2026-10-03T21:54:46.7467819Z Updating files:  83% (62978/75877)
2026-10-03T21:54:46.7868188Z Updating files:  84% (63737/75877)
2026-10-03T21:54:46.8424912Z Updating files:  85% (64496/75877)
2026-10-03T21:54:46.8780105Z Updating files:  86% (65255/75877)
2026-10-03T21:54:47.0812688Z Updating files:  87% (66013/75877)
2026-10-03T21:54:47.1521294Z Updating files:  88% (66772/75877)
2026-10-03T21:54:47.1837037Z Updating files:  89% (67531/75877)
2026-10-03T21:54:47.1989668Z Updating files:  89% (68050/75877)
2026-10-03T21:54:47.2812183Z Updating files:  90% (68290/75877)
2026-10-03T21:54:47.3161915Z Updating files:  91% (69049/75877)
2026-10-03T21:54:47.3473687Z Updating files:  92% (69807/75877)
2026-10-03T21:54:47.3787116Z Updating files:  93% (70566/75877)
2026-10-03T21:54:47.4541738Z Updating files:  94% (71325/75877)
2026-10-03T21:54:47.4799846Z Updating files:  95% (72084/75877)
2026-10-03T21:54:47.5075771Z Updating files:  96% (72842/75877)
2026-10-03T21:54:47.5336694Z Updating files:  97% (73601/75877)
2026-10-03T21:54:47.5646471Z Updating files:  98% (74360/75877)
2026-10-03T21:54:47.6169931Z Updating files:  99% (75119/75877)
2026-10-03T21:54:47.6170726Z Updating files: 100% (75877/75877)
2026-10-03T21:54:47.6171464Z Updating files: 100% (75877/75877), done.
2026-10-03T21:54:47.7400024Z Switched to a new branch 'main'
2026-10-03T21:54:47.7405027Z branch 'main' set up to track 'origin/main'.
2026-10-03T21:54:47.7471072Z ##[endgroup]
2026-10-03T21:54:47.7534482Z [command]/usr/bin/git log -1 --format=%H
2026-10-03T21:54:47.7565887Z e8fc0b72724ebfcef99d4742c7870f95a7a9a47f
2026-10-03T21:54:47.8837467Z ##[group]Run dtolnay/rust-toolchain@stable
2026-10-03T21:54:47.8837797Z with:
2026-10-03T21:54:47.8838007Z   components: clippy
2026-10-03T21:54:47.8838228Z   toolchain: stable
2026-10-03T21:54:47.8838440Z ##[endgroup]
2026-10-03T21:54:47.8908068Z ##[start-action display=Parse toolchain version;id=__dtolnay_rust-toolchain.parse]
2026-10-03T21:54:47.8963407Z ##[group]Run if [[ -z $toolchain ]]; then
2026-10-03T21:54:47.8963844Z [36;1mif [[ -z $toolchain ]]; then[0m
2026-10-03T21:54:47.8964412Z [36;1m  # GitHub does not enforce `required: true` inputs itself. https://github.com/actions/runner/issues/1070[0m
2026-10-03T21:54:47.8964991Z [36;1m  echo "'toolchain' is a required input" >&2[0m
2026-10-03T21:54:47.8965296Z [36;1m  exit 1[0m
2026-10-03T21:54:47.8965651Z [36;1melif [[ $toolchain =~ ^stable' '[0-9]+' '(year|month|week|day)s?' 'ago$ ]]; then[0m
2026-10-03T21:54:47.8966067Z [36;1m  if [[ Linux == macOS ]]; then[0m
2026-10-03T21:54:47.8966652Z [36;1m    echo "toolchain=1.$((($(date -v-$(sed 's/stable \([0-9]*\) \(.\).*/\1\2/' <<< $toolchain) +%s)/60/60/24-16569)/7/6))" >> $GITHUB_OUTPUT[0m
2026-10-03T21:54:47.8967182Z [36;1m  else[0m
2026-10-03T21:54:47.8967605Z [36;1m    echo "toolchain=1.$((($(date --date "${toolchain#stable }" +%s)/60/60/24-16569)/7/6))" >> $GITHUB_OUTPUT[0m
2026-10-03T21:54:47.8968272Z [36;1m  fi[0m
2026-10-03T21:54:47.8968577Z [36;1melif [[ $toolchain =~ ^stable' 'minus' '[0-9]+' 'releases?$ ]]; then[0m
2026-10-03T21:54:47.8969129Z [36;1m  echo "toolchain=1.$((($(date +%s)/60/60/24-16569)/7/6-${toolchain//[^0-9]/}))" >> $GITHUB_OUTPUT[0m
2026-10-03T21:54:47.8969599Z [36;1melif [[ $toolchain =~ ^1\.[0-9]+$ ]]; then[0m
2026-10-03T21:54:47.8970125Z [36;1m  echo "toolchain=1.$((i=${toolchain#1.}, c=($(date +%s)/60/60/24-16569)/7/6, i+9*i*(10*i<=c)+90*i*(100*i<=c)))" >> $GITHUB_OUTPUT[0m
2026-10-03T21:54:47.8970643Z [36;1melse[0m
2026-10-03T21:54:47.8970895Z [36;1m  echo "toolchain=$toolchain" >> $GITHUB_OUTPUT[0m
2026-10-03T21:54:47.8971201Z [36;1mfi[0m
2026-10-03T21:54:47.9278514Z shell: /usr/bin/bash --noprofile --norc -e -o pipefail {0}
2026-10-03T21:54:47.9278921Z env:
2026-10-03T21:54:47.9279137Z   toolchain: stable
2026-10-03T21:54:47.9279373Z ##[endgroup]
2026-10-03T21:54:47.9419282Z ##[end-action id=__dtolnay_rust-toolchain.parse;outcome=success;conclusion=success;duration_ms=51]
2026-10-03T21:54:47.9433166Z ##[start-action display=Construct rustup command line;id=__dtolnay_rust-toolchain.flags]
2026-10-03T21:54:47.9461753Z ##[group]Run echo "targets=$(for t in ${targets//,/ }; do echo -n ' --target' $t; done)" >> $GITHUB_OUTPUT
2026-10-03T21:54:47.9462493Z [36;1mecho "targets=$(for t in ${targets//,/ }; do echo -n ' --target' $t; done)" >> $GITHUB_OUTPUT[0m
2026-10-03T21:54:47.9463128Z [36;1mecho "components=$(for c in ${components//,/ }; do echo -n ' --component' $c; done)" >> $GITHUB_OUTPUT[0m
2026-10-03T21:54:47.9463648Z [36;1mecho "downgrade=" >> $GITHUB_OUTPUT[0m
2026-10-03T21:54:47.9523248Z shell: /usr/bin/bash --noprofile --norc -e -o pipefail {0}
2026-10-03T21:54:47.9523619Z env:
2026-10-03T21:54:47.9523819Z   targets: 
2026-10-03T21:54:47.9524024Z   components: clippy
2026-10-03T21:54:47.9524245Z ##[endgroup]
2026-10-03T21:54:47.9618856Z ##[end-action id=__dtolnay_rust-toolchain.flags;outcome=success;conclusion=success;duration_ms=18]
2026-10-03T21:54:47.9621220Z ##[start-action display=Set $CARGO_HOME;id=__dtolnay_rust-toolchain.__run]
2026-10-03T21:54:47.9640748Z ##[group]Run echo CARGO_HOME=${CARGO_HOME:-"$HOME/.cargo"} >> $GITHUB_ENV
2026-10-03T21:54:47.9641233Z [36;1mecho CARGO_HOME=${CARGO_HOME:-"$HOME/.cargo"} >> $GITHUB_ENV[0m
2026-10-03T21:54:47.9702988Z shell: /usr/bin/bash --noprofile --norc -e -o pipefail {0}
2026-10-03T21:54:47.9703347Z ##[endgroup]
2026-10-03T21:54:47.9793352Z ##[end-action id=__dtolnay_rust-toolchain.__run;outcome=success;conclusion=success;duration_ms=17]
2026-10-03T21:54:47.9795713Z ##[start-action display=Install rustup if needed;id=__dtolnay_rust-toolchain.__run_2]
2026-10-03T21:54:47.9821117Z ##[group]Run if ! command -v rustup &>/dev/null; then
2026-10-03T21:54:47.9821847Z [36;1mif ! command -v rustup &>/dev/null; then[0m
2026-10-03T21:54:47.9822645Z [36;1m  curl --proto '=https' --tlsv1.2 --retry 10 --retry-connrefused --location --silent --show-error --fail https://sh.rustup.rs | sh -s -- --default-toolchain none -y[0m
2026-10-03T21:54:47.9823397Z [36;1m  echo "$CARGO_HOME/bin" >> $GITHUB_PATH[0m
2026-10-03T21:54:47.9823696Z [36;1mfi[0m
2026-10-03T21:54:47.9882025Z shell: /usr/bin/bash --noprofile --norc -e -o pipefail {0}
2026-10-03T21:54:47.9882379Z env:
2026-10-03T21:54:47.9882598Z   CARGO_HOME: /home/runner/.cargo
2026-10-03T21:54:47.9882856Z ##[endgroup]
2026-10-03T21:54:47.9967851Z ##[end-action id=__dtolnay_rust-toolchain.__run_2;outcome=success;conclusion=success;duration_ms=17]
2026-10-03T21:54:47.9970347Z ##[start-action display=Install rustup if needed on windows;id=__dtolnay_rust-toolchain.__run_3]
2026-10-03T21:54:47.9978004Z ##[end-action id=__dtolnay_rust-toolchain.__run_3;outcome=skipped;conclusion=skipped;duration_ms=0]
2026-10-03T21:54:47.9989354Z ##[start-action display=rustup toolchain install stable;id=__dtolnay_rust-toolchain.__run_4]
2026-10-03T21:54:48.0008698Z ##[group]Run log=$(mktemp)
2026-10-03T21:54:48.0008984Z [36;1mlog=$(mktemp)[0m
2026-10-03T21:54:48.0009380Z [36;1mtrap 'rm -f "$log"' EXIT[0m
2026-10-03T21:54:48.0009670Z [36;1mfor attempt in 1 2 3 4 5; do[0m
2026-10-03T21:54:48.0010274Z [36;1m  if rustup toolchain install stable --component clippy --profile minimal --no-self-update --force-non-host 2>&1 | tee "$log"; then[0m
2026-10-03T21:54:48.0010874Z [36;1m    break[0m
2026-10-03T21:54:48.0011083Z [36;1m  else[0m
2026-10-03T21:54:48.0011285Z [36;1m    status=$?[0m
2026-10-03T21:54:48.0011791Z [36;1m  fi[0m
2026-10-03T21:54:48.0012106Z [36;1m  if [[ $attempt == 5 ]] || ! grep -Fq 'checksum failed for ' "$log" \[0m
2026-10-03T21:54:48.0012706Z [36;1m      || ! grep -Fq 'this is likely due to an ongoing update of the official release server' "$log"; then[0m
2026-10-03T21:54:48.0013198Z [36;1m    exit "$status"[0m
2026-10-03T21:54:48.0013430Z [36;1m  fi[0m
2026-10-03T21:54:48.0013798Z [36;1m  echo "Retrying rustup toolchain install in 30 seconds (retry $attempt of 4)" >&2[0m
2026-10-03T21:54:48.0014234Z [36;1m  sleep 30[0m
2026-10-03T21:54:48.0014447Z [36;1mdone[0m
2026-10-03T21:54:48.0074049Z shell: /usr/bin/bash --noprofile --norc -e -o pipefail {0}
2026-10-03T21:54:48.0074402Z env:
2026-10-03T21:54:48.0074614Z   CARGO_HOME: /home/runner/.cargo
2026-10-03T21:54:48.0074891Z   RUSTUP_PERMIT_COPY_RENAME: 1
2026-10-03T21:54:48.0075142Z ##[endgroup]
2026-10-03T21:54:48.2204215Z info: syncing channel updates for stable-x86_64-unknown-linux-gnu
2026-10-03T21:54:48.3378589Z info: latest update on 2026-10-01 for version 1.99.0 (b940084d7 2026-09-28)
2026-10-03T21:54:48.3514061Z info: removing previous version of component rustfmt
2026-10-03T21:54:48.3607512Z info: removing previous version of component clippy
2026-10-03T21:54:48.3619810Z info: removing previous version of component cargo
2026-10-03T21:54:48.3701209Z info: removing previous version of component rust-std
2026-10-03T21:54:48.3790208Z info: removing previous version of component rustc
2026-10-03T21:54:48.3885214Z info: downloading 5 components
2026-10-03T21:54:57.2896573Z 
2026-10-03T21:54:57.2968263Z   stable-x86_64-unknown-linux-gnu updated - rustc 1.99.0 (b940084d7 2026-09-28) (from rustc 1.98.1 (48a229cea 2026-09-01))
2026-10-03T21:54:57.2969152Z 
2026-10-03T21:54:57.3052489Z ##[end-action id=__dtolnay_rust-toolchain.__run_4;outcome=success;conclusion=success;duration_ms=9306]
2026-10-03T21:54:57.3059871Z ##[start-action display=rustup default stable;id=__dtolnay_rust-toolchain.__run_5]
2026-10-03T21:54:57.3082239Z ##[group]Run rustup default stable --force-non-host
2026-10-03T21:54:57.3082637Z [36;1mrustup default stable --force-non-host[0m
2026-10-03T21:54:57.3147684Z shell: /usr/bin/bash --noprofile --norc -e -o pipefail {0}
2026-10-03T21:54:57.3148216Z env:
2026-10-03T21:54:57.3148440Z   CARGO_HOME: /home/runner/.cargo
2026-10-03T21:54:57.3148699Z ##[endgroup]
2026-10-03T21:54:57.3275923Z info: using existing install for stable-x86_64-unknown-linux-gnu
2026-10-03T21:54:57.3281267Z info: default toolchain set to stable-x86_64-unknown-linux-gnu
2026-10-03T21:54:57.3281905Z 
2026-10-03T21:54:57.3344463Z   stable-x86_64-unknown-linux-gnu unchanged - rustc 1.99.0 (b940084d7 2026-09-28)
2026-10-03T21:54:57.3345065Z 
2026-10-03T21:54:57.3362993Z ##[end-action id=__dtolnay_rust-toolchain.__run_5;outcome=success;conclusion=success;duration_ms=30]
2026-10-03T21:54:57.3365623Z ##[start-action display=Create cachekey;id=__dtolnay_rust-toolchain.rustc-version]
2026-10-03T21:54:57.3386368Z ##[group]Run DATE=$(rustc +stable --version --verbose | sed -ne 's/^commit-date: \(20[0-9][0-9]\)-\([01][0-9]\)-\([0-3][0-9]\)$/\1\2\3/p')
2026-10-03T21:54:57.3387219Z [36;1mDATE=$(rustc +stable --version --verbose | sed -ne 's/^commit-date: \(20[0-9][0-9]\)-\([01][0-9]\)-\([0-3][0-9]\)$/\1\2\3/p')[0m
2026-10-03T21:54:57.3387882Z [36;1mHASH=$(rustc +stable --version --verbose | sed -ne 's/^commit-hash: //p')[0m
2026-10-03T21:54:57.3388383Z [36;1mecho "cachekey=$(echo $DATE$HASH | head -c12)" >> $GITHUB_OUTPUT[0m
2026-10-03T21:54:57.3455132Z shell: /usr/bin/bash --noprofile --norc -e -o pipefail {0}
2026-10-03T21:54:57.3455679Z env:
2026-10-03T21:54:57.3455891Z   CARGO_HOME: /home/runner/.cargo
2026-10-03T21:54:57.3456153Z ##[endgroup]
2026-10-03T21:54:57.3801192Z ##[end-action id=__dtolnay_rust-toolchain.rustc-version;outcome=success;conclusion=success;duration_ms=43]
2026-10-03T21:54:57.3804346Z ##[start-action display=Disable incremental compilation;id=__dtolnay_rust-toolchain.__run_6]
2026-10-03T21:54:57.3847014Z ##[group]Run if [ -z "${CARGO_INCREMENTAL+set}" ]; then
2026-10-03T21:54:57.3847408Z [36;1mif [ -z "${CARGO_INCREMENTAL+set}" ]; then[0m
2026-10-03T21:54:57.3847754Z [36;1m  echo CARGO_INCREMENTAL=0 >> $GITHUB_ENV[0m
2026-10-03T21:54:57.3848048Z [36;1mfi[0m
2026-10-03T21:54:57.3916245Z shell: /usr/bin/bash --noprofile --norc -e -o pipefail {0}
2026-10-03T21:54:57.3916600Z env:
2026-10-03T21:54:57.3916822Z   CARGO_HOME: /home/runner/.cargo
2026-10-03T21:54:57.3917079Z ##[endgroup]
2026-10-03T21:54:57.4011854Z ##[end-action id=__dtolnay_rust-toolchain.__run_6;outcome=success;conclusion=success;duration_ms=20]
2026-10-03T21:54:57.4014391Z ##[start-action display=Enable colors in Cargo output;id=__dtolnay_rust-toolchain.__run_7]
2026-10-03T21:54:57.4051627Z ##[group]Run if [ -z "${CARGO_TERM_COLOR+set}" ]; then
2026-10-03T21:54:57.4052055Z [36;1mif [ -z "${CARGO_TERM_COLOR+set}" ]; then[0m
2026-10-03T21:54:57.4052404Z [36;1m  echo CARGO_TERM_COLOR=always >> $GITHUB_ENV[0m
2026-10-03T21:54:57.4052706Z [36;1mfi[0m
2026-10-03T21:54:57.4116312Z shell: /usr/bin/bash --noprofile --norc -e -o pipefail {0}
2026-10-03T21:54:57.4116665Z env:
2026-10-03T21:54:57.4116876Z   CARGO_HOME: /home/runner/.cargo
2026-10-03T21:54:57.4117146Z   CARGO_INCREMENTAL: 0
2026-10-03T21:54:57.4117380Z ##[endgroup]
2026-10-03T21:54:57.4205905Z ##[end-action id=__dtolnay_rust-toolchain.__run_7;outcome=success;conclusion=success;duration_ms=19]
2026-10-03T21:54:57.4208247Z ##[start-action display=Enable Cargo sparse registry;id=__dtolnay_rust-toolchain.__run_8]
2026-10-03T21:54:57.4229071Z ##[group]Run # implemented in 1.66, stabilized in 1.68, made default in 1.70
2026-10-03T21:54:57.4229622Z [36;1m# implemented in 1.66, stabilized in 1.68, made default in 1.70[0m
2026-10-03T21:54:57.4230351Z [36;1mif [ -z "${CARGO_REGISTRIES_CRATES_IO_PROTOCOL+set}" -o -f "/home/runner/work/_temp"/.implicit_cargo_registries_crates_io_protocol ]; then[0m
2026-10-03T21:54:57.4231090Z [36;1m  if rustc +stable --version --verbose | grep -q '^release: 1\.6[89]\.'; then[0m
2026-10-03T21:54:57.4232041Z [36;1m    touch "/home/runner/work/_temp"/.implicit_cargo_registries_crates_io_protocol || true[0m
2026-10-03T21:54:57.4232612Z [36;1m    echo CARGO_REGISTRIES_CRATES_IO_PROTOCOL=sparse >> $GITHUB_ENV[0m
2026-10-03T21:54:57.4233440Z [36;1m  elif rustc +stable --version --verbose | grep -q '^release: 1\.6[67]\.'; then[0m
2026-10-03T21:54:57.4234037Z [36;1m    touch "/home/runner/work/_temp"/.implicit_cargo_registries_crates_io_protocol || true[0m
2026-10-03T21:54:57.4234567Z [36;1m    echo CARGO_REGISTRIES_CRATES_IO_PROTOCOL=git >> $GITHUB_ENV[0m
2026-10-03T21:54:57.4234929Z [36;1m  fi[0m
2026-10-03T21:54:57.4235122Z [36;1mfi[0m
2026-10-03T21:54:57.4295986Z shell: /usr/bin/bash --noprofile --norc -e -o pipefail {0}
2026-10-03T21:54:57.4296386Z env:
2026-10-03T21:54:57.4296593Z   CARGO_HOME: /home/runner/.cargo
2026-10-03T21:54:57.4296864Z   CARGO_INCREMENTAL: 0
2026-10-03T21:54:57.4297095Z   CARGO_TERM_COLOR: always
2026-10-03T21:54:57.4297323Z ##[endgroup]
2026-10-03T21:54:57.4616764Z ##[end-action id=__dtolnay_rust-toolchain.__run_8;outcome=success;conclusion=success;duration_ms=40]
2026-10-03T21:54:57.4619564Z ##[start-action display=Work around spurious network errors in curl 8.0;id=__dtolnay_rust-toolchain.__run_9]
2026-10-03T21:54:57.4640880Z ##[group]Run # https://rust-lang.zulipchat.com/#narrow/stream/246057-t-cargo/topic/timeout.20investigation
2026-10-03T21:54:57.4642143Z [36;1m# https://rust-lang.zulipchat.com/#narrow/stream/246057-t-cargo/topic/timeout.20investigation[0m
2026-10-03T21:54:57.4642800Z [36;1mif rustc +stable --version --verbose | grep -q '^release: 1\.7[01]\.'; then[0m
2026-10-03T21:54:57.4643465Z [36;1m  echo CARGO_HTTP_MULTIPLEXING=false >> $GITHUB_ENV[0m
2026-10-03T21:54:57.4643786Z [36;1mfi[0m
2026-10-03T21:54:57.4710920Z shell: /usr/bin/bash --noprofile --norc -e -o pipefail {0}
2026-10-03T21:54:57.4711271Z env:
2026-10-03T21:54:57.4711705Z   CARGO_HOME: /home/runner/.cargo
2026-10-03T21:54:57.4711977Z   CARGO_INCREMENTAL: 0
2026-10-03T21:54:57.4712207Z   CARGO_TERM_COLOR: always
2026-10-03T21:54:57.4712439Z ##[endgroup]
2026-10-03T21:54:57.4912958Z ##[end-action id=__dtolnay_rust-toolchain.__run_9;outcome=success;conclusion=success;duration_ms=29]
2026-10-03T21:54:57.4917327Z ##[start-action display=rustc +stable --version --verbose;id=__dtolnay_rust-toolchain.__run_10]
2026-10-03T21:54:57.4936903Z ##[group]Run rustc +stable --version --verbose
2026-10-03T21:54:57.4937268Z [36;1mrustc +stable --version --verbose[0m
2026-10-03T21:54:57.5004067Z shell: /usr/bin/bash --noprofile --norc -e -o pipefail {0}
2026-10-03T21:54:57.5004434Z env:
2026-10-03T21:54:57.5004646Z   CARGO_HOME: /home/runner/.cargo
2026-10-03T21:54:57.5004914Z   CARGO_INCREMENTAL: 0
2026-10-03T21:54:57.5005143Z   CARGO_TERM_COLOR: always
2026-10-03T21:54:57.5005368Z ##[endgroup]
2026-10-03T21:54:57.5219153Z rustc 1.99.0 (b940084d7 2026-09-28)
2026-10-03T21:54:57.5220008Z binary: rustc
2026-10-03T21:54:57.5220925Z commit-hash: b940084d7eb6a299eb4bfeb8e34901bc051e7ac4
2026-10-03T21:54:57.5221939Z commit-date: 2026-09-28
2026-10-03T21:54:57.5222669Z host: x86_64-unknown-linux-gnu
2026-10-03T21:54:57.5223128Z release: 1.99.0
2026-10-03T21:54:57.5223485Z LLVM version: 23.1.1
2026-10-03T21:54:57.5237031Z ##[end-action id=__dtolnay_rust-toolchain.__run_10;outcome=success;conclusion=success;duration_ms=31]
2026-10-03T21:54:57.5292591Z ##[group]Run cargo clippy --all-targets --all-features -- -D warnings
2026-10-03T21:54:57.5293146Z [36;1mcargo clippy --all-targets --all-features -- -D warnings[0m
2026-10-03T21:54:57.5360650Z shell: /usr/bin/bash -e {0}
2026-10-03T21:54:57.5360934Z env:
2026-10-03T21:54:57.5361147Z   CARGO_HOME: /home/runner/.cargo
2026-10-03T21:54:57.5361866Z   CARGO_INCREMENTAL: 0
2026-10-03T21:54:57.5362144Z   CARGO_TERM_COLOR: always
2026-10-03T21:54:57.5362383Z ##[endgroup]
2026-10-03T21:54:57.5938937Z [1m[92m    Updating[0m crates.io index
2026-10-03T21:54:57.7097887Z [1m[92m Downloading[0m crates ...
2026-10-03T21:54:57.8110233Z [1m[92m  Downloaded[0m adler2 v2.0.1
2026-10-03T21:54:57.8138872Z [1m[92m  Downloaded[0m bytes v1.12.1
2026-10-03T21:54:57.8193000Z [1m[92m  Downloaded[0m cc v1.4.4
2026-10-03T21:54:57.8270009Z [1m[92m  Downloaded[0m const-oid v0.10.2
2026-10-03T21:54:57.8305665Z [1m[92m  Downloaded[0m tokio-rustls v0.26.5
2026-10-03T21:54:57.8335442Z [1m[92m  Downloaded[0m crc32c v0.6.8
2026-10-03T21:54:57.8354429Z [1m[92m  Downloaded[0m rustc_version v0.4.1
2026-10-03T21:54:57.8374962Z [1m[92m  Downloaded[0m twox-hash v2.1.2
2026-10-03T21:54:57.8411367Z [1m[92m  Downloaded[0m signal-hook-registry v1.4.8
2026-10-03T21:54:57.8428809Z [1m[92m  Downloaded[0m crc32fast v1.5.1
2026-10-03T21:54:57.8464871Z [1m[92m  Downloaded[0m zlib-rs v0.6.8
2026-10-03T21:54:57.8541871Z [1m[92m  Downloaded[0m crypto-common v0.2.2
2026-10-03T21:54:57.8563204Z [1m[92m  Downloaded[0m hybrid-array v0.4.14
2026-10-03T21:54:57.8594145Z [1m[92m  Downloaded[0m smallvec v1.15.2
2026-10-03T21:54:57.8623057Z [1m[92m  Downloaded[0m once_cell v1.21.4
2026-10-03T21:54:57.8656522Z [1m[92m  Downloaded[0m lock_api v0.4.14
2026-10-03T21:54:57.8675024Z [1m[92m  Downloaded[0m scopeguard v1.2.0
2026-10-03T21:54:57.8693560Z [1m[92m  Downloaded[0m lz4_flex v0.14.0
2026-10-03T21:54:57.8723344Z [1m[92m  Downloaded[0m typenum v1.20.1
2026-10-03T21:54:57.8776367Z [1m[92m  Downloaded[0m rustls-pki-types v1.15.1
2026-10-03T21:54:57.8815846Z [1m[92m  Downloaded[0m syn v2.0.119
2026-10-03T21:54:57.8959420Z [1m[92m  Downloaded[0m zeroize v1.9.0
2026-10-03T21:54:57.9002651Z [1m[92m  Downloaded[0m tokio v1.53.1
2026-10-03T21:54:57.9452679Z [1m[92m  Downloaded[0m tracing-core v0.1.36
2026-10-03T21:54:57.9478546Z [1m[92m  Downloaded[0m rustls-webpki v0.103.15
2026-10-03T21:54:57.9509534Z [1m[92m  Downloaded[0m parking_lot_core v0.9.12
2026-10-03T21:54:57.9530630Z [1m[92m  Downloaded[0m ctutils v0.4.2
2026-10-03T21:54:57.9550027Z [1m[92m  Downloaded[0m simd-adler32 v0.3.10
2026-10-03T21:54:57.9568657Z [1m[92m  Downloaded[0m libc v0.2.189
2026-10-03T21:54:58.0009019Z [1m[92m  Downloaded[0m mio v1.2.2
2026-10-03T21:54:58.0070515Z [1m[92m  Downloaded[0m block-buffer v0.12.1
2026-10-03T21:54:58.0082681Z [1m[92m  Downloaded[0m shlex v2.0.1
2026-10-03T21:54:58.0095541Z [1m[92m  Downloaded[0m syn v3.0.4
2026-10-03T21:54:58.0202230Z [1m[92m  Downloaded[0m proc-macro2 v1.0.107
2026-10-03T21:54:58.0231433Z [1m[92m  Downloaded[0m tokio-macros v2.7.2
2026-10-03T21:54:58.0242104Z [1m[92m  Downloaded[0m socket2 v0.6.5
2026-10-03T21:54:58.0259729Z [1m[92m  Downloaded[0m snap v1.1.2
2026-10-03T21:54:58.0282626Z [1m[92m  Downloaded[0m ring v0.17.14
2026-10-03T21:54:58.0705330Z [1m[92m  Downloaded[0m find-msvc-tools v0.1.11
2026-10-03T21:54:58.0720782Z [1m[92m  Downloaded[0m digest v0.11.3
2026-10-03T21:54:58.0743945Z [1m[92m  Downloaded[0m pbkdf2 v0.13.0
2026-10-03T21:54:58.0759349Z [1m[92m  Downloaded[0m unicode-ident v1.0.24
2026-10-03T21:54:58.0787041Z [1m[92m  Downloaded[0m cmov v0.5.4
2026-10-03T21:54:58.0804653Z [1m[92m  Downloaded[0m semver v1.0.28
2026-10-03T21:54:58.0827552Z [1m[92m  Downloaded[0m tracing-attributes v0.1.31
2026-10-03T21:54:58.0853629Z [1m[92m  Downloaded[0m errno v0.3.14
2026-10-03T21:54:58.0868464Z [1m[92m  Downloaded[0m cfg-if v1.0.4
2026-10-03T21:54:58.0881462Z [1m[92m  Downloaded[0m base64 v0.23.1
2026-10-03T21:54:58.0920106Z [1m[92m  Downloaded[0m getrandom v0.2.17
2026-10-03T21:54:58.0949002Z [1m[92m  Downloaded[0m quote v1.0.47
2026-10-03T21:54:58.0975907Z [1m[92m  Downloaded[0m sha2 v0.11.0
2026-10-03T21:54:58.1013229Z [1m[92m  Downloaded[0m cpufeatures v0.3.1
2026-10-03T21:54:58.1027283Z [1m[92m  Downloaded[0m hmac v0.13.0
2026-10-03T21:54:58.1048138Z [1m[92m  Downloaded[0m pin-project-lite v0.2.17
2026-10-03T21:54:58.1107426Z [1m[92m  Downloaded[0m miniz_oxide v0.9.1
2026-10-03T21:54:58.1132817Z [1m[92m  Downloaded[0m subtle v2.6.1
2026-10-03T21:54:58.1144290Z [1m[92m  Downloaded[0m getrandom v0.4.3
2026-10-03T21:54:58.1182700Z [1m[92m  Downloaded[0m parking_lot v0.12.5
2026-10-03T21:54:58.1207847Z [1m[92m  Downloaded[0m webpki-roots v1.0.9
2026-10-03T21:54:58.1237492Z [1m[92m  Downloaded[0m flate2 v1.1.10
2026-10-03T21:54:58.1286737Z [1m[92m  Downloaded[0m untrusted v0.9.0
2026-10-03T21:54:58.1305296Z [1m[92m  Downloaded[0m rustls v0.23.45
2026-10-03T21:54:58.1423685Z [1m[92m  Downloaded[0m tracing v0.1.44
2026-10-03T21:54:58.1921764Z [1m[92m   Compiling[0m libc v0.2.189
2026-10-03T21:54:58.1925405Z [1m[92m    Checking[0m cfg-if v1.0.4
2026-10-03T21:54:58.1932350Z [1m[92m   Compiling[0m proc-macro2 v1.0.107
2026-10-03T21:54:58.1932800Z [1m[92m   Compiling[0m unicode-ident v1.0.24
2026-10-03T21:54:58.2142196Z [1m[92m   Compiling[0m quote v1.0.47
2026-10-03T21:54:58.2475982Z [1m[92m   Compiling[0m shlex v2.0.1
2026-10-03T21:54:58.3485683Z [1m[92m   Compiling[0m find-msvc-tools v0.1.11
2026-10-03T21:54:58.4079249Z [1m[92m    Checking[0m typenum v1.20.1
2026-10-03T21:54:58.5090186Z [1m[92m   Compiling[0m cc v1.4.4
2026-10-03T21:54:59.1863387Z [1m[92m    Checking[0m zeroize v1.9.0
2026-10-03T21:54:59.2573316Z [1m[92m    Checking[0m hybrid-array v0.4.14
2026-10-03T21:54:59.2632489Z [1m[92m    Checking[0m cmov v0.5.4
2026-10-03T21:54:59.3242963Z [1m[92m    Checking[0m getrandom v0.2.17
2026-10-03T21:54:59.3882933Z [1m[92m    Checking[0m rustls-pki-types v1.15.1
2026-10-03T21:54:59.4083418Z [1m[92m    Checking[0m ctutils v0.4.2
2026-10-03T21:54:59.5563009Z [1m[92m    Checking[0m once_cell v1.21.4
2026-10-03T21:54:59.6082988Z [1m[92m    Checking[0m const-oid v0.10.2
2026-10-03T21:54:59.6583334Z [1m[92m   Compiling[0m semver v1.0.28
2026-10-03T21:54:59.6985784Z [1m[92m    Checking[0m untrusted v0.9.0
2026-10-03T21:54:59.7392938Z [1m[92m    Checking[0m errno v0.3.14
2026-10-03T21:54:59.7493364Z [1m[92m    Checking[0m crypto-common v0.2.2
2026-10-03T21:54:59.7772942Z [1m[92m    Checking[0m block-buffer v0.12.1
2026-10-03T21:54:59.8093683Z [1m[92m   Compiling[0m ring v0.17.14
2026-10-03T21:54:59.8523488Z [1m[92m   Compiling[0m rustc_version v0.4.1
2026-10-03T21:54:59.8783050Z [1m[92m   Compiling[0m syn v3.0.4
2026-10-03T21:55:00.0437112Z [1m[92m    Checking[0m pin-project-lite v0.2.17
2026-10-03T21:55:00.0739765Z [1m[92m   Compiling[0m crc32fast v1.5.1
2026-10-03T21:55:00.2008385Z [1m[92m   Compiling[0m rustls v0.23.45
2026-10-03T21:55:00.2812848Z [1m[92m   Compiling[0m parking_lot_core v0.9.12
2026-10-03T21:55:00.3161008Z [1m[92m    Checking[0m digest v0.11.3
2026-10-03T21:55:00.3858618Z [1m[92m   Compiling[0m crc32c v0.6.8
2026-10-03T21:55:00.4283501Z [1m[92m    Checking[0m signal-hook-registry v1.4.8
2026-10-03T21:55:00.5103135Z [1m[92m    Checking[0m mio v1.2.2
2026-10-03T21:55:00.5233497Z [1m[92m    Checking[0m socket2 v0.6.5
2026-10-03T21:55:00.7282050Z [1m[92m   Compiling[0m syn v2.0.119
2026-10-03T21:55:00.7362990Z [1m[92m    Checking[0m adler2 v2.0.1
2026-10-03T21:55:00.7796849Z [1m[92m    Checking[0m subtle v2.6.1
2026-10-03T21:55:00.8833724Z [1m[92m   Compiling[0m getrandom v0.4.3
2026-10-03T21:55:01.0054658Z [1m[92m   Compiling[0m snap v1.1.2
2026-10-03T21:55:01.1327472Z [1m[92m    Checking[0m scopeguard v1.2.0
2026-10-03T21:55:01.1599148Z [1m[92m    Checking[0m bytes v1.12.1
2026-10-03T21:55:01.5703799Z [1m[92m    Checking[0m smallvec v1.15.2
2026-10-03T21:55:01.7093227Z [1m[92m    Checking[0m simd-adler32 v0.3.10
2026-10-03T21:55:01.8092892Z [1m[92m    Checking[0m miniz_oxide v0.9.1
2026-10-03T21:55:02.2002685Z [1m[92m    Checking[0m lock_api v0.4.14
2026-10-03T21:55:02.3712719Z [1m[92m    Checking[0m hmac v0.13.0
2026-10-03T21:55:02.5232825Z [1m[92m    Checking[0m tracing-core v0.1.36
2026-10-03T21:55:02.7719261Z [1m[92m    Checking[0m twox-hash v2.1.2
2026-10-03T21:55:02.8202277Z [1m[92m    Checking[0m cpufeatures v0.3.1
2026-10-03T21:55:02.8473164Z [1m[92m    Checking[0m zlib-rs v0.6.8
2026-10-03T21:55:03.2305689Z [1m[92m   Compiling[0m tokio-macros v2.7.2
2026-10-03T21:55:03.5386561Z [1m[92m    Checking[0m tokio v1.53.1
2026-10-03T21:55:03.8731925Z [1m[92m    Checking[0m flate2 v1.1.10
2026-10-03T21:55:04.0746504Z [1m[92m    Checking[0m sha2 v0.11.0
2026-10-03T21:55:04.4747951Z [1m[92m    Checking[0m lz4_flex v0.14.0
2026-10-03T21:55:04.6137655Z [1m[92m    Checking[0m pbkdf2 v0.13.0
2026-10-03T21:55:04.9178405Z [1m[92m    Checking[0m parking_lot v0.12.5
2026-10-03T21:55:05.0375338Z [1m[92m    Checking[0m webpki-roots v1.0.9
2026-10-03T21:55:05.0694230Z [1m[92m   Compiling[0m tracing-attributes v0.1.31
2026-10-03T21:55:05.0944054Z [1m[92m    Checking[0m base64 v0.23.1
2026-10-03T21:55:05.6863884Z [1m[92m    Checking[0m tracing v0.1.44
2026-10-03T21:55:09.5772741Z [1m[92m    Checking[0m rustls-webpki v0.103.15
2026-10-03T21:55:11.2327914Z [1m[92m    Checking[0m tokio-rustls v0.26.5
2026-10-03T21:55:11.3322191Z [1m[92m    Checking[0m partitionline v0.1.0 (/home/runner/work/partitionline/partitionline)
2026-10-03T21:55:18.4441783Z [1m[91merror[0m[1m: use of a disallowed type `std::sync::Mutex`[0m
2026-10-03T21:55:18.4472450Z  [1m[94m--> [0mtests/fixtures/write-txn-markers-v2/socket_peer.rs:8:22
2026-10-03T21:55:18.4502352Z   [1m[94m|[0m
2026-10-03T21:55:18.4532497Z [1m[94m8[0m [1m[94m|[0m use std::sync::{Arc, Mutex};
2026-10-03T21:55:18.4552526Z   [1m[94m|[0m                      [1m[91m^^^^^[0m
2026-10-03T21:55:18.4592280Z   [1m[94m|[0m
2026-10-03T21:55:18.4622909Z   [1m[94m= [0m[1mnote[0m: Easy to hold across await. Use tokio::sync::Mutex, or parking_lot for short non-async sections.
2026-10-03T21:55:18.4652916Z   [1m[94m= [0m[1mhelp[0m: for further information visit https://rust-lang.github.io/rust-clippy/rust-1.99.0/index.html#disallowed_types
2026-10-03T21:55:18.4682822Z   [1m[94m= [0m[1mnote[0m: requested on the command line with `-D clippy::disallowed-types`
2026-10-03T21:55:18.4683482Z 
2026-10-03T21:55:18.4733397Z [1m[91merror[0m[1m: use of a disallowed type `std::sync::Mutex`[0m
2026-10-03T21:55:18.4752923Z   [1m[94m--> [0mtests/fixtures/write-txn-markers-v2/socket_peer.rs:56:20
2026-10-03T21:55:18.4753952Z    [1m[94m|[0m
2026-10-03T21:55:18.4754668Z [1m[94m56[0m [1m[94m|[0m     pub state: Arc<Mutex<State>>,
2026-10-03T21:55:18.4755449Z    [1m[94m|[0m                    [1m[91m^^^^^^^^^^^^[0m
2026-10-03T21:55:18.4756142Z    [1m[94m|[0m
2026-10-03T21:55:18.4757245Z    [1m[94m= [0m[1mnote[0m: Easy to hold across await. Use tokio::sync::Mutex, or parking_lot for short non-async sections.
2026-10-03T21:55:18.4759220Z    [1m[94m= [0m[1mhelp[0m: for further information visit https://rust-lang.github.io/rust-clippy/rust-1.99.0/index.html#disallowed_types
2026-10-03T21:55:18.4760188Z 
2026-10-03T21:55:18.4760945Z [1m[91merror[0m[1m: use of a disallowed type `std::sync::Mutex`[0m
2026-10-03T21:55:18.4762231Z    [1m[94m--> [0mtests/fixtures/write-txn-markers-v2/socket_peer.rs:121:30
2026-10-03T21:55:18.4768013Z     [1m[94m|[0m
2026-10-03T21:55:18.4773877Z [1m[94m121[0m [1m[94m|[0m         let state = Arc::new(Mutex::new(State::default()));
2026-10-03T21:55:18.4774805Z     [1m[94m|[0m                              [1m[91m^^^^^[0m
2026-10-03T21:55:18.4775554Z     [1m[94m|[0m
2026-10-03T21:55:18.4777218Z     [1m[94m= [0m[1mnote[0m: Easy to hold across await. Use tokio::sync::Mutex, or parking_lot for short non-async sections.
2026-10-03T21:55:18.4779011Z     [1m[94m= [0m[1mhelp[0m: for further information visit https://rust-lang.github.io/rust-clippy/rust-1.99.0/index.html#disallowed_types
2026-10-03T21:55:18.4780039Z 
2026-10-03T21:55:18.4780425Z [1m[91merror[0m[1m: indexing may panic[0m
2026-10-03T21:55:18.4781301Z    [1m[94m--> [0mtests/fixtures/write-txn-markers-v2/socket_peer.rs:227:60
2026-10-03T21:55:18.4783230Z     [1m[94m|[0m
2026-10-03T21:55:18.4783939Z [1m[94m227[0m [1m[94m|[0m [1m[94m...[0m                   let coordinator = &brokers[1];
2026-10-03T21:55:18.4784854Z     [1m[94m|[0m                                          [1m[91m^^^^^^^^^^[0m
2026-10-03T21:55:18.4785462Z     [1m[94m|[0m
2026-10-03T21:55:18.4786140Z     [1m[94m= [0m[1mhelp[0m: consider using `.get(n)` or `.get_mut(n)` instead
2026-10-03T21:55:18.4787437Z     [1m[94m= [0m[1mhelp[0m: for further information visit https://rust-lang.github.io/rust-clippy/rust-1.99.0/index.html#indexing_slicing
2026-10-03T21:55:18.4788895Z     [1m[94m= [0m[1mnote[0m: requested on the command line with `-D clippy::indexing-slicing`
2026-10-03T21:55:18.4789505Z 
2026-10-03T21:55:18.4789866Z [1m[91merror[0m[1m: indexing may panic[0m
2026-10-03T21:55:18.4790770Z    [1m[94m--> [0mtests/fixtures/write-txn-markers-v2/socket_peer.rs:293:37
2026-10-03T21:55:18.4791736Z     [1m[94m|[0m
2026-10-03T21:55:18.4792677Z [1m[94m293[0m [1m[94m|[0m [1m[94m...[0m                   state.observed[observation_index].response_payload =
2026-10-03T21:55:18.4793706Z     [1m[94m|[0m                       [1m[91m^^^^^^^^^^^^^^^^^^^^^^^^^^^^^^^^^[0m
2026-10-03T21:55:18.4794365Z     [1m[94m|[0m
2026-10-03T21:55:18.4795052Z     [1m[94m= [0m[1mhelp[0m: consider using `.get(n)` or `.get_mut(n)` instead
2026-10-03T21:55:18.4796367Z     [1m[94m= [0m[1mhelp[0m: for further information visit https://rust-lang.github.io/rust-clippy/rust-1.99.0/index.html#indexing_slicing
2026-10-03T21:55:18.4797298Z 
2026-10-03T21:55:18.4797634Z [1m[91merror[0m[1m: indexing may panic[0m
2026-10-03T21:55:18.4798427Z    [1m[94m--> [0mtests/fixtures/write-txn-markers-v2/socket_peer.rs:295:37
2026-10-03T21:55:18.4799464Z     [1m[94m|[0m
2026-10-03T21:55:18.4800318Z [1m[94m295[0m [1m[94m|[0m [1m[94m...[0m                   state.observed[observation_index].response_written =
2026-10-03T21:55:18.4801360Z     [1m[94m|[0m                       [1m[91m^^^^^^^^^^^^^^^^^^^^^^^^^^^^^^^^^[0m
2026-10-03T21:55:18.4802266Z     [1m[94m|[0m
2026-10-03T21:55:18.4802968Z     [1m[94m= [0m[1mhelp[0m: consider using `.get(n)` or `.get_mut(n)` instead
2026-10-03T21:55:18.4804373Z     [1m[94m= [0m[1mhelp[0m: for further information visit https://rust-lang.github.io/rust-clippy/rust-1.99.0/index.html#indexing_slicing
2026-10-03T21:55:18.4805364Z 
2026-10-03T21:55:18.4805979Z [1m[91merror[0m[1m: use of a disallowed method `std::fs::read`[0m
2026-10-03T21:55:18.4806971Z    [1m[94m--> [0mtests/write_txn_markers_v2.rs:431:17
2026-10-03T21:55:18.4807886Z     [1m[94m|[0m
2026-10-03T21:55:18.4808757Z [1m[94m431[0m [1m[94m|[0m     let bytes = std::fs::read(&responses).unwrap();
2026-10-03T21:55:18.4809753Z     [1m[94m|[0m                 [1m[91m^^^^^^^^^^^^^[0m
2026-10-03T21:55:18.4810410Z     [1m[94m|[0m
2026-10-03T21:55:18.4811330Z     [1m[94m= [0m[1mnote[0m: Blocking IO on an async runtime. Use tokio::fs.
2026-10-03T21:55:18.4813260Z     [1m[94m= [0m[1mhelp[0m: for further information visit https://rust-lang.github.io/rust-clippy/rust-1.99.0/index.html#disallowed_methods
2026-10-03T21:55:18.4815008Z     [1m[94m= [0m[1mnote[0m: requested on the command line with `-D clippy::disallowed-methods`
2026-10-03T21:55:18.4815729Z 
2026-10-03T21:55:18.4816341Z [1m[91merror[0m[1m: use of a disallowed method `std::fs::write`[0m
2026-10-03T21:55:18.4817634Z    [1m[94m--> [0mtests/write_txn_markers_v2.rs:456:5
2026-10-03T21:55:18.4818593Z     [1m[94m|[0m
2026-10-03T21:55:18.4820323Z [1m[94m456[0m [1m[94m|[0m     std::fs::write(directory.join("ready"), &peer.bootstrap).unwrap();
2026-10-03T21:55:18.4821937Z     [1m[94m|[0m     [1m[91m^^^^^^^^^^^^^^[0m
2026-10-03T21:55:18.4822660Z     [1m[94m|[0m
2026-10-03T21:55:18.4842967Z     [1m[94m= [0m[1mnote[0m: Blocking IO on an async runtime. Use tokio::fs.
2026-10-03T21:55:18.4845416Z     [1m[94m= [0m[1mhelp[0m: for further information visit https://rust-lang.github.io/rust-clippy/rust-1.99.0/index.html#disallowed_methods
2026-10-03T21:55:18.4846844Z 
2026-10-03T21:55:18.4847649Z [1m[91merror[0m[1m: use of a disallowed method `std::fs::write`[0m
2026-10-03T21:55:18.4848913Z    [1m[94m--> [0mtests/write_txn_markers_v2.rs:490:5
2026-10-03T21:55:18.4849996Z     [1m[94m|[0m
2026-10-03T21:55:18.4851663Z [1m[94m490[0m [1m[94m|[0m     std::fs::write(directory.join("actual-requests.tsv"), history).unwrap();
2026-10-03T21:55:18.4853204Z     [1m[94m|[0m     [1m[91m^^^^^^^^^^^^^^[0m
2026-10-03T21:55:18.4854582Z     [1m[94m|[0m
2026-10-03T21:55:18.4855820Z     [1m[94m= [0m[1mnote[0m: Blocking IO on an async runtime. Use tokio::fs.
2026-10-03T21:55:18.4857835Z     [1m[94m= [0m[1mhelp[0m: for further information visit https://rust-lang.github.io/rust-clippy/rust-1.99.0/index.html#disallowed_methods
2026-10-03T21:55:18.4859161Z 
2026-10-03T21:55:18.4860292Z [1m[91merror[0m: could not compile `partitionline` (test "write_txn_markers_v2") due to 9 previous errors
2026-10-03T21:55:18.4931231Z [1m[33mwarning[0m: build failed, waiting for other jobs to finish...
2026-10-03T21:55:19.8765511Z [1m[91merror[0m[1m: used `unwrap()` on a `Result` value[0m
2026-10-03T21:55:19.8767067Z   [1m[94m--> [0mtests/sticky_partitioner.rs:22:5
2026-10-03T21:55:19.8767991Z    [1m[94m|[0m
2026-10-03T21:55:19.8769273Z [1m[94m22[0m [1m[94m|[0m     u64::try_from(record.record_size_upper_bound().unwrap()).unwrap()
2026-10-03T21:55:19.8770684Z    [1m[94m|[0m     [1m[91m^^^^^^^^^^^^^^^^^^^^^^^^^^^^^^^^^^^^^^^^^^^^^^^^^^^^^^^^^^^^^^^^^[0m
2026-10-03T21:55:19.8771866Z    [1m[94m|[0m
2026-10-03T21:55:19.8772661Z    [1m[94m= [0m[1mnote[0m: if this value is an `Err`, it will panic
2026-10-03T21:55:19.8774703Z    [1m[94m= [0m[1mhelp[0m: for further information visit https://rust-lang.github.io/rust-clippy/rust-1.99.0/index.html#unwrap_used
2026-10-03T21:55:19.8776541Z    [1m[94m= [0m[1mnote[0m: requested on the command line with `-D clippy::unwrap-used`
2026-10-03T21:55:19.8777640Z 
2026-10-03T21:55:19.8778256Z [1m[91merror[0m[1m: used `unwrap()` on a `Result` value[0m
2026-10-03T21:55:19.8779256Z   [1m[94m--> [0mtests/sticky_partitioner.rs:22:19
2026-10-03T21:55:19.8780096Z    [1m[94m|[0m
2026-10-03T21:55:19.8781238Z [1m[94m22[0m [1m[94m|[0m     u64::try_from(record.record_size_upper_bound().unwrap()).unwrap()
2026-10-03T21:55:19.8782830Z    [1m[94m|[0m                   [1m[91m^^^^^^^^^^^^^^^^^^^^^^^^^^^^^^^^^^^^^^^^^[0m
2026-10-03T21:55:19.8783804Z    [1m[94m|[0m
2026-10-03T21:55:19.8784630Z    [1m[94m= [0m[1mnote[0m: if this value is an `Err`, it will panic
2026-10-03T21:55:19.8786181Z    [1m[94m= [0m[1mhelp[0m: for further information visit https://rust-lang.github.io/rust-clippy/rust-1.99.0/index.html#unwrap_used
2026-10-03T21:55:19.8787309Z 
2026-10-03T21:55:19.9022074Z [1m[91merror[0m[1m: unused result of type `std::vec::Vec<partitionline::PartitionInfo>`[0m
2026-10-03T21:55:19.9023063Z    [1m[94m--> [0mtests/sticky_partitioner.rs:183:5
2026-10-03T21:55:19.9023605Z     [1m[94m|[0m
2026-10-03T21:55:19.9024237Z [1m[94m183[0m [1m[94m|[0m     producer.partitions_for("t").await.unwrap();
2026-10-03T21:55:19.9025075Z     [1m[94m|[0m     [1m[91m^^^^^^^^^^^^^^^^^^^^^^^^^^^^^^^^^^^^^^^^^^^^[0m
2026-10-03T21:55:19.9025672Z     [1m[94m|[0m
2026-10-03T21:55:19.9026322Z     [1m[94m= [0m[1mnote[0m: requested on the command line with `-D unused-results`
2026-10-03T21:55:19.9026831Z 
2026-10-03T21:55:19.9030034Z [1m[91merror[0m[1m: unused result of type `partitionline::RecordMetadata`[0m
2026-10-03T21:55:19.9030955Z    [1m[94m--> [0mtests/sticky_partitioner.rs:527:9
2026-10-03T21:55:19.9031756Z     [1m[94m|[0m
2026-10-03T21:55:19.9032311Z [1m[94m527[0m [1m[94m|[0m [1m[91m/[0m         producer
2026-10-03T21:55:19.9033458Z [1m[94m528[0m [1m[94m|[0m [1m[91m|[0m             .send(ProduceRecord::to(topic).value(&b"payload"[..]))
2026-10-03T21:55:19.9034357Z [1m[94m529[0m [1m[94m|[0m [1m[91m|[0m             .await
2026-10-03T21:55:19.9035069Z [1m[94m530[0m [1m[94m|[0m [1m[91m|[0m             .unwrap();
2026-10-03T21:55:19.9035745Z     [1m[94m|[0m [1m[91m|______________________^[0m
2026-10-03T21:55:19.9036085Z 
2026-10-03T21:55:19.9036971Z [1m[91merror[0m[1m: unused result of type `std::vec::Vec<partitionline::PartitionInfo>`[0m
2026-10-03T21:55:19.9037983Z    [1m[94m--> [0mtests/sticky_partitioner.rs:621:5
2026-10-03T21:55:19.9038632Z     [1m[94m|[0m
2026-10-03T21:55:19.9039312Z [1m[94m621[0m [1m[94m|[0m     producer.partitions_for("t").await.unwrap();
2026-10-03T21:55:19.9040135Z     [1m[94m|[0m     [1m[91m^^^^^^^^^^^^^^^^^^^^^^^^^^^^^^^^^^^^^^^^^^^^[0m
2026-10-03T21:55:19.9040549Z 
2026-10-03T21:55:19.9041282Z [1m[91merror[0m[1m: unused result of type `std::vec::Vec<partitionline::PartitionInfo>`[0m
2026-10-03T21:55:19.9052054Z    [1m[94m--> [0mtests/sticky_partitioner.rs:631:5
2026-10-03T21:55:19.9052634Z     [1m[94m|[0m
2026-10-03T21:55:19.9053232Z [1m[94m631[0m [1m[94m|[0m     producer.partitions_for("t").await.unwrap();
2026-10-03T21:55:19.9054068Z     [1m[94m|[0m     [1m[91m^^^^^^^^^^^^^^^^^^^^^^^^^^^^^^^^^^^^^^^^^^^^[0m
2026-10-03T21:55:19.9054487Z 
2026-10-03T21:55:19.9055258Z [1m[91merror[0m[1m: unused result of type `std::vec::Vec<partitionline::PartitionInfo>`[0m
2026-10-03T21:55:19.9056135Z    [1m[94m--> [0mtests/sticky_partitioner.rs:661:5
2026-10-03T21:55:19.9056660Z     [1m[94m|[0m
2026-10-03T21:55:19.9057258Z [1m[94m661[0m [1m[94m|[0m     producer.partitions_for("t").await.unwrap();
2026-10-03T21:55:19.9058025Z     [1m[94m|[0m     [1m[91m^^^^^^^^^^^^^^^^^^^^^^^^^^^^^^^^^^^^^^^^^^^^[0m
2026-10-03T21:55:19.9058423Z 
2026-10-03T21:55:19.9338311Z [1m[91merror[0m: could not compile `partitionline` (test "sticky_partitioner") due to 7 previous errors
2026-10-03T21:55:24.5662784Z ##[error]Process completed with exit code 101.
2026-10-03T21:55:24.5796790Z Post job cleanup.
2026-10-03T21:55:24.6671900Z [command]/usr/bin/git version
2026-10-03T21:55:24.6718531Z git version 2.55.0
2026-10-03T21:55:24.6764510Z Temporarily overriding HOME='/home/runner/work/_temp/79845b39-9dde-4bd9-b38a-0bfb664a28c8' before making global git config changes
2026-10-03T21:55:24.6765941Z Adding repository directory to the temporary git global config as a safe directory
2026-10-03T21:55:24.6770121Z [command]/usr/bin/git config --global --add safe.directory /home/runner/work/partitionline/partitionline
2026-10-03T21:55:24.6806778Z Removing SSH command configuration
2026-10-03T21:55:24.6813994Z [command]/usr/bin/git config --local --name-only --get-regexp core\.sshCommand
2026-10-03T21:55:24.6853378Z [command]/usr/bin/git submodule foreach --recursive sh -c "git config --local --name-only --get-regexp 'core\.sshCommand' && git config --local --unset-all 'core.sshCommand' || :"
2026-10-03T21:55:24.7195389Z Removing HTTP extra header
2026-10-03T21:55:24.7201155Z [command]/usr/bin/git config --local --name-only --get-regexp http\.https\:\/\/github\.com\/\.extraheader
2026-10-03T21:55:24.7252213Z [command]/usr/bin/git submodule foreach --recursive sh -c "git config --local --name-only --get-regexp 'http\.https\:\/\/github\.com\/\.extraheader' && git config --local --unset-all 'http.https://github.com/.extraheader' || :"
2026-10-03T21:55:24.7610236Z Removing includeIf entries pointing to credentials config files
2026-10-03T21:55:24.7617422Z [command]/usr/bin/git config --local --name-only --get-regexp ^includeIf\.gitdir:
2026-10-03T21:55:24.7657781Z includeif.gitdir:/home/runner/work/partitionline/partitionline/.git.path
2026-10-03T21:55:24.7658421Z includeif.gitdir:/home/runner/work/partitionline/partitionline/.git/worktrees/*.path
2026-10-03T21:55:24.7658911Z includeif.gitdir:/github/workspace/.git.path
2026-10-03T21:55:24.7659311Z includeif.gitdir:/github/workspace/.git/worktrees/*.path
2026-10-03T21:55:24.7669992Z [command]/usr/bin/git config --local --get-all includeif.gitdir:/home/runner/work/partitionline/partitionline/.git.path
2026-10-03T21:55:24.7711978Z /home/runner/work/_temp/git-credentials-625d81b7-bdbe-4620-bdaa-162d7f128b3a.config
2026-10-03T21:55:24.7724463Z [command]/usr/bin/git config --local --unset includeif.gitdir:/home/runner/work/partitionline/partitionline/.git.path \/home\/runner\/work\/_temp\/git\-credentials\-625d81b7\-bdbe\-4620\-bdaa\-162d7f128b3a\.config
2026-10-03T21:55:24.7773361Z [command]/usr/bin/git config --local --get-all includeif.gitdir:/home/runner/work/partitionline/partitionline/.git/worktrees/*.path
2026-10-03T21:55:24.7793542Z /home/runner/work/_temp/git-credentials-625d81b7-bdbe-4620-bdaa-162d7f128b3a.config
2026-10-03T21:55:24.7803094Z [command]/usr/bin/git config --local --unset includeif.gitdir:/home/runner/work/partitionline/partitionline/.git/worktrees/*.path \/home\/runner\/work\/_temp\/git\-credentials\-625d81b7\-bdbe\-4620\-bdaa\-162d7f128b3a\.config
2026-10-03T21:55:24.7844817Z [command]/usr/bin/git config --local --get-all includeif.gitdir:/github/workspace/.git.path
2026-10-03T21:55:24.7872747Z /github/runner_temp/git-credentials-625d81b7-bdbe-4620-bdaa-162d7f128b3a.config
2026-10-03T21:55:24.7879910Z [command]/usr/bin/git config --local --unset includeif.gitdir:/github/workspace/.git.path \/github\/runner_temp\/git\-credentials\-625d81b7\-bdbe\-4620\-bdaa\-162d7f128b3a\.config
2026-10-03T21:55:24.7917599Z [command]/usr/bin/git config --local --get-all includeif.gitdir:/github/workspace/.git/worktrees/*.path
2026-10-03T21:55:24.7947279Z /github/runner_temp/git-credentials-625d81b7-bdbe-4620-bdaa-162d7f128b3a.config
2026-10-03T21:55:24.7953442Z [command]/usr/bin/git config --local --unset includeif.gitdir:/github/workspace/.git/worktrees/*.path \/github\/runner_temp\/git\-credentials\-625d81b7\-bdbe\-4620\-bdaa\-162d7f128b3a\.config
2026-10-03T21:55:24.7996060Z [command]/usr/bin/git submodule foreach --recursive git config --local --show-origin --name-only --get-regexp remote.origin.url
2026-10-03T21:55:24.8312070Z Removing credentials config '/home/runner/work/_temp/git-credentials-625d81b7-bdbe-4620-bdaa-162d7f128b3a.config'
2026-10-03T21:55:24.8470457Z Cleaning up orphan processes
