archive-artifacts.py: OK
archive-final.log: OK
archive-initial.log: OK
artifact-validation.json: OK
attribution.json: OK
baseline-build.log: OK
baseline-invariant-compile-failure.log: OK
baseline-invariant-passed.log: OK
baseline-invariant-runtime-failure.log: OK
baseline-study-00.log: OK
baseline-study-01.log: OK
baseline-study-02.log: OK
baseline-study-03.log: OK
baseline-study-04.log: OK
baseline-study.json: OK
bulk-corroboration-execution.log: OK
calculate-revised-stats.py: OK
calculate-stats.py: OK
callgrind/body-functions-corroborated.txt: OK
callgrind/body-functions.txt: OK
callgrind/body-lines.txt: OK
callgrind/body.out: OK
callgrind-annotation-source.log: OK
callgrind-annotation.log: OK
callgrind-body.log: OK
candidate-build.log: OK
candidate-clippy.log: OK
candidate-exact-source-build-final.log: OK
candidate-exact-source-build.log: OK
candidate-rejected.patch: OK
candidate-tests.log: OK
consumer-and-tests.patch: OK
corrected-baseline-build.log: OK
harness-complete-history-tests.log: OK
harness-complete-history.patch: OK
harness-full-history-final.log: OK
harness-proof-tests-final.log: OK
harness-proof-tests.log: OK
initial-baseline-correct-provenance.log: OK
initial-baseline.log: OK
launcher-build-final.log: OK
launcher-build.log: OK
launcher-control-final.log: OK
launcher-control.log: OK
low-rss-launcher.c: OK
metrics.json: OK
nb-fetch-1000p-pair-00-A.log: OK
nb-fetch-1000p-pair-00-B.log: OK
nb-fetch-1000p-pair-01-A.log: OK
nb-fetch-1000p-pair-01-B.log: OK
nb-fetch-1000p-pair-02-A.log: OK
nb-fetch-1000p-pair-02-B.log: OK
nb-fetch-1000p-pair-03-A.log: OK
nb-fetch-1000p-pair-03-B.log: OK
nb-fetch-1000p-pair-04-A.log: OK
nb-fetch-1000p-pair-04-B.log: OK
nb-fetch-bulk-pair-00-A.log: OK
nb-fetch-bulk-pair-00-B.log: OK
nb-fetch-bulk-pair-01-A.log: OK
nb-fetch-bulk-pair-01-B.log: OK
nb-fetch-bulk-pair-02-A.log: OK
nb-fetch-bulk-pair-02-B.log: OK
nb-fetch-bulk-pair-03-A.log: OK
nb-fetch-bulk-pair-03-B.log: OK
nb-fetch-bulk-pair-04-A.log: OK
nb-fetch-bulk-pair-04-B.log: OK
nb-fetch-bulk-pair-05-A.log: OK
nb-fetch-bulk-pair-05-B.log: OK
nb-fetch-bulk-pair-06-A.log: OK
nb-fetch-bulk-pair-06-B.log: OK
nb-fetch-bulk-pair-07-A.log: OK
nb-fetch-bulk-pair-07-B.log: OK
nb-fetch-bulk-pair-08-A.log: OK
nb-fetch-bulk-pair-08-B.log: OK
nb-fetch-bulk-pair-09-A.log: OK
nb-fetch-bulk-pair-09-B.log: OK
nb-fetch-bulk-pair-10-A.log: OK
nb-fetch-bulk-pair-10-B.log: OK
nb-fetch-bulk-pair-11-A.log: OK
nb-fetch-bulk-pair-11-B.log: OK
nb-fetch-bulk-pair-12-A.log: OK
nb-fetch-bulk-pair-12-B.log: OK
nb-fetch-bulk-pair-13-A.log: OK
nb-fetch-bulk-pair-13-B.log: OK
nb-fetch-bulk-pair-14-A.log: OK
nb-fetch-bulk-pair-14-B.log: OK
nb-fetch-committed-aborts-pair-00-A.log: OK
nb-fetch-committed-aborts-pair-00-B.log: OK
nb-fetch-committed-aborts-pair-01-A.log: OK
nb-fetch-committed-aborts-pair-01-B.log: OK
nb-fetch-committed-aborts-pair-02-A.log: OK
nb-fetch-committed-aborts-pair-02-B.log: OK
nb-fetch-committed-aborts-pair-03-A.log: OK
nb-fetch-committed-aborts-pair-03-B.log: OK
nb-fetch-committed-aborts-pair-04-A.log: OK
nb-fetch-committed-aborts-pair-04-B.log: OK
observer-coverage.json: OK
paired-execution.log: OK
raw-artifacts.tar.gz: OK
record-evidence.py: OK
revised-candidate-build.log: OK
revised-candidate-clippy.log: OK
revised-candidate-tests.log: OK
revised-metrics.json: OK
revised-nb-fetch-1000p-pair-00-A.log: OK
revised-nb-fetch-1000p-pair-00-B.log: OK
revised-nb-fetch-1000p-pair-01-A.log: OK
revised-nb-fetch-1000p-pair-01-B.log: OK
revised-nb-fetch-1000p-pair-02-A.log: OK
revised-nb-fetch-1000p-pair-02-B.log: OK
revised-nb-fetch-1000p-pair-03-A.log: OK
revised-nb-fetch-1000p-pair-03-B.log: OK
revised-nb-fetch-1000p-pair-04-A.log: OK
revised-nb-fetch-1000p-pair-04-B.log: OK
revised-nb-fetch-bulk-pair-00-A.log: OK
revised-nb-fetch-bulk-pair-00-B.log: OK
revised-nb-fetch-bulk-pair-01-A.log: OK
revised-nb-fetch-bulk-pair-01-B.log: OK
revised-nb-fetch-bulk-pair-02-A.log: OK
revised-nb-fetch-bulk-pair-02-B.log: OK
revised-nb-fetch-bulk-pair-03-A.log: OK
revised-nb-fetch-bulk-pair-03-B.log: OK
revised-nb-fetch-bulk-pair-04-A.log: OK
revised-nb-fetch-bulk-pair-04-B.log: OK
revised-nb-fetch-bulk-pair-05-A.log: OK
revised-nb-fetch-bulk-pair-05-B.log: OK
revised-nb-fetch-bulk-pair-06-A.log: OK
revised-nb-fetch-bulk-pair-06-B.log: OK
revised-nb-fetch-bulk-pair-07-A.log: OK
revised-nb-fetch-bulk-pair-07-B.log: OK
revised-nb-fetch-bulk-pair-08-A.log: OK
revised-nb-fetch-bulk-pair-08-B.log: OK
revised-nb-fetch-bulk-pair-09-A.log: OK
revised-nb-fetch-bulk-pair-09-B.log: OK
revised-nb-fetch-bulk-pair-10-A.log: OK
revised-nb-fetch-bulk-pair-10-B.log: OK
revised-nb-fetch-bulk-pair-11-A.log: OK
revised-nb-fetch-bulk-pair-11-B.log: OK
revised-nb-fetch-bulk-pair-12-A.log: OK
revised-nb-fetch-bulk-pair-12-B.log: OK
revised-nb-fetch-bulk-pair-13-A.log: OK
revised-nb-fetch-bulk-pair-13-B.log: OK
revised-nb-fetch-bulk-pair-14-A.log: OK
revised-nb-fetch-bulk-pair-14-B.log: OK
revised-nb-fetch-committed-aborts-pair-00-A.log: OK
revised-nb-fetch-committed-aborts-pair-00-B.log: OK
revised-nb-fetch-committed-aborts-pair-01-A.log: OK
revised-nb-fetch-committed-aborts-pair-01-B.log: OK
revised-nb-fetch-committed-aborts-pair-02-A.log: OK
revised-nb-fetch-committed-aborts-pair-02-B.log: OK
revised-nb-fetch-committed-aborts-pair-03-A.log: OK
revised-nb-fetch-committed-aborts-pair-03-B.log: OK
revised-nb-fetch-committed-aborts-pair-04-A.log: OK
revised-nb-fetch-committed-aborts-pair-04-B.log: OK
revised-paired-execution.log: OK
revised-statistics.log: OK
rss-exec-control.c: OK
rss-exec-control.log: OK
run-baseline-study.py: OK
run-pairs-initial.py: OK
run-pairs.py: OK
run-revised-pairs.py: OK
statistics-final.log: OK
statistics.log: OK
verify-launcher.py: OK
