{
  "initial5": {
    "nb-fetch-1000p": {
      "cpu_ns_per_record": {
        "baseline_median": 807.4,
        "candidate_median": 805.7,
        "delta_pct": -0.21055239038889617,
        "ci95_pct": [
          -2.514243249938064,
          8.575708400948677
        ]
      },
      "allocations_per_record": {
        "baseline_median": 2.1318,
        "candidate_median": 1.9318,
        "delta_pct": -9.381743127873165,
        "ci95_pct": [
          -9.381743127873165,
          -9.381743127873165
        ]
      },
      "process_peak_rss_bytes": {
        "baseline_median": 13197312,
        "candidate_median": 13197312,
        "delta_pct": 0.0,
        "ci95_pct": [
          0.0,
          0.0
        ]
      },
      "phase_sampled_peak_rss_bytes": {
        "baseline_median": 5087232,
        "candidate_median": 5201920,
        "delta_pct": 2.254428341384873,
        "ci95_pct": [
          -31.304347826086953,
          47.02093397745573
        ]
      },
      "rec_s": {
        "baseline_median": 168400.5609422685,
        "candidate_median": 167118.87362681347,
        "delta_pct": -0.7610944454599644,
        "ci95_pct": [
          -8.75645890289507,
          7.962977019517137
        ]
      },
      "external_client_vmhwm_bytes": {
        "baseline_median": 12935168,
        "candidate_median": 13070336,
        "delta_pct": 1.0449651678277494,
        "ci95_pct": [
          -0.4387339392040168,
          1.2982900569981082
        ]
      }
    },
    "nb-fetch-bulk": {
      "cpu_ns_per_record": {
        "baseline_median": 2514.85,
        "candidate_median": 2475.75,
        "delta_pct": -1.5547646976956875,
        "ci95_pct": [
          -2.8293508141256085,
          3.733821102650259
        ]
      },
      "allocations_per_record": {
        "baseline_median": 6.7723,
        "candidate_median": 6.7717,
        "delta_pct": -0.008859619331691437,
        "ci95_pct": [
          -0.008859619331691437,
          -0.008859619331691437
        ]
      },
      "process_peak_rss_bytes": {
        "baseline_median": 63500288,
        "candidate_median": 63516672,
        "delta_pct": 0.02580145778237064,
        "ci95_pct": [
          -0.10963498000773342,
          0.5247133510397184
        ]
      },
      "phase_sampled_peak_rss_bytes": {
        "baseline_median": 59482112,
        "candidate_median": 55517184,
        "delta_pct": -6.665748519487669,
        "ci95_pct": [
          -23.57801955653491,
          22.15212689257391
        ]
      },
      "rec_s": {
        "baseline_median": 113339.39510198137,
        "candidate_median": 110764.34854939741,
        "delta_pct": -2.271978379862505,
        "ci95_pct": [
          -3.485416517633688,
          -0.07679755324180304
        ]
      },
      "external_client_vmhwm_bytes": {
        "baseline_median": 63500288,
        "candidate_median": 63516672,
        "delta_pct": 0.02580145778237064,
        "ci95_pct": [
          -0.10963498000773342,
          0.5247133510397184
        ]
      }
    },
    "nb-fetch-committed-aborts": {
      "cpu_ns_per_record": {
        "baseline_median": 474.25,
        "candidate_median": 392.4537037037037,
        "delta_pct": -17.247505808391416,
        "ci95_pct": [
          -29.424234866569275,
          -9.152738441900354
        ]
      },
      "allocations_per_record": {
        "baseline_median": 2.010074074074074,
        "candidate_median": 1.0043055555555556,
        "delta_pct": -50.036390772405646,
        "ci95_pct": [
          -50.036390772405646,
          -50.036390772405646
        ]
      },
      "process_peak_rss_bytes": {
        "baseline_median": 42332160,
        "candidate_median": 42348544,
        "delta_pct": 0.03870343492984318,
        "ci95_pct": [
          -0.5688940314338087,
          0.19351717464926033
        ]
      },
      "phase_sampled_peak_rss_bytes": {
        "baseline_median": 41316352,
        "candidate_median": 40628224,
        "delta_pct": -1.6655100624566321,
        "ci95_pct": [
          -6.431186306520232,
          6.869500689070285
        ]
      },
      "rec_s": {
        "baseline_median": 584769.0279293485,
        "candidate_median": 630506.367545105,
        "delta_pct": 7.82143674361675,
        "ci95_pct": [
          3.9403156073259282,
          22.259929280877856
        ]
      },
      "external_client_vmhwm_bytes": {
        "baseline_median": 42332160,
        "candidate_median": 42348544,
        "delta_pct": 0.03870343492984318,
        "ci95_pct": [
          -0.5688940314338087,
          0.19351717464926033
        ]
      }
    }
  },
  "additional10_bulk": {
    "cpu_ns_per_record": {
      "baseline_median": 2519.9,
      "candidate_median": 2580.675,
      "delta_pct": 2.4118020556371356,
      "ci95_pct": [
        -5.344168451392084,
        6.18108855729147
      ]
    },
    "allocations_per_record": {
      "baseline_median": 6.7723,
      "candidate_median": 6.7717,
      "delta_pct": -0.008859619331691437,
      "ci95_pct": [
        -0.008859619331691437,
        -0.008859619331691437
      ]
    },
    "process_peak_rss_bytes": {
      "baseline_median": 63428608.0,
      "candidate_median": 63467520.0,
      "delta_pct": 0.061347712376091934,
      "ci95_pct": [
        -0.22268839761174775,
        0.2457161332040103
      ]
    },
    "phase_sampled_peak_rss_bytes": {
      "baseline_median": 52637696.0,
      "candidate_median": 56887296.0,
      "delta_pct": 8.073301688584555,
      "ci95_pct": [
        -1.974497545123799,
        30.507634791225623
      ]
    },
    "rec_s": {
      "baseline_median": 111245.83304576365,
      "candidate_median": 109677.35453122917,
      "delta_pct": -1.4099211373510445,
      "ci95_pct": [
        -4.641983411525197,
        2.582258327010467
      ]
    },
    "external_client_vmhwm_bytes": {
      "baseline_median": 63442944.0,
      "candidate_median": 63467520.0,
      "delta_pct": 0.03873716831299667,
      "ci95_pct": [
        -0.11935098867777993,
        0.219780219780219
      ]
    }
  },
  "all15_bulk": {
    "cpu_ns_per_record": {
      "baseline_median": 2514.85,
      "candidate_median": 2565.7,
      "delta_pct": 2.021989383064593,
      "ci95_pct": [
        -3.464113660488277,
        6.459174916800969
      ]
    },
    "allocations_per_record": {
      "baseline_median": 6.7723,
      "candidate_median": 6.7717,
      "delta_pct": -0.008859619331691437,
      "ci95_pct": [
        -0.008859619331691437,
        -0.008859619331691437
      ]
    },
    "process_peak_rss_bytes": {
      "baseline_median": 63451136,
      "candidate_median": 63496192,
      "delta_pct": 0.07100897295204689,
      "ci95_pct": [
        -0.07744933522654263,
        0.23266334905964747
      ]
    },
    "phase_sampled_peak_rss_bytes": {
      "baseline_median": 55238656,
      "candidate_median": 56836096,
      "delta_pct": 2.89188788373127,
      "ci95_pct": [
        -5.881536004444133,
        25.236422588489592
      ]
    },
    "rec_s": {
      "baseline_median": 112022.62803315408,
      "candidate_median": 110093.41795326285,
      "delta_pct": -1.7221610613529448,
      "ci95_pct": [
        -3.5780889283216544,
        1.1560307621993893
      ]
    },
    "external_client_vmhwm_bytes": {
      "baseline_median": 63451136,
      "candidate_median": 63496192,
      "delta_pct": 0.07100897295204689,
      "ci95_pct": [
        -0.09034589571502716,
        0.2003489950235915
      ]
    }
  },
  "vmhwm_verification": {
    "nb-fetch-1000p": {
      "runs": 10,
      "exact_matches": 0,
      "range_delta_pct": [
        -1.9863438857852245,
        -0.28124999999999956
      ],
      "median_delta_pct": -1.1949099937926755
    },
    "nb-fetch-bulk": {
      "runs": 30,
      "exact_matches": 27,
      "range_delta_pct": [
        0.0,
        0.2581644507551273
      ],
      "median_delta_pct": 0.0
    },
    "nb-fetch-committed-aborts": {
      "runs": 10,
      "exact_matches": 10,
      "range_delta_pct": [
        0.0,
        0.0
      ],
      "median_delta_pct": 0.0
    }
  }
}
