    Checking libc v0.2.190
    Checking cfg-if v1.0.5
    Checking typenum v1.20.1
    Checking hybrid-array v0.4.15
    Checking cmov v0.5.4
    Checking zeroize v1.9.0
    Checking rustls-pki-types v1.15.1
    Checking ctutils v0.4.2
    Checking crypto-common v0.2.2
    Checking block-buffer v0.12.1
    Checking getrandom v0.2.17
    Checking const-oid v0.10.2
    Checking untrusted v0.9.0
    Checking ring v0.17.14
    Checking digest v0.11.3
    Checking errno v0.3.14
    Checking signal-hook-registry v1.4.8
    Checking rustls-webpki v0.103.15
    Checking socket2 v0.6.5
    Checking mio v1.2.3
    Checking subtle v2.6.1
    Checking adler2 v2.0.1
    Checking bytes v1.12.1
    Checking once_cell v1.21.4
    Checking simd-adler32 v0.3.10
    Checking smallvec v1.16.2
    Checking scopeguard v1.2.0
    Checking pin-project-lite v0.2.17
    Checking tokio v1.53.1
    Checking lock_api v0.4.14
    Checking parking_lot_core v0.9.12
    Checking miniz_oxide v0.9.1
    Checking rustls v0.23.45
    Checking crc32fast v1.5.2
    Checking hmac v0.13.0
    Checking twox-hash v2.1.4
    Checking zlib-rs v0.6.8
    Checking cpufeatures v0.3.1
    Checking sha2 v0.11.0
    Checking flate2 v1.1.10
    Checking lz4_flex v0.14.0
    Checking pbkdf2 v0.13.0
    Checking crc32c v0.6.8
    Checking snap v1.1.2
    Checking tokio-rustls v0.26.6
    Checking getrandom v0.4.3
    Checking parking_lot v0.12.5
    Checking webpki-roots v1.0.9
    Checking base64 v0.23.1
    Checking partitionline v0.1.0 (/workspace/work/retention-final-d147bcf1/source)
    Checking partitionline-retention-peer v0.0.0 (/workspace/work/retention-final-d147bcf1/source/docs/evidence/broker/KL11-10/peers/rust-adopter)
    Finished `dev` profile [unoptimized] target(s) in 17.66s
