warning: manifest has no documentation, homepage or repository
  |
  = note: see https://doc.rust-lang.org/cargo/reference/manifest.html#package-metadata for more info
Cargo.lock
Cargo.toml
Cargo.toml.orig
README.md
src/journal.rs
src/lib.rs
src/protocol.rs
src/security/mod.rs
src/security/tls.rs
src/transport.rs
tests/fixtures/protocol/4.1.2/client-invalid-utf8.request.bin
tests/fixtures/protocol/4.1.2/client-length-minus2.request.bin
tests/fixtures/protocol/4.1.2/goldens.json
tests/fixtures/protocol/4.1.2/header-descending-tags.request.bin
tests/fixtures/protocol/4.1.2/header-duplicate-tags.request.bin
tests/fixtures/protocol/4.1.2/header-tag-size-truncated.request.bin
tests/fixtures/protocol/4.1.2/header-tag-varint-overflow.request.bin
tests/fixtures/protocol/4.1.2/header-tag-varint-sixbytes.request.bin
tests/fixtures/protocol/4.1.2/header-truncated-0.request.bin
tests/fixtures/protocol/4.1.2/header-truncated-1.request.bin
tests/fixtures/protocol/4.1.2/header-truncated-10.request.bin
tests/fixtures/protocol/4.1.2/header-truncated-2.request.bin
tests/fixtures/protocol/4.1.2/header-truncated-3.request.bin
tests/fixtures/protocol/4.1.2/header-truncated-4.request.bin
tests/fixtures/protocol/4.1.2/header-truncated-5.request.bin
tests/fixtures/protocol/4.1.2/header-truncated-6.request.bin
tests/fixtures/protocol/4.1.2/header-truncated-7.request.bin
tests/fixtures/protocol/4.1.2/header-truncated-8.request.bin
tests/fixtures/protocol/4.1.2/header-truncated-9.request.bin
tests/fixtures/protocol/4.1.2/supported-v0-trailing-body.request.bin
tests/fixtures/protocol/4.1.2/unimplemented-metadata.request.bin
tests/fixtures/protocol/4.1.2/unknown-api-key.request.bin
tests/fixtures/protocol/4.1.2/unsupported-negative-version.request.bin
tests/fixtures/protocol/4.1.2/unsupported-negative-version.response.bin
tests/fixtures/protocol/4.1.2/unsupported-v5.request.bin
tests/fixtures/protocol/4.1.2/unsupported-v5.response.bin
tests/fixtures/protocol/4.1.2/v0-named.request.bin
tests/fixtures/protocol/4.1.2/v0-named.response.bin
tests/fixtures/protocol/4.1.2/v1-null-client.request.bin
tests/fixtures/protocol/4.1.2/v1-null-client.response.bin
tests/fixtures/protocol/4.1.2/v2-empty-client.request.bin
tests/fixtures/protocol/4.1.2/v2-empty-client.response.bin
tests/fixtures/protocol/4.1.2/v3-body-null-software.request.bin
tests/fixtures/protocol/4.1.2/v3-empty-software.request.bin
tests/fixtures/protocol/4.1.2/v3-empty-software.response.bin
tests/fixtures/protocol/4.1.2/v3-flexible.request.bin
tests/fixtures/protocol/4.1.2/v3-flexible.response.bin
tests/fixtures/protocol/4.1.2/v3-underscore-software.request.bin
tests/fixtures/protocol/4.1.2/v3-underscore-software.response.bin
tests/fixtures/protocol/4.1.2/v4-empty-software-version.request.bin
tests/fixtures/protocol/4.1.2/v4-empty-software-version.response.bin
tests/fixtures/protocol/4.1.2/v4-trailing-dash-version.request.bin
tests/fixtures/protocol/4.1.2/v4-trailing-dash-version.response.bin
tests/fixtures/protocol/4.1.2/v4-unknown-tags.request.bin
tests/fixtures/protocol/4.1.2/v4-unknown-tags.response.bin
tests/fixtures/protocol/4.2.1/client-invalid-utf8.request.bin
tests/fixtures/protocol/4.2.1/client-length-minus2.request.bin
tests/fixtures/protocol/4.2.1/goldens.json
tests/fixtures/protocol/4.2.1/header-descending-tags.request.bin
tests/fixtures/protocol/4.2.1/header-duplicate-tags.request.bin
tests/fixtures/protocol/4.2.1/header-tag-size-truncated.request.bin
tests/fixtures/protocol/4.2.1/header-tag-varint-overflow.request.bin
tests/fixtures/protocol/4.2.1/header-tag-varint-sixbytes.request.bin
tests/fixtures/protocol/4.2.1/header-truncated-0.request.bin
tests/fixtures/protocol/4.2.1/header-truncated-1.request.bin
tests/fixtures/protocol/4.2.1/header-truncated-10.request.bin
tests/fixtures/protocol/4.2.1/header-truncated-2.request.bin
tests/fixtures/protocol/4.2.1/header-truncated-3.request.bin
tests/fixtures/protocol/4.2.1/header-truncated-4.request.bin
tests/fixtures/protocol/4.2.1/header-truncated-5.request.bin
tests/fixtures/protocol/4.2.1/header-truncated-6.request.bin
tests/fixtures/protocol/4.2.1/header-truncated-7.request.bin
tests/fixtures/protocol/4.2.1/header-truncated-8.request.bin
tests/fixtures/protocol/4.2.1/header-truncated-9.request.bin
tests/fixtures/protocol/4.2.1/supported-v0-trailing-body.request.bin
tests/fixtures/protocol/4.2.1/unimplemented-metadata.request.bin
tests/fixtures/protocol/4.2.1/unknown-api-key.request.bin
tests/fixtures/protocol/4.2.1/unsupported-negative-version.request.bin
tests/fixtures/protocol/4.2.1/unsupported-negative-version.response.bin
tests/fixtures/protocol/4.2.1/unsupported-v5.request.bin
tests/fixtures/protocol/4.2.1/unsupported-v5.response.bin
tests/fixtures/protocol/4.2.1/v0-named.request.bin
tests/fixtures/protocol/4.2.1/v0-named.response.bin
tests/fixtures/protocol/4.2.1/v1-null-client.request.bin
tests/fixtures/protocol/4.2.1/v1-null-client.response.bin
tests/fixtures/protocol/4.2.1/v2-empty-client.request.bin
tests/fixtures/protocol/4.2.1/v2-empty-client.response.bin
tests/fixtures/protocol/4.2.1/v3-body-null-software.request.bin
tests/fixtures/protocol/4.2.1/v3-empty-software.request.bin
tests/fixtures/protocol/4.2.1/v3-empty-software.response.bin
tests/fixtures/protocol/4.2.1/v3-flexible.request.bin
tests/fixtures/protocol/4.2.1/v3-flexible.response.bin
tests/fixtures/protocol/4.2.1/v3-underscore-software.request.bin
tests/fixtures/protocol/4.2.1/v3-underscore-software.response.bin
tests/fixtures/protocol/4.2.1/v4-empty-software-version.request.bin
tests/fixtures/protocol/4.2.1/v4-empty-software-version.response.bin
tests/fixtures/protocol/4.2.1/v4-trailing-dash-version.request.bin
tests/fixtures/protocol/4.2.1/v4-trailing-dash-version.response.bin
tests/fixtures/protocol/4.2.1/v4-unknown-tags.request.bin
tests/fixtures/protocol/4.2.1/v4-unknown-tags.response.bin
tests/fixtures/protocol/4.3.1/client-invalid-utf8.request.bin
tests/fixtures/protocol/4.3.1/client-length-minus2.request.bin
tests/fixtures/protocol/4.3.1/goldens.json
tests/fixtures/protocol/4.3.1/header-descending-tags.request.bin
tests/fixtures/protocol/4.3.1/header-duplicate-tags.request.bin
tests/fixtures/protocol/4.3.1/header-tag-size-truncated.request.bin
tests/fixtures/protocol/4.3.1/header-tag-varint-overflow.request.bin
tests/fixtures/protocol/4.3.1/header-tag-varint-sixbytes.request.bin
tests/fixtures/protocol/4.3.1/header-truncated-0.request.bin
tests/fixtures/protocol/4.3.1/header-truncated-1.request.bin
tests/fixtures/protocol/4.3.1/header-truncated-10.request.bin
tests/fixtures/protocol/4.3.1/header-truncated-2.request.bin
tests/fixtures/protocol/4.3.1/header-truncated-3.request.bin
tests/fixtures/protocol/4.3.1/header-truncated-4.request.bin
tests/fixtures/protocol/4.3.1/header-truncated-5.request.bin
tests/fixtures/protocol/4.3.1/header-truncated-6.request.bin
tests/fixtures/protocol/4.3.1/header-truncated-7.request.bin
tests/fixtures/protocol/4.3.1/header-truncated-8.request.bin
tests/fixtures/protocol/4.3.1/header-truncated-9.request.bin
tests/fixtures/protocol/4.3.1/supported-v0-trailing-body.request.bin
tests/fixtures/protocol/4.3.1/unimplemented-metadata.request.bin
tests/fixtures/protocol/4.3.1/unknown-api-key.request.bin
tests/fixtures/protocol/4.3.1/unsupported-negative-version.request.bin
tests/fixtures/protocol/4.3.1/unsupported-negative-version.response.bin
tests/fixtures/protocol/4.3.1/unsupported-v5.request.bin
tests/fixtures/protocol/4.3.1/unsupported-v5.response.bin
tests/fixtures/protocol/4.3.1/v0-named.request.bin
tests/fixtures/protocol/4.3.1/v0-named.response.bin
tests/fixtures/protocol/4.3.1/v1-null-client.request.bin
tests/fixtures/protocol/4.3.1/v1-null-client.response.bin
tests/fixtures/protocol/4.3.1/v2-empty-client.request.bin
tests/fixtures/protocol/4.3.1/v2-empty-client.response.bin
tests/fixtures/protocol/4.3.1/v3-body-null-software.request.bin
tests/fixtures/protocol/4.3.1/v3-empty-software.request.bin
tests/fixtures/protocol/4.3.1/v3-empty-software.response.bin
tests/fixtures/protocol/4.3.1/v3-flexible.request.bin
tests/fixtures/protocol/4.3.1/v3-flexible.response.bin
tests/fixtures/protocol/4.3.1/v3-underscore-software.request.bin
tests/fixtures/protocol/4.3.1/v3-underscore-software.response.bin
tests/fixtures/protocol/4.3.1/v4-empty-software-version.request.bin
tests/fixtures/protocol/4.3.1/v4-empty-software-version.response.bin
tests/fixtures/protocol/4.3.1/v4-trailing-dash-version.request.bin
tests/fixtures/protocol/4.3.1/v4-trailing-dash-version.response.bin
tests/fixtures/protocol/4.3.1/v4-unknown-tags.request.bin
tests/fixtures/protocol/4.3.1/v4-unknown-tags.response.bin
tests/fixtures/tls/ca1.cert.der
tests/fixtures/tls/ca1.cert.pem
tests/fixtures/tls/ca2.cert.der
tests/fixtures/tls/ca2.cert.pem
tests/fixtures/tls/client-chain.cert.der
tests/fixtures/tls/client-chain.cert.pem
tests/fixtures/tls/client-chain.key.der
tests/fixtures/tls/client-chain.key.pem
tests/fixtures/tls/client-expired.cert.der
tests/fixtures/tls/client-expired.cert.pem
tests/fixtures/tls/client-expired.key.der
tests/fixtures/tls/client-expired.key.pem
tests/fixtures/tls/client-wrong-purpose.cert.der
tests/fixtures/tls/client-wrong-purpose.cert.pem
tests/fixtures/tls/client-wrong-purpose.key.der
tests/fixtures/tls/client-wrong-purpose.key.pem
tests/fixtures/tls/client1.cert.der
tests/fixtures/tls/client1.cert.pem
tests/fixtures/tls/client1.key.der
tests/fixtures/tls/client1.key.pem
tests/fixtures/tls/client2.cert.der
tests/fixtures/tls/client2.cert.pem
tests/fixtures/tls/client2.key.der
tests/fixtures/tls/client2.key.pem
tests/fixtures/tls/intermediate.cert.der
tests/fixtures/tls/intermediate.cert.pem
tests/fixtures/tls/server-expired.cert.der
tests/fixtures/tls/server-expired.cert.pem
tests/fixtures/tls/server-expired.key.der
tests/fixtures/tls/server-expired.key.pem
tests/fixtures/tls/server-wrong-name.cert.der
tests/fixtures/tls/server-wrong-name.cert.pem
tests/fixtures/tls/server-wrong-name.key.der
tests/fixtures/tls/server-wrong-name.key.pem
tests/fixtures/tls/server1.cert.der
tests/fixtures/tls/server1.cert.pem
tests/fixtures/tls/server1.key.der
tests/fixtures/tls/server1.key.pem
tests/fixtures/tls/server2.cert.der
tests/fixtures/tls/server2.cert.pem
tests/fixtures/tls/server2.key.der
tests/fixtures/tls/server2.key.pem
tests/journal.rs
tests/protocol.rs
tests/tls.rs
tests/transport.rs
