    Checking libc v0.2.189
    Checking cfg-if v1.0.5
    Checking zeroize v1.9.0
    Checking untrusted v0.9.0
    Checking rustls-pki-types v1.15.1
    Checking pin-project-lite v0.2.17
    Checking bytes v1.12.1
    Checking once_cell v1.21.4
    Checking subtle v2.6.1
    Checking crc32c v0.6.8
    Checking getrandom v0.2.17
    Checking mio v1.2.3
    Checking ring v0.17.14
    Checking socket2 v0.6.5
    Checking tokio v1.53.1
    Checking rustls-webpki v0.103.15
    Checking rustls v0.23.45
    Checking tokio-rustls v0.26.6
    Checking partitionline-broker v0.1.0 (/workspace/partitionline/partitionline-broker)
error: use of `format!` to build up a string from an iterator
   --> tests/protocol.rs:365:5
    |
365 |     bytes.iter().map(|b| format!("{b:02x}")).collect()
    |     ^^^^^^^^^^^^^^^^^^^^^^^^^^^^^^^^^^^^^^^^^^^^^^^^^^
    |
help: call `fold` instead
   --> tests/protocol.rs:365:18
    |
365 |     bytes.iter().map(|b| format!("{b:02x}")).collect()
    |                  ^^^
help: ... and use the `write!` macro here
   --> tests/protocol.rs:365:26
    |
365 |     bytes.iter().map(|b| format!("{b:02x}")).collect()
    |                          ^^^^^^^^^^^^^^^^^^
    = note: this can be written more efficiently by appending to a `String` directly
    = help: for further information visit https://rust-lang.github.io/rust-clippy/master/index.html#format_collect
    = note: `-D clippy::format-collect` implied by `-D warnings`
    = help: to override `-D warnings` add `#[allow(clippy::format_collect)]`

error: could not compile `partitionline-broker` (test "protocol") due to 1 previous error
warning: build failed, waiting for other jobs to finish...
