    Checking libc v0.2.189
   Compiling shlex v2.0.1
   Compiling find-msvc-tools v0.1.14
   Compiling cc v1.5.1
    Checking cfg-if v1.0.5
    Checking getrandom v0.2.17
    Checking untrusted v0.9.0
    Checking zeroize v1.9.0
    Checking rustls-pki-types v1.15.1
   Compiling rustls v0.23.45
    Checking mio v1.2.3
    Checking socket2 v0.6.5
   Compiling ring v0.17.14
    Checking once_cell v1.21.4
    Checking bytes v1.12.1
    Checking pin-project-lite v0.2.17
    Checking subtle v2.6.1
    Checking tokio v1.53.1
    Checking rustls-webpki v0.103.15
    Checking crc32c v0.6.8
    Checking tokio-rustls v0.26.6
    Checking partitionline-broker v0.1.0 (/workspace/partitionline/partitionline-broker)
error: use of a disallowed method `std::fs::write`
   --> tests/protocol.rs:440:9
    |
440 | ...   std::fs::write(path, format!("{{\"schema_version\":1,\"protocol_source_sha256\":\"{}\",\"test_source_sha256\":\"{}\",\"implem...
    |       ^^^^^^^^^^^^^^
    |
    = note: Blocking IO on an async runtime. Use tokio::fs.
    = help: for further information visit https://rust-lang.github.io/rust-clippy/rust-1.99.0/index.html#disallowed_methods
    = note: `-D clippy::disallowed-methods` implied by `-D warnings`
    = help: to override `-D warnings` add `#[allow(clippy::disallowed_methods)]`

error: could not compile `partitionline-broker` (test "protocol") due to 1 previous error
