SLF4J: Failed to load class "org.slf4j.impl.StaticLoggerBinder".
SLF4J: Defaulting to no-operation (NOP) logger implementation
SLF4J: See http://www.slf4j.org/codes.html#StaticLoggerBinder for further details.
{"case":"ordinary-mixed-input.file-budget","actual":"true","expected":"true","passed":true}
{"case":"ordinary-mixed-input.full-consumption","actual":"227","expected":"227","passed":true}
{"case":"filter.first.offsets","actual":"[2, 4, 5, 7]","expected":"[2, 4, 5, 7]","passed":true}
{"case":"filter.first.delete-horizon","actual":"3000","expected":"3000","passed":true}
{"case":"filter.first.original-extent","actual":"7","expected":"7","passed":true}
{"case":"filter.first.timestamps","actual":"1013","expected":"1013","passed":true}
{"case":"filter-first-horizon-sparse.file-budget","actual":"true","expected":"true","passed":true}
{"case":"filter-first-horizon-sparse.full-consumption","actual":"143","expected":"143","passed":true}
{"case":"filter.expired.offsets","actual":"[2, 5]","expected":"[2, 5]","passed":true}
{"case":"filter.expired.horizon-preserved","actual":"3000","expected":"3000","passed":true}
{"case":"filter.expired.max-recomputed","actual":"1011","expected":"1011","passed":true}
{"case":"filter-horizon-no-tombstones-sparse.file-budget","actual":"true","expected":"true","passed":true}
{"case":"filter-horizon-no-tombstones-sparse.full-consumption","actual":"103","expected":"103","passed":true}
{"case":"filter.empty.bytes","actual":"61","expected":"61","passed":true}
{"case":"filter.empty.count","actual":"0","expected":"0","passed":true}
{"case":"filter.empty.extent","actual":"7","expected":"7","passed":true}
{"case":"filter.empty.horizon-cleared","actual":"true","expected":"true","passed":true}
{"case":"filter.empty.base-time","actual":"-1","expected":"-1","passed":true}
{"case":"filter.empty.max-time","actual":"1013","expected":"1013","passed":true}
{"case":"filter-retain-empty-61.file-budget","actual":"true","expected":"true","passed":true}
{"case":"filter-retain-empty-61.full-consumption","actual":"61","expected":"61","passed":true}
{"case":"filter.delete-empty.bytes","actual":"0","expected":"0","passed":true}
{"case":"filter-delete-empty-output.file-budget","actual":"true","expected":"true","passed":true}
{"case":"filter-delete-empty-output.full-consumption","actual":"0","expected":"0","passed":true}
{"case":"filter.unchanged.exact-bytes","actual":"true","expected":"true","passed":true}
{"case":"filter-ordinary-unchanged.file-budget","actual":"true","expected":"true","passed":true}
{"case":"filter-ordinary-unchanged.full-consumption","actual":"101","expected":"101","passed":true}
{"case":"filter.leading.base-preserved","actual":"32","expected":"32","passed":true}
{"case":"filter.leading.base-time","actual":"1010","expected":"1010","passed":true}
{"case":"filter-leading-gap.file-budget","actual":"true","expected":"true","passed":true}
{"case":"filter-leading-gap.full-consumption","actual":"81","expected":"81","passed":true}
{"case":"filter.trailing.last-preserved","actual":"33","expected":"33","passed":true}
{"case":"filter-trailing-gap.file-budget","actual":"true","expected":"true","passed":true}
{"case":"filter-trailing-gap.full-consumption","actual":"81","expected":"81","passed":true}
{"case":"filter.empty-key.retained","actual":"[5]","expected":"[5]","passed":true}
{"case":"filter.empty-key.present","actual":"true","expected":"true","passed":true}
{"case":"filter-empty-key-sparse.file-budget","actual":"true","expected":"true","passed":true}
{"case":"filter-empty-key-sparse.full-consumption","actual":"79","expected":"79","passed":true}
{"case":"filter.unknown-time.horizon","actual":"3000","expected":"3000","passed":true}
{"case":"filter.unknown-time.max","actual":"-1","expected":"-1","passed":true}
{"case":"filter-unknown-time-horizon.file-budget","actual":"true","expected":"true","passed":true}
{"case":"filter-unknown-time-horizon.full-consumption","actual":"106","expected":"106","passed":true}
{"case":"cleaner-mixed-active-protected.file-budget","actual":"true","expected":"true","passed":true}
{"case":"cleaner-mixed-active-protected.full-consumption","actual":"118","expected":"118","passed":true}
{"case":"cleaner-mixed-input.file-budget","actual":"true","expected":"true","passed":true}
{"case":"cleaner-mixed-input.full-consumption","actual":"227","expected":"227","passed":true}
{"case":"clean.boundary.8.2000","actual":"8","expected":"8","passed":true}
{"case":"cleaner.null-keys.invalid","actual":"2","expected":"2","passed":true}
{"case":"cleaner.first.offsets","actual":"[2, 4, 5, 7]","expected":"[2, 4, 5, 7]","passed":true}
{"case":"cleaner.first.horizon","actual":"3000","expected":"3000","passed":true}
{"case":"cleaner-first-horizon-sparse.file-budget","actual":"true","expected":"true","passed":true}
{"case":"cleaner-first-horizon-sparse.full-consumption","actual":"143","expected":"143","passed":true}
{"case":"cleaner.first.active-unchanged","actual":"true","expected":"true","passed":true}
{"case":"clean.boundary.8.2999","actual":"8","expected":"8","passed":true}
{"case":"cleaner.before-horizon.offsets","actual":"[2, 4, 5, 7]","expected":"[2, 4, 5, 7]","passed":true}
{"case":"cleaner-before-horizon-sparse.file-budget","actual":"true","expected":"true","passed":true}
{"case":"cleaner-before-horizon-sparse.full-consumption","actual":"143","expected":"143","passed":true}
{"case":"clean.boundary.8.3000","actual":"8","expected":"8","passed":true}
{"case":"cleaner.at-horizon.offsets","actual":"[2, 5]","expected":"[2, 5]","passed":true}
{"case":"cleaner-equal-horizon-sparse.file-budget","actual":"true","expected":"true","passed":true}
{"case":"cleaner-equal-horizon-sparse.full-consumption","actual":"103","expected":"103","passed":true}
{"case":"clean.boundary.8.3001","actual":"8","expected":"8","passed":true}
{"case":"cleaner-after-horizon-sparse.file-budget","actual":"true","expected":"true","passed":true}
{"case":"cleaner-after-horizon-sparse.full-consumption","actual":"103","expected":"103","passed":true}
{"case":"cleaner.end-preserved","actual":"10","expected":"10","passed":true}
{"case":"cleaner.final.active-unchanged","actual":"true","expected":"true","passed":true}
{"case":"cleaner.reopen.prefix-bytes","actual":"true","expected":"true","passed":true}
{"case":"cleaner.reopen.active-bytes","actual":"true","expected":"true","passed":true}
{"case":"cleaner.reopen.end","actual":"10","expected":"10","passed":true}
{"case":"cleaner-allremoved-active-protected.file-budget","actual":"true","expected":"true","passed":true}
{"case":"cleaner-allremoved-active-protected.full-consumption","actual":"86","expected":"86","passed":true}
{"case":"cleaner-allremoved-input.file-budget","actual":"true","expected":"true","passed":true}
{"case":"cleaner-allremoved-input.full-consumption","actual":"187","expected":"187","passed":true}
{"case":"clean.boundary.3.2000","actual":"3","expected":"3","passed":true}
{"case":"cleaner.intermediate-empty-dropped","actual":"2","expected":"2","passed":true}
{"case":"cleaner.last-tombstone.offsets","actual":"[2]","expected":"[2]","passed":true}
{"case":"cleaner-intermediate-empty-dropped.file-budget","actual":"true","expected":"true","passed":true}
{"case":"cleaner-intermediate-empty-dropped.full-consumption","actual":"81","expected":"81","passed":true}
{"case":"clean.boundary.3.3000","actual":"3","expected":"3","passed":true}
{"case":"cleaner.last-empty.bytes","actual":"61","expected":"61","passed":true}
{"case":"cleaner.last-empty.base","actual":"2","expected":"2","passed":true}
{"case":"cleaner.last-empty.last","actual":"2","expected":"2","passed":true}
{"case":"cleaner.last-empty.count","actual":"0","expected":"0","passed":true}
{"case":"cleaner.last-empty.base-time","actual":"-1","expected":"-1","passed":true}
{"case":"cleaner-last-empty-61.file-budget","actual":"true","expected":"true","passed":true}
{"case":"cleaner-last-empty-61.full-consumption","actual":"61","expected":"61","passed":true}
{"case":"cleaner.allremoved.active","actual":"true","expected":"true","passed":true}
{"case":"cleaner.allremoved.reopen-end","actual":"4","expected":"4","passed":true}
{"case":"cleaner-nullonly-input.file-budget","actual":"true","expected":"true","passed":true}
{"case":"cleaner-nullonly-input.full-consumption","actual":"102","expected":"102","passed":true}
{"case":"cleaner-nullonly-active-protected.file-budget","actual":"true","expected":"true","passed":true}
{"case":"cleaner-nullonly-active-protected.full-consumption","actual":"90","expected":"90","passed":true}
{"case":"clean.boundary.2.2000","actual":"2","expected":"2","passed":true}
{"case":"cleaner.nullonly.invalid","actual":"2","expected":"2","passed":true}
{"case":"cleaner.nullonly.empty","actual":"61","expected":"61","passed":true}
{"case":"cleaner.nullonly.extent","actual":"1","expected":"1","passed":true}
{"case":"cleaner-nullonly-empty-61.file-budget","actual":"true","expected":"true","passed":true}
{"case":"cleaner-nullonly-empty-61.full-consumption","actual":"61","expected":"61","passed":true}
{"case":"cleaner-protected-sealed-input.file-budget","actual":"true","expected":"true","passed":true}
{"case":"cleaner-protected-sealed-input.full-consumption","actual":"227","expected":"227","passed":true}
{"case":"cleaner-protected-sealed-suffix.file-budget","actual":"true","expected":"true","passed":true}
{"case":"cleaner-protected-sealed-suffix.full-consumption","actual":"131","expected":"131","passed":true}
{"case":"cleaner-protected-active-suffix.file-budget","actual":"true","expected":"true","passed":true}
{"case":"cleaner-protected-active-suffix.full-consumption","actual":"111","expected":"111","passed":true}
{"case":"clean.boundary.8.2000","actual":"8","expected":"8","passed":true}
{"case":"cleaner.protected-sealed.offsets","actual":"[2, 4, 5, 7]","expected":"[2, 4, 5, 7]","passed":true}
{"case":"cleaner.protected-sealed.exact-bytes","actual":"true","expected":"true","passed":true}
{"case":"cleaner.protected-active.exact-bytes","actual":"true","expected":"true","passed":true}
{"case":"cleaner.protected.end","actual":"12","expected":"12","passed":true}
{"case":"cleaner-protected-sealed-first-sparse.file-budget","actual":"true","expected":"true","passed":true}
{"case":"cleaner-protected-sealed-first-sparse.full-consumption","actual":"143","expected":"143","passed":true}
{"case":"cleaner.protected-reopen.sealed","actual":"true","expected":"true","passed":true}
{"case":"cleaner.protected-reopen.active","actual":"true","expected":"true","passed":true}
{"case":"cleaner.protected-reopen.end","actual":"12","expected":"12","passed":true}
{"passed":true,"checks":114,"cases":27}
