   Compiling libc v0.2.189
   Compiling proc-macro2 v1.0.107
   Compiling quote v1.0.47
   Compiling unicode-ident v1.0.26
   Compiling semver v1.0.28
   Compiling rustc_version v0.4.1
   Compiling crc32c v0.6.8
   Compiling syn v3.0.6
   Compiling getrandom v0.4.3
   Compiling mio v1.2.3
   Compiling socket2 v0.6.5
   Compiling cfg-if v1.0.5
   Compiling bytes v1.12.1
   Compiling pin-project-lite v0.2.17
   Compiling tokio-macros v2.7.2
   Compiling tokio v1.53.1
   Compiling partitionline-broker v0.1.0 (/workspace/work/produce-final/mutants/acks-zero-emits-frame/partitionline-broker)
    Finished `test` profile [unoptimized + debuginfo] target(s) in 8.42s
     Running tests/produce.rs (/workspace/work/produce-final/mutants/acks-zero-emits-frame-target/debug/deps/produce-092bb5f70e9477a3)

running 1 test
test independent_apache_produce_goldens ... FAILED

failures:

---- independent_apache_produce_goldens stdout ----
Error: "4.1.2/produce-v3-acks0: no_response_keep_open observedOk(Some([])) expectedNone"


failures:
    independent_apache_produce_goldens

test result: FAILED. 0 passed; 1 failed; 0 ignored; 0 measured; 7 filtered out; finished in 0.00s

error: test failed, to rerun pass `--test produce`
