   Compiling libc v0.2.189
   Compiling proc-macro2 v1.0.107
   Compiling unicode-ident v1.0.26
   Compiling quote v1.0.47
   Compiling semver v1.0.28
   Compiling rustc_version v0.4.1
   Compiling crc32c v0.6.8
   Compiling syn v3.0.6
   Compiling getrandom v0.4.3
   Compiling mio v1.2.3
   Compiling socket2 v0.6.5
   Compiling pin-project-lite v0.2.17
   Compiling bytes v1.12.1
   Compiling cfg-if v1.0.5
   Compiling tokio-macros v2.7.2
   Compiling tokio v1.53.1
   Compiling partitionline-broker v0.1.0 (/workspace/work/produce-final/mutants/zero-response-base-offset/partitionline-broker)
warning: unused variable: `result`
   --> src/produce.rs:705:28
    |
705 |                         Ok(result) => {
    |                            ^^^^^^ help: if this is intentional, prefix it with an underscore: `_result`
    |
    = note: `#[warn(unused_variables)]` (part of `#[warn(unused)]`) on by default

warning: `partitionline-broker` (lib) generated 1 warning (run `cargo fix --lib -p partitionline-broker` to apply 1 suggestion)
    Finished `test` profile [unoptimized + debuginfo] target(s) in 8.04s
     Running tests/produce.rs (/workspace/work/produce-final/mutants/zero-response-base-offset-target/debug/deps/produce-092bb5f70e9477a3)

running 1 test
test offsets_replay_and_deleted_identity_never_reuses_data ... FAILED

failures:

---- offsets_replay_and_deleted_identity_never_reuses_data stdout ----

thread 'offsets_replay_and_deleted_identity_never_reuses_data' (349414) panicked at tests/produce.rs:243:9:
assertion `left == right` failed
  left: 0
 right: 1
note: run with `RUST_BACKTRACE=1` environment variable to display a backtrace


failures:
    offsets_replay_and_deleted_identity_never_reuses_data

test result: FAILED. 0 passed; 1 failed; 0 ignored; 0 measured; 7 filtered out; finished in 0.00s

error: test failed, to rerun pass `--test produce`
