   Compiling libc v0.2.189
    Checking cfg-if v1.0.4
   Compiling find-msvc-tools v0.1.11
   Compiling shlex v2.0.1
   Compiling cc v1.4.4
   Compiling proc-macro2 v1.0.107
    Checking typenum v1.20.1
    Checking hybrid-array v0.4.14
   Compiling ring v0.17.14
   Compiling quote v1.0.47
   Compiling unicode-ident v1.0.24
    Checking cmov v0.5.4
    Checking zeroize v1.9.0
    Checking rustls-pki-types v1.15.1
    Checking ctutils v0.4.2
    Checking crypto-common v0.2.2
    Checking block-buffer v0.12.1
    Checking getrandom v0.2.17
    Checking untrusted v0.9.0
    Checking const-oid v0.10.2
   Compiling semver v1.0.28
   Compiling rustc_version v0.4.1
    Checking digest v0.11.3
   Compiling syn v3.0.4
    Checking errno v0.3.14
   Compiling crc32fast v1.5.1
   Compiling rustls v0.23.45
   Compiling parking_lot_core v0.9.12
    Checking signal-hook-registry v1.4.8
   Compiling tokio-macros v2.7.2
    Checking rustls-webpki v0.103.15
   Compiling crc32c v0.6.8
    Checking mio v1.2.2
    Checking socket2 v0.6.5
    Checking bytes v1.12.1
    Checking once_cell v1.21.4
    Checking scopeguard v1.2.0
    Checking adler2 v2.0.1
   Compiling getrandom v0.4.3
    Checking subtle v2.6.1
    Checking simd-adler32 v0.3.10
    Checking pin-project-lite v0.2.17
   Compiling snap v1.1.2
    Checking smallvec v1.15.2
    Checking tokio v1.53.1
    Checking miniz_oxide v0.9.1
    Checking lock_api v0.4.14
    Checking hmac v0.13.0
    Checking cpufeatures v0.3.1
    Checking zlib-rs v0.6.8
    Checking twox-hash v2.1.2
    Checking lz4_flex v0.14.0
    Checking flate2 v1.1.10
    Checking sha2 v0.11.0
    Checking pbkdf2 v0.13.0
    Checking parking_lot v0.12.5
    Checking tokio-rustls v0.26.5
    Checking webpki-roots v1.0.9
    Checking base64 v0.23.1
    Checking partitionline v0.1.0 (/workspace/work/client-share-assessment/immutable-96211da1)
error: usage of `contains_key` followed by `insert` on a `HashMap`
    --> src/share.rs:1250:9
     |
1250 | /         if !self.share_conns.contains_key(&node) {
1251 | |             let addr = self
1252 | |                 .assigned
1253 | |                 .iter()
...    |
1314 | |             );
1315 | |         }
     | |_________^
     |
     = help: for further information visit https://rust-lang.github.io/rust-clippy/master/index.html#map_entry
     = note: `-D clippy::map-entry` implied by `-D warnings`
     = help: to override `-D warnings` add `#[allow(clippy::map_entry)]`
help: try
     |
1250 ~         if let std::collections::hash_map::Entry::Vacant(e) = self.share_conns.entry(node) {
1251 +             let addr = self
1252 +                 .assigned
1253 +                 .iter()
1254 +                 .find_map(|(topic, part)| {
1255 +                     self.consumer
1256 +                         .leader_of(topic, *part)
1257 +                         .ok()
1258 +                         .filter(|(id, _)| *id == node)
1259 +                         .map(|(_, addr)| addr)
1260 +                 })
1261 +                 .or_else(|| self.share_addresses.get(&node).cloned())
1262 +                 .ok_or_else(|| Error::protocol(format!("unknown share broker {node}")))?;
1263 +             let mut conn = BrokerConn::connect_tls(
1264 +                 &addr,
1265 +                 &self.cfg.client_id,
1266 +                 self.cfg.connect_timeout,
1267 +                 self.cfg.tls.as_ref(),
1268 +             )
1269 +             .await?;
1270 +             let versions =
1271 +                 crate::protocol::api::negotiate_api_versions(&mut conn, self.cfg.request_timeout)
1272 +                     .await?;
1273 +             let fetch_version = versions
1274 +                 .api_version(SHARE_FETCH)
1275 +                 .and_then(|v| {
1276 +                     pick_version(
1277 +                         v.min_version,
1278 +                         v.max_version,
1279 +                         0,
1280 +                         SHARE_FETCH_RUNTIME_MAX_VERSION,
1281 +                     )
1282 +                 })
1283 +                 .unwrap_or(-1);
1284 +             let acknowledge_version = versions
1285 +                 .api_version(SHARE_ACKNOWLEDGE)
1286 +                 .and_then(|v| {
1287 +                     pick_version(
1288 +                         v.min_version,
1289 +                         v.max_version,
1290 +                         0,
1291 +                         SHARE_ACKNOWLEDGE_RUNTIME_MAX_VERSION,
1292 +                     )
1293 +                 })
1294 +                 .unwrap_or(-1);
1295 +             crate::protocol::sasl::apply_api_keys(&mut conn, &versions.api_keys);
1296 +             crate::protocol::sasl::authenticate(
1297 +                 &mut conn,
1298 +                 self.cfg.sasl_plain.as_ref(),
1299 +                 self.cfg.sasl_scram.as_ref(),
1300 +                 self.cfg.sasl_scram_sha512.as_ref(),
1301 +                 self.cfg.sasl_oauthbearer.as_deref(),
1302 +                 self.cfg.sasl_oauthbearer_oidc.as_ref(),
1303 +                 self.cfg.request_timeout,
1304 +             )
1305 +             .await?;
1306 +             let _ = self.share_addresses.insert(node, addr);
1307 +             let _ = { e.insert(ShareNodeConnection {
1308 +                     conn,
1309 +                     fetch_version,
1310 +                     acknowledge_version,
1311 +                 }); None };
1312 +         }
     |

error: this boolean expression can be simplified
    --> src/share.rs:1811:16
     |
1811 |             if !acquired.is_some_and(|a| a.delivery_count == record.delivery_count) {
     |                ^^^^^^^^^^^^^^^^^^^^^^^^^^^^^^^^^^^^^^^^^^^^^^^^^^^^^^^^^^^^^^^^^^^^ help: try: `acquired.is_none_or(|a| a.delivery_count != record.delivery_count)`
     |
     = help: for further information visit https://rust-lang.github.io/rust-clippy/master/index.html#nonminimal_bool
     = note: `-D clippy::nonminimal-bool` implied by `-D warnings`
     = help: to override `-D warnings` add `#[allow(clippy::nonminimal_bool)]`

error: could not compile `partitionline` (lib) due to 2 previous errors
