test_api_versions_response_header_exception_and_classic_client_id (test_broker_api_matrix.BrokerApiMatrix.test_api_versions_response_header_exception_and_classic_client_id) ... ok
test_archive_corruption_fails_even_with_unchanged_matrix (test_broker_api_matrix.BrokerApiMatrix.test_archive_corruption_fails_even_with_unchanged_matrix) ... ok
test_archive_duplicate_member_symlink_and_traversal_rejected (test_broker_api_matrix.BrokerApiMatrix.test_archive_duplicate_member_symlink_and_traversal_rejected) ... ok
test_archive_limits_and_missing_license_rejected (test_broker_api_matrix.BrokerApiMatrix.test_archive_limits_and_missing_license_rejected) ... ok
test_checked_registry_and_synthetic_report_gate (test_broker_api_matrix.BrokerApiMatrix.test_checked_registry_and_synthetic_report_gate) ... ok
test_cli_failure_has_nonzero_status_and_retains_failed_report (test_broker_api_matrix.BrokerApiMatrix.test_cli_failure_has_nonzero_status_and_retains_failed_report) ... ok
test_comment_scanner_preserves_urls_and_escaped_quotes (test_broker_api_matrix.BrokerApiMatrix.test_comment_scanner_preserves_urls_and_escaped_quotes) ... ok
test_compiled_handler_report_corruption_fails (test_broker_api_matrix.BrokerApiMatrix.test_compiled_handler_report_corruption_fails) ... ok
test_complete_keys_include_controller_and_new_group_apis (test_broker_api_matrix.BrokerApiMatrix.test_complete_keys_include_controller_and_new_group_apis) ... ok
test_controller_report_missing_forged_bytes_labels_and_profiles_fail (test_broker_api_matrix.BrokerApiMatrix.test_controller_report_missing_forged_bytes_labels_and_profiles_fail) ... ok
test_controller_tcp_bytes_and_frames_positive_and_corrupt_controls (test_broker_api_matrix.BrokerApiMatrix.test_controller_tcp_bytes_and_frames_positive_and_corrupt_controls) ... ok
test_data_wire_profile_actual_baseline_and_forged_fields_fail (test_broker_api_matrix.BrokerApiMatrix.test_data_wire_profile_actual_baseline_and_forged_fields_fail) ... ok
test_duplicate_json_properties_and_unterminated_comments_fail (test_broker_api_matrix.BrokerApiMatrix.test_duplicate_json_properties_and_unterminated_comments_fail) ... ok
test_feature_claims_or_retired_dispositions_fail (test_broker_api_matrix.BrokerApiMatrix.test_feature_claims_or_retired_dispositions_fail) ... ok
test_feature_versions_and_local_gate_cannot_be_forged (test_broker_api_matrix.BrokerApiMatrix.test_feature_versions_and_local_gate_cannot_be_forged) ... ok
test_fetch_report_missing_forged_outcomes_bytes_layouts_and_profiles_fail (test_broker_api_matrix.BrokerApiMatrix.test_fetch_report_missing_forged_outcomes_bytes_layouts_and_profiles_fail) ... ok
test_fetch_seed_cannot_be_rehashed_into_unreviewed_history (test_broker_api_matrix.BrokerApiMatrix.test_fetch_seed_cannot_be_rehashed_into_unreviewed_history) ... ok
test_matrix_key_duplicates_missing_ranges_and_flags_fail (test_broker_api_matrix.BrokerApiMatrix.test_matrix_key_duplicates_missing_ranges_and_flags_fail) ... ok
test_metadata_missing_changed_and_self_rehashed_fixtures_fail (test_broker_api_matrix.BrokerApiMatrix.test_metadata_missing_changed_and_self_rehashed_fixtures_fail) ... ok
test_metadata_source_and_report_cannot_forge_runtime_coverage (test_broker_api_matrix.BrokerApiMatrix.test_metadata_source_and_report_cannot_forge_runtime_coverage) ... ok
test_missing_or_changed_per_file_hash_fails (test_broker_api_matrix.BrokerApiMatrix.test_missing_or_changed_per_file_hash_fails) ... ok
test_missing_or_duplicate_release_fails (test_broker_api_matrix.BrokerApiMatrix.test_missing_or_duplicate_release_fails) ... ok
test_optional_feature_dispositions_cannot_claim_full_or_modern_support (test_broker_api_matrix.BrokerApiMatrix.test_optional_feature_dispositions_cannot_claim_full_or_modern_support) ... ok
test_optional_profiles_positive_baseline_is_scoped (test_broker_api_matrix.BrokerApiMatrix.test_optional_profiles_positive_baseline_is_scoped) ... ok
test_original_pin_and_reviewed_subset_hash_fail_closed (test_broker_api_matrix.BrokerApiMatrix.test_original_pin_and_reviewed_subset_hash_fail_closed) ... ok
test_produce_and_controller_rehashed_manifest_forgery_fails (test_broker_api_matrix.BrokerApiMatrix.test_produce_and_controller_rehashed_manifest_forgery_fails) ... ok
test_produce_report_missing_forged_bytes_outcomes_and_profiles_fail (test_broker_api_matrix.BrokerApiMatrix.test_produce_report_missing_forged_bytes_outcomes_and_profiles_fail) ... ok
test_produce_workaround_is_separate_from_schema_support (test_broker_api_matrix.BrokerApiMatrix.test_produce_workaround_is_separate_from_schema_support) ... ok
test_profile_fixture_corruption_missing_extra_and_index_fail (test_broker_api_matrix.BrokerApiMatrix.test_profile_fixture_corruption_missing_extra_and_index_fail) ... ok
test_profile_registry_ranges_sources_and_gates_fail_closed (test_broker_api_matrix.BrokerApiMatrix.test_profile_registry_ranges_sources_and_gates_fail_closed) ... ok
test_read_write_registry_source_and_profile_forgery_fail (test_broker_api_matrix.BrokerApiMatrix.test_read_write_registry_source_and_profile_forgery_fail) ... ok
test_read_write_seven_profile_and_compiled_layout_baseline (test_broker_api_matrix.BrokerApiMatrix.test_read_write_seven_profile_and_compiled_layout_baseline) ... ok
test_read_write_wire_synthetic_controls_reject_missing_pairs_and_forged_fields (test_broker_api_matrix.BrokerApiMatrix.test_read_write_wire_synthetic_controls_reject_missing_pairs_and_forged_fields) ... ok
test_real_retained_sources_verify (test_broker_api_matrix.BrokerApiMatrix.test_real_retained_sources_verify) ... ok
test_registry_cannot_claim_qualification_or_unchecked_source (test_broker_api_matrix.BrokerApiMatrix.test_registry_cannot_claim_qualification_or_unchecked_source) ... ok
test_registry_forged_extra_or_out_of_range_claims_fail (test_broker_api_matrix.BrokerApiMatrix.test_registry_forged_extra_or_out_of_range_claims_fail) ... ok
test_registry_missing_extra_and_changed_fixtures_fail (test_broker_api_matrix.BrokerApiMatrix.test_registry_missing_extra_and_changed_fixtures_fail) ... ok
test_removed_keys_reserve_ids_without_versions_or_listener (test_broker_api_matrix.BrokerApiMatrix.test_removed_keys_reserve_ids_without_versions_or_listener) ... ok
test_retention_is_byte_preserving_and_deterministic (test_broker_api_matrix.BrokerApiMatrix.test_retention_is_byte_preserving_and_deterministic) ... ok
test_rewritten_source_and_self_reported_hashes_cannot_bless_a_pin (test_broker_api_matrix.BrokerApiMatrix.test_rewritten_source_and_self_reported_hashes_cannot_bless_a_pin) ... ok
test_self_rehashed_golden_rewrite_still_fails_independent_pin (test_broker_api_matrix.BrokerApiMatrix.test_self_rehashed_golden_rewrite_still_fails_independent_pin) ... ok
test_source_api_keys_missing_duplicate_and_changed_generator_fail (test_broker_api_matrix.BrokerApiMatrix.test_source_api_keys_missing_duplicate_and_changed_generator_fail) ... ok
test_source_bad_listener_and_header_client_id_fail (test_broker_api_matrix.BrokerApiMatrix.test_source_bad_listener_and_header_client_id_fail) ... ok
test_source_missing_key_and_unknown_key_fail (test_broker_api_matrix.BrokerApiMatrix.test_source_missing_key_and_unknown_key_fail) ... ok
test_source_missing_response_and_duplicate_request_fail (test_broker_api_matrix.BrokerApiMatrix.test_source_missing_response_and_duplicate_request_fail) ... ok
test_source_pair_disagreement_fails (test_broker_api_matrix.BrokerApiMatrix.test_source_pair_disagreement_fails) ... ok
test_unreviewed_global_profile_claims_fail (test_broker_api_matrix.BrokerApiMatrix.test_unreviewed_global_profile_claims_fail) ... ok
test_unstable_versions_and_release_deltas_are_preserved (test_broker_api_matrix.BrokerApiMatrix.test_unstable_versions_and_release_deltas_are_preserved) ... ok

----------------------------------------------------------------------
Ran 48 tests in 62.865s

OK
